<?xml version="1.0" encoding="UTF-8"?>
<testsuites>
  <testsuite name="/Users/ryu/trends-laravel/phpunit.xml" tests="766" assertions="3104" errors="0" failures="0" skipped="0" time="101.786542">
    <testsuite name="Unit" tests="657" assertions="1971" errors="0" failures="0" skipped="0" time="100.412087">
      <testsuite name="Tests\Unit\CompanyServiceTest" file="/Users/ryu/trends-laravel/tests/Unit/CompanyServiceTest.php" tests="16" assertions="59" errors="0" failures="0" skipped="0" time="0.325722">
        <testcase name="test_企業が記事とのリレーションを持つ" file="/Users/ryu/trends-laravel/tests/Unit/CompanyServiceTest.php" line="53" class="Tests\Unit\CompanyServiceTest" classname="Tests.Unit.CompanyServiceTest" assertions="2" time="0.187439"/>
        <testcase name="test_企業がランキングとのリレーションを持つ" file="/Users/ryu/trends-laravel/tests/Unit/CompanyServiceTest.php" line="59" class="Tests\Unit\CompanyServiceTest" classname="Tests.Unit.CompanyServiceTest" assertions="2" time="0.009765"/>
        <testcase name="test_企業リソースの構造が正しい" file="/Users/ryu/trends-laravel/tests/Unit/CompanyServiceTest.php" line="65" class="Tests\Unit\CompanyServiceTest" classname="Tests.Unit.CompanyServiceTest" assertions="9" time="0.016443"/>
        <testcase name="test_企業リソースの現在ランキングフォーマットが正しい" file="/Users/ryu/trends-laravel/tests/Unit/CompanyServiceTest.php" line="83" class="Tests\Unit\CompanyServiceTest" classname="Tests.Unit.CompanyServiceTest" assertions="6" time="0.009765"/>
        <testcase name="test_記事リソースの構造が正しい" file="/Users/ryu/trends-laravel/tests/Unit/CompanyServiceTest.php" line="101" class="Tests\Unit\CompanyServiceTest" classname="Tests.Unit.CompanyServiceTest" assertions="11" time="0.008470"/>
        <testcase name="test_記事リソースの企業データが正しい" file="/Users/ryu/trends-laravel/tests/Unit/CompanyServiceTest.php" line="121" class="Tests\Unit\CompanyServiceTest" classname="Tests.Unit.CompanyServiceTest" assertions="3" time="0.008227"/>
        <testcase name="test_企業のアクティブスコープが正しく動作する" file="/Users/ryu/trends-laravel/tests/Unit/CompanyServiceTest.php" line="132" class="Tests\Unit\CompanyServiceTest" classname="Tests.Unit.CompanyServiceTest" assertions="2" time="0.009005"/>
        <testcase name="test_記事の最近スコープが正しく動作する" file="/Users/ryu/trends-laravel/tests/Unit/CompanyServiceTest.php" line="144" class="Tests\Unit\CompanyServiceTest" classname="Tests.Unit.CompanyServiceTest" assertions="6" time="0.008986"/>
        <testcase name="test_記事の人気スコープが正しく動作する" file="/Users/ryu/trends-laravel/tests/Unit/CompanyServiceTest.php" line="162" class="Tests\Unit\CompanyServiceTest" classname="Tests.Unit.CompanyServiceTest" assertions="6" time="0.008599"/>
        <testcase name="test_企業と記事のリレーションが正しい" file="/Users/ryu/trends-laravel/tests/Unit/CompanyServiceTest.php" line="177" class="Tests\Unit\CompanyServiceTest" classname="Tests.Unit.CompanyServiceTest" assertions="2" time="0.008793"/>
        <testcase name="test_記事とプラットフォームのリレーションが正しい" file="/Users/ryu/trends-laravel/tests/Unit/CompanyServiceTest.php" line="185" class="Tests\Unit\CompanyServiceTest" classname="Tests.Unit.CompanyServiceTest" assertions="2" time="0.009966"/>
        <testcase name="test_記事を読み込んだ企業リソースが正しい" file="/Users/ryu/trends-laravel/tests/Unit/CompanyServiceTest.php" line="193" class="Tests\Unit\CompanyServiceTest" classname="Tests.Unit.CompanyServiceTest" assertions="3" time="0.008664"/>
        <testcase name="test_ランキングなしの企業リソースが正しい" file="/Users/ryu/trends-laravel/tests/Unit/CompanyServiceTest.php" line="204" class="Tests\Unit\CompanyServiceTest" classname="Tests.Unit.CompanyServiceTest" assertions="2" time="0.008052"/>
        <testcase name="test_企業モデルの入力可能属性が正しい" file="/Users/ryu/trends-laravel/tests/Unit/CompanyServiceTest.php" line="213" class="Tests\Unit\CompanyServiceTest" classname="Tests.Unit.CompanyServiceTest" assertions="1" time="0.007822"/>
        <testcase name="test_企業モデルの型変換が正しい" file="/Users/ryu/trends-laravel/tests/Unit/CompanyServiceTest.php" line="233" class="Tests\Unit\CompanyServiceTest" classname="Tests.Unit.CompanyServiceTest" assertions="1" time="0.007887"/>
        <testcase name="test_企業モデルのデフォルト属性が正しい" file="/Users/ryu/trends-laravel/tests/Unit/CompanyServiceTest.php" line="247" class="Tests\Unit\CompanyServiceTest" classname="Tests.Unit.CompanyServiceTest" assertions="1" time="0.007840"/>
      </testsuite>
      <testsuite name="Tests\Unit\Config\ScrapingConfigTest" file="/Users/ryu/trends-laravel/tests/Unit/Config/ScrapingConfigTest.php" tests="13" assertions="64" errors="0" failures="0" skipped="0" time="0.079948">
        <testcase name="test_デフォルト設定が正しく読み込まれる" file="/Users/ryu/trends-laravel/tests/Unit/Config/ScrapingConfigTest.php" line="9" class="Tests\Unit\Config\ScrapingConfigTest" classname="Tests.Unit.Config.ScrapingConfigTest" assertions="6" time="0.011336"/>
        <testcase name="test_デフォルトタイムアウト値が設定されている" file="/Users/ryu/trends-laravel/tests/Unit/Config/ScrapingConfigTest.php" line="21" class="Tests\Unit\Config\ScrapingConfigTest" classname="Tests.Unit.Config.ScrapingConfigTest" assertions="1" time="0.005562"/>
        <testcase name="test_デフォルトレート制限値が設定されている" file="/Users/ryu/trends-laravel/tests/Unit/Config/ScrapingConfigTest.php" line="28" class="Tests\Unit\Config\ScrapingConfigTest" classname="Tests.Unit.Config.ScrapingConfigTest" assertions="1" time="0.005388"/>
        <testcase name="test_リトライ設定が正しく設定されている" file="/Users/ryu/trends-laravel/tests/Unit/Config/ScrapingConfigTest.php" line="35" class="Tests\Unit\Config\ScrapingConfigTest" classname="Tests.Unit.Config.ScrapingConfigTest" assertions="5" time="0.005349"/>
        <testcase name="test_ユーザーエージェントが設定されている" file="/Users/ryu/trends-laravel/tests/Unit/Config/ScrapingConfigTest.php" line="46" class="Tests\Unit\Config\ScrapingConfigTest" classname="Tests.Unit.Config.ScrapingConfigTest" assertions="1" time="0.005389"/>
        <testcase name="test_デフォルトヘッダーが設定されている" file="/Users/ryu/trends-laravel/tests/Unit/Config/ScrapingConfigTest.php" line="53" class="Tests\Unit\Config\ScrapingConfigTest" classname="Tests.Unit.Config.ScrapingConfigTest" assertions="6" time="0.005351"/>
        <testcase name="test_プラットフォーム別設定が正しく読み込まれる" file="/Users/ryu/trends-laravel/tests/Unit/Config/ScrapingConfigTest.php" line="65" class="Tests\Unit\Config\ScrapingConfigTest" classname="Tests.Unit.Config.ScrapingConfigTest" assertions="4" time="0.005372"/>
        <testcase name="test_はてなブックマーク設定が正しく設定されている" file="/Users/ryu/trends-laravel/tests/Unit/Config/ScrapingConfigTest.php" line="75" class="Tests\Unit\Config\ScrapingConfigTest" classname="Tests.Unit.Config.ScrapingConfigTest" assertions="8" time="0.007750"/>
        <testcase name="test_qiita設定が正しく設定されている" file="/Users/ryu/trends-laravel/tests/Unit/Config/ScrapingConfigTest.php" line="89" class="Tests\Unit\Config\ScrapingConfigTest" classname="Tests.Unit.Config.ScrapingConfigTest" assertions="8" time="0.005621"/>
        <testcase name="test_zenn設定が正しく設定されている" file="/Users/ryu/trends-laravel/tests/Unit/Config/ScrapingConfigTest.php" line="103" class="Tests\Unit\Config\ScrapingConfigTest" classname="Tests.Unit.Config.ScrapingConfigTest" assertions="9" time="0.005368"/>
        <testcase name="test_キャッシュ設定が正しく設定されている" file="/Users/ryu/trends-laravel/tests/Unit/Config/ScrapingConfigTest.php" line="118" class="Tests\Unit\Config\ScrapingConfigTest" classname="Tests.Unit.Config.ScrapingConfigTest" assertions="7" time="0.005565"/>
        <testcase name="test_ログ設定が正しく設定されている" file="/Users/ryu/trends-laravel/tests/Unit/Config/ScrapingConfigTest.php" line="131" class="Tests\Unit\Config\ScrapingConfigTest" classname="Tests.Unit.Config.ScrapingConfigTest" assertions="7" time="0.006086"/>
        <testcase name="test_環境変数での設定上書きが可能" file="/Users/ryu/trends-laravel/tests/Unit/Config/ScrapingConfigTest.php" line="144" class="Tests\Unit\Config\ScrapingConfigTest" classname="Tests.Unit.Config.ScrapingConfigTest" assertions="1" time="0.005813"/>
      </testsuite>
      <testsuite name="Tests\Unit\Console\GenerateCompanyRankingsCommandTest" file="/Users/ryu/trends-laravel/tests/Unit/Console/GenerateCompanyRankingsCommandTest.php" tests="18" assertions="38" errors="0" failures="0" skipped="0" time="0.147699">
        <testcase name="test_コマンドの基本情報が正しく設定されている" file="/Users/ryu/trends-laravel/tests/Unit/Console/GenerateCompanyRankingsCommandTest.php" line="22" class="Tests\Unit\Console\GenerateCompanyRankingsCommandTest" classname="Tests.Unit.Console.GenerateCompanyRankingsCommandTest" assertions="2" time="0.009681"/>
        <testcase name="test_期間オプションが定義されている" file="/Users/ryu/trends-laravel/tests/Unit/Console/GenerateCompanyRankingsCommandTest.php" line="30" class="Tests\Unit\Console\GenerateCompanyRankingsCommandTest" classname="Tests.Unit.Console.GenerateCompanyRankingsCommandTest" assertions="2" time="0.005605"/>
        <testcase name="test_日付オプションが定義されている" file="/Users/ryu/trends-laravel/tests/Unit/Console/GenerateCompanyRankingsCommandTest.php" line="39" class="Tests\Unit\Console\GenerateCompanyRankingsCommandTest" classname="Tests.Unit.Console.GenerateCompanyRankingsCommandTest" assertions="2" time="0.005542"/>
        <testcase name="test_キューオプションが定義されている" file="/Users/ryu/trends-laravel/tests/Unit/Console/GenerateCompanyRankingsCommandTest.php" line="48" class="Tests\Unit\Console\GenerateCompanyRankingsCommandTest" classname="Tests.Unit.Console.GenerateCompanyRankingsCommandTest" assertions="2" time="0.005521"/>
        <testcase name="test_handleメソッドが実装されている" file="/Users/ryu/trends-laravel/tests/Unit/Console/GenerateCompanyRankingsCommandTest.php" line="57" class="Tests\Unit\Console\GenerateCompanyRankingsCommandTest" classname="Tests.Unit.Console.GenerateCompanyRankingsCommandTest" assertions="2" time="0.005578"/>
        <testcase name="test_デフォルト実行での正常終了" file="/Users/ryu/trends-laravel/tests/Unit/Console/GenerateCompanyRankingsCommandTest.php" line="66" class="Tests\Unit\Console\GenerateCompanyRankingsCommandTest" classname="Tests.Unit.Console.GenerateCompanyRankingsCommandTest" assertions="1" time="0.023957"/>
        <testcase name="test_期間指定オプションでの実行" file="/Users/ryu/trends-laravel/tests/Unit/Console/GenerateCompanyRankingsCommandTest.php" line="99" class="Tests\Unit\Console\GenerateCompanyRankingsCommandTest" classname="Tests.Unit.Console.GenerateCompanyRankingsCommandTest" assertions="1" time="0.007801"/>
        <testcase name="test_基準日指定オプションでの実行" file="/Users/ryu/trends-laravel/tests/Unit/Console/GenerateCompanyRankingsCommandTest.php" line="118" class="Tests\Unit\Console\GenerateCompanyRankingsCommandTest" classname="Tests.Unit.Console.GenerateCompanyRankingsCommandTest" assertions="1" time="0.007186"/>
        <testcase name="test_キューオプションでの単一期間実行" file="/Users/ryu/trends-laravel/tests/Unit/Console/GenerateCompanyRankingsCommandTest.php" line="138" class="Tests\Unit\Console\GenerateCompanyRankingsCommandTest" classname="Tests.Unit.Console.GenerateCompanyRankingsCommandTest" assertions="2" time="0.017396"/>
        <testcase name="test_キューオプションでの全期間実行" file="/Users/ryu/trends-laravel/tests/Unit/Console/GenerateCompanyRankingsCommandTest.php" line="153" class="Tests\Unit\Console\GenerateCompanyRankingsCommandTest" classname="Tests.Unit.Console.GenerateCompanyRankingsCommandTest" assertions="2" time="0.006805"/>
        <testcase name="test_無効な日付指定時のエラー" file="/Users/ryu/trends-laravel/tests/Unit/Console/GenerateCompanyRankingsCommandTest.php" line="166" class="Tests\Unit\Console\GenerateCompanyRankingsCommandTest" classname="Tests.Unit.Console.GenerateCompanyRankingsCommandTest" assertions="3" time="0.005826"/>
        <testcase name="test_サービス例外時の処理" file="/Users/ryu/trends-laravel/tests/Unit/Console/GenerateCompanyRankingsCommandTest.php" line="178" class="Tests\Unit\Console\GenerateCompanyRankingsCommandTest" classname="Tests.Unit.Console.GenerateCompanyRankingsCommandTest" assertions="1" time="0.009563"/>
        <testcase name="test_統計情報表示機能" file="/Users/ryu/trends-laravel/tests/Unit/Console/GenerateCompanyRankingsCommandTest.php" line="192" class="Tests\Unit\Console\GenerateCompanyRankingsCommandTest" classname="Tests.Unit.Console.GenerateCompanyRankingsCommandTest" assertions="1" time="0.007898"/>
        <testcase name="test_実行時間測定とログ出力" file="/Users/ryu/trends-laravel/tests/Unit/Console/GenerateCompanyRankingsCommandTest.php" line="227" class="Tests\Unit\Console\GenerateCompanyRankingsCommandTest" classname="Tests.Unit.Console.GenerateCompanyRankingsCommandTest" assertions="3" time="0.005892"/>
        <testcase name="test_プログレスバー機能の実装" file="/Users/ryu/trends-laravel/tests/Unit/Console/GenerateCompanyRankingsCommandTest.php" line="237" class="Tests\Unit\Console\GenerateCompanyRankingsCommandTest" classname="Tests.Unit.Console.GenerateCompanyRankingsCommandTest" assertions="4" time="0.005740"/>
        <testcase name="test_コマンド成功時の終了コード" file="/Users/ryu/trends-laravel/tests/Unit/Console/GenerateCompanyRankingsCommandTest.php" line="248" class="Tests\Unit\Console\GenerateCompanyRankingsCommandTest" classname="Tests.Unit.Console.GenerateCompanyRankingsCommandTest" assertions="2" time="0.005640"/>
        <testcase name="test_期間処理の分離実装" file="/Users/ryu/trends-laravel/tests/Unit/Console/GenerateCompanyRankingsCommandTest.php" line="254" class="Tests\Unit\Console\GenerateCompanyRankingsCommandTest" classname="Tests.Unit.Console.GenerateCompanyRankingsCommandTest" assertions="3" time="0.005887"/>
        <testcase name="test_サービスクラス連携の確認" file="/Users/ryu/trends-laravel/tests/Unit/Console/GenerateCompanyRankingsCommandTest.php" line="264" class="Tests\Unit\Console\GenerateCompanyRankingsCommandTest" classname="Tests.Unit.Console.GenerateCompanyRankingsCommandTest" assertions="4" time="0.006183"/>
      </testsuite>
      <testsuite name="Tests\Unit\Console\ScrapeAllCommandTest" file="/Users/ryu/trends-laravel/tests/Unit/Console/ScrapeAllCommandTest.php" tests="14" assertions="27" errors="0" failures="0" skipped="0" time="1.003268">
        <testcase name="test_コマンドの基本情報が正しく設定されている" file="/Users/ryu/trends-laravel/tests/Unit/Console/ScrapeAllCommandTest.php" line="23" class="Tests\Unit\Console\ScrapeAllCommandTest" classname="Tests.Unit.Console.ScrapeAllCommandTest" assertions="2" time="0.012666"/>
        <testcase name="test_コマンドにdry_runオプションが定義されている" file="/Users/ryu/trends-laravel/tests/Unit/Console/ScrapeAllCommandTest.php" line="31" class="Tests\Unit\Console\ScrapeAllCommandTest" classname="Tests.Unit.Console.ScrapeAllCommandTest" assertions="2" time="0.005954"/>
        <testcase name="test_コマンドの処理構造が適切に実装されている" file="/Users/ryu/trends-laravel/tests/Unit/Console/ScrapeAllCommandTest.php" line="40" class="Tests\Unit\Console\ScrapeAllCommandTest" classname="Tests.Unit.Console.ScrapeAllCommandTest" assertions="2" time="0.005711"/>
        <testcase name="test_コマンドの終了コードが成功時にsuccessになる" file="/Users/ryu/trends-laravel/tests/Unit/Console/ScrapeAllCommandTest.php" line="49" class="Tests\Unit\Console\ScrapeAllCommandTest" classname="Tests.Unit.Console.ScrapeAllCommandTest" assertions="2" time="0.005678"/>
        <testcase name="test_プログレスバーが使用される" file="/Users/ryu/trends-laravel/tests/Unit/Console/ScrapeAllCommandTest.php" line="56" class="Tests\Unit\Console\ScrapeAllCommandTest" classname="Tests.Unit.Console.ScrapeAllCommandTest" assertions="1" time="0.911263"/>
        <testcase name="test_エラーハンドリングの仕組みが存在する" file="/Users/ryu/trends-laravel/tests/Unit/Console/ScrapeAllCommandTest.php" line="64" class="Tests\Unit\Console\ScrapeAllCommandTest" classname="Tests.Unit.Console.ScrapeAllCommandTest" assertions="3" time="0.006413"/>
        <testcase name="test_各プラットフォームのサービスクラスが定義されている" file="/Users/ryu/trends-laravel/tests/Unit/Console/ScrapeAllCommandTest.php" line="76" class="Tests\Unit\Console\ScrapeAllCommandTest" classname="Tests.Unit.Console.ScrapeAllCommandTest" assertions="3" time="0.005728"/>
        <testcase name="test_dry_runオプションが適切に処理される" file="/Users/ryu/trends-laravel/tests/Unit/Console/ScrapeAllCommandTest.php" line="86" class="Tests\Unit\Console\ScrapeAllCommandTest" classname="Tests.Unit.Console.ScrapeAllCommandTest" assertions="2" time="0.005599"/>
        <testcase name="test_記事の取得と保存の分離が行われている" file="/Users/ryu/trends-laravel/tests/Unit/Console/ScrapeAllCommandTest.php" line="95" class="Tests\Unit\Console\ScrapeAllCommandTest" classname="Tests.Unit.Console.ScrapeAllCommandTest" assertions="3" time="0.005621"/>
        <testcase name="test_全プラットフォーム正常実行時の処理フロー" file="/Users/ryu/trends-laravel/tests/Unit/Console/ScrapeAllCommandTest.php" line="105" class="Tests\Unit\Console\ScrapeAllCommandTest" classname="Tests.Unit.Console.ScrapeAllCommandTest" assertions="1" time="0.009064"/>
        <testcase name="test_dry_runオプション使用時のデータ非保存" file="/Users/ryu/trends-laravel/tests/Unit/Console/ScrapeAllCommandTest.php" line="149" class="Tests\Unit\Console\ScrapeAllCommandTest" classname="Tests.Unit.Console.ScrapeAllCommandTest" assertions="1" time="0.006700"/>
        <testcase name="test_一部プラットフォームエラー時の継続処理" file="/Users/ryu/trends-laravel/tests/Unit/Console/ScrapeAllCommandTest.php" line="187" class="Tests\Unit\Console\ScrapeAllCommandTest" classname="Tests.Unit.Console.ScrapeAllCommandTest" assertions="1" time="0.008548"/>
        <testcase name="test_全プラットフォームエラー時の処理" file="/Users/ryu/trends-laravel/tests/Unit/Console/ScrapeAllCommandTest.php" line="230" class="Tests\Unit\Console\ScrapeAllCommandTest" classname="Tests.Unit.Console.ScrapeAllCommandTest" assertions="1" time="0.007219"/>
        <testcase name="test_結果サマリーの表示内容" file="/Users/ryu/trends-laravel/tests/Unit/Console/ScrapeAllCommandTest.php" line="267" class="Tests\Unit\Console\ScrapeAllCommandTest" classname="Tests.Unit.Console.ScrapeAllCommandTest" assertions="3" time="0.007103"/>
      </testsuite>
      <testsuite name="Tests\Unit\Console\ScrapePlatformCommandTest" file="/Users/ryu/trends-laravel/tests/Unit/Console/ScrapePlatformCommandTest.php" tests="19" assertions="43" errors="0" failures="0" skipped="0" time="0.120358">
        <testcase name="test_コマンドの基本情報が正しく設定されている" file="/Users/ryu/trends-laravel/tests/Unit/Console/ScrapePlatformCommandTest.php" line="22" class="Tests\Unit\Console\ScrapePlatformCommandTest" classname="Tests.Unit.Console.ScrapePlatformCommandTest" assertions="2" time="0.010536"/>
        <testcase name="test_プラットフォーム引数が定義されている" file="/Users/ryu/trends-laravel/tests/Unit/Console/ScrapePlatformCommandTest.php" line="30" class="Tests\Unit\Console\ScrapePlatformCommandTest" classname="Tests.Unit.Console.ScrapePlatformCommandTest" assertions="2" time="0.006035"/>
        <testcase name="test_dry_runオプションが定義されている" file="/Users/ryu/trends-laravel/tests/Unit/Console/ScrapePlatformCommandTest.php" line="39" class="Tests\Unit\Console\ScrapePlatformCommandTest" classname="Tests.Unit.Console.ScrapePlatformCommandTest" assertions="2" time="0.005662"/>
        <testcase name="test_プラットフォームマップが正しく定義されている" file="/Users/ryu/trends-laravel/tests/Unit/Console/ScrapePlatformCommandTest.php" line="48" class="Tests\Unit\Console\ScrapePlatformCommandTest" classname="Tests.Unit.Console.ScrapePlatformCommandTest" assertions="6" time="0.005655"/>
        <testcase name="test_無効なプラットフォームでエラーハンドリングが実装されている" file="/Users/ryu/trends-laravel/tests/Unit/Console/ScrapePlatformCommandTest.php" line="61" class="Tests\Unit\Console\ScrapePlatformCommandTest" classname="Tests.Unit.Console.ScrapePlatformCommandTest" assertions="3" time="0.006237"/>
        <testcase name="test_プラットフォーム引数の検証ロジックが存在する" file="/Users/ryu/trends-laravel/tests/Unit/Console/ScrapePlatformCommandTest.php" line="71" class="Tests\Unit\Console\ScrapePlatformCommandTest" classname="Tests.Unit.Console.ScrapePlatformCommandTest" assertions="3" time="0.006166"/>
        <testcase name="test_handleメソッドが実装されている" file="/Users/ryu/trends-laravel/tests/Unit/Console/ScrapePlatformCommandTest.php" line="81" class="Tests\Unit\Console\ScrapePlatformCommandTest" classname="Tests.Unit.Console.ScrapePlatformCommandTest" assertions="2" time="0.006300"/>
        <testcase name="test_コマンド成功と失敗の終了コードが定義されている" file="/Users/ryu/trends-laravel/tests/Unit/Console/ScrapePlatformCommandTest.php" line="90" class="Tests\Unit\Console\ScrapePlatformCommandTest" classname="Tests.Unit.Console.ScrapePlatformCommandTest" assertions="2" time="0.005575"/>
        <testcase name="test_プラットフォーム設定構造が正しい" file="/Users/ryu/trends-laravel/tests/Unit/Console/ScrapePlatformCommandTest.php" line="96" class="Tests\Unit\Console\ScrapePlatformCommandTest" classname="Tests.Unit.Console.ScrapePlatformCommandTest" assertions="5" time="0.005489"/>
        <testcase name="test_引数とオプションの処理ロジックが存在する" file="/Users/ryu/trends-laravel/tests/Unit/Console/ScrapePlatformCommandTest.php" line="108" class="Tests\Unit\Console\ScrapePlatformCommandTest" classname="Tests.Unit.Console.ScrapePlatformCommandTest" assertions="2" time="0.005431"/>
        <testcase name="test_有効なプラットフォームqiitaでの正常実行" file="/Users/ryu/trends-laravel/tests/Unit/Console/ScrapePlatformCommandTest.php" line="117" class="Tests\Unit\Console\ScrapePlatformCommandTest" classname="Tests.Unit.Console.ScrapePlatformCommandTest" assertions="1" time="0.006235"/>
        <testcase name="test_有効なプラットフォームzennでの正常実行" file="/Users/ryu/trends-laravel/tests/Unit/Console/ScrapePlatformCommandTest.php" line="139" class="Tests\Unit\Console\ScrapePlatformCommandTest" classname="Tests.Unit.Console.ScrapePlatformCommandTest" assertions="1" time="0.006141"/>
        <testcase name="test_有効なプラットフォームhatenaでの正常実行" file="/Users/ryu/trends-laravel/tests/Unit/Console/ScrapePlatformCommandTest.php" line="159" class="Tests\Unit\Console\ScrapePlatformCommandTest" classname="Tests.Unit.Console.ScrapePlatformCommandTest" assertions="1" time="0.006098"/>
        <testcase name="test_無効なプラットフォーム指定時のエラー処理" file="/Users/ryu/trends-laravel/tests/Unit/Console/ScrapePlatformCommandTest.php" line="179" class="Tests\Unit\Console\ScrapePlatformCommandTest" classname="Tests.Unit.Console.ScrapePlatformCommandTest" assertions="3" time="0.008243"/>
        <testcase name="test_dry_runモードでのqiita実行" file="/Users/ryu/trends-laravel/tests/Unit/Console/ScrapePlatformCommandTest.php" line="189" class="Tests\Unit\Console\ScrapePlatformCommandTest" classname="Tests.Unit.Console.ScrapePlatformCommandTest" assertions="2" time="0.006368"/>
        <testcase name="test_dry_runモードでのzenn実行" file="/Users/ryu/trends-laravel/tests/Unit/Console/ScrapePlatformCommandTest.php" line="209" class="Tests\Unit\Console\ScrapePlatformCommandTest" classname="Tests.Unit.Console.ScrapePlatformCommandTest" assertions="2" time="0.006090"/>
        <testcase name="test_dry_runモードでのhatena実行" file="/Users/ryu/trends-laravel/tests/Unit/Console/ScrapePlatformCommandTest.php" line="229" class="Tests\Unit\Console\ScrapePlatformCommandTest" classname="Tests.Unit.Console.ScrapePlatformCommandTest" assertions="2" time="0.006035"/>
        <testcase name="test_プラットフォーム名の大文字小文字を無視する" file="/Users/ryu/trends-laravel/tests/Unit/Console/ScrapePlatformCommandTest.php" line="249" class="Tests\Unit\Console\ScrapePlatformCommandTest" classname="Tests.Unit.Console.ScrapePlatformCommandTest" assertions="1" time="0.006055"/>
        <testcase name="test_プラットフォームエラー時の処理" file="/Users/ryu/trends-laravel/tests/Unit/Console/ScrapePlatformCommandTest.php" line="269" class="Tests\Unit\Console\ScrapePlatformCommandTest" classname="Tests.Unit.Console.ScrapePlatformCommandTest" assertions="1" time="0.006007"/>
      </testsuite>
      <testsuite name="Tests\Unit\Console\ScrapeScheduleCommandTest" file="/Users/ryu/trends-laravel/tests/Unit/Console/ScrapeScheduleCommandTest.php" tests="19" assertions="39" errors="0" failures="0" skipped="0" time="0.117005">
        <testcase name="test_コマンドの基本情報が正しく設定されている" file="/Users/ryu/trends-laravel/tests/Unit/Console/ScrapeScheduleCommandTest.php" line="23" class="Tests\Unit\Console\ScrapeScheduleCommandTest" classname="Tests.Unit.Console.ScrapeScheduleCommandTest" assertions="2" time="0.011329"/>
        <testcase name="test_platformオプションが定義されている" file="/Users/ryu/trends-laravel/tests/Unit/Console/ScrapeScheduleCommandTest.php" line="31" class="Tests\Unit\Console\ScrapeScheduleCommandTest" classname="Tests.Unit.Console.ScrapeScheduleCommandTest" assertions="2" time="0.005431"/>
        <testcase name="test_silentオプションが定義されている" file="/Users/ryu/trends-laravel/tests/Unit/Console/ScrapeScheduleCommandTest.php" line="40" class="Tests\Unit\Console\ScrapeScheduleCommandTest" classname="Tests.Unit.Console.ScrapeScheduleCommandTest" assertions="2" time="0.005415"/>
        <testcase name="test_プラットフォームマップが正しく定義されている" file="/Users/ryu/trends-laravel/tests/Unit/Console/ScrapeScheduleCommandTest.php" line="49" class="Tests\Unit\Console\ScrapeScheduleCommandTest" classname="Tests.Unit.Console.ScrapeScheduleCommandTest" assertions="6" time="0.005470"/>
        <testcase name="test_cron_job用の最適化が実装されている" file="/Users/ryu/trends-laravel/tests/Unit/Console/ScrapeScheduleCommandTest.php" line="62" class="Tests\Unit\Console\ScrapeScheduleCommandTest" classname="Tests.Unit.Console.ScrapeScheduleCommandTest" assertions="3" time="0.005441"/>
        <testcase name="test_ログ記録機能が使用されている" file="/Users/ryu/trends-laravel/tests/Unit/Console/ScrapeScheduleCommandTest.php" line="72" class="Tests\Unit\Console\ScrapeScheduleCommandTest" classname="Tests.Unit.Console.ScrapeScheduleCommandTest" assertions="1" time="0.005786"/>
        <testcase name="test_handleメソッドが実装されている" file="/Users/ryu/trends-laravel/tests/Unit/Console/ScrapeScheduleCommandTest.php" line="80" class="Tests\Unit\Console\ScrapeScheduleCommandTest" classname="Tests.Unit.Console.ScrapeScheduleCommandTest" assertions="2" time="0.005641"/>
        <testcase name="test_実行時間測定機能が実装されている" file="/Users/ryu/trends-laravel/tests/Unit/Console/ScrapeScheduleCommandTest.php" line="89" class="Tests\Unit\Console\ScrapeScheduleCommandTest" classname="Tests.Unit.Console.ScrapeScheduleCommandTest" assertions="2" time="0.005512"/>
        <testcase name="test_プラットフォーム選択ロジックが存在する" file="/Users/ryu/trends-laravel/tests/Unit/Console/ScrapeScheduleCommandTest.php" line="98" class="Tests\Unit\Console\ScrapeScheduleCommandTest" classname="Tests.Unit.Console.ScrapeScheduleCommandTest" assertions="3" time="0.005471"/>
        <testcase name="test_サイレントモード処理が実装されている" file="/Users/ryu/trends-laravel/tests/Unit/Console/ScrapeScheduleCommandTest.php" line="108" class="Tests\Unit\Console\ScrapeScheduleCommandTest" classname="Tests.Unit.Console.ScrapeScheduleCommandTest" assertions="2" time="0.005364"/>
        <testcase name="test_プラットフォーム設定構造が正しい" file="/Users/ryu/trends-laravel/tests/Unit/Console/ScrapeScheduleCommandTest.php" line="117" class="Tests\Unit\Console\ScrapeScheduleCommandTest" classname="Tests.Unit.Console.ScrapeScheduleCommandTest" assertions="5" time="0.005339"/>
        <testcase name="test_全プラットフォーム実行での正常処理" file="/Users/ryu/trends-laravel/tests/Unit/Console/ScrapeScheduleCommandTest.php" line="129" class="Tests\Unit\Console\ScrapeScheduleCommandTest" classname="Tests.Unit.Console.ScrapeScheduleCommandTest" assertions="1" time="0.006917"/>
        <testcase name="test_特定プラットフォーム指定での実行" file="/Users/ryu/trends-laravel/tests/Unit/Console/ScrapeScheduleCommandTest.php" line="182" class="Tests\Unit\Console\ScrapeScheduleCommandTest" classname="Tests.Unit.Console.ScrapeScheduleCommandTest" assertions="1" time="0.006411"/>
        <testcase name="test_silentオプション使用時の出力抑制" file="/Users/ryu/trends-laravel/tests/Unit/Console/ScrapeScheduleCommandTest.php" line="211" class="Tests\Unit\Console\ScrapeScheduleCommandTest" classname="Tests.Unit.Console.ScrapeScheduleCommandTest" assertions="2" time="0.006176"/>
        <testcase name="test_実行時間測定の確認" file="/Users/ryu/trends-laravel/tests/Unit/Console/ScrapeScheduleCommandTest.php" line="239" class="Tests\Unit\Console\ScrapeScheduleCommandTest" classname="Tests.Unit.Console.ScrapeScheduleCommandTest" assertions="1" time="0.006249"/>
        <testcase name="test_ログ記録内容の確認" file="/Users/ryu/trends-laravel/tests/Unit/Console/ScrapeScheduleCommandTest.php" line="265" class="Tests\Unit\Console\ScrapeScheduleCommandTest" classname="Tests.Unit.Console.ScrapeScheduleCommandTest" assertions="1" time="0.006295"/>
        <testcase name="test_エラー発生時のログ記録" file="/Users/ryu/trends-laravel/tests/Unit/Console/ScrapeScheduleCommandTest.php" line="297" class="Tests\Unit\Console\ScrapeScheduleCommandTest" classname="Tests.Unit.Console.ScrapeScheduleCommandTest" assertions="1" time="0.006250"/>
        <testcase name="test_無効なプラットフォーム指定時のエラー処理" file="/Users/ryu/trends-laravel/tests/Unit/Console/ScrapeScheduleCommandTest.php" line="323" class="Tests\Unit\Console\ScrapeScheduleCommandTest" classname="Tests.Unit.Console.ScrapeScheduleCommandTest" assertions="1" time="0.006033"/>
        <testcase name="test_複数プラットフォームでの一部エラー時の継続処理" file="/Users/ryu/trends-laravel/tests/Unit/Console/ScrapeScheduleCommandTest.php" line="336" class="Tests\Unit\Console\ScrapeScheduleCommandTest" classname="Tests.Unit.Console.ScrapeScheduleCommandTest" assertions="1" time="0.006475"/>
      </testsuite>
      <testsuite name="Tests\Unit\Constants\ArticleEngagementTest" file="/Users/ryu/trends-laravel/tests/Unit/Constants/ArticleEngagementTest.php" tests="9" assertions="40" errors="0" failures="0" skipped="0" time="0.058348">
        <testcase name="test_通常記事のブックマーク範囲が正しく取得できる" file="/Users/ryu/trends-laravel/tests/Unit/Constants/ArticleEngagementTest.php" line="10" class="Tests\Unit\Constants\ArticleEngagementTest" classname="Tests.Unit.Constants.ArticleEngagementTest" assertions="3" time="0.013527"/>
        <testcase name="test_通常記事のいいね範囲が正しく取得できる" file="/Users/ryu/trends-laravel/tests/Unit/Constants/ArticleEngagementTest.php" line="19" class="Tests\Unit\Constants\ArticleEngagementTest" classname="Tests.Unit.Constants.ArticleEngagementTest" assertions="3" time="0.005451"/>
        <testcase name="test_人気記事のブックマーク範囲が正しく取得できる" file="/Users/ryu/trends-laravel/tests/Unit/Constants/ArticleEngagementTest.php" line="28" class="Tests\Unit\Constants\ArticleEngagementTest" classname="Tests.Unit.Constants.ArticleEngagementTest" assertions="3" time="0.005366"/>
        <testcase name="test_人気記事のいいね範囲が正しく取得できる" file="/Users/ryu/trends-laravel/tests/Unit/Constants/ArticleEngagementTest.php" line="37" class="Tests\Unit\Constants\ArticleEngagementTest" classname="Tests.Unit.Constants.ArticleEngagementTest" assertions="3" time="0.005455"/>
        <testcase name="test_低エンゲージメント記事のブックマーク範囲が正しく取得できる" file="/Users/ryu/trends-laravel/tests/Unit/Constants/ArticleEngagementTest.php" line="46" class="Tests\Unit\Constants\ArticleEngagementTest" classname="Tests.Unit.Constants.ArticleEngagementTest" assertions="3" time="0.005425"/>
        <testcase name="test_低エンゲージメント記事のいいね範囲が正しく取得できる" file="/Users/ryu/trends-laravel/tests/Unit/Constants/ArticleEngagementTest.php" line="55" class="Tests\Unit\Constants\ArticleEngagementTest" classname="Tests.Unit.Constants.ArticleEngagementTest" assertions="3" time="0.006275"/>
        <testcase name="test_高エンゲージメント記事のブックマーク範囲が正しく取得できる" file="/Users/ryu/trends-laravel/tests/Unit/Constants/ArticleEngagementTest.php" line="64" class="Tests\Unit\Constants\ArticleEngagementTest" classname="Tests.Unit.Constants.ArticleEngagementTest" assertions="3" time="0.005769"/>
        <testcase name="test_高エンゲージメント記事のいいね範囲が正しく取得できる" file="/Users/ryu/trends-laravel/tests/Unit/Constants/ArticleEngagementTest.php" line="73" class="Tests\Unit\Constants\ArticleEngagementTest" classname="Tests.Unit.Constants.ArticleEngagementTest" assertions="3" time="0.005634"/>
        <testcase name="test_定数値が期待通りに設定されている" file="/Users/ryu/trends-laravel/tests/Unit/Constants/ArticleEngagementTest.php" line="82" class="Tests\Unit\Constants\ArticleEngagementTest" classname="Tests.Unit.Constants.ArticleEngagementTest" assertions="16" time="0.005445"/>
      </testsuite>
      <testsuite name="Tests\Unit\Constants\CacheTimeTest" file="/Users/ryu/trends-laravel/tests/Unit/Constants/CacheTimeTest.php" tests="18" assertions="82" errors="0" failures="0" skipped="0" time="0.006243">
        <testcase name="test_基本キャッシュ時間定数が正しい値を持つ" file="/Users/ryu/trends-laravel/tests/Unit/Constants/CacheTimeTest.php" line="14" class="Tests\Unit\Constants\CacheTimeTest" classname="Tests.Unit.Constants.CacheTimeTest" assertions="3" time="0.003854"/>
        <testcase name="test_用途別キャッシュ時間定数が正しい値を持つ" file="/Users/ryu/trends-laravel/tests/Unit/Constants/CacheTimeTest.php" line="22" class="Tests\Unit\Constants\CacheTimeTest" classname="Tests.Unit.Constants.CacheTimeTest" assertions="3" time="0.000135"/>
        <testcase name="test_キャッシュ時間の論理的順序が正しい" file="/Users/ryu/trends-laravel/tests/Unit/Constants/CacheTimeTest.php" line="30" class="Tests\Unit\Constants\CacheTimeTest" classname="Tests.Unit.Constants.CacheTimeTest" assertions="3" time="0.000189"/>
        <testcase name="test_用途別キャッシュ時間の妥当性" file="/Users/ryu/trends-laravel/tests/Unit/Constants/CacheTimeTest.php" line="52" class="Tests\Unit\Constants\CacheTimeTest" classname="Tests.Unit.Constants.CacheTimeTest" assertions="3" time="0.000111"/>
        <testsuite name="Tests\Unit\Constants\CacheTimeTest::test_キャッシュ時間定数の型が正しい" tests="6" assertions="12" errors="0" failures="0" skipped="0" time="0.000947">
          <testcase name="test_キャッシュ時間定数の型が正しい with data set &quot;DEFAULT&quot;" file="/Users/ryu/trends-laravel/tests/Unit/Constants/CacheTimeTest.php" line="77" class="Tests\Unit\Constants\CacheTimeTest" classname="Tests.Unit.Constants.CacheTimeTest" assertions="2" time="0.000320"/>
          <testcase name="test_キャッシュ時間定数の型が正しい with data set &quot;SHORT&quot;" file="/Users/ryu/trends-laravel/tests/Unit/Constants/CacheTimeTest.php" line="77" class="Tests\Unit\Constants\CacheTimeTest" classname="Tests.Unit.Constants.CacheTimeTest" assertions="2" time="0.000132"/>
          <testcase name="test_キャッシュ時間定数の型が正しい with data set &quot;LONG&quot;" file="/Users/ryu/trends-laravel/tests/Unit/Constants/CacheTimeTest.php" line="77" class="Tests\Unit\Constants\CacheTimeTest" classname="Tests.Unit.Constants.CacheTimeTest" assertions="2" time="0.000125"/>
          <testcase name="test_キャッシュ時間定数の型が正しい with data set &quot;STATISTICS&quot;" file="/Users/ryu/trends-laravel/tests/Unit/Constants/CacheTimeTest.php" line="77" class="Tests\Unit\Constants\CacheTimeTest" classname="Tests.Unit.Constants.CacheTimeTest" assertions="2" time="0.000124"/>
          <testcase name="test_キャッシュ時間定数の型が正しい with data set &quot;RANKING&quot;" file="/Users/ryu/trends-laravel/tests/Unit/Constants/CacheTimeTest.php" line="77" class="Tests\Unit\Constants\CacheTimeTest" classname="Tests.Unit.Constants.CacheTimeTest" assertions="2" time="0.000123"/>
          <testcase name="test_キャッシュ時間定数の型が正しい with data set &quot;COMPANY_DETAIL&quot;" file="/Users/ryu/trends-laravel/tests/Unit/Constants/CacheTimeTest.php" line="77" class="Tests\Unit\Constants\CacheTimeTest" classname="Tests.Unit.Constants.CacheTimeTest" assertions="2" time="0.000123"/>
        </testsuite>
        <testcase name="test_キャッシュ時間値の範囲が適切である" file="/Users/ryu/trends-laravel/tests/Unit/Constants/CacheTimeTest.php" line="98" class="Tests\Unit\Constants\CacheTimeTest" classname="Tests.Unit.Constants.CacheTimeTest" assertions="18" time="0.000188"/>
        <testcase name="test_秒単位での時間設定の妥当性" file="/Users/ryu/trends-laravel/tests/Unit/Constants/CacheTimeTest.php" line="116" class="Tests\Unit\Constants\CacheTimeTest" classname="Tests.Unit.Constants.CacheTimeTest" assertions="3" time="0.000107"/>
        <testcase name="test_ビジネス要件との整合性" file="/Users/ryu/trends-laravel/tests/Unit/Constants/CacheTimeTest.php" line="129" class="Tests\Unit\Constants\CacheTimeTest" classname="Tests.Unit.Constants.CacheTimeTest" assertions="6" time="0.000105"/>
        <testcase name="test_全定数がアクセス可能である" file="/Users/ryu/trends-laravel/tests/Unit/Constants/CacheTimeTest.php" line="151" class="Tests\Unit\Constants\CacheTimeTest" classname="Tests.Unit.Constants.CacheTimeTest" assertions="7" time="0.000125"/>
        <testcase name="test_定数の不変性確認" file="/Users/ryu/trends-laravel/tests/Unit/Constants/CacheTimeTest.php" line="173" class="Tests\Unit\Constants\CacheTimeTest" classname="Tests.Unit.Constants.CacheTimeTest" assertions="3" time="0.000100"/>
        <testcase name="test_パフォーマンス要件との整合性" file="/Users/ryu/trends-laravel/tests/Unit/Constants/CacheTimeTest.php" line="186" class="Tests\Unit\Constants\CacheTimeTest" classname="Tests.Unit.Constants.CacheTimeTest" assertions="3" time="0.000108"/>
        <testcase name="test_キャッシュ戦略の分類妥当性" file="/Users/ryu/trends-laravel/tests/Unit/Constants/CacheTimeTest.php" line="207" class="Tests\Unit\Constants\CacheTimeTest" classname="Tests.Unit.Constants.CacheTimeTest" assertions="14" time="0.000146"/>
        <testcase name="test_実用的な時間設定確認" file="/Users/ryu/trends-laravel/tests/Unit/Constants/CacheTimeTest.php" line="230" class="Tests\Unit\Constants\CacheTimeTest" classname="Tests.Unit.Constants.CacheTimeTest" assertions="4" time="0.000127"/>
      </testsuite>
      <testsuite name="Tests\Unit\Constants\PlatformTest" file="/Users/ryu/trends-laravel/tests/Unit/Constants/PlatformTest.php" tests="53" assertions="90" errors="0" failures="0" skipped="0" time="0.009834">
        <testcase name="qiita定数が正しい値を持つ" file="/Users/ryu/trends-laravel/tests/Unit/Constants/PlatformTest.php" line="13" class="Tests\Unit\Constants\PlatformTest" classname="Tests.Unit.Constants.PlatformTest" assertions="1" time="0.003555"/>
        <testcase name="zenn定数が正しい値を持つ" file="/Users/ryu/trends-laravel/tests/Unit/Constants/PlatformTest.php" line="19" class="Tests\Unit\Constants\PlatformTest" classname="Tests.Unit.Constants.PlatformTest" assertions="1" time="0.000106"/>
        <testcase name="はてなブックマーク定数が正しい値を持つ" file="/Users/ryu/trends-laravel/tests/Unit/Constants/PlatformTest.php" line="25" class="Tests\Unit\Constants\PlatformTest" classname="Tests.Unit.Constants.PlatformTest" assertions="1" time="0.000112"/>
        <testcase name="all定数が全プラットフォームを含む" file="/Users/ryu/trends-laravel/tests/Unit/Constants/PlatformTest.php" line="31" class="Tests\Unit\Constants\PlatformTest" classname="Tests.Unit.Constants.PlatformTest" assertions="2" time="0.000109"/>
        <testcase name="urls定数が正しいurlを含む" file="/Users/ryu/trends-laravel/tests/Unit/Constants/PlatformTest.php" line="44" class="Tests\Unit\Constants\PlatformTest" classname="Tests.Unit.Constants.PlatformTest" assertions="1" time="0.000103"/>
        <testcase name="rate_limits定数が正しい制限値を含む" file="/Users/ryu/trends-laravel/tests/Unit/Constants/PlatformTest.php" line="56" class="Tests\Unit\Constants\PlatformTest" classname="Tests.Unit.Constants.PlatformTest" assertions="1" time="0.000089"/>
        <testcase name="get_valid_platformsが全プラットフォームを返す" file="/Users/ryu/trends-laravel/tests/Unit/Constants/PlatformTest.php" line="68" class="Tests\Unit\Constants\PlatformTest" classname="Tests.Unit.Constants.PlatformTest" assertions="4" time="0.000211"/>
        <testsuite name="Tests\Unit\Constants\PlatformTest::is_validが有効なプラットフォーム名でtrueを返す" tests="3" assertions="3" errors="0" failures="0" skipped="0" time="0.000361">
          <testcase name="is_validが有効なプラットフォーム名でtrueを返す with data set &quot;Qiita&quot;" file="/Users/ryu/trends-laravel/tests/Unit/Constants/PlatformTest.php" line="80" class="Tests\Unit\Constants\PlatformTest" classname="Tests.Unit.Constants.PlatformTest" assertions="1" time="0.000136"/>
          <testcase name="is_validが有効なプラットフォーム名でtrueを返す with data set &quot;Zenn&quot;" file="/Users/ryu/trends-laravel/tests/Unit/Constants/PlatformTest.php" line="80" class="Tests\Unit\Constants\PlatformTest" classname="Tests.Unit.Constants.PlatformTest" assertions="1" time="0.000114"/>
          <testcase name="is_validが有効なプラットフォーム名でtrueを返す with data set &quot;はてなブックマーク&quot;" file="/Users/ryu/trends-laravel/tests/Unit/Constants/PlatformTest.php" line="80" class="Tests\Unit\Constants\PlatformTest" classname="Tests.Unit.Constants.PlatformTest" assertions="1" time="0.000111"/>
        </testsuite>
        <testsuite name="Tests\Unit\Constants\PlatformTest::is_validが無効なプラットフォーム名でfalseを返す" tests="8" assertions="8" errors="0" failures="0" skipped="0" time="0.000896">
          <testcase name="is_validが無効なプラットフォーム名でfalseを返す with data set &quot;存在しないプラットフォーム&quot;" file="/Users/ryu/trends-laravel/tests/Unit/Constants/PlatformTest.php" line="96" class="Tests\Unit\Constants\PlatformTest" classname="Tests.Unit.Constants.PlatformTest" assertions="1" time="0.000141"/>
          <testcase name="is_validが無効なプラットフォーム名でfalseを返す with data set &quot;空文字列&quot;" file="/Users/ryu/trends-laravel/tests/Unit/Constants/PlatformTest.php" line="96" class="Tests\Unit\Constants\PlatformTest" classname="Tests.Unit.Constants.PlatformTest" assertions="1" time="0.000110"/>
          <testcase name="is_validが無効なプラットフォーム名でfalseを返す with data set &quot;大文字小文字違い&quot;" file="/Users/ryu/trends-laravel/tests/Unit/Constants/PlatformTest.php" line="96" class="Tests\Unit\Constants\PlatformTest" classname="Tests.Unit.Constants.PlatformTest" assertions="1" time="0.000107"/>
          <testcase name="is_validが無効なプラットフォーム名でfalseを返す with data set &quot;ZENN大文字&quot;" file="/Users/ryu/trends-laravel/tests/Unit/Constants/PlatformTest.php" line="96" class="Tests\Unit\Constants\PlatformTest" classname="Tests.Unit.Constants.PlatformTest" assertions="1" time="0.000107"/>
          <testcase name="is_validが無効なプラットフォーム名でfalseを返す with data set &quot;スペース含み&quot;" file="/Users/ryu/trends-laravel/tests/Unit/Constants/PlatformTest.php" line="96" class="Tests\Unit\Constants\PlatformTest" classname="Tests.Unit.Constants.PlatformTest" assertions="1" time="0.000108"/>
          <testcase name="is_validが無効なプラットフォーム名でfalseを返す with data set &quot;null文字列&quot;" file="/Users/ryu/trends-laravel/tests/Unit/Constants/PlatformTest.php" line="96" class="Tests\Unit\Constants\PlatformTest" classname="Tests.Unit.Constants.PlatformTest" assertions="1" time="0.000110"/>
          <testcase name="is_validが無効なプラットフォーム名でfalseを返す with data set &quot;GitHub&quot;" file="/Users/ryu/trends-laravel/tests/Unit/Constants/PlatformTest.php" line="96" class="Tests\Unit\Constants\PlatformTest" classname="Tests.Unit.Constants.PlatformTest" assertions="1" time="0.000107"/>
          <testcase name="is_validが無効なプラットフォーム名でfalseを返す with data set &quot;はてな&quot;" file="/Users/ryu/trends-laravel/tests/Unit/Constants/PlatformTest.php" line="96" class="Tests\Unit\Constants\PlatformTest" classname="Tests.Unit.Constants.PlatformTest" assertions="1" time="0.000107"/>
        </testsuite>
        <testsuite name="Tests\Unit\Constants\PlatformTest::get_urlが有効なプラットフォームで正しいurlを返す" tests="3" assertions="3" errors="0" failures="0" skipped="0" time="0.000331">
          <testcase name="get_urlが有効なプラットフォームで正しいurlを返す with data set &quot;Qiita&quot;" file="/Users/ryu/trends-laravel/tests/Unit/Constants/PlatformTest.php" line="117" class="Tests\Unit\Constants\PlatformTest" classname="Tests.Unit.Constants.PlatformTest" assertions="1" time="0.000113"/>
          <testcase name="get_urlが有効なプラットフォームで正しいurlを返す with data set &quot;Zenn&quot;" file="/Users/ryu/trends-laravel/tests/Unit/Constants/PlatformTest.php" line="117" class="Tests\Unit\Constants\PlatformTest" classname="Tests.Unit.Constants.PlatformTest" assertions="1" time="0.000109"/>
          <testcase name="get_urlが有効なプラットフォームで正しいurlを返す with data set &quot;はてなブックマーク&quot;" file="/Users/ryu/trends-laravel/tests/Unit/Constants/PlatformTest.php" line="117" class="Tests\Unit\Constants\PlatformTest" classname="Tests.Unit.Constants.PlatformTest" assertions="1" time="0.000110"/>
        </testsuite>
        <testsuite name="Tests\Unit\Constants\PlatformTest::get_urlが無効なプラットフォーム名でnullを返す" tests="8" assertions="8" errors="0" failures="0" skipped="0" time="0.000894">
          <testcase name="get_urlが無効なプラットフォーム名でnullを返す with data set &quot;存在しないプラットフォーム&quot;" file="/Users/ryu/trends-laravel/tests/Unit/Constants/PlatformTest.php" line="133" class="Tests\Unit\Constants\PlatformTest" classname="Tests.Unit.Constants.PlatformTest" assertions="1" time="0.000141"/>
          <testcase name="get_urlが無効なプラットフォーム名でnullを返す with data set &quot;空文字列&quot;" file="/Users/ryu/trends-laravel/tests/Unit/Constants/PlatformTest.php" line="133" class="Tests\Unit\Constants\PlatformTest" classname="Tests.Unit.Constants.PlatformTest" assertions="1" time="0.000107"/>
          <testcase name="get_urlが無効なプラットフォーム名でnullを返す with data set &quot;大文字小文字違い&quot;" file="/Users/ryu/trends-laravel/tests/Unit/Constants/PlatformTest.php" line="133" class="Tests\Unit\Constants\PlatformTest" classname="Tests.Unit.Constants.PlatformTest" assertions="1" time="0.000107"/>
          <testcase name="get_urlが無効なプラットフォーム名でnullを返す with data set &quot;ZENN大文字&quot;" file="/Users/ryu/trends-laravel/tests/Unit/Constants/PlatformTest.php" line="133" class="Tests\Unit\Constants\PlatformTest" classname="Tests.Unit.Constants.PlatformTest" assertions="1" time="0.000107"/>
          <testcase name="get_urlが無効なプラットフォーム名でnullを返す with data set &quot;スペース含み&quot;" file="/Users/ryu/trends-laravel/tests/Unit/Constants/PlatformTest.php" line="133" class="Tests\Unit\Constants\PlatformTest" classname="Tests.Unit.Constants.PlatformTest" assertions="1" time="0.000109"/>
          <testcase name="get_urlが無効なプラットフォーム名でnullを返す with data set &quot;null文字列&quot;" file="/Users/ryu/trends-laravel/tests/Unit/Constants/PlatformTest.php" line="133" class="Tests\Unit\Constants\PlatformTest" classname="Tests.Unit.Constants.PlatformTest" assertions="1" time="0.000106"/>
          <testcase name="get_urlが無効なプラットフォーム名でnullを返す with data set &quot;GitHub&quot;" file="/Users/ryu/trends-laravel/tests/Unit/Constants/PlatformTest.php" line="133" class="Tests\Unit\Constants\PlatformTest" classname="Tests.Unit.Constants.PlatformTest" assertions="1" time="0.000108"/>
          <testcase name="get_urlが無効なプラットフォーム名でnullを返す with data set &quot;はてな&quot;" file="/Users/ryu/trends-laravel/tests/Unit/Constants/PlatformTest.php" line="133" class="Tests\Unit\Constants\PlatformTest" classname="Tests.Unit.Constants.PlatformTest" assertions="1" time="0.000109"/>
        </testsuite>
        <testsuite name="Tests\Unit\Constants\PlatformTest::get_rate_limitが有効なプラットフォームで正しい制限値を返す" tests="3" assertions="3" errors="0" failures="0" skipped="0" time="0.000333">
          <testcase name="get_rate_limitが有効なプラットフォームで正しい制限値を返す with data set &quot;Qiita&quot;" file="/Users/ryu/trends-laravel/tests/Unit/Constants/PlatformTest.php" line="140" class="Tests\Unit\Constants\PlatformTest" classname="Tests.Unit.Constants.PlatformTest" assertions="1" time="0.000113"/>
          <testcase name="get_rate_limitが有効なプラットフォームで正しい制限値を返す with data set &quot;Zenn&quot;" file="/Users/ryu/trends-laravel/tests/Unit/Constants/PlatformTest.php" line="140" class="Tests\Unit\Constants\PlatformTest" classname="Tests.Unit.Constants.PlatformTest" assertions="1" time="0.000109"/>
          <testcase name="get_rate_limitが有効なプラットフォームで正しい制限値を返す with data set &quot;はてなブックマーク&quot;" file="/Users/ryu/trends-laravel/tests/Unit/Constants/PlatformTest.php" line="140" class="Tests\Unit\Constants\PlatformTest" classname="Tests.Unit.Constants.PlatformTest" assertions="1" time="0.000111"/>
        </testsuite>
        <testsuite name="Tests\Unit\Constants\PlatformTest::get_rate_limitが無効なプラットフォーム名でnullを返す" tests="8" assertions="8" errors="0" failures="0" skipped="0" time="0.000876">
          <testcase name="get_rate_limitが無効なプラットフォーム名でnullを返す with data set &quot;存在しないプラットフォーム&quot;" file="/Users/ryu/trends-laravel/tests/Unit/Constants/PlatformTest.php" line="156" class="Tests\Unit\Constants\PlatformTest" classname="Tests.Unit.Constants.PlatformTest" assertions="1" time="0.000127"/>
          <testcase name="get_rate_limitが無効なプラットフォーム名でnullを返す with data set &quot;空文字列&quot;" file="/Users/ryu/trends-laravel/tests/Unit/Constants/PlatformTest.php" line="156" class="Tests\Unit\Constants\PlatformTest" classname="Tests.Unit.Constants.PlatformTest" assertions="1" time="0.000107"/>
          <testcase name="get_rate_limitが無効なプラットフォーム名でnullを返す with data set &quot;大文字小文字違い&quot;" file="/Users/ryu/trends-laravel/tests/Unit/Constants/PlatformTest.php" line="156" class="Tests\Unit\Constants\PlatformTest" classname="Tests.Unit.Constants.PlatformTest" assertions="1" time="0.000106"/>
          <testcase name="get_rate_limitが無効なプラットフォーム名でnullを返す with data set &quot;ZENN大文字&quot;" file="/Users/ryu/trends-laravel/tests/Unit/Constants/PlatformTest.php" line="156" class="Tests\Unit\Constants\PlatformTest" classname="Tests.Unit.Constants.PlatformTest" assertions="1" time="0.000108"/>
          <testcase name="get_rate_limitが無効なプラットフォーム名でnullを返す with data set &quot;スペース含み&quot;" file="/Users/ryu/trends-laravel/tests/Unit/Constants/PlatformTest.php" line="156" class="Tests\Unit\Constants\PlatformTest" classname="Tests.Unit.Constants.PlatformTest" assertions="1" time="0.000106"/>
          <testcase name="get_rate_limitが無効なプラットフォーム名でnullを返す with data set &quot;null文字列&quot;" file="/Users/ryu/trends-laravel/tests/Unit/Constants/PlatformTest.php" line="156" class="Tests\Unit\Constants\PlatformTest" classname="Tests.Unit.Constants.PlatformTest" assertions="1" time="0.000106"/>
          <testcase name="get_rate_limitが無効なプラットフォーム名でnullを返す with data set &quot;GitHub&quot;" file="/Users/ryu/trends-laravel/tests/Unit/Constants/PlatformTest.php" line="156" class="Tests\Unit\Constants\PlatformTest" classname="Tests.Unit.Constants.PlatformTest" assertions="1" time="0.000107"/>
          <testcase name="get_rate_limitが無効なプラットフォーム名でnullを返す with data set &quot;はてな&quot;" file="/Users/ryu/trends-laravel/tests/Unit/Constants/PlatformTest.php" line="156" class="Tests\Unit\Constants\PlatformTest" classname="Tests.Unit.Constants.PlatformTest" assertions="1" time="0.000108"/>
        </testsuite>
        <testcase name="all配列とurls配列のキーが一致する" file="/Users/ryu/trends-laravel/tests/Unit/Constants/PlatformTest.php" line="162" class="Tests\Unit\Constants\PlatformTest" classname="Tests.Unit.Constants.PlatformTest" assertions="1" time="0.000117"/>
        <testcase name="all配列とrate_limits配列のキーが一致する" file="/Users/ryu/trends-laravel/tests/Unit/Constants/PlatformTest.php" line="174" class="Tests\Unit\Constants\PlatformTest" classname="Tests.Unit.Constants.PlatformTest" assertions="1" time="0.000094"/>
        <testcase name="urls配列とrate_limits配列のキーが一致する" file="/Users/ryu/trends-laravel/tests/Unit/Constants/PlatformTest.php" line="186" class="Tests\Unit\Constants\PlatformTest" classname="Tests.Unit.Constants.PlatformTest" assertions="1" time="0.000092"/>
        <testcase name="プラットフォーム定数値に重複がない" file="/Users/ryu/trends-laravel/tests/Unit/Constants/PlatformTest.php" line="198" class="Tests\Unit\Constants\PlatformTest" classname="Tests.Unit.Constants.PlatformTest" assertions="1" time="0.000110"/>
        <testcase name="urlが有効な形式である" file="/Users/ryu/trends-laravel/tests/Unit/Constants/PlatformTest.php" line="210" class="Tests\Unit\Constants\PlatformTest" classname="Tests.Unit.Constants.PlatformTest" assertions="6" time="0.000159"/>
        <testcase name="レート制限が正の整数である" file="/Users/ryu/trends-laravel/tests/Unit/Constants/PlatformTest.php" line="219" class="Tests\Unit\Constants\PlatformTest" classname="Tests.Unit.Constants.PlatformTest" assertions="6" time="0.000109"/>
        <testcase name="レート制限が現実的な範囲内である" file="/Users/ryu/trends-laravel/tests/Unit/Constants/PlatformTest.php" line="228" class="Tests\Unit\Constants\PlatformTest" classname="Tests.Unit.Constants.PlatformTest" assertions="12" time="0.000165"/>
        <testcase name="静的メソッドが正しく動作する" file="/Users/ryu/trends-laravel/tests/Unit/Constants/PlatformTest.php" line="237" class="Tests\Unit\Constants\PlatformTest" classname="Tests.Unit.Constants.PlatformTest" assertions="4" time="0.000120"/>
        <testcase name="エッジケース_空文字列での各メソッド動作" file="/Users/ryu/trends-laravel/tests/Unit/Constants/PlatformTest.php" line="253" class="Tests\Unit\Constants\PlatformTest" classname="Tests.Unit.Constants.PlatformTest" assertions="3" time="0.000102"/>
        <testcase name="エッジケース_null文字列での各メソッド動作" file="/Users/ryu/trends-laravel/tests/Unit/Constants/PlatformTest.php" line="263" class="Tests\Unit\Constants\PlatformTest" classname="Tests.Unit.Constants.PlatformTest" assertions="3" time="0.000099"/>
        <testcase name="エッジケース_大文字小文字の違いは区別される" file="/Users/ryu/trends-laravel/tests/Unit/Constants/PlatformTest.php" line="273" class="Tests\Unit\Constants\PlatformTest" classname="Tests.Unit.Constants.PlatformTest" assertions="4" time="0.000098"/>
        <testcase name="定数の不変性確認" file="/Users/ryu/trends-laravel/tests/Unit/Constants/PlatformTest.php" line="282" class="Tests\Unit\Constants\PlatformTest" classname="Tests.Unit.Constants.PlatformTest" assertions="3" time="0.000099"/>
        <testcase name="パフォーマンステスト_大量呼び出し" file="/Users/ryu/trends-laravel/tests/Unit/Constants/PlatformTest.php" line="295" class="Tests\Unit\Constants\PlatformTest" classname="Tests.Unit.Constants.PlatformTest" assertions="1" time="0.000494"/>
      </testsuite>
      <testsuite name="Tests\Unit\Constants\RankingConstantsTest" file="/Users/ryu/trends-laravel/tests/Unit/Constants/RankingConstantsTest.php" tests="11" assertions="28" errors="0" failures="0" skipped="0" time="0.012287">
        <testcase name="test_全期間開始年定数が正しい値を持つ" file="/Users/ryu/trends-laravel/tests/Unit/Constants/RankingConstantsTest.php" line="14" class="Tests\Unit\Constants\RankingConstantsTest" classname="Tests.Unit.Constants.RankingConstantsTest" assertions="1" time="0.010932"/>
        <testcase name="test_計算乗数定数が正しい値を持つ" file="/Users/ryu/trends-laravel/tests/Unit/Constants/RankingConstantsTest.php" line="20" class="Tests\Unit\Constants\RankingConstantsTest" classname="Tests.Unit.Constants.RankingConstantsTest" assertions="1" time="0.000129"/>
        <testsuite name="Tests\Unit\Constants\RankingConstantsTest::test_定数の型が正しい" tests="2" assertions="4" errors="0" failures="0" skipped="0" time="0.000274">
          <testcase name="test_定数の型が正しい with data set &quot;ALL_TIME_START_YEAR&quot;" file="/Users/ryu/trends-laravel/tests/Unit/Constants/RankingConstantsTest.php" line="27" class="Tests\Unit\Constants\RankingConstantsTest" classname="Tests.Unit.Constants.RankingConstantsTest" assertions="2" time="0.000144"/>
          <testcase name="test_定数の型が正しい with data set &quot;CALCULATION_MULTIPLIER&quot;" file="/Users/ryu/trends-laravel/tests/Unit/Constants/RankingConstantsTest.php" line="27" class="Tests\Unit\Constants\RankingConstantsTest" classname="Tests.Unit.Constants.RankingConstantsTest" assertions="2" time="0.000130"/>
        </testsuite>
        <testcase name="test_全期間開始年の値が現実的である" file="/Users/ryu/trends-laravel/tests/Unit/Constants/RankingConstantsTest.php" line="44" class="Tests\Unit\Constants\RankingConstantsTest" classname="Tests.Unit.Constants.RankingConstantsTest" assertions="4" time="0.000244"/>
        <testcase name="test_計算乗数の値が妥当である" file="/Users/ryu/trends-laravel/tests/Unit/Constants/RankingConstantsTest.php" line="51" class="Tests\Unit\Constants\RankingConstantsTest" classname="Tests.Unit.Constants.RankingConstantsTest" assertions="3" time="0.000122"/>
        <testcase name="test_全定数がアクセス可能である" file="/Users/ryu/trends-laravel/tests/Unit/Constants/RankingConstantsTest.php" line="58" class="Tests\Unit\Constants\RankingConstantsTest" classname="Tests.Unit.Constants.RankingConstantsTest" assertions="3" time="0.000115"/>
        <testcase name="test_定数の不変性確認" file="/Users/ryu/trends-laravel/tests/Unit/Constants/RankingConstantsTest.php" line="76" class="Tests\Unit\Constants\RankingConstantsTest" classname="Tests.Unit.Constants.RankingConstantsTest" assertions="2" time="0.000101"/>
        <testcase name="test_ビジネスロジック要件との整合性" file="/Users/ryu/trends-laravel/tests/Unit/Constants/RankingConstantsTest.php" line="87" class="Tests\Unit\Constants\RankingConstantsTest" classname="Tests.Unit.Constants.RankingConstantsTest" assertions="4" time="0.000126"/>
        <testcase name="test_ランキング計算での数値オーバーフロー回避" file="/Users/ryu/trends-laravel/tests/Unit/Constants/RankingConstantsTest.php" line="101" class="Tests\Unit\Constants\RankingConstantsTest" classname="Tests.Unit.Constants.RankingConstantsTest" assertions="2" time="0.000116"/>
        <testcase name="test_開始年の過去データ収集妥当性" file="/Users/ryu/trends-laravel/tests/Unit/Constants/RankingConstantsTest.php" line="112" class="Tests\Unit\Constants\RankingConstantsTest" classname="Tests.Unit.Constants.RankingConstantsTest" assertions="4" time="0.000128"/>
      </testsuite>
      <testsuite name="Tests\Unit\Constants\RankingPeriodTest" file="/Users/ryu/trends-laravel/tests/Unit/Constants/RankingPeriodTest.php" tests="28" assertions="113" errors="0" failures="0" skipped="0" time="0.165227">
        <testcase name="test_期間タイプ定数が存在する" file="/Users/ryu/trends-laravel/tests/Unit/Constants/RankingPeriodTest.php" line="10" class="Tests\Unit\Constants\RankingPeriodTest" classname="Tests.Unit.Constants.RankingPeriodTest" assertions="2" time="0.008721"/>
        <testcase name="test_期間タイプ定数が期待される期間を含む" file="/Users/ryu/trends-laravel/tests/Unit/Constants/RankingPeriodTest.php" line="16" class="Tests\Unit\Constants\RankingPeriodTest" classname="Tests.Unit.Constants.RankingPeriodTest" assertions="7" time="0.005650"/>
        <testcase name="test_期間タイプ定数が正しい値を持つ" file="/Users/ryu/trends-laravel/tests/Unit/Constants/RankingPeriodTest.php" line="25" class="Tests\Unit\Constants\RankingPeriodTest" classname="Tests.Unit.Constants.RankingPeriodTest" assertions="1" time="0.005566"/>
        <testcase name="test_有効な期間を取得する" file="/Users/ryu/trends-laravel/tests/Unit/Constants/RankingPeriodTest.php" line="40" class="Tests\Unit\Constants\RankingPeriodTest" classname="Tests.Unit.Constants.RankingPeriodTest" assertions="3" time="0.005609"/>
        <testcase name="test_有効な期間で日数を取得する" file="/Users/ryu/trends-laravel/tests/Unit/Constants/RankingPeriodTest.php" line="51" class="Tests\Unit\Constants\RankingPeriodTest" classname="Tests.Unit.Constants.RankingPeriodTest" assertions="7" time="0.005633"/>
        <testcase name="test_無効な期間で日数取得時に例外が発生する" file="/Users/ryu/trends-laravel/tests/Unit/Constants/RankingPeriodTest.php" line="68" class="Tests\Unit\Constants\RankingPeriodTest" classname="Tests.Unit.Constants.RankingPeriodTest" assertions="3" time="0.005644"/>
        <testcase name="test_有効な期間でバリデーションが成功する" file="/Users/ryu/trends-laravel/tests/Unit/Constants/RankingPeriodTest.php" line="75" class="Tests\Unit\Constants\RankingPeriodTest" classname="Tests.Unit.Constants.RankingPeriodTest" assertions="7" time="0.005723"/>
        <testcase name="test_無効な期間でバリデーションが失敗する" file="/Users/ryu/trends-laravel/tests/Unit/Constants/RankingPeriodTest.php" line="84" class="Tests\Unit\Constants\RankingPeriodTest" classname="Tests.Unit.Constants.RankingPeriodTest" assertions="7" time="0.005631"/>
        <testcase name="test_無効なタイプでバリデーションが失敗する" file="/Users/ryu/trends-laravel/tests/Unit/Constants/RankingPeriodTest.php" line="93" class="Tests\Unit\Constants\RankingPeriodTest" classname="Tests.Unit.Constants.RankingPeriodTest" assertions="9" time="0.005703"/>
        <testcase name="test_バリデーションルールを取得する" file="/Users/ryu/trends-laravel/tests/Unit/Constants/RankingPeriodTest.php" line="109" class="Tests\Unit\Constants\RankingPeriodTest" classname="Tests.Unit.Constants.RankingPeriodTest" assertions="3" time="0.005698"/>
        <testcase name="test_エラーメッセージを取得する" file="/Users/ryu/trends-laravel/tests/Unit/Constants/RankingPeriodTest.php" line="120" class="Tests\Unit\Constants\RankingPeriodTest" classname="Tests.Unit.Constants.RankingPeriodTest" assertions="4" time="0.005765"/>
        <testcase name="test_全メソッドが一貫したデータを返す" file="/Users/ryu/trends-laravel/tests/Unit/Constants/RankingPeriodTest.php" line="132" class="Tests\Unit\Constants\RankingPeriodTest" classname="Tests.Unit.Constants.RankingPeriodTest" assertions="15" time="0.005675"/>
        <testcase name="test_バリデーションルールが全有効期間を含む" file="/Users/ryu/trends-laravel/tests/Unit/Constants/RankingPeriodTest.php" line="151" class="Tests\Unit\Constants\RankingPeriodTest" classname="Tests.Unit.Constants.RankingPeriodTest" assertions="1" time="0.005798"/>
        <testcase name="test_エラーメッセージが全有効期間を含む" file="/Users/ryu/trends-laravel/tests/Unit/Constants/RankingPeriodTest.php" line="164" class="Tests\Unit\Constants\RankingPeriodTest" classname="Tests.Unit.Constants.RankingPeriodTest" assertions="7" time="0.005666"/>
        <testcase name="test_期間タイプ定数が不変である" file="/Users/ryu/trends-laravel/tests/Unit/Constants/RankingPeriodTest.php" line="174" class="Tests\Unit\Constants\RankingPeriodTest" classname="Tests.Unit.Constants.RankingPeriodTest" assertions="2" time="0.005731"/>
        <testcase name="test_大文字小文字を区別しない" file="/Users/ryu/trends-laravel/tests/Unit/Constants/RankingPeriodTest.php" line="184" class="Tests\Unit\Constants\RankingPeriodTest" classname="Tests.Unit.Constants.RankingPeriodTest" assertions="6" time="0.005626"/>
        <testsuite name="Tests\Unit\Constants\RankingPeriodTest::test_期間データプロバイダーテスト" tests="10" assertions="20" errors="0" failures="0" skipped="0" time="0.059535">
          <testcase name="test_期間データプロバイダーテスト with data set &quot;one week&quot;" file="/Users/ryu/trends-laravel/tests/Unit/Constants/RankingPeriodTest.php" line="197" class="Tests\Unit\Constants\RankingPeriodTest" classname="Tests.Unit.Constants.RankingPeriodTest" assertions="2" time="0.005708"/>
          <testcase name="test_期間データプロバイダーテスト with data set &quot;one month&quot;" file="/Users/ryu/trends-laravel/tests/Unit/Constants/RankingPeriodTest.php" line="197" class="Tests\Unit\Constants\RankingPeriodTest" classname="Tests.Unit.Constants.RankingPeriodTest" assertions="2" time="0.008050"/>
          <testcase name="test_期間データプロバイダーテスト with data set &quot;three months&quot;" file="/Users/ryu/trends-laravel/tests/Unit/Constants/RankingPeriodTest.php" line="197" class="Tests\Unit\Constants\RankingPeriodTest" classname="Tests.Unit.Constants.RankingPeriodTest" assertions="2" time="0.005905"/>
          <testcase name="test_期間データプロバイダーテスト with data set &quot;six months&quot;" file="/Users/ryu/trends-laravel/tests/Unit/Constants/RankingPeriodTest.php" line="197" class="Tests\Unit\Constants\RankingPeriodTest" classname="Tests.Unit.Constants.RankingPeriodTest" assertions="2" time="0.005720"/>
          <testcase name="test_期間データプロバイダーテスト with data set &quot;one year&quot;" file="/Users/ryu/trends-laravel/tests/Unit/Constants/RankingPeriodTest.php" line="197" class="Tests\Unit\Constants\RankingPeriodTest" classname="Tests.Unit.Constants.RankingPeriodTest" assertions="2" time="0.005764"/>
          <testcase name="test_期間データプロバイダーテスト with data set &quot;three years&quot;" file="/Users/ryu/trends-laravel/tests/Unit/Constants/RankingPeriodTest.php" line="197" class="Tests\Unit\Constants\RankingPeriodTest" classname="Tests.Unit.Constants.RankingPeriodTest" assertions="2" time="0.005661"/>
          <testcase name="test_期間データプロバイダーテスト with data set &quot;all time&quot;" file="/Users/ryu/trends-laravel/tests/Unit/Constants/RankingPeriodTest.php" line="197" class="Tests\Unit\Constants\RankingPeriodTest" classname="Tests.Unit.Constants.RankingPeriodTest" assertions="2" time="0.005707"/>
          <testcase name="test_期間データプロバイダーテスト with data set &quot;invalid period&quot;" file="/Users/ryu/trends-laravel/tests/Unit/Constants/RankingPeriodTest.php" line="197" class="Tests\Unit\Constants\RankingPeriodTest" classname="Tests.Unit.Constants.RankingPeriodTest" assertions="2" time="0.005659"/>
          <testcase name="test_期間データプロバイダーテスト with data set &quot;empty string&quot;" file="/Users/ryu/trends-laravel/tests/Unit/Constants/RankingPeriodTest.php" line="197" class="Tests\Unit\Constants\RankingPeriodTest" classname="Tests.Unit.Constants.RankingPeriodTest" assertions="2" time="0.005680"/>
          <testcase name="test_期間データプロバイダーテスト with data set &quot;two weeks&quot;" file="/Users/ryu/trends-laravel/tests/Unit/Constants/RankingPeriodTest.php" line="197" class="Tests\Unit\Constants\RankingPeriodTest" classname="Tests.Unit.Constants.RankingPeriodTest" assertions="2" time="0.005681"/>
        </testsuite>
        <testcase name="test_特殊文字のエッジケース" file="/Users/ryu/trends-laravel/tests/Unit/Constants/RankingPeriodTest.php" line="219" class="Tests\Unit\Constants\RankingPeriodTest" classname="Tests.Unit.Constants.RankingPeriodTest" assertions="8" time="0.005718"/>
        <testcase name="test_大量データでのパフォーマンス" file="/Users/ryu/trends-laravel/tests/Unit/Constants/RankingPeriodTest.php" line="234" class="Tests\Unit\Constants\RankingPeriodTest" classname="Tests.Unit.Constants.RankingPeriodTest" assertions="1" time="0.006136"/>
      </testsuite>
      <testsuite name="Tests\Unit\Constants\ScorePeriodTest" file="/Users/ryu/trends-laravel/tests/Unit/Constants/ScorePeriodTest.php" tests="10" assertions="25" errors="0" failures="0" skipped="0" time="0.068543">
        <testcase name="test_定数値が正しく設定されている" file="/Users/ryu/trends-laravel/tests/Unit/Constants/ScorePeriodTest.php" line="10" class="Tests\Unit\Constants\ScorePeriodTest" classname="Tests.Unit.Constants.ScorePeriodTest" assertions="3" time="0.015760"/>
        <testcase name="test_all定数が全ての期間タイプを含んでいる" file="/Users/ryu/trends-laravel/tests/Unit/Constants/ScorePeriodTest.php" line="17" class="Tests\Unit\Constants\ScorePeriodTest" classname="Tests.Unit.Constants.ScorePeriodTest" assertions="1" time="0.006403"/>
        <testcase name="test_get_valid_periodsが正しく全期間タイプを返す" file="/Users/ryu/trends-laravel/tests/Unit/Constants/ScorePeriodTest.php" line="23" class="Tests\Unit\Constants\ScorePeriodTest" classname="Tests.Unit.Constants.ScorePeriodTest" assertions="2" time="0.006179"/>
        <testcase name="test_is_validが有効な期間タイプでtrueを返す" file="/Users/ryu/trends-laravel/tests/Unit/Constants/ScorePeriodTest.php" line="32" class="Tests\Unit\Constants\ScorePeriodTest" classname="Tests.Unit.Constants.ScorePeriodTest" assertions="3" time="0.005848"/>
        <testcase name="test_is_validが無効な期間タイプでfalseを返す" file="/Users/ryu/trends-laravel/tests/Unit/Constants/ScorePeriodTest.php" line="39" class="Tests\Unit\Constants\ScorePeriodTest" classname="Tests.Unit.Constants.ScorePeriodTest" assertions="4" time="0.005821"/>
        <testcase name="test_get_validation_ruleが正しいバリデーションルール文字列を返す" file="/Users/ryu/trends-laravel/tests/Unit/Constants/ScorePeriodTest.php" line="47" class="Tests\Unit\Constants\ScorePeriodTest" classname="Tests.Unit.Constants.ScorePeriodTest" assertions="1" time="0.005820"/>
        <testcase name="test_get_display_nameが正しい表示名を返す" file="/Users/ryu/trends-laravel/tests/Unit/Constants/ScorePeriodTest.php" line="55" class="Tests\Unit\Constants\ScorePeriodTest" classname="Tests.Unit.Constants.ScorePeriodTest" assertions="3" time="0.005644"/>
        <testcase name="test_get_display_nameが無効な期間タイプでそのまま返す" file="/Users/ryu/trends-laravel/tests/Unit/Constants/ScorePeriodTest.php" line="62" class="Tests\Unit\Constants\ScorePeriodTest" classname="Tests.Unit.Constants.ScorePeriodTest" assertions="3" time="0.005655"/>
        <testcase name="test_定数を使用したバリデーションルールテスト" file="/Users/ryu/trends-laravel/tests/Unit/Constants/ScorePeriodTest.php" line="69" class="Tests\Unit\Constants\ScorePeriodTest" classname="Tests.Unit.Constants.ScorePeriodTest" assertions="3" time="0.005725"/>
        <testcase name="test_期間タイプの数が期待通りである" file="/Users/ryu/trends-laravel/tests/Unit/Constants/ScorePeriodTest.php" line="76" class="Tests\Unit\Constants\ScorePeriodTest" classname="Tests.Unit.Constants.ScorePeriodTest" assertions="2" time="0.005688"/>
      </testsuite>
      <testsuite name="Tests\Unit\Constants\ScoringConstantsTest" file="/Users/ryu/trends-laravel/tests/Unit/Constants/ScoringConstantsTest.php" tests="33" assertions="161" errors="0" failures="0" skipped="0" time="0.008915">
        <testcase name="test_企業検索重み定数が正しい値を持つ" file="/Users/ryu/trends-laravel/tests/Unit/Constants/ScoringConstantsTest.php" line="14" class="Tests\Unit\Constants\ScoringConstantsTest" classname="Tests.Unit.Constants.ScoringConstantsTest" assertions="5" time="0.004684"/>
        <testcase name="test_記事検索重み定数が正しい値を持つ" file="/Users/ryu/trends-laravel/tests/Unit/Constants/ScoringConstantsTest.php" line="24" class="Tests\Unit\Constants\ScoringConstantsTest" classname="Tests.Unit.Constants.ScoringConstantsTest" assertions="8" time="0.000132"/>
        <testcase name="test_閾値定数が正しい値を持つ" file="/Users/ryu/trends-laravel/tests/Unit/Constants/ScoringConstantsTest.php" line="37" class="Tests\Unit\Constants\ScoringConstantsTest" classname="Tests.Unit.Constants.ScoringConstantsTest" assertions="6" time="0.000117"/>
        <testcase name="test_企業検索重みの優先順位が正しい" file="/Users/ryu/trends-laravel/tests/Unit/Constants/ScoringConstantsTest.php" line="48" class="Tests\Unit\Constants\ScoringConstantsTest" classname="Tests.Unit.Constants.ScoringConstantsTest" assertions="4" time="0.000114"/>
        <testcase name="test_記事検索重みの優先順位が正しい" file="/Users/ryu/trends-laravel/tests/Unit/Constants/ScoringConstantsTest.php" line="76" class="Tests\Unit\Constants\ScoringConstantsTest" classname="Tests.Unit.Constants.ScoringConstantsTest" assertions="4" time="0.000117"/>
        <testcase name="test_ブックマーク閾値の段階的設定が正しい" file="/Users/ryu/trends-laravel/tests/Unit/Constants/ScoringConstantsTest.php" line="104" class="Tests\Unit\Constants\ScoringConstantsTest" classname="Tests.Unit.Constants.ScoringConstantsTest" assertions="3" time="0.000113"/>
        <testcase name="test_日数閾値の論理的順序が正しい" file="/Users/ryu/trends-laravel/tests/Unit/Constants/ScoringConstantsTest.php" line="122" class="Tests\Unit\Constants\ScoringConstantsTest" classname="Tests.Unit.Constants.ScoringConstantsTest" assertions="3" time="0.000110"/>
        <testcase name="test_記事時期ボーナス重みの論理的関係が正しい" file="/Users/ryu/trends-laravel/tests/Unit/Constants/ScoringConstantsTest.php" line="140" class="Tests\Unit\Constants\ScoringConstantsTest" classname="Tests.Unit.Constants.ScoringConstantsTest" assertions="4" time="0.000116"/>
        <testsuite name="Tests\Unit\Constants\ScoringConstantsTest::test_企業検索重み定数の型が正しい" tests="5" assertions="10" errors="0" failures="0" skipped="0" time="0.000643">
          <testcase name="test_企業検索重み定数の型が正しい with data set &quot;COMPANY_EXACT_MATCH_WEIGHT&quot;" file="/Users/ryu/trends-laravel/tests/Unit/Constants/ScoringConstantsTest.php" line="155" class="Tests\Unit\Constants\ScoringConstantsTest" classname="Tests.Unit.Constants.ScoringConstantsTest" assertions="2" time="0.000143"/>
          <testcase name="test_企業検索重み定数の型が正しい with data set &quot;COMPANY_PARTIAL_MATCH_WEIGHT&quot;" file="/Users/ryu/trends-laravel/tests/Unit/Constants/ScoringConstantsTest.php" line="155" class="Tests\Unit\Constants\ScoringConstantsTest" classname="Tests.Unit.Constants.ScoringConstantsTest" assertions="2" time="0.000130"/>
          <testcase name="test_企業検索重み定数の型が正しい with data set &quot;COMPANY_DOMAIN_MATCH_WEIGHT&quot;" file="/Users/ryu/trends-laravel/tests/Unit/Constants/ScoringConstantsTest.php" line="155" class="Tests\Unit\Constants\ScoringConstantsTest" classname="Tests.Unit.Constants.ScoringConstantsTest" assertions="2" time="0.000123"/>
          <testcase name="test_企業検索重み定数の型が正しい with data set &quot;COMPANY_DESCRIPTION_MATCH_WEIGHT&quot;" file="/Users/ryu/trends-laravel/tests/Unit/Constants/ScoringConstantsTest.php" line="155" class="Tests\Unit\Constants\ScoringConstantsTest" classname="Tests.Unit.Constants.ScoringConstantsTest" assertions="2" time="0.000124"/>
          <testcase name="test_企業検索重み定数の型が正しい with data set &quot;COMPANY_RANKING_BONUS_WEIGHT&quot;" file="/Users/ryu/trends-laravel/tests/Unit/Constants/ScoringConstantsTest.php" line="155" class="Tests\Unit\Constants\ScoringConstantsTest" classname="Tests.Unit.Constants.ScoringConstantsTest" assertions="2" time="0.000124"/>
        </testsuite>
        <testsuite name="Tests\Unit\Constants\ScoringConstantsTest::test_記事検索重み定数の型が正しい" tests="8" assertions="16" errors="0" failures="0" skipped="0" time="0.001027">
          <testcase name="test_記事検索重み定数の型が正しい with data set &quot;ARTICLE_TITLE_MATCH_WEIGHT&quot;" file="/Users/ryu/trends-laravel/tests/Unit/Constants/ScoringConstantsTest.php" line="176" class="Tests\Unit\Constants\ScoringConstantsTest" classname="Tests.Unit.Constants.ScoringConstantsTest" assertions="2" time="0.000128"/>
          <testcase name="test_記事検索重み定数の型が正しい with data set &quot;ARTICLE_AUTHOR_MATCH_WEIGHT&quot;" file="/Users/ryu/trends-laravel/tests/Unit/Constants/ScoringConstantsTest.php" line="176" class="Tests\Unit\Constants\ScoringConstantsTest" classname="Tests.Unit.Constants.ScoringConstantsTest" assertions="2" time="0.000130"/>
          <testcase name="test_記事検索重み定数の型が正しい with data set &quot;ARTICLE_HIGH_BOOKMARK_WEIGHT&quot;" file="/Users/ryu/trends-laravel/tests/Unit/Constants/ScoringConstantsTest.php" line="176" class="Tests\Unit\Constants\ScoringConstantsTest" classname="Tests.Unit.Constants.ScoringConstantsTest" assertions="2" time="0.000121"/>
          <testcase name="test_記事検索重み定数の型が正しい with data set &quot;ARTICLE_MEDIUM_BOOKMARK_WEIGHT&quot;" file="/Users/ryu/trends-laravel/tests/Unit/Constants/ScoringConstantsTest.php" line="176" class="Tests\Unit\Constants\ScoringConstantsTest" classname="Tests.Unit.Constants.ScoringConstantsTest" assertions="2" time="0.000125"/>
          <testcase name="test_記事検索重み定数の型が正しい with data set &quot;ARTICLE_LOW_BOOKMARK_WEIGHT&quot;" file="/Users/ryu/trends-laravel/tests/Unit/Constants/ScoringConstantsTest.php" line="176" class="Tests\Unit\Constants\ScoringConstantsTest" classname="Tests.Unit.Constants.ScoringConstantsTest" assertions="2" time="0.000130"/>
          <testcase name="test_記事検索重み定数の型が正しい with data set &quot;ARTICLE_RECENT_BONUS_WEIGHT&quot;" file="/Users/ryu/trends-laravel/tests/Unit/Constants/ScoringConstantsTest.php" line="176" class="Tests\Unit\Constants\ScoringConstantsTest" classname="Tests.Unit.Constants.ScoringConstantsTest" assertions="2" time="0.000131"/>
          <testcase name="test_記事検索重み定数の型が正しい with data set &quot;ARTICLE_SOMEWHAT_RECENT_BONUS_WEIGHT&quot;" file="/Users/ryu/trends-laravel/tests/Unit/Constants/ScoringConstantsTest.php" line="176" class="Tests\Unit\Constants\ScoringConstantsTest" classname="Tests.Unit.Constants.ScoringConstantsTest" assertions="2" time="0.000131"/>
          <testcase name="test_記事検索重み定数の型が正しい with data set &quot;ARTICLE_OLD_PENALTY_WEIGHT&quot;" file="/Users/ryu/trends-laravel/tests/Unit/Constants/ScoringConstantsTest.php" line="176" class="Tests\Unit\Constants\ScoringConstantsTest" classname="Tests.Unit.Constants.ScoringConstantsTest" assertions="2" time="0.000131"/>
        </testsuite>
        <testsuite name="Tests\Unit\Constants\ScoringConstantsTest::test_閾値定数の型が正しい" tests="6" assertions="12" errors="0" failures="0" skipped="0" time="0.000761">
          <testcase name="test_閾値定数の型が正しい with data set &quot;HIGH_BOOKMARKS_THRESHOLD&quot;" file="/Users/ryu/trends-laravel/tests/Unit/Constants/ScoringConstantsTest.php" line="200" class="Tests\Unit\Constants\ScoringConstantsTest" classname="Tests.Unit.Constants.ScoringConstantsTest" assertions="2" time="0.000133"/>
          <testcase name="test_閾値定数の型が正しい with data set &quot;MEDIUM_BOOKMARKS_THRESHOLD&quot;" file="/Users/ryu/trends-laravel/tests/Unit/Constants/ScoringConstantsTest.php" line="200" class="Tests\Unit\Constants\ScoringConstantsTest" classname="Tests.Unit.Constants.ScoringConstantsTest" assertions="2" time="0.000125"/>
          <testcase name="test_閾値定数の型が正しい with data set &quot;LOW_BOOKMARKS_THRESHOLD&quot;" file="/Users/ryu/trends-laravel/tests/Unit/Constants/ScoringConstantsTest.php" line="200" class="Tests\Unit\Constants\ScoringConstantsTest" classname="Tests.Unit.Constants.ScoringConstantsTest" assertions="2" time="0.000127"/>
          <testcase name="test_閾値定数の型が正しい with data set &quot;RECENT_DAYS_THRESHOLD&quot;" file="/Users/ryu/trends-laravel/tests/Unit/Constants/ScoringConstantsTest.php" line="200" class="Tests\Unit\Constants\ScoringConstantsTest" classname="Tests.Unit.Constants.ScoringConstantsTest" assertions="2" time="0.000125"/>
          <testcase name="test_閾値定数の型が正しい with data set &quot;SOMEWHAT_RECENT_DAYS_THRESHOLD&quot;" file="/Users/ryu/trends-laravel/tests/Unit/Constants/ScoringConstantsTest.php" line="200" class="Tests\Unit\Constants\ScoringConstantsTest" classname="Tests.Unit.Constants.ScoringConstantsTest" assertions="2" time="0.000126"/>
          <testcase name="test_閾値定数の型が正しい with data set &quot;OLD_DAYS_THRESHOLD&quot;" file="/Users/ryu/trends-laravel/tests/Unit/Constants/ScoringConstantsTest.php" line="200" class="Tests\Unit\Constants\ScoringConstantsTest" classname="Tests.Unit.Constants.ScoringConstantsTest" assertions="2" time="0.000126"/>
        </testsuite>
        <testcase name="test_重み定数値の範囲が適切である" file="/Users/ryu/trends-laravel/tests/Unit/Constants/ScoringConstantsTest.php" line="221" class="Tests\Unit\Constants\ScoringConstantsTest" classname="Tests.Unit.Constants.ScoringConstantsTest" assertions="51" time="0.000352"/>
        <testcase name="test_閾値定数値の範囲が現実的である" file="/Users/ryu/trends-laravel/tests/Unit/Constants/ScoringConstantsTest.php" line="249" class="Tests\Unit\Constants\ScoringConstantsTest" classname="Tests.Unit.Constants.ScoringConstantsTest" assertions="6" time="0.000158"/>
        <testcase name="test_全定数がアクセス可能である" file="/Users/ryu/trends-laravel/tests/Unit/Constants/ScoringConstantsTest.php" line="261" class="Tests\Unit\Constants\ScoringConstantsTest" classname="Tests.Unit.Constants.ScoringConstantsTest" assertions="20" time="0.000133"/>
        <testcase name="test_定数の不変性確認" file="/Users/ryu/trends-laravel/tests/Unit/Constants/ScoringConstantsTest.php" line="296" class="Tests\Unit\Constants\ScoringConstantsTest" classname="Tests.Unit.Constants.ScoringConstantsTest" assertions="3" time="0.000112"/>
        <testcase name="test_スコア計算ロジックの妥当性" file="/Users/ryu/trends-laravel/tests/Unit/Constants/ScoringConstantsTest.php" line="309" class="Tests\Unit\Constants\ScoringConstantsTest" classname="Tests.Unit.Constants.ScoringConstantsTest" assertions="4" time="0.000112"/>
        <testcase name="test_ビジネスロジック要件との整合性" file="/Users/ryu/trends-laravel/tests/Unit/Constants/ScoringConstantsTest.php" line="354" class="Tests\Unit\Constants\ScoringConstantsTest" classname="Tests.Unit.Constants.ScoringConstantsTest" assertions="2" time="0.000113"/>
      </testsuite>
      <testsuite name="Tests\Unit\Constants\SearchConstantsTest" file="/Users/ryu/trends-laravel/tests/Unit/Constants/SearchConstantsTest.php" tests="16" assertions="48" errors="0" failures="0" skipped="0" time="0.009091">
        <testcase name="test_最大クエリ長定数が正しい値を持つ" file="/Users/ryu/trends-laravel/tests/Unit/Constants/SearchConstantsTest.php" line="14" class="Tests\Unit\Constants\SearchConstantsTest" classname="Tests.Unit.Constants.SearchConstantsTest" assertions="1" time="0.007193"/>
        <testcase name="test_最小ランキング表示定数が正しい値を持つ" file="/Users/ryu/trends-laravel/tests/Unit/Constants/SearchConstantsTest.php" line="20" class="Tests\Unit\Constants\SearchConstantsTest" classname="Tests.Unit.Constants.SearchConstantsTest" assertions="1" time="0.000127"/>
        <testsuite name="Tests\Unit\Constants\SearchConstantsTest::test_定数の型が正しい" tests="2" assertions="4" errors="0" failures="0" skipped="0" time="0.000266">
          <testcase name="test_定数の型が正しい with data set &quot;MAX_QUERY_LENGTH&quot;" file="/Users/ryu/trends-laravel/tests/Unit/Constants/SearchConstantsTest.php" line="27" class="Tests\Unit\Constants\SearchConstantsTest" classname="Tests.Unit.Constants.SearchConstantsTest" assertions="2" time="0.000124"/>
          <testcase name="test_定数の型が正しい with data set &quot;MIN_RANKING_DISPLAY&quot;" file="/Users/ryu/trends-laravel/tests/Unit/Constants/SearchConstantsTest.php" line="27" class="Tests\Unit\Constants\SearchConstantsTest" classname="Tests.Unit.Constants.SearchConstantsTest" assertions="2" time="0.000142"/>
        </testsuite>
        <testcase name="test_最大クエリ長の値が妥当である" file="/Users/ryu/trends-laravel/tests/Unit/Constants/SearchConstantsTest.php" line="44" class="Tests\Unit\Constants\SearchConstantsTest" classname="Tests.Unit.Constants.SearchConstantsTest" assertions="5" time="0.000142"/>
        <testcase name="test_最小ランキング表示の値が妥当である" file="/Users/ryu/trends-laravel/tests/Unit/Constants/SearchConstantsTest.php" line="52" class="Tests\Unit\Constants\SearchConstantsTest" classname="Tests.Unit.Constants.SearchConstantsTest" assertions="3" time="0.000123"/>
        <testcase name="test_全定数がアクセス可能である" file="/Users/ryu/trends-laravel/tests/Unit/Constants/SearchConstantsTest.php" line="59" class="Tests\Unit\Constants\SearchConstantsTest" classname="Tests.Unit.Constants.SearchConstantsTest" assertions="3" time="0.000111"/>
        <testcase name="test_定数の不変性確認" file="/Users/ryu/trends-laravel/tests/Unit/Constants/SearchConstantsTest.php" line="77" class="Tests\Unit\Constants\SearchConstantsTest" classname="Tests.Unit.Constants.SearchConstantsTest" assertions="2" time="0.000106"/>
        <testcase name="test_get_query_validation_ruleメソッドが存在し正しく動作する" file="/Users/ryu/trends-laravel/tests/Unit/Constants/SearchConstantsTest.php" line="88" class="Tests\Unit\Constants\SearchConstantsTest" classname="Tests.Unit.Constants.SearchConstantsTest" assertions="3" time="0.000113"/>
        <testcase name="test_バリデーションルールの内容が妥当である" file="/Users/ryu/trends-laravel/tests/Unit/Constants/SearchConstantsTest.php" line="100" class="Tests\Unit\Constants\SearchConstantsTest" classname="Tests.Unit.Constants.SearchConstantsTest" assertions="4" time="0.000134"/>
        <testcase name="test_バリデーションルールの動的生成が正しい" file="/Users/ryu/trends-laravel/tests/Unit/Constants/SearchConstantsTest.php" line="118" class="Tests\Unit\Constants\SearchConstantsTest" classname="Tests.Unit.Constants.SearchConstantsTest" assertions="1" time="0.000128"/>
        <testcase name="test_ビジネスロジック要件との整合性" file="/Users/ryu/trends-laravel/tests/Unit/Constants/SearchConstantsTest.php" line="128" class="Tests\Unit\Constants\SearchConstantsTest" classname="Tests.Unit.Constants.SearchConstantsTest" assertions="4" time="0.000129"/>
        <testcase name="test_検索パフォーマンスに関する妥当性" file="/Users/ryu/trends-laravel/tests/Unit/Constants/SearchConstantsTest.php" line="141" class="Tests\Unit\Constants\SearchConstantsTest" classname="Tests.Unit.Constants.SearchConstantsTest" assertions="6" time="0.000141"/>
        <testcase name="test_セキュリティ要件との整合性" file="/Users/ryu/trends-laravel/tests/Unit/Constants/SearchConstantsTest.php" line="152" class="Tests\Unit\Constants\SearchConstantsTest" classname="Tests.Unit.Constants.SearchConstantsTest" assertions="4" time="0.000135"/>
        <testcase name="test_ユーザビリティ要件との整合性" file="/Users/ryu/trends-laravel/tests/Unit/Constants/SearchConstantsTest.php" line="162" class="Tests\Unit\Constants\SearchConstantsTest" classname="Tests.Unit.Constants.SearchConstantsTest" assertions="3" time="0.000126"/>
        <testcase name="test_定数値の境界値テスト" file="/Users/ryu/trends-laravel/tests/Unit/Constants/SearchConstantsTest.php" line="172" class="Tests\Unit\Constants\SearchConstantsTest" classname="Tests.Unit.Constants.SearchConstantsTest" assertions="4" time="0.000118"/>
      </testsuite>
      <testsuite name="Tests\Unit\Contracts\ScrapingServiceTest" file="/Users/ryu/trends-laravel/tests/Unit/Contracts/ScrapingServiceTest.php" tests="10" assertions="17" errors="0" failures="0" skipped="0" time="0.065291">
        <testcase name="test_scraping_serviceインターフェースが実装されている" file="/Users/ryu/trends-laravel/tests/Unit/Contracts/ScrapingServiceTest.php" line="26" class="Tests\Unit\Contracts\ScrapingServiceTest" classname="Tests.Unit.Contracts.ScrapingServiceTest" assertions="1" time="0.009502"/>
        <testcase name="test_scrapeメソッドが定義されている" file="/Users/ryu/trends-laravel/tests/Unit/Contracts/ScrapingServiceTest.php" line="31" class="Tests\Unit\Contracts\ScrapingServiceTest" classname="Tests.Unit.Contracts.ScrapingServiceTest" assertions="1" time="0.005862"/>
        <testcase name="test_set_rate_limitメソッドが定義されている" file="/Users/ryu/trends-laravel/tests/Unit/Contracts/ScrapingServiceTest.php" line="36" class="Tests\Unit\Contracts\ScrapingServiceTest" classname="Tests.Unit.Contracts.ScrapingServiceTest" assertions="1" time="0.005822"/>
        <testcase name="test_set_retry_optionsメソッドが定義されている" file="/Users/ryu/trends-laravel/tests/Unit/Contracts/ScrapingServiceTest.php" line="41" class="Tests\Unit\Contracts\ScrapingServiceTest" classname="Tests.Unit.Contracts.ScrapingServiceTest" assertions="1" time="0.005840"/>
        <testcase name="test_set_headersメソッドが定義されている" file="/Users/ryu/trends-laravel/tests/Unit/Contracts/ScrapingServiceTest.php" line="46" class="Tests\Unit\Contracts\ScrapingServiceTest" classname="Tests.Unit.Contracts.ScrapingServiceTest" assertions="1" time="0.009006"/>
        <testcase name="test_set_timeoutメソッドが定義されている" file="/Users/ryu/trends-laravel/tests/Unit/Contracts/ScrapingServiceTest.php" line="51" class="Tests\Unit\Contracts\ScrapingServiceTest" classname="Tests.Unit.Contracts.ScrapingServiceTest" assertions="1" time="0.006149"/>
        <testcase name="test_get_last_responseメソッドが定義されている" file="/Users/ryu/trends-laravel/tests/Unit/Contracts/ScrapingServiceTest.php" line="56" class="Tests\Unit\Contracts\ScrapingServiceTest" classname="Tests.Unit.Contracts.ScrapingServiceTest" assertions="1" time="0.005812"/>
        <testcase name="test_get_error_logメソッドが定義されている" file="/Users/ryu/trends-laravel/tests/Unit/Contracts/ScrapingServiceTest.php" line="61" class="Tests\Unit\Contracts\ScrapingServiceTest" classname="Tests.Unit.Contracts.ScrapingServiceTest" assertions="1" time="0.005779"/>
        <testcase name="test_インターフェースメソッドの戻り値の型が正しい" file="/Users/ryu/trends-laravel/tests/Unit/Contracts/ScrapingServiceTest.php" line="66" class="Tests\Unit\Contracts\ScrapingServiceTest" classname="Tests.Unit.Contracts.ScrapingServiceTest" assertions="4" time="0.005814"/>
        <testcase name="test_setメソッドの引数の型が正しい" file="/Users/ryu/trends-laravel/tests/Unit/Contracts/ScrapingServiceTest.php" line="87" class="Tests\Unit\Contracts\ScrapingServiceTest" classname="Tests.Unit.Contracts.ScrapingServiceTest" assertions="5" time="0.005705"/>
      </testsuite>
      <testsuite name="Tests\Unit\Controllers\CompanyControllerTest" file="/Users/ryu/trends-laravel/tests/Unit/Controllers/CompanyControllerTest.php" tests="10" assertions="20" errors="0" failures="0" skipped="0" time="0.090361">
        <testcase name="test_無効な企業idでshow呼び出し時にバリデーションエラーが返される" file="/Users/ryu/trends-laravel/tests/Unit/Controllers/CompanyControllerTest.php" line="43" class="Tests\Unit\Controllers\CompanyControllerTest" classname="Tests.Unit.Controllers.CompanyControllerTest" assertions="3" time="0.034978"/>
        <testcase name="test_無効な企業idでarticles呼び出し時にバリデーションエラーが返される" file="/Users/ryu/trends-laravel/tests/Unit/Controllers/CompanyControllerTest.php" line="61" class="Tests\Unit\Controllers\CompanyControllerTest" classname="Tests.Unit.Controllers.CompanyControllerTest" assertions="3" time="0.006887"/>
        <testcase name="test_無効な企業idでscores呼び出し時にバリデーションエラーが返される" file="/Users/ryu/trends-laravel/tests/Unit/Controllers/CompanyControllerTest.php" line="80" class="Tests\Unit\Controllers\CompanyControllerTest" classname="Tests.Unit.Controllers.CompanyControllerTest" assertions="3" time="0.006072"/>
        <testcase name="test_無効な企業idでrankings呼び出し時にバリデーションエラーが返される" file="/Users/ryu/trends-laravel/tests/Unit/Controllers/CompanyControllerTest.php" line="99" class="Tests\Unit\Controllers\CompanyControllerTest" classname="Tests.Unit.Controllers.CompanyControllerTest" assertions="3" time="0.006213"/>
        <testcase name="test_コンストラクタで依存関係が正しく設定される" file="/Users/ryu/trends-laravel/tests/Unit/Controllers/CompanyControllerTest.php" line="118" class="Tests\Unit\Controllers\CompanyControllerTest" classname="Tests.Unit.Controllers.CompanyControllerTest" assertions="3" time="0.005944"/>
        <testcase name="test_showメソッドが存在する" file="/Users/ryu/trends-laravel/tests/Unit/Controllers/CompanyControllerTest.php" line="125" class="Tests\Unit\Controllers\CompanyControllerTest" classname="Tests.Unit.Controllers.CompanyControllerTest" assertions="1" time="0.005798"/>
        <testcase name="test_articlesメソッドが存在する" file="/Users/ryu/trends-laravel/tests/Unit/Controllers/CompanyControllerTest.php" line="130" class="Tests\Unit\Controllers\CompanyControllerTest" classname="Tests.Unit.Controllers.CompanyControllerTest" assertions="1" time="0.005863"/>
        <testcase name="test_scoresメソッドが存在する" file="/Users/ryu/trends-laravel/tests/Unit/Controllers/CompanyControllerTest.php" line="135" class="Tests\Unit\Controllers\CompanyControllerTest" classname="Tests.Unit.Controllers.CompanyControllerTest" assertions="1" time="0.006127"/>
        <testcase name="test_rankingsメソッドが存在する" file="/Users/ryu/trends-laravel/tests/Unit/Controllers/CompanyControllerTest.php" line="140" class="Tests\Unit\Controllers\CompanyControllerTest" classname="Tests.Unit.Controllers.CompanyControllerTest" assertions="1" time="0.006337"/>
        <testcase name="test_サービスメソッドが正しく呼び出される" file="/Users/ryu/trends-laravel/tests/Unit/Controllers/CompanyControllerTest.php" line="145" class="Tests\Unit\Controllers\CompanyControllerTest" classname="Tests.Unit.Controllers.CompanyControllerTest" assertions="1" time="0.006141"/>
      </testsuite>
      <testsuite name="Tests\Unit\Controllers\CompanyRankingControllerTest" file="/Users/ryu/trends-laravel/tests/Unit/Controllers/CompanyRankingControllerTest.php" tests="10" assertions="28" errors="0" failures="0" skipped="0" time="0.088300">
        <testcase name="test_有効な期間でランキングを期間別に取得する" file="/Users/ryu/trends-laravel/tests/Unit/Controllers/CompanyRankingControllerTest.php" line="43" class="Tests\Unit\Controllers\CompanyRankingControllerTest" classname="Tests.Unit.Controllers.CompanyRankingControllerTest" assertions="3" time="0.032531"/>
        <testcase name="test_無効な期間でランキング取得時にエラーが返される" file="/Users/ryu/trends-laravel/tests/Unit/Controllers/CompanyRankingControllerTest.php" line="78" class="Tests\Unit\Controllers\CompanyRankingControllerTest" classname="Tests.Unit.Controllers.CompanyRankingControllerTest" assertions="2" time="0.007244"/>
        <testcase name="test_有効なパラメータでトップランキングを取得する" file="/Users/ryu/trends-laravel/tests/Unit/Controllers/CompanyRankingControllerTest.php" line="88" class="Tests\Unit\Controllers\CompanyRankingControllerTest" classname="Tests.Unit.Controllers.CompanyRankingControllerTest" assertions="3" time="0.006424"/>
        <testcase name="test_無効なリミットでトップランキング取得時にエラーが返される" file="/Users/ryu/trends-laravel/tests/Unit/Controllers/CompanyRankingControllerTest.php" line="123" class="Tests\Unit\Controllers\CompanyRankingControllerTest" classname="Tests.Unit.Controllers.CompanyRankingControllerTest" assertions="2" time="0.006286"/>
        <testcase name="test_有効な企業idで企業ランキングを取得する" file="/Users/ryu/trends-laravel/tests/Unit/Controllers/CompanyRankingControllerTest.php" line="133" class="Tests\Unit\Controllers\CompanyRankingControllerTest" classname="Tests.Unit.Controllers.CompanyRankingControllerTest" assertions="3" time="0.006127"/>
        <testcase name="test_ランキング統計情報を取得する" file="/Users/ryu/trends-laravel/tests/Unit/Controllers/CompanyRankingControllerTest.php" line="172" class="Tests\Unit\Controllers\CompanyRankingControllerTest" classname="Tests.Unit.Controllers.CompanyRankingControllerTest" assertions="2" time="0.005957"/>
        <testcase name="test_有効な期間でランキング上昇企業を取得する" file="/Users/ryu/trends-laravel/tests/Unit/Controllers/CompanyRankingControllerTest.php" line="202" class="Tests\Unit\Controllers\CompanyRankingControllerTest" classname="Tests.Unit.Controllers.CompanyRankingControllerTest" assertions="3" time="0.006021"/>
        <testcase name="test_有効な期間でランキング下降企業を取得する" file="/Users/ryu/trends-laravel/tests/Unit/Controllers/CompanyRankingControllerTest.php" line="234" class="Tests\Unit\Controllers\CompanyRankingControllerTest" classname="Tests.Unit.Controllers.CompanyRankingControllerTest" assertions="3" time="0.006020"/>
        <testcase name="test_有効な期間でランキング変動統計を取得する" file="/Users/ryu/trends-laravel/tests/Unit/Controllers/CompanyRankingControllerTest.php" line="266" class="Tests\Unit\Controllers\CompanyRankingControllerTest" classname="Tests.Unit.Controllers.CompanyRankingControllerTest" assertions="2" time="0.005962"/>
        <testcase name="test_期間タイプ一覧を取得する" file="/Users/ryu/trends-laravel/tests/Unit/Controllers/CompanyRankingControllerTest.php" line="297" class="Tests\Unit\Controllers\CompanyRankingControllerTest" classname="Tests.Unit.Controllers.CompanyRankingControllerTest" assertions="5" time="0.005728"/>
      </testsuite>
      <testsuite name="Tests\Unit\HatenaBookmarkScraperTest" file="/Users/ryu/trends-laravel/tests/Unit/HatenaBookmarkScraperTest.php" tests="29" assertions="91" errors="0" failures="0" skipped="0" time="8.352182">
        <testcase name="test_スクレイパーの初期化が正常に動作する" file="/Users/ryu/trends-laravel/tests/Unit/HatenaBookmarkScraperTest.php" line="28" class="Tests\Unit\HatenaBookmarkScraperTest" classname="Tests.Unit.HatenaBookmarkScraperTest" assertions="2" time="0.008984"/>
        <testcase name="test_はてなブックマーク_htmlの解析が正常に動作する" file="/Users/ryu/trends-laravel/tests/Unit/HatenaBookmarkScraperTest.php" line="42" class="Tests\Unit\HatenaBookmarkScraperTest" classname="Tests.Unit.HatenaBookmarkScraperTest" assertions="7" time="0.007587"/>
        <testcase name="test_企業ドメインを正しく特定する" file="/Users/ryu/trends-laravel/tests/Unit/HatenaBookmarkScraperTest.php" line="66" class="Tests\Unit\HatenaBookmarkScraperTest" classname="Tests.Unit.HatenaBookmarkScraperTest" assertions="2" time="0.006572"/>
        <testcase name="test_企業ドメインが見つからない場合の処理を行う" file="/Users/ryu/trends-laravel/tests/Unit/HatenaBookmarkScraperTest.php" line="83" class="Tests\Unit\HatenaBookmarkScraperTest" classname="Tests.Unit.HatenaBookmarkScraperTest" assertions="1" time="0.005930"/>
        <testcase name="test_データの正規化と保存が正常に動作する" file="/Users/ryu/trends-laravel/tests/Unit/HatenaBookmarkScraperTest.php" line="94" class="Tests\Unit\HatenaBookmarkScraperTest" classname="Tests.Unit.HatenaBookmarkScraperTest" assertions="2" time="0.015874"/>
        <testcase name="test_ドメインの抽出が正常に動作する" file="/Users/ryu/trends-laravel/tests/Unit/HatenaBookmarkScraperTest.php" line="128" class="Tests\Unit\HatenaBookmarkScraperTest" classname="Tests.Unit.HatenaBookmarkScraperTest" assertions="2" time="0.006940"/>
        <testcase name="test_解析エラーを適切に処理する" file="/Users/ryu/trends-laravel/tests/Unit/HatenaBookmarkScraperTest.php" line="145" class="Tests\Unit\HatenaBookmarkScraperTest" classname="Tests.Unit.HatenaBookmarkScraperTest" assertions="2" time="0.006893"/>
        <testcase name="test_http_エラー時の処理が正常に動作する" file="/Users/ryu/trends-laravel/tests/Unit/HatenaBookmarkScraperTest.php" line="163" class="Tests\Unit\HatenaBookmarkScraperTest" classname="Tests.Unit.HatenaBookmarkScraperTest" assertions="1" time="2.020235"/>
        <testcase name="test_ネットワークエラー時の処理が正常に動作する" file="/Users/ryu/trends-laravel/tests/Unit/HatenaBookmarkScraperTest.php" line="181" class="Tests\Unit\HatenaBookmarkScraperTest" classname="Tests.Unit.HatenaBookmarkScraperTest" assertions="1" time="2.040702"/>
        <testcase name="test_空のhtmlレスポンス時の処理が正常に動作する" file="/Users/ryu/trends-laravel/tests/Unit/HatenaBookmarkScraperTest.php" line="199" class="Tests\Unit\HatenaBookmarkScraperTest" classname="Tests.Unit.HatenaBookmarkScraperTest" assertions="2" time="0.019769"/>
        <testcase name="test_リクエストヘッダーが正しく設定されている" file="/Users/ryu/trends-laravel/tests/Unit/HatenaBookmarkScraperTest.php" line="215" class="Tests\Unit\HatenaBookmarkScraperTest" classname="Tests.Unit.HatenaBookmarkScraperTest" assertions="4" time="0.011413"/>
        <testcase name="test_ベースurlが正しく設定されている" file="/Users/ryu/trends-laravel/tests/Unit/HatenaBookmarkScraperTest.php" line="232" class="Tests\Unit\HatenaBookmarkScraperTest" classname="Tests.Unit.HatenaBookmarkScraperTest" assertions="1" time="0.009149"/>
        <testcase name="test_extract_title_境界値テスト" file="/Users/ryu/trends-laravel/tests/Unit/HatenaBookmarkScraperTest.php" line="246" class="Tests\Unit\HatenaBookmarkScraperTest" classname="Tests.Unit.HatenaBookmarkScraperTest" assertions="5" time="0.008479"/>
        <testcase name="test_extract_url_境界値テスト" file="/Users/ryu/trends-laravel/tests/Unit/HatenaBookmarkScraperTest.php" line="287" class="Tests\Unit\HatenaBookmarkScraperTest" classname="Tests.Unit.HatenaBookmarkScraperTest" assertions="5" time="0.007738"/>
        <testcase name="test_extract_bookmark_count_境界値テスト" file="/Users/ryu/trends-laravel/tests/Unit/HatenaBookmarkScraperTest.php" line="328" class="Tests\Unit\HatenaBookmarkScraperTest" classname="Tests.Unit.HatenaBookmarkScraperTest" assertions="7" time="0.007336"/>
        <testcase name="test_extract_domain_境界値テスト" file="/Users/ryu/trends-laravel/tests/Unit/HatenaBookmarkScraperTest.php" line="381" class="Tests\Unit\HatenaBookmarkScraperTest" classname="Tests.Unit.HatenaBookmarkScraperTest" assertions="8" time="0.006767"/>
        <testcase name="test_extract_published_at_境界値テスト" file="/Users/ryu/trends-laravel/tests/Unit/HatenaBookmarkScraperTest.php" line="424" class="Tests\Unit\HatenaBookmarkScraperTest" classname="Tests.Unit.HatenaBookmarkScraperTest" assertions="7" time="0.008496"/>
        <testcase name="test_正常なhtmlサンプルファイルの解析" file="/Users/ryu/trends-laravel/tests/Unit/HatenaBookmarkScraperTest.php" line="472" class="Tests\Unit\HatenaBookmarkScraperTest" classname="Tests.Unit.HatenaBookmarkScraperTest" assertions="5" time="0.008246"/>
        <testcase name="test_壊れたhtmlファイルの処理" file="/Users/ryu/trends-laravel/tests/Unit/HatenaBookmarkScraperTest.php" line="493" class="Tests\Unit\HatenaBookmarkScraperTest" classname="Tests.Unit.HatenaBookmarkScraperTest" assertions="3" time="0.008213"/>
        <testcase name="test_空要素htmlファイルの処理" file="/Users/ryu/trends-laravel/tests/Unit/HatenaBookmarkScraperTest.php" line="512" class="Tests\Unit\HatenaBookmarkScraperTest" classname="Tests.Unit.HatenaBookmarkScraperTest" assertions="3" time="0.007877"/>
        <testcase name="test_normalize_and_save_data_プラットフォーム未存在時" file="/Users/ryu/trends-laravel/tests/Unit/HatenaBookmarkScraperTest.php" line="531" class="Tests\Unit\HatenaBookmarkScraperTest" classname="Tests.Unit.HatenaBookmarkScraperTest" assertions="3" time="0.007413"/>
        <testcase name="test_normalize_and_save_data_重複url時の更新" file="/Users/ryu/trends-laravel/tests/Unit/HatenaBookmarkScraperTest.php" line="562" class="Tests\Unit\HatenaBookmarkScraperTest" classname="Tests.Unit.HatenaBookmarkScraperTest" assertions="2" time="0.008987"/>
        <testcase name="test_normalize_and_save_data_例外処理" file="/Users/ryu/trends-laravel/tests/Unit/HatenaBookmarkScraperTest.php" line="598" class="Tests\Unit\HatenaBookmarkScraperTest" classname="Tests.Unit.HatenaBookmarkScraperTest" assertions="1" time="0.007517"/>
        <testcase name="test_parse_response_例外処理詳細" file="/Users/ryu/trends-laravel/tests/Unit/HatenaBookmarkScraperTest.php" line="622" class="Tests\Unit\HatenaBookmarkScraperTest" classname="Tests.Unit.HatenaBookmarkScraperTest" assertions="3" time="0.007262"/>
        <testcase name="test_企業マッチング機能詳細" file="/Users/ryu/trends-laravel/tests/Unit/HatenaBookmarkScraperTest.php" line="660" class="Tests\Unit\HatenaBookmarkScraperTest" classname="Tests.Unit.HatenaBookmarkScraperTest" assertions="2" time="0.008228"/>
        <testcase name="test_identify_company_domain_詳細" file="/Users/ryu/trends-laravel/tests/Unit/HatenaBookmarkScraperTest.php" line="692" class="Tests\Unit\HatenaBookmarkScraperTest" classname="Tests.Unit.HatenaBookmarkScraperTest" assertions="4" time="0.007353"/>
        <testcase name="test_httpエラー404処理" file="/Users/ryu/trends-laravel/tests/Unit/HatenaBookmarkScraperTest.php" line="719" class="Tests\Unit\HatenaBookmarkScraperTest" classname="Tests.Unit.HatenaBookmarkScraperTest" assertions="1" time="2.023339"/>
        <testcase name="test_httpエラー403処理" file="/Users/ryu/trends-laravel/tests/Unit/HatenaBookmarkScraperTest.php" line="742" class="Tests\Unit\HatenaBookmarkScraperTest" classname="Tests.Unit.HatenaBookmarkScraperTest" assertions="1" time="2.035453"/>
        <testcase name="test_リクエストヘッダー詳細設定" file="/Users/ryu/trends-laravel/tests/Unit/HatenaBookmarkScraperTest.php" line="765" class="Tests\Unit\HatenaBookmarkScraperTest" classname="Tests.Unit.HatenaBookmarkScraperTest" assertions="4" time="0.023430"/>
      </testsuite>
      <testsuite name="Tests\Unit\Jobs\CalculateCompanyInfluenceScoresJobTest" file="/Users/ryu/trends-laravel/tests/Unit/Jobs/CalculateCompanyInfluenceScoresJobTest.php" tests="14" assertions="22" errors="0" failures="0" skipped="0" time="0.116446">
        <testcase name="test_handle_全期間タイプの計算が正常に実行される" file="/Users/ryu/trends-laravel/tests/Unit/Jobs/CalculateCompanyInfluenceScoresJobTest.php" line="35" class="Tests\Unit\Jobs\CalculateCompanyInfluenceScoresJobTest" classname="Tests.Unit.Jobs.CalculateCompanyInfluenceScoresJobTest" assertions="1" time="0.034362"/>
        <testcase name="test_handle_特定期間タイプの計算が正常に実行される" file="/Users/ryu/trends-laravel/tests/Unit/Jobs/CalculateCompanyInfluenceScoresJobTest.php" line="77" class="Tests\Unit\Jobs\CalculateCompanyInfluenceScoresJobTest" classname="Tests.Unit.Jobs.CalculateCompanyInfluenceScoresJobTest" assertions="1" time="0.008585"/>
        <testcase name="test_handle_基準日未指定の場合現在日時を使用する" file="/Users/ryu/trends-laravel/tests/Unit/Jobs/CalculateCompanyInfluenceScoresJobTest.php" line="120" class="Tests\Unit\Jobs\CalculateCompanyInfluenceScoresJobTest" classname="Tests.Unit.Jobs.CalculateCompanyInfluenceScoresJobTest" assertions="1" time="0.006932"/>
        <testcase name="test_handle_例外発生時にログを出力して再スローする" file="/Users/ryu/trends-laravel/tests/Unit/Jobs/CalculateCompanyInfluenceScoresJobTest.php" line="148" class="Tests\Unit\Jobs\CalculateCompanyInfluenceScoresJobTest" classname="Tests.Unit.Jobs.CalculateCompanyInfluenceScoresJobTest" assertions="2" time="0.006730"/>
        <testcase name="test_handle_実行時間がログに記録される" file="/Users/ryu/trends-laravel/tests/Unit/Jobs/CalculateCompanyInfluenceScoresJobTest.php" line="176" class="Tests\Unit\Jobs\CalculateCompanyInfluenceScoresJobTest" classname="Tests.Unit.Jobs.CalculateCompanyInfluenceScoresJobTest" assertions="1" time="0.006339"/>
        <testcase name="test_get_period_days_正しい日数を返す" file="/Users/ryu/trends-laravel/tests/Unit/Jobs/CalculateCompanyInfluenceScoresJobTest.php" line="208" class="Tests\Unit\Jobs\CalculateCompanyInfluenceScoresJobTest" classname="Tests.Unit.Jobs.CalculateCompanyInfluenceScoresJobTest" assertions="3" time="0.006338"/>
        <testcase name="test_get_period_days_無効な期間タイプで例外を発生する" file="/Users/ryu/trends-laravel/tests/Unit/Jobs/CalculateCompanyInfluenceScoresJobTest.php" line="223" class="Tests\Unit\Jobs\CalculateCompanyInfluenceScoresJobTest" classname="Tests.Unit.Jobs.CalculateCompanyInfluenceScoresJobTest" assertions="2" time="0.006133"/>
        <testcase name="test_failed_失敗時のログを出力する" file="/Users/ryu/trends-laravel/tests/Unit/Jobs/CalculateCompanyInfluenceScoresJobTest.php" line="239" class="Tests\Unit\Jobs\CalculateCompanyInfluenceScoresJobTest" classname="Tests.Unit.Jobs.CalculateCompanyInfluenceScoresJobTest" assertions="1" time="0.005878"/>
        <testcase name="test_unique_id_正しい識別子を生成する" file="/Users/ryu/trends-laravel/tests/Unit/Jobs/CalculateCompanyInfluenceScoresJobTest.php" line="265" class="Tests\Unit\Jobs\CalculateCompanyInfluenceScoresJobTest" classname="Tests.Unit.Jobs.CalculateCompanyInfluenceScoresJobTest" assertions="3" time="0.005630"/>
        <testcase name="test_job_プロパティが正しく設定されている" file="/Users/ryu/trends-laravel/tests/Unit/Jobs/CalculateCompanyInfluenceScoresJobTest.php" line="282" class="Tests\Unit\Jobs\CalculateCompanyInfluenceScoresJobTest" classname="Tests.Unit.Jobs.CalculateCompanyInfluenceScoresJobTest" assertions="2" time="0.005597"/>
        <testcase name="test_constructor_パラメータが正しく設定される" file="/Users/ryu/trends-laravel/tests/Unit/Jobs/CalculateCompanyInfluenceScoresJobTest.php" line="293" class="Tests\Unit\Jobs\CalculateCompanyInfluenceScoresJobTest" classname="Tests.Unit.Jobs.CalculateCompanyInfluenceScoresJobTest" assertions="2" time="0.005701"/>
        <testcase name="test_calculate_specific_period_正しいパラメータでサービスを呼び出す" file="/Users/ryu/trends-laravel/tests/Unit/Jobs/CalculateCompanyInfluenceScoresJobTest.php" line="315" class="Tests\Unit\Jobs\CalculateCompanyInfluenceScoresJobTest" classname="Tests.Unit.Jobs.CalculateCompanyInfluenceScoresJobTest" assertions="1" time="0.006166"/>
        <testcase name="test_calculate_all_periods_正しいパラメータでサービスを呼び出す" file="/Users/ryu/trends-laravel/tests/Unit/Jobs/CalculateCompanyInfluenceScoresJobTest.php" line="343" class="Tests\Unit\Jobs\CalculateCompanyInfluenceScoresJobTest" classname="Tests.Unit.Jobs.CalculateCompanyInfluenceScoresJobTest" assertions="1" time="0.006160"/>
        <testcase name="test_calculate_all_periods_処理企業数が正しくログに記録される" file="/Users/ryu/trends-laravel/tests/Unit/Jobs/CalculateCompanyInfluenceScoresJobTest.php" line="370" class="Tests\Unit\Jobs\CalculateCompanyInfluenceScoresJobTest" classname="Tests.Unit.Jobs.CalculateCompanyInfluenceScoresJobTest" assertions="1" time="0.005898"/>
      </testsuite>
      <testsuite name="Tests\Unit\Jobs\GenerateCompanyRankingsJobTest" file="/Users/ryu/trends-laravel/tests/Unit/Jobs/GenerateCompanyRankingsJobTest.php" tests="14" assertions="18" errors="0" failures="0" skipped="0" time="0.085833">
        <testcase name="test_handle_特定期間のランキング生成が正常に実行される" file="/Users/ryu/trends-laravel/tests/Unit/Jobs/GenerateCompanyRankingsJobTest.php" line="35" class="Tests\Unit\Jobs\GenerateCompanyRankingsJobTest" classname="Tests.Unit.Jobs.GenerateCompanyRankingsJobTest" assertions="1" time="0.010450"/>
        <testcase name="test_handle_全期間のランキング生成が正常に実行される" file="/Users/ryu/trends-laravel/tests/Unit/Jobs/GenerateCompanyRankingsJobTest.php" line="77" class="Tests\Unit\Jobs\GenerateCompanyRankingsJobTest" classname="Tests.Unit.Jobs.GenerateCompanyRankingsJobTest" assertions="1" time="0.005757"/>
        <testcase name="test_handle_基準日未指定の場合現在日時を使用する" file="/Users/ryu/trends-laravel/tests/Unit/Jobs/GenerateCompanyRankingsJobTest.php" line="124" class="Tests\Unit\Jobs\GenerateCompanyRankingsJobTest" classname="Tests.Unit.Jobs.GenerateCompanyRankingsJobTest" assertions="1" time="0.005665"/>
        <testcase name="test_handle_特定期間処理で例外発生時にログを出力して再スローする" file="/Users/ryu/trends-laravel/tests/Unit/Jobs/GenerateCompanyRankingsJobTest.php" line="147" class="Tests\Unit\Jobs\GenerateCompanyRankingsJobTest" classname="Tests.Unit.Jobs.GenerateCompanyRankingsJobTest" assertions="2" time="0.005940"/>
        <testcase name="test_handle_全期間処理で例外発生時にログを出力して再スローする" file="/Users/ryu/trends-laravel/tests/Unit/Jobs/GenerateCompanyRankingsJobTest.php" line="182" class="Tests\Unit\Jobs\GenerateCompanyRankingsJobTest" classname="Tests.Unit.Jobs.GenerateCompanyRankingsJobTest" assertions="2" time="0.006106"/>
        <testcase name="test_failed_失敗時のログを出力する" file="/Users/ryu/trends-laravel/tests/Unit/Jobs/GenerateCompanyRankingsJobTest.php" line="216" class="Tests\Unit\Jobs\GenerateCompanyRankingsJobTest" classname="Tests.Unit.Jobs.GenerateCompanyRankingsJobTest" assertions="1" time="0.006014"/>
        <testcase name="test_failed_参照日がnullの場合も正常に処理される" file="/Users/ryu/trends-laravel/tests/Unit/Jobs/GenerateCompanyRankingsJobTest.php" line="241" class="Tests\Unit\Jobs\GenerateCompanyRankingsJobTest" classname="Tests.Unit.Jobs.GenerateCompanyRankingsJobTest" assertions="1" time="0.005609"/>
        <testcase name="test_constructor_パラメータが正しく設定される" file="/Users/ryu/trends-laravel/tests/Unit/Jobs/GenerateCompanyRankingsJobTest.php" line="265" class="Tests\Unit\Jobs\GenerateCompanyRankingsJobTest" classname="Tests.Unit.Jobs.GenerateCompanyRankingsJobTest" assertions="2" time="0.005554"/>
        <testcase name="test_constructor_パラメータがnullでも正常に設定される" file="/Users/ryu/trends-laravel/tests/Unit/Jobs/GenerateCompanyRankingsJobTest.php" line="287" class="Tests\Unit\Jobs\GenerateCompanyRankingsJobTest" classname="Tests.Unit.Jobs.GenerateCompanyRankingsJobTest" assertions="2" time="0.005691"/>
        <testcase name="test_handle_空の結果でも正常に処理される" file="/Users/ryu/trends-laravel/tests/Unit/Jobs/GenerateCompanyRankingsJobTest.php" line="305" class="Tests\Unit\Jobs\GenerateCompanyRankingsJobTest" classname="Tests.Unit.Jobs.GenerateCompanyRankingsJobTest" assertions="1" time="0.005840"/>
        <testcase name="test_handle_全期間で空の結果でも正常に処理される" file="/Users/ryu/trends-laravel/tests/Unit/Jobs/GenerateCompanyRankingsJobTest.php" line="337" class="Tests\Unit\Jobs\GenerateCompanyRankingsJobTest" classname="Tests.Unit.Jobs.GenerateCompanyRankingsJobTest" assertions="1" time="0.005971"/>
        <testcase name="test_handle_企業数の計算が正しく行われる" file="/Users/ryu/trends-laravel/tests/Unit/Jobs/GenerateCompanyRankingsJobTest.php" line="373" class="Tests\Unit\Jobs\GenerateCompanyRankingsJobTest" classname="Tests.Unit.Jobs.GenerateCompanyRankingsJobTest" assertions="1" time="0.005914"/>
        <testcase name="test_job_should_queueインターフェースを実装している" file="/Users/ryu/trends-laravel/tests/Unit/Jobs/GenerateCompanyRankingsJobTest.php" line="419" class="Tests\Unit\Jobs\GenerateCompanyRankingsJobTest" classname="Tests.Unit.Jobs.GenerateCompanyRankingsJobTest" assertions="1" time="0.005646"/>
        <testcase name="test_job_queueableトレイトを使用している" file="/Users/ryu/trends-laravel/tests/Unit/Jobs/GenerateCompanyRankingsJobTest.php" line="426" class="Tests\Unit\Jobs\GenerateCompanyRankingsJobTest" classname="Tests.Unit.Jobs.GenerateCompanyRankingsJobTest" assertions="1" time="0.005677"/>
      </testsuite>
      <testsuite name="Tests\Unit\Models\ArticleTest" file="/Users/ryu/trends-laravel/tests/Unit/Models/ArticleTest.php" tests="10" assertions="23" errors="0" failures="0" skipped="0" time="0.080037">
        <testcase name="test_基本的なモデル作成ができる" file="/Users/ryu/trends-laravel/tests/Unit/Models/ArticleTest.php" line="15" class="Tests\Unit\Models\ArticleTest" classname="Tests.Unit.Models.ArticleTest" assertions="2" time="0.015257"/>
        <testcase name="test_必須フィールドの検証" file="/Users/ryu/trends-laravel/tests/Unit/Models/ArticleTest.php" line="42" class="Tests\Unit\Models\ArticleTest" classname="Tests.Unit.Models.ArticleTest" assertions="1" time="0.006847"/>
        <testcase name="test_fillable属性の確認" file="/Users/ryu/trends-laravel/tests/Unit/Models/ArticleTest.php" line="49" class="Tests\Unit\Models\ArticleTest" classname="Tests.Unit.Models.ArticleTest" assertions="1" time="0.005836"/>
        <testcase name="test_型変換の確認" file="/Users/ryu/trends-laravel/tests/Unit/Models/ArticleTest.php" line="73" class="Tests\Unit\Models\ArticleTest" classname="Tests.Unit.Models.ArticleTest" assertions="6" time="0.007192"/>
        <testcase name="test_タイムスタンプの確認" file="/Users/ryu/trends-laravel/tests/Unit/Models/ArticleTest.php" line="105" class="Tests\Unit\Models\ArticleTest" classname="Tests.Unit.Models.ArticleTest" assertions="4" time="0.007002"/>
        <testcase name="test_companyリレーションの確認" file="/Users/ryu/trends-laravel/tests/Unit/Models/ArticleTest.php" line="131" class="Tests\Unit\Models\ArticleTest" classname="Tests.Unit.Models.ArticleTest" assertions="2" time="0.007125"/>
        <testcase name="test_platformリレーションの確認" file="/Users/ryu/trends-laravel/tests/Unit/Models/ArticleTest.php" line="155" class="Tests\Unit\Models\ArticleTest" classname="Tests.Unit.Models.ArticleTest" assertions="2" time="0.007510"/>
        <testcase name="test_recentスコープの動作確認" file="/Users/ryu/trends-laravel/tests/Unit/Models/ArticleTest.php" line="179" class="Tests\Unit\Models\ArticleTest" classname="Tests.Unit.Models.ArticleTest" assertions="2" time="0.008033"/>
        <testcase name="test_popularスコープの動作確認" file="/Users/ryu/trends-laravel/tests/Unit/Models/ArticleTest.php" line="214" class="Tests\Unit\Models\ArticleTest" classname="Tests.Unit.Models.ArticleTest" assertions="2" time="0.008049"/>
        <testcase name="test_mass_assignment_protectionの確認" file="/Users/ryu/trends-laravel/tests/Unit/Models/ArticleTest.php" line="249" class="Tests\Unit\Models\ArticleTest" classname="Tests.Unit.Models.ArticleTest" assertions="1" time="0.007187"/>
      </testsuite>
      <testsuite name="Tests\Unit\Models\CompanyInfluenceScoreTest" file="/Users/ryu/trends-laravel/tests/Unit/Models/CompanyInfluenceScoreTest.php" tests="25" assertions="74" errors="0" failures="0" skipped="0" time="0.205922">
        <testcase name="test_基本的なモデル作成ができる" file="/Users/ryu/trends-laravel/tests/Unit/Models/CompanyInfluenceScoreTest.php" line="14" class="Tests\Unit\Models\CompanyInfluenceScoreTest" classname="Tests.Unit.Models.CompanyInfluenceScoreTest" assertions="3" time="0.012326"/>
        <testcase name="test_企業とのリレーションが正しく動作する" file="/Users/ryu/trends-laravel/tests/Unit/Models/CompanyInfluenceScoreTest.php" line="34" class="Tests\Unit\Models\CompanyInfluenceScoreTest" classname="Tests.Unit.Models.CompanyInfluenceScoreTest" assertions="2" time="0.007276"/>
        <testcase name="test_fillable属性の確認" file="/Users/ryu/trends-laravel/tests/Unit/Models/CompanyInfluenceScoreTest.php" line="43" class="Tests\Unit\Models\CompanyInfluenceScoreTest" classname="Tests.Unit.Models.CompanyInfluenceScoreTest" assertions="1" time="0.005895"/>
        <testcase name="test_型変換の確認" file="/Users/ryu/trends-laravel/tests/Unit/Models/CompanyInfluenceScoreTest.php" line="62" class="Tests\Unit\Models\CompanyInfluenceScoreTest" classname="Tests.Unit.Models.CompanyInfluenceScoreTest" assertions="6" time="0.006868"/>
        <testcase name="test_period_typeスコープの動作確認" file="/Users/ryu/trends-laravel/tests/Unit/Models/CompanyInfluenceScoreTest.php" line="78" class="Tests\Unit\Models\CompanyInfluenceScoreTest" classname="Tests.Unit.Models.CompanyInfluenceScoreTest" assertions="2" time="0.008611"/>
        <testcase name="test_period_rangeスコープの動作確認" file="/Users/ryu/trends-laravel/tests/Unit/Models/CompanyInfluenceScoreTest.php" line="91" class="Tests\Unit\Models\CompanyInfluenceScoreTest" classname="Tests.Unit.Models.CompanyInfluenceScoreTest" assertions="1" time="0.009038"/>
        <testcase name="test_order_by_scoreスコープの動作確認" file="/Users/ryu/trends-laravel/tests/Unit/Models/CompanyInfluenceScoreTest.php" line="106" class="Tests\Unit\Models\CompanyInfluenceScoreTest" classname="Tests.Unit.Models.CompanyInfluenceScoreTest" assertions="4" time="0.008387"/>
        <testcase name="test_order_by_calculated_atスコープの動作確認" file="/Users/ryu/trends-laravel/tests/Unit/Models/CompanyInfluenceScoreTest.php" line="121" class="Tests\Unit\Models\CompanyInfluenceScoreTest" classname="Tests.Unit.Models.CompanyInfluenceScoreTest" assertions="2" time="0.008321"/>
        <testcase name="test_latestスコープの動作確認" file="/Users/ryu/trends-laravel/tests/Unit/Models/CompanyInfluenceScoreTest.php" line="135" class="Tests\Unit\Models\CompanyInfluenceScoreTest" classname="Tests.Unit.Models.CompanyInfluenceScoreTest" assertions="1" time="0.008191"/>
        <testcase name="test_for_companyスコープの動作確認" file="/Users/ryu/trends-laravel/tests/Unit/Models/CompanyInfluenceScoreTest.php" line="147" class="Tests\Unit\Models\CompanyInfluenceScoreTest" classname="Tests.Unit.Models.CompanyInfluenceScoreTest" assertions="2" time="0.007939"/>
        <testcase name="test_複数のスコープの組み合わせ" file="/Users/ryu/trends-laravel/tests/Unit/Models/CompanyInfluenceScoreTest.php" line="163" class="Tests\Unit\Models\CompanyInfluenceScoreTest" classname="Tests.Unit.Models.CompanyInfluenceScoreTest" assertions="3" time="0.007950"/>
        <testcase name="test_同じ期間の複数スコア計算" file="/Users/ryu/trends-laravel/tests/Unit/Models/CompanyInfluenceScoreTest.php" line="201" class="Tests\Unit\Models\CompanyInfluenceScoreTest" classname="Tests.Unit.Models.CompanyInfluenceScoreTest" assertions="2" time="0.007690"/>
        <testcase name="test_期間別スコア履歴の取得" file="/Users/ryu/trends-laravel/tests/Unit/Models/CompanyInfluenceScoreTest.php" line="234" class="Tests\Unit\Models\CompanyInfluenceScoreTest" classname="Tests.Unit.Models.CompanyInfluenceScoreTest" assertions="3" time="0.008530"/>
        <testcase name="test_companyリレーションの_belongs_to関係が正しい" file="/Users/ryu/trends-laravel/tests/Unit/Models/CompanyInfluenceScoreTest.php" line="269" class="Tests\Unit\Models\CompanyInfluenceScoreTest" classname="Tests.Unit.Models.CompanyInfluenceScoreTest" assertions="2" time="0.006570"/>
        <testcase name="test_castsが正しく設定されている" file="/Users/ryu/trends-laravel/tests/Unit/Models/CompanyInfluenceScoreTest.php" line="277" class="Tests\Unit\Models\CompanyInfluenceScoreTest" classname="Tests.Unit.Models.CompanyInfluenceScoreTest" assertions="6" time="0.006105"/>
        <testcase name="test_期間タイプの妥当性検証" file="/Users/ryu/trends-laravel/tests/Unit/Models/CompanyInfluenceScoreTest.php" line="290" class="Tests\Unit\Models\CompanyInfluenceScoreTest" classname="Tests.Unit.Models.CompanyInfluenceScoreTest" assertions="3" time="0.008179"/>
        <testcase name="test_scope_latest_最新のスコアレコードを取得する" file="/Users/ryu/trends-laravel/tests/Unit/Models/CompanyInfluenceScoreTest.php" line="300" class="Tests\Unit\Models\CompanyInfluenceScoreTest" classname="Tests.Unit.Models.CompanyInfluenceScoreTest" assertions="4" time="0.007434"/>
        <testcase name="test_scope_latest_複数企業の最新スコア取得" file="/Users/ryu/trends-laravel/tests/Unit/Models/CompanyInfluenceScoreTest.php" line="327" class="Tests\Unit\Models\CompanyInfluenceScoreTest" classname="Tests.Unit.Models.CompanyInfluenceScoreTest" assertions="6" time="0.010334"/>
        <testcase name="test_scope_latest_日時順ソート機能の検証" file="/Users/ryu/trends-laravel/tests/Unit/Models/CompanyInfluenceScoreTest.php" line="362" class="Tests\Unit\Models\CompanyInfluenceScoreTest" classname="Tests.Unit.Models.CompanyInfluenceScoreTest" assertions="7" time="0.008094"/>
        <testcase name="test_scope_latest_空データでの動作確認" file="/Users/ryu/trends-laravel/tests/Unit/Models/CompanyInfluenceScoreTest.php" line="398" class="Tests\Unit\Models\CompanyInfluenceScoreTest" classname="Tests.Unit.Models.CompanyInfluenceScoreTest" assertions="2" time="0.006050"/>
        <testcase name="test_scope_latest_他のスコープとの組み合わせ" file="/Users/ryu/trends-laravel/tests/Unit/Models/CompanyInfluenceScoreTest.php" line="406" class="Tests\Unit\Models\CompanyInfluenceScoreTest" classname="Tests.Unit.Models.CompanyInfluenceScoreTest" assertions="3" time="0.007923"/>
        <testcase name="test_scope_latest_同一時刻レコード複数存在時の処理" file="/Users/ryu/trends-laravel/tests/Unit/Models/CompanyInfluenceScoreTest.php" line="439" class="Tests\Unit\Models\CompanyInfluenceScoreTest" classname="Tests.Unit.Models.CompanyInfluenceScoreTest" assertions="3" time="0.011290"/>
        <testcase name="test_scope_latest_with_order_by_score複合スコープ" file="/Users/ryu/trends-laravel/tests/Unit/Models/CompanyInfluenceScoreTest.php" line="460" class="Tests\Unit\Models\CompanyInfluenceScoreTest" classname="Tests.Unit.Models.CompanyInfluenceScoreTest" assertions="1" time="0.007524"/>
        <testcase name="test_scope_latest_大量データでのパフォーマンス" file="/Users/ryu/trends-laravel/tests/Unit/Models/CompanyInfluenceScoreTest.php" line="482" class="Tests\Unit\Models\CompanyInfluenceScoreTest" classname="Tests.Unit.Models.CompanyInfluenceScoreTest" assertions="3" time="0.010695"/>
        <testcase name="test_scope_latest_with_for_company複合スコープの効率性" file="/Users/ryu/trends-laravel/tests/Unit/Models/CompanyInfluenceScoreTest.php" line="513" class="Tests\Unit\Models\CompanyInfluenceScoreTest" classname="Tests.Unit.Models.CompanyInfluenceScoreTest" assertions="2" time="0.008701"/>
      </testsuite>
      <testsuite name="Tests\Unit\Models\CompanyRankingTest" file="/Users/ryu/trends-laravel/tests/Unit/Models/CompanyRankingTest.php" tests="26" assertions="76" errors="0" failures="0" skipped="0" time="0.224857">
        <testcase name="test_基本的なモデル作成ができる" file="/Users/ryu/trends-laravel/tests/Unit/Models/CompanyRankingTest.php" line="14" class="Tests\Unit\Models\CompanyRankingTest" classname="Tests.Unit.Models.CompanyRankingTest" assertions="3" time="0.015186"/>
        <testcase name="test_企業とのリレーションが正しく動作する" file="/Users/ryu/trends-laravel/tests/Unit/Models/CompanyRankingTest.php" line="35" class="Tests\Unit\Models\CompanyRankingTest" classname="Tests.Unit.Models.CompanyRankingTest" assertions="2" time="0.007680"/>
        <testcase name="test_fillable属性の確認" file="/Users/ryu/trends-laravel/tests/Unit/Models/CompanyRankingTest.php" line="44" class="Tests\Unit\Models\CompanyRankingTest" classname="Tests.Unit.Models.CompanyRankingTest" assertions="1" time="0.006296"/>
        <testcase name="test_型変換の確認" file="/Users/ryu/trends-laravel/tests/Unit/Models/CompanyRankingTest.php" line="64" class="Tests\Unit\Models\CompanyRankingTest" classname="Tests.Unit.Models.CompanyRankingTest" assertions="7" time="0.007039"/>
        <testcase name="test_period_typeスコープの動作確認" file="/Users/ryu/trends-laravel/tests/Unit/Models/CompanyRankingTest.php" line="82" class="Tests\Unit\Models\CompanyRankingTest" classname="Tests.Unit.Models.CompanyRankingTest" assertions="2" time="0.008757"/>
        <testcase name="test_rank_rangeスコープの動作確認" file="/Users/ryu/trends-laravel/tests/Unit/Models/CompanyRankingTest.php" line="95" class="Tests\Unit\Models\CompanyRankingTest" classname="Tests.Unit.Models.CompanyRankingTest" assertions="2" time="0.009485"/>
        <testcase name="test_top_rankスコープの動作確認" file="/Users/ryu/trends-laravel/tests/Unit/Models/CompanyRankingTest.php" line="109" class="Tests\Unit\Models\CompanyRankingTest" classname="Tests.Unit.Models.CompanyRankingTest" assertions="2" time="0.009463"/>
        <testcase name="test_order_by_rankスコープの動作確認" file="/Users/ryu/trends-laravel/tests/Unit/Models/CompanyRankingTest.php" line="123" class="Tests\Unit\Models\CompanyRankingTest" classname="Tests.Unit.Models.CompanyRankingTest" assertions="4" time="0.008706"/>
        <testcase name="test_order_by_scoreスコープの動作確認" file="/Users/ryu/trends-laravel/tests/Unit/Models/CompanyRankingTest.php" line="138" class="Tests\Unit\Models\CompanyRankingTest" classname="Tests.Unit.Models.CompanyRankingTest" assertions="4" time="0.008813"/>
        <testcase name="test_order_by_calculated_atスコープの動作確認" file="/Users/ryu/trends-laravel/tests/Unit/Models/CompanyRankingTest.php" line="153" class="Tests\Unit\Models\CompanyRankingTest" classname="Tests.Unit.Models.CompanyRankingTest" assertions="2" time="0.008824"/>
        <testcase name="test_latestスコープの動作確認" file="/Users/ryu/trends-laravel/tests/Unit/Models/CompanyRankingTest.php" line="167" class="Tests\Unit\Models\CompanyRankingTest" classname="Tests.Unit.Models.CompanyRankingTest" assertions="1" time="0.008621"/>
        <testcase name="test_for_companyスコープの動作確認" file="/Users/ryu/trends-laravel/tests/Unit/Models/CompanyRankingTest.php" line="179" class="Tests\Unit\Models\CompanyRankingTest" classname="Tests.Unit.Models.CompanyRankingTest" assertions="2" time="0.008334"/>
        <testcase name="test_period_rangeスコープの動作確認" file="/Users/ryu/trends-laravel/tests/Unit/Models/CompanyRankingTest.php" line="195" class="Tests\Unit\Models\CompanyRankingTest" classname="Tests.Unit.Models.CompanyRankingTest" assertions="1" time="0.009385"/>
        <testcase name="test_active_companiesスコープの動作確認" file="/Users/ryu/trends-laravel/tests/Unit/Models/CompanyRankingTest.php" line="210" class="Tests\Unit\Models\CompanyRankingTest" classname="Tests.Unit.Models.CompanyRankingTest" assertions="2" time="0.008089"/>
        <testcase name="test_複数のスコープの組み合わせ" file="/Users/ryu/trends-laravel/tests/Unit/Models/CompanyRankingTest.php" line="224" class="Tests\Unit\Models\CompanyRankingTest" classname="Tests.Unit.Models.CompanyRankingTest" assertions="3" time="0.008646"/>
        <testcase name="test_scope_latest_期間別最新ランキングを取得する" file="/Users/ryu/trends-laravel/tests/Unit/Models/CompanyRankingTest.php" line="258" class="Tests\Unit\Models\CompanyRankingTest" classname="Tests.Unit.Models.CompanyRankingTest" assertions="4" time="0.007748"/>
        <testcase name="test_scope_latest_最新ランキング取得の基本動作確認" file="/Users/ryu/trends-laravel/tests/Unit/Models/CompanyRankingTest.php" line="287" class="Tests\Unit\Models\CompanyRankingTest" classname="Tests.Unit.Models.CompanyRankingTest" assertions="4" time="0.007756"/>
        <testcase name="test_scope_latest_複数期間での最新データ取得" file="/Users/ryu/trends-laravel/tests/Unit/Models/CompanyRankingTest.php" line="312" class="Tests\Unit\Models\CompanyRankingTest" classname="Tests.Unit.Models.CompanyRankingTest" assertions="7" time="0.008565"/>
        <testcase name="test_scope_latest_ランキング順序の検証" file="/Users/ryu/trends-laravel/tests/Unit/Models/CompanyRankingTest.php" line="352" class="Tests\Unit\Models\CompanyRankingTest" classname="Tests.Unit.Models.CompanyRankingTest" assertions="7" time="0.008220"/>
        <testcase name="test_scope_latest_period_typeとrank_rangeとの組み合わせ" file="/Users/ryu/trends-laravel/tests/Unit/Models/CompanyRankingTest.php" line="390" class="Tests\Unit\Models\CompanyRankingTest" classname="Tests.Unit.Models.CompanyRankingTest" assertions="1" time="0.008268"/>
        <testcase name="test_scope_latest_空データでの動作確認" file="/Users/ryu/trends-laravel/tests/Unit/Models/CompanyRankingTest.php" line="424" class="Tests\Unit\Models\CompanyRankingTest" classname="Tests.Unit.Models.CompanyRankingTest" assertions="2" time="0.006238"/>
        <testcase name="test_scope_latest_同一時刻レコード複数存在時の処理" file="/Users/ryu/trends-laravel/tests/Unit/Models/CompanyRankingTest.php" line="432" class="Tests\Unit\Models\CompanyRankingTest" classname="Tests.Unit.Models.CompanyRankingTest" assertions="3" time="0.007808"/>
        <testcase name="test_scope_latest_with_order_by_score複合スコープ" file="/Users/ryu/trends-laravel/tests/Unit/Models/CompanyRankingTest.php" line="453" class="Tests\Unit\Models\CompanyRankingTest" classname="Tests.Unit.Models.CompanyRankingTest" assertions="3" time="0.008110"/>
        <testcase name="test_scope_latest_with_active_companies複合スコープ" file="/Users/ryu/trends-laravel/tests/Unit/Models/CompanyRankingTest.php" line="484" class="Tests\Unit\Models\CompanyRankingTest" classname="Tests.Unit.Models.CompanyRankingTest" assertions="2" time="0.008193"/>
        <testcase name="test_scope_latest_クエリ効率性の確認" file="/Users/ryu/trends-laravel/tests/Unit/Models/CompanyRankingTest.php" line="511" class="Tests\Unit\Models\CompanyRankingTest" classname="Tests.Unit.Models.CompanyRankingTest" assertions="3" time="0.012125"/>
        <testcase name="test_scope_latest_with_top_rankとorder_by_rank複合スコープ" file="/Users/ryu/trends-laravel/tests/Unit/Models/CompanyRankingTest.php" line="542" class="Tests\Unit\Models\CompanyRankingTest" classname="Tests.Unit.Models.CompanyRankingTest" assertions="2" time="0.008503"/>
      </testsuite>
      <testsuite name="Tests\Unit\Models\CompanyTest" file="/Users/ryu/trends-laravel/tests/Unit/Models/CompanyTest.php" tests="14" assertions="25" errors="0" failures="0" skipped="0" time="0.104570">
        <testcase name="test_基本的なモデル作成ができる" file="/Users/ryu/trends-laravel/tests/Unit/Models/CompanyTest.php" line="13" class="Tests\Unit\Models\CompanyTest" classname="Tests.Unit.Models.CompanyTest" assertions="2" time="0.019856"/>
        <testcase name="test_必須フィールドの検証" file="/Users/ryu/trends-laravel/tests/Unit/Models/CompanyTest.php" line="27" class="Tests\Unit\Models\CompanyTest" classname="Tests.Unit.Models.CompanyTest" assertions="1" time="0.006773"/>
        <testcase name="test_domain_unique制約のテスト" file="/Users/ryu/trends-laravel/tests/Unit/Models/CompanyTest.php" line="34" class="Tests\Unit\Models\CompanyTest" classname="Tests.Unit.Models.CompanyTest" assertions="1" time="0.006984"/>
        <testcase name="test_デフォルト値の動作確認" file="/Users/ryu/trends-laravel/tests/Unit/Models/CompanyTest.php" line="51" class="Tests\Unit\Models\CompanyTest" classname="Tests.Unit.Models.CompanyTest" assertions="1" time="0.006680"/>
        <testcase name="test_fillable属性の確認" file="/Users/ryu/trends-laravel/tests/Unit/Models/CompanyTest.php" line="61" class="Tests\Unit\Models\CompanyTest" classname="Tests.Unit.Models.CompanyTest" assertions="1" time="0.006021"/>
        <testcase name="test_型変換の確認" file="/Users/ryu/trends-laravel/tests/Unit/Models/CompanyTest.php" line="84" class="Tests\Unit\Models\CompanyTest" classname="Tests.Unit.Models.CompanyTest" assertions="4" time="0.006415"/>
        <testcase name="test_タイムスタンプの確認" file="/Users/ryu/trends-laravel/tests/Unit/Models/CompanyTest.php" line="100" class="Tests\Unit\Models\CompanyTest" classname="Tests.Unit.Models.CompanyTest" assertions="4" time="0.006358"/>
        <testcase name="test_activeスコープの動作確認" file="/Users/ryu/trends-laravel/tests/Unit/Models/CompanyTest.php" line="113" class="Tests\Unit\Models\CompanyTest" classname="Tests.Unit.Models.CompanyTest" assertions="2" time="0.006604"/>
        <testcase name="test_mass_assignment_protectionの確認" file="/Users/ryu/trends-laravel/tests/Unit/Models/CompanyTest.php" line="132" class="Tests\Unit\Models\CompanyTest" classname="Tests.Unit.Models.CompanyTest" assertions="1" time="0.006598"/>
        <testcase name="test_rankingsリレーションが正しく動作する" file="/Users/ryu/trends-laravel/tests/Unit/Models/CompanyTest.php" line="145" class="Tests\Unit\Models\CompanyTest" classname="Tests.Unit.Models.CompanyTest" assertions="2" time="0.007290"/>
        <testcase name="test_influence_scoresリレーションが正しく動作する" file="/Users/ryu/trends-laravel/tests/Unit/Models/CompanyTest.php" line="153" class="Tests\Unit\Models\CompanyTest" classname="Tests.Unit.Models.CompanyTest" assertions="2" time="0.006554"/>
        <testcase name="test_articlesリレーションが正しく動作する" file="/Users/ryu/trends-laravel/tests/Unit/Models/CompanyTest.php" line="161" class="Tests\Unit\Models\CompanyTest" classname="Tests.Unit.Models.CompanyTest" assertions="2" time="0.006534"/>
        <testcase name="test_default_attributesが正しく設定されている" file="/Users/ryu/trends-laravel/tests/Unit/Models/CompanyTest.php" line="169" class="Tests\Unit\Models\CompanyTest" classname="Tests.Unit.Models.CompanyTest" assertions="1" time="0.005929"/>
        <testcase name="test_castsが正しく設定されている" file="/Users/ryu/trends-laravel/tests/Unit/Models/CompanyTest.php" line="177" class="Tests\Unit\Models\CompanyTest" classname="Tests.Unit.Models.CompanyTest" assertions="1" time="0.005977"/>
      </testsuite>
      <testsuite name="Tests\Unit\Models\ComplexQueryTest" file="/Users/ryu/trends-laravel/tests/Unit/Models/ComplexQueryTest.php" tests="9" assertions="22" errors="0" failures="0" skipped="0" time="0.186919">
        <testcase name="test_企業ランキングと影響力スコアの結合クエリ" file="/Users/ryu/trends-laravel/tests/Unit/Models/ComplexQueryTest.php" line="17" class="Tests\Unit\Models\ComplexQueryTest" classname="Tests.Unit.Models.ComplexQueryTest" assertions="2" time="0.012332"/>
        <testcase name="test_企業記事数とランキングの相関分析" file="/Users/ryu/trends-laravel/tests/Unit/Models/ComplexQueryTest.php" line="47" class="Tests\Unit\Models\ComplexQueryTest" classname="Tests.Unit.Models.ComplexQueryTest" assertions="2" time="0.009775"/>
        <testcase name="test_期間別トップ企業の推移分析" file="/Users/ryu/trends-laravel/tests/Unit/Models/ComplexQueryTest.php" line="76" class="Tests\Unit\Models\ComplexQueryTest" classname="Tests.Unit.Models.ComplexQueryTest" assertions="2" time="0.008292"/>
        <testcase name="test_企業の成長率計算クエリ" file="/Users/ryu/trends-laravel/tests/Unit/Models/ComplexQueryTest.php" line="114" class="Tests\Unit\Models\ComplexQueryTest" classname="Tests.Unit.Models.ComplexQueryTest" assertions="2" time="0.008013"/>
        <testcase name="test_プラットフォーム別企業影響力集計" file="/Users/ryu/trends-laravel/tests/Unit/Models/ComplexQueryTest.php" line="154" class="Tests\Unit\Models\ComplexQueryTest" classname="Tests.Unit.Models.ComplexQueryTest" assertions="3" time="0.010211"/>
        <testcase name="test_大量データでのパフォーマンステスト" file="/Users/ryu/trends-laravel/tests/Unit/Models/ComplexQueryTest.php" line="189" class="Tests\Unit\Models\ComplexQueryTest" classname="Tests.Unit.Models.ComplexQueryTest" assertions="2" time="0.108232"/>
        <testcase name="test_複雑な条件での企業検索" file="/Users/ryu/trends-laravel/tests/Unit/Models/ComplexQueryTest.php" line="221" class="Tests\Unit\Models\ComplexQueryTest" classname="Tests.Unit.Models.ComplexQueryTest" assertions="3" time="0.011496"/>
        <testcase name="test_インデックスを使用した効率的なクエリ" file="/Users/ryu/trends-laravel/tests/Unit/Models/ComplexQueryTest.php" line="266" class="Tests\Unit\Models\ComplexQueryTest" classname="Tests.Unit.Models.ComplexQueryTest" assertions="2" time="0.010607"/>
        <testcase name="test_集計関数を使用した統計クエリ" file="/Users/ryu/trends-laravel/tests/Unit/Models/ComplexQueryTest.php" line="296" class="Tests\Unit\Models\ComplexQueryTest" classname="Tests.Unit.Models.ComplexQueryTest" assertions="4" time="0.007961"/>
      </testsuite>
      <testsuite name="Tests\Unit\Models\PlatformTest" file="/Users/ryu/trends-laravel/tests/Unit/Models/PlatformTest.php" tests="11" assertions="20" errors="0" failures="0" skipped="0" time="0.076517">
        <testcase name="test_基本的なモデル作成ができる" file="/Users/ryu/trends-laravel/tests/Unit/Models/PlatformTest.php" line="13" class="Tests\Unit\Models\PlatformTest" classname="Tests.Unit.Models.PlatformTest" assertions="2" time="0.009480"/>
        <testcase name="test_必須フィールドの検証" file="/Users/ryu/trends-laravel/tests/Unit/Models/PlatformTest.php" line="24" class="Tests\Unit\Models\PlatformTest" classname="Tests.Unit.Models.PlatformTest" assertions="1" time="0.006112"/>
        <testcase name="test_デフォルト値の動作確認" file="/Users/ryu/trends-laravel/tests/Unit/Models/PlatformTest.php" line="31" class="Tests\Unit\Models\PlatformTest" classname="Tests.Unit.Models.PlatformTest" assertions="1" time="0.006296"/>
        <testcase name="test_fillable属性の確認" file="/Users/ryu/trends-laravel/tests/Unit/Models/PlatformTest.php" line="42" class="Tests\Unit\Models\PlatformTest" classname="Tests.Unit.Models.PlatformTest" assertions="1" time="0.005983"/>
        <testcase name="test_型変換の確認" file="/Users/ryu/trends-laravel/tests/Unit/Models/PlatformTest.php" line="56" class="Tests\Unit\Models\PlatformTest" classname="Tests.Unit.Models.PlatformTest" assertions="4" time="0.006369"/>
        <testcase name="test_タイムスタンプの確認" file="/Users/ryu/trends-laravel/tests/Unit/Models/PlatformTest.php" line="73" class="Tests\Unit\Models\PlatformTest" classname="Tests.Unit.Models.PlatformTest" assertions="4" time="0.006306"/>
        <testcase name="test_activeスコープの動作確認" file="/Users/ryu/trends-laravel/tests/Unit/Models/PlatformTest.php" line="86" class="Tests\Unit\Models\PlatformTest" classname="Tests.Unit.Models.PlatformTest" assertions="2" time="0.006394"/>
        <testcase name="test_mass_assignment_protectionの確認" file="/Users/ryu/trends-laravel/tests/Unit/Models/PlatformTest.php" line="105" class="Tests\Unit\Models\PlatformTest" classname="Tests.Unit.Models.PlatformTest" assertions="1" time="0.006220"/>
        <testcase name="test_articlesリレーションが正しく動作する" file="/Users/ryu/trends-laravel/tests/Unit/Models/PlatformTest.php" line="118" class="Tests\Unit\Models\PlatformTest" classname="Tests.Unit.Models.PlatformTest" assertions="2" time="0.006312"/>
        <testcase name="test_castsが正しく設定されている" file="/Users/ryu/trends-laravel/tests/Unit/Models/PlatformTest.php" line="126" class="Tests\Unit\Models\PlatformTest" classname="Tests.Unit.Models.PlatformTest" assertions="1" time="0.010555"/>
        <testcase name="test_name_unique制約のテスト" file="/Users/ryu/trends-laravel/tests/Unit/Models/PlatformTest.php" line="134" class="Tests\Unit\Models\PlatformTest" classname="Tests.Unit.Models.PlatformTest" assertions="1" time="0.006489"/>
      </testsuite>
      <testsuite name="Tests\Unit\Models\UserTest" file="/Users/ryu/trends-laravel/tests/Unit/Models/UserTest.php" tests="8" assertions="13" errors="0" failures="0" skipped="0" time="0.063322">
        <testcase name="test_基本的なモデル作成ができる" file="/Users/ryu/trends-laravel/tests/Unit/Models/UserTest.php" line="14" class="Tests\Unit\Models\UserTest" classname="Tests.Unit.Models.UserTest" assertions="2" time="0.013465"/>
        <testcase name="test_fillable属性が正しく設定されている" file="/Users/ryu/trends-laravel/tests/Unit/Models/UserTest.php" line="29" class="Tests\Unit\Models\UserTest" classname="Tests.Unit.Models.UserTest" assertions="1" time="0.006674"/>
        <testcase name="test_hidden属性が正しく設定されている" file="/Users/ryu/trends-laravel/tests/Unit/Models/UserTest.php" line="37" class="Tests\Unit\Models\UserTest" classname="Tests.Unit.Models.UserTest" assertions="1" time="0.006196"/>
        <testcase name="test_パスワードがハッシュ化される" file="/Users/ryu/trends-laravel/tests/Unit/Models/UserTest.php" line="45" class="Tests\Unit\Models\UserTest" classname="Tests.Unit.Models.UserTest" assertions="2" time="0.008540"/>
        <testcase name="test_email_verified_atが日時型にキャストされる" file="/Users/ryu/trends-laravel/tests/Unit/Models/UserTest.php" line="58" class="Tests\Unit\Models\UserTest" classname="Tests.Unit.Models.UserTest" assertions="1" time="0.007471"/>
        <testcase name="test_ファクトリーが正常に動作する" file="/Users/ryu/trends-laravel/tests/Unit/Models/UserTest.php" line="67" class="Tests\Unit\Models\UserTest" classname="Tests.Unit.Models.UserTest" assertions="4" time="0.006312"/>
        <testcase name="test_必須項目が空の場合に例外が発生する" file="/Users/ryu/trends-laravel/tests/Unit/Models/UserTest.php" line="77" class="Tests\Unit\Models\UserTest" classname="Tests.Unit.Models.UserTest" assertions="1" time="0.006163"/>
        <testcase name="test_重複するemailの場合に例外が発生する" file="/Users/ryu/trends-laravel/tests/Unit/Models/UserTest.php" line="84" class="Tests\Unit\Models\UserTest" classname="Tests.Unit.Models.UserTest" assertions="1" time="0.008501"/>
      </testsuite>
      <testsuite name="Tests\Unit\Providers\AppServiceProviderTest" file="/Users/ryu/trends-laravel/tests/Unit/Providers/AppServiceProviderTest.php" tests="6" assertions="10" errors="0" failures="0" skipped="0" time="0.050336">
        <testcase name="test_プロバイダーが正しくインスタンス化される" file="/Users/ryu/trends-laravel/tests/Unit/Providers/AppServiceProviderTest.php" line="19" class="Tests\Unit\Providers\AppServiceProviderTest" classname="Tests.Unit.Providers.AppServiceProviderTest" assertions="1" time="0.008599"/>
        <testcase name="test_registerメソッドが実装されている" file="/Users/ryu/trends-laravel/tests/Unit/Providers/AppServiceProviderTest.php" line="24" class="Tests\Unit\Providers\AppServiceProviderTest" classname="Tests.Unit.Providers.AppServiceProviderTest" assertions="2" time="0.005888"/>
        <testcase name="test_bootメソッドが実装されている" file="/Users/ryu/trends-laravel/tests/Unit/Providers/AppServiceProviderTest.php" line="33" class="Tests\Unit\Providers\AppServiceProviderTest" classname="Tests.Unit.Providers.AppServiceProviderTest" assertions="1" time="0.005781"/>
        <testcase name="test_bootメソッドが正常に実行される" file="/Users/ryu/trends-laravel/tests/Unit/Providers/AppServiceProviderTest.php" line="38" class="Tests\Unit\Providers\AppServiceProviderTest" classname="Tests.Unit.Providers.AppServiceProviderTest" assertions="1" time="0.005776"/>
        <testcase name="test_レート制限設定の基本テスト" file="/Users/ryu/trends-laravel/tests/Unit/Providers/AppServiceProviderTest.php" line="45" class="Tests\Unit\Providers\AppServiceProviderTest" classname="Tests.Unit.Providers.AppServiceProviderTest" assertions="2" time="0.005749"/>
        <testcase name="test_レート制限コールバックの動作確認" file="/Users/ryu/trends-laravel/tests/Unit/Providers/AppServiceProviderTest.php" line="62" class="Tests\Unit\Providers\AppServiceProviderTest" classname="Tests.Unit.Providers.AppServiceProviderTest" assertions="3" time="0.018544"/>
      </testsuite>
      <testsuite name="Tests\Unit\QiitaScraperTest" file="/Users/ryu/trends-laravel/tests/Unit/QiitaScraperTest.php" tests="27" assertions="49" errors="0" failures="0" skipped="0" time="0.190972">
        <testcase name="test_スクレイパーの初期化が正常に動作する" file="/Users/ryu/trends-laravel/tests/Unit/QiitaScraperTest.php" line="24" class="Tests\Unit\QiitaScraperTest" classname="Tests.Unit.QiitaScraperTest" assertions="2" time="0.008338"/>
        <testcase name="test_qiita_htmlの解析が正常に動作する" file="/Users/ryu/trends-laravel/tests/Unit/QiitaScraperTest.php" line="34" class="Tests\Unit\QiitaScraperTest" classname="Tests.Unit.QiitaScraperTest" assertions="8" time="0.008714"/>
        <testcase name="test_企業アカウントを正しく特定する" file="/Users/ryu/trends-laravel/tests/Unit/QiitaScraperTest.php" line="55" class="Tests\Unit\QiitaScraperTest" classname="Tests.Unit.QiitaScraperTest" assertions="2" time="0.007353"/>
        <testcase name="test_企業アカウントが見つからない場合の処理を行う" file="/Users/ryu/trends-laravel/tests/Unit/QiitaScraperTest.php" line="68" class="Tests\Unit\QiitaScraperTest" classname="Tests.Unit.QiitaScraperTest" assertions="1" time="0.006348"/>
        <testcase name="test_nullのurlで企業アカウント特定を処理する" file="/Users/ryu/trends-laravel/tests/Unit/QiitaScraperTest.php" line="75" class="Tests\Unit\QiitaScraperTest" classname="Tests.Unit.QiitaScraperTest" assertions="1" time="0.006068"/>
        <testcase name="test_データの正規化と保存が正常に動作する" file="/Users/ryu/trends-laravel/tests/Unit/QiitaScraperTest.php" line="82" class="Tests\Unit\QiitaScraperTest" classname="Tests.Unit.QiitaScraperTest" assertions="2" time="0.007975"/>
        <testcase name="test_タイトルの抽出が正常に動作する" file="/Users/ryu/trends-laravel/tests/Unit/QiitaScraperTest.php" line="114" class="Tests\Unit\QiitaScraperTest" classname="Tests.Unit.QiitaScraperTest" assertions="1" time="0.006173"/>
        <testcase name="test_urlの抽出が正常に動作する" file="/Users/ryu/trends-laravel/tests/Unit/QiitaScraperTest.php" line="127" class="Tests\Unit\QiitaScraperTest" classname="Tests.Unit.QiitaScraperTest" assertions="1" time="0.006030"/>
        <testcase name="test_いいね数の抽出が正常に動作する" file="/Users/ryu/trends-laravel/tests/Unit/QiitaScraperTest.php" line="140" class="Tests\Unit\QiitaScraperTest" classname="Tests.Unit.QiitaScraperTest" assertions="1" time="0.006042"/>
        <testcase name="test_著者の抽出が正常に動作する" file="/Users/ryu/trends-laravel/tests/Unit/QiitaScraperTest.php" line="153" class="Tests\Unit\QiitaScraperTest" classname="Tests.Unit.QiitaScraperTest" assertions="1" time="0.006157"/>
        <testcase name="test_著者urlの抽出が正常に動作する" file="/Users/ryu/trends-laravel/tests/Unit/QiitaScraperTest.php" line="167" class="Tests\Unit\QiitaScraperTest" classname="Tests.Unit.QiitaScraperTest" assertions="1" time="0.006153"/>
        <testcase name="test_extract_author_url_正常なauthor_urlを抽出する" file="/Users/ryu/trends-laravel/tests/Unit/QiitaScraperTest.php" line="180" class="Tests\Unit\QiitaScraperTest" classname="Tests.Unit.QiitaScraperTest" assertions="1" time="0.006158"/>
        <testcase name="test_extract_author_url_相対urlを正しく変換する" file="/Users/ryu/trends-laravel/tests/Unit/QiitaScraperTest.php" line="193" class="Tests\Unit\QiitaScraperTest" classname="Tests.Unit.QiitaScraperTest" assertions="1" time="0.006010"/>
        <testcase name="test_extract_author_url_絶対urlはそのまま返す" file="/Users/ryu/trends-laravel/tests/Unit/QiitaScraperTest.php" line="206" class="Tests\Unit\QiitaScraperTest" classname="Tests.Unit.QiitaScraperTest" assertions="1" time="0.010472"/>
        <testcase name="test_extract_author_url_著者が見つからない場合はnullを返す" file="/Users/ryu/trends-laravel/tests/Unit/QiitaScraperTest.php" line="222" class="Tests\Unit\QiitaScraperTest" classname="Tests.Unit.QiitaScraperTest" assertions="1" time="0.006540"/>
        <testcase name="test_extract_author_url_空の要素で処理する" file="/Users/ryu/trends-laravel/tests/Unit/QiitaScraperTest.php" line="235" class="Tests\Unit\QiitaScraperTest" classname="Tests.Unit.QiitaScraperTest" assertions="1" time="0.006410"/>
        <testcase name="test_extract_author_url_複数のセレクタパターンを処理する" file="/Users/ryu/trends-laravel/tests/Unit/QiitaScraperTest.php" line="248" class="Tests\Unit\QiitaScraperTest" classname="Tests.Unit.QiitaScraperTest" assertions="1" time="0.005921"/>
        <testcase name="test_extract_author_url_異常なhtmlでも処理する" file="/Users/ryu/trends-laravel/tests/Unit/QiitaScraperTest.php" line="262" class="Tests\Unit\QiitaScraperTest" classname="Tests.Unit.QiitaScraperTest" assertions="1" time="0.005898"/>
        <testcase name="test_do_m要素が存在しない場合の処理" file="/Users/ryu/trends-laravel/tests/Unit/QiitaScraperTest.php" line="275" class="Tests\Unit\QiitaScraperTest" classname="Tests.Unit.QiitaScraperTest" assertions="6" time="0.006898"/>
        <testcase name="test_特殊文字含みデータの処理" file="/Users/ryu/trends-laravel/tests/Unit/QiitaScraperTest.php" line="299" class="Tests\Unit\QiitaScraperTest" classname="Tests.Unit.QiitaScraperTest" assertions="1" time="0.005999"/>
        <testcase name="test_extract_likes_count_数値以外の文字列処理" file="/Users/ryu/trends-laravel/tests/Unit/QiitaScraperTest.php" line="313" class="Tests\Unit\QiitaScraperTest" classname="Tests.Unit.QiitaScraperTest" assertions="1" time="0.005884"/>
        <testcase name="test_extract_url_無効なurl形式の処理" file="/Users/ryu/trends-laravel/tests/Unit/QiitaScraperTest.php" line="327" class="Tests\Unit\QiitaScraperTest" classname="Tests.Unit.QiitaScraperTest" assertions="1" time="0.005874"/>
        <testcase name="test_大量記事データでのパフォーマンス" file="/Users/ryu/trends-laravel/tests/Unit/QiitaScraperTest.php" line="341" class="Tests\Unit\QiitaScraperTest" classname="Tests.Unit.QiitaScraperTest" assertions="3" time="0.016194"/>
        <testcase name="test_normalize_and_save_data_例外処理" file="/Users/ryu/trends-laravel/tests/Unit/QiitaScraperTest.php" line="368" class="Tests\Unit\QiitaScraperTest" classname="Tests.Unit.QiitaScraperTest" assertions="1" time="0.006986"/>
        <testcase name="test_公開日の抽出が正常に動作する" file="/Users/ryu/trends-laravel/tests/Unit/QiitaScraperTest.php" line="390" class="Tests\Unit\QiitaScraperTest" classname="Tests.Unit.QiitaScraperTest" assertions="1" time="0.005883"/>
        <testcase name="test_解析エラーを適切に処理する" file="/Users/ryu/trends-laravel/tests/Unit/QiitaScraperTest.php" line="403" class="Tests\Unit\QiitaScraperTest" classname="Tests.Unit.QiitaScraperTest" assertions="2" time="0.007076"/>
        <testcase name="test_缠尺要素を適切に処理する" file="/Users/ryu/trends-laravel/tests/Unit/QiitaScraperTest.php" line="417" class="Tests\Unit\QiitaScraperTest" classname="Tests.Unit.QiitaScraperTest" assertions="5" time="0.007419"/>
      </testsuite>
      <testsuite name="Tests\Unit\Resources\CompanyArticleResourceTest" file="/Users/ryu/trends-laravel/tests/Unit/Resources/CompanyArticleResourceTest.php" tests="7" assertions="37" errors="0" failures="0" skipped="0" time="0.056646">
        <testcase name="test_基本的な記事情報が正しく変換される" file="/Users/ryu/trends-laravel/tests/Unit/Resources/CompanyArticleResourceTest.php" line="17" class="Tests\Unit\Resources\CompanyArticleResourceTest" classname="Tests.Unit.Resources.CompanyArticleResourceTest" assertions="9" time="0.015386"/>
        <testcase name="test_会社情報がロードされている場合に詳細情報が含まれる" file="/Users/ryu/trends-laravel/tests/Unit/Resources/CompanyArticleResourceTest.php" line="48" class="Tests\Unit\Resources\CompanyArticleResourceTest" classname="Tests.Unit.Resources.CompanyArticleResourceTest" assertions="3" time="0.007066"/>
        <testcase name="test_プラットフォーム情報がロードされている場合にリソースが正常に動作する" file="/Users/ryu/trends-laravel/tests/Unit/Resources/CompanyArticleResourceTest.php" line="71" class="Tests\Unit\Resources\CompanyArticleResourceTest" classname="Tests.Unit.Resources.CompanyArticleResourceTest" assertions="3" time="0.007013"/>
        <testcase name="test_基本的なリソース変換が動作する" file="/Users/ryu/trends-laravel/tests/Unit/Resources/CompanyArticleResourceTest.php" line="94" class="Tests\Unit\Resources\CompanyArticleResourceTest" classname="Tests.Unit.Resources.CompanyArticleResourceTest" assertions="5" time="0.006782"/>
        <testcase name="test_match_scoreが設定されている場合に含まれる" file="/Users/ryu/trends-laravel/tests/Unit/Resources/CompanyArticleResourceTest.php" line="114" class="Tests\Unit\Resources\CompanyArticleResourceTest" classname="Tests.Unit.Resources.CompanyArticleResourceTest" assertions="1" time="0.006785"/>
        <testcase name="test_リソースの全フィールドが含まれる" file="/Users/ryu/trends-laravel/tests/Unit/Resources/CompanyArticleResourceTest.php" line="132" class="Tests\Unit\Resources\CompanyArticleResourceTest" classname="Tests.Unit.Resources.CompanyArticleResourceTest" assertions="12" time="0.006804"/>
        <testcase name="test_日付フィールドが正しく含まれる" file="/Users/ryu/trends-laravel/tests/Unit/Resources/CompanyArticleResourceTest.php" line="156" class="Tests\Unit\Resources\CompanyArticleResourceTest" classname="Tests.Unit.Resources.CompanyArticleResourceTest" assertions="4" time="0.006809"/>
      </testsuite>
      <testsuite name="Tests\Unit\Resources\CompanyRankingCollectionTest" file="/Users/ryu/trends-laravel/tests/Unit/Resources/CompanyRankingCollectionTest.php" tests="13" assertions="67" errors="0" failures="0" skipped="0" time="0.106455">
        <testcase name="test_基本コレクション構造の確認" file="/Users/ryu/trends-laravel/tests/Unit/Resources/CompanyRankingCollectionTest.php" line="26" class="Tests\Unit\Resources\CompanyRankingCollectionTest" classname="Tests.Unit.Resources.CompanyRankingCollectionTest" assertions="6" time="0.012045"/>
        <testcase name="test_複数ランキングアイテムの変換" file="/Users/ryu/trends-laravel/tests/Unit/Resources/CompanyRankingCollectionTest.php" line="54" class="Tests\Unit\Resources\CompanyRankingCollectionTest" classname="Tests.Unit.Resources.CompanyRankingCollectionTest" assertions="12" time="0.010118"/>
        <testcase name="test_メタデータの適切な設定" file="/Users/ryu/trends-laravel/tests/Unit/Resources/CompanyRankingCollectionTest.php" line="84" class="Tests\Unit\Resources\CompanyRankingCollectionTest" classname="Tests.Unit.Resources.CompanyRankingCollectionTest" assertions="4" time="0.012637"/>
        <testcase name="test_空のコレクション処理" file="/Users/ryu/trends-laravel/tests/Unit/Resources/CompanyRankingCollectionTest.php" line="105" class="Tests\Unit\Resources\CompanyRankingCollectionTest" classname="Tests.Unit.Resources.CompanyRankingCollectionTest" assertions="5" time="0.006127"/>
        <testcase name="test_単一アイテムでの処理" file="/Users/ryu/trends-laravel/tests/Unit/Resources/CompanyRankingCollectionTest.php" line="118" class="Tests\Unit\Resources\CompanyRankingCollectionTest" classname="Tests.Unit.Resources.CompanyRankingCollectionTest" assertions="4" time="0.007583"/>
        <testcase name="test_std_classオブジェクトのコレクション処理" file="/Users/ryu/trends-laravel/tests/Unit/Resources/CompanyRankingCollectionTest.php" line="138" class="Tests\Unit\Resources\CompanyRankingCollectionTest" classname="Tests.Unit.Resources.CompanyRankingCollectionTest" assertions="8" time="0.006484"/>
        <testcase name="test_大量データでのパフォーマンス" file="/Users/ryu/trends-laravel/tests/Unit/Resources/CompanyRankingCollectionTest.php" line="174" class="Tests\Unit\Resources\CompanyRankingCollectionTest" classname="Tests.Unit.Resources.CompanyRankingCollectionTest" assertions="3" time="0.005989"/>
        <testcase name="test_レスポンス構造の完全性" file="/Users/ryu/trends-laravel/tests/Unit/Resources/CompanyRankingCollectionTest.php" line="210" class="Tests\Unit\Resources\CompanyRankingCollectionTest" classname="Tests.Unit.Resources.CompanyRankingCollectionTest" assertions="3" time="0.006558"/>
        <testcase name="test_コレクションの順序保持" file="/Users/ryu/trends-laravel/tests/Unit/Resources/CompanyRankingCollectionTest.php" line="229" class="Tests\Unit\Resources\CompanyRankingCollectionTest" classname="Tests.Unit.Resources.CompanyRankingCollectionTest" assertions="5" time="0.005634"/>
        <testcase name="test_nullデータを含むコレクション処理" file="/Users/ryu/trends-laravel/tests/Unit/Resources/CompanyRankingCollectionTest.php" line="261" class="Tests\Unit\Resources\CompanyRankingCollectionTest" classname="Tests.Unit.Resources.CompanyRankingCollectionTest" assertions="4" time="0.005789"/>
        <testcase name="test_混合データ型の処理" file="/Users/ryu/trends-laravel/tests/Unit/Resources/CompanyRankingCollectionTest.php" line="307" class="Tests\Unit\Resources\CompanyRankingCollectionTest" classname="Tests.Unit.Resources.CompanyRankingCollectionTest" assertions="6" time="0.007185"/>
        <testcase name="test_メタデータカウントの正確性" file="/Users/ryu/trends-laravel/tests/Unit/Resources/CompanyRankingCollectionTest.php" line="343" class="Tests\Unit\Resources\CompanyRankingCollectionTest" classname="Tests.Unit.Resources.CompanyRankingCollectionTest" assertions="5" time="0.012010"/>
        <testcase name="test_コレクション変換の不変性" file="/Users/ryu/trends-laravel/tests/Unit/Resources/CompanyRankingCollectionTest.php" line="364" class="Tests\Unit\Resources\CompanyRankingCollectionTest" classname="Tests.Unit.Resources.CompanyRankingCollectionTest" assertions="2" time="0.008296"/>
      </testsuite>
      <testsuite name="Tests\Unit\Resources\CompanyRankingResourceTest" file="/Users/ryu/trends-laravel/tests/Unit/Resources/CompanyRankingResourceTest.php" tests="11" assertions="101" errors="0" failures="0" skipped="0" time="0.067955">
        <testcase name="test_基本的なランキング情報が正しく変換される" file="/Users/ryu/trends-laravel/tests/Unit/Resources/CompanyRankingResourceTest.php" line="25" class="Tests\Unit\Resources\CompanyRankingResourceTest" classname="Tests.Unit.Resources.CompanyRankingResourceTest" assertions="14" time="0.011245"/>
        <testcase name="test_std_classオブジェクトからの変換が正しく行われる" file="/Users/ryu/trends-laravel/tests/Unit/Resources/CompanyRankingResourceTest.php" line="62" class="Tests\Unit\Resources\CompanyRankingResourceTest" classname="Tests.Unit.Resources.CompanyRankingResourceTest" assertions="14" time="0.005880"/>
        <testcase name="test_null値のフィールドが適切に処理される" file="/Users/ryu/trends-laravel/tests/Unit/Resources/CompanyRankingResourceTest.php" line="98" class="Tests\Unit\Resources\CompanyRankingResourceTest" classname="Tests.Unit.Resources.CompanyRankingResourceTest" assertions="14" time="0.005903"/>
        <testcase name="test_rank_changeがnullの場合はnullを返す" file="/Users/ryu/trends-laravel/tests/Unit/Resources/CompanyRankingResourceTest.php" line="134" class="Tests\Unit\Resources\CompanyRankingResourceTest" classname="Tests.Unit.Resources.CompanyRankingResourceTest" assertions="1" time="0.006038"/>
        <testcase name="test_total_scoreの浮動小数点変換が正しく行われる" file="/Users/ryu/trends-laravel/tests/Unit/Resources/CompanyRankingResourceTest.php" line="157" class="Tests\Unit\Resources\CompanyRankingResourceTest" classname="Tests.Unit.Resources.CompanyRankingResourceTest" assertions="14" time="0.005755"/>
        <testcase name="test_プロパティが存在しない場合のnull処理" file="/Users/ryu/trends-laravel/tests/Unit/Resources/CompanyRankingResourceTest.php" line="193" class="Tests\Unit\Resources\CompanyRankingResourceTest" classname="Tests.Unit.Resources.CompanyRankingResourceTest" assertions="6" time="0.005538"/>
        <testcase name="test_期間情報の正しいフォーマット" file="/Users/ryu/trends-laravel/tests/Unit/Resources/CompanyRankingResourceTest.php" line="215" class="Tests\Unit\Resources\CompanyRankingResourceTest" classname="Tests.Unit.Resources.CompanyRankingResourceTest" assertions="5" time="0.005542"/>
        <testcase name="test_数値データの型変換正確性" file="/Users/ryu/trends-laravel/tests/Unit/Resources/CompanyRankingResourceTest.php" line="242" class="Tests\Unit\Resources\CompanyRankingResourceTest" classname="Tests.Unit.Resources.CompanyRankingResourceTest" assertions="2" time="0.005486"/>
        <testcase name="test_レスポンス構造の完全性" file="/Users/ryu/trends-laravel/tests/Unit/Resources/CompanyRankingResourceTest.php" line="266" class="Tests\Unit\Resources\CompanyRankingResourceTest" classname="Tests.Unit.Resources.CompanyRankingResourceTest" assertions="15" time="0.005510"/>
        <testcase name="test_企業情報の埋め込み構造の整合性" file="/Users/ryu/trends-laravel/tests/Unit/Resources/CompanyRankingResourceTest.php" line="323" class="Tests\Unit\Resources\CompanyRankingResourceTest" classname="Tests.Unit.Resources.CompanyRankingResourceTest" assertions="5" time="0.005534"/>
        <testcase name="test_エラー耐性_不正なデータ型の処理" file="/Users/ryu/trends-laravel/tests/Unit/Resources/CompanyRankingResourceTest.php" line="350" class="Tests\Unit\Resources\CompanyRankingResourceTest" classname="Tests.Unit.Resources.CompanyRankingResourceTest" assertions="11" time="0.005524"/>
      </testsuite>
      <testsuite name="Tests\Unit\Resources\CompanyResourceTest" file="/Users/ryu/trends-laravel/tests/Unit/Resources/CompanyResourceTest.php" tests="17" assertions="72" errors="0" failures="0" skipped="0" time="0.111014">
        <testcase name="test_基本的な企業情報が正しく変換される" file="/Users/ryu/trends-laravel/tests/Unit/Resources/CompanyResourceTest.php" line="27" class="Tests\Unit\Resources\CompanyResourceTest" classname="Tests.Unit.Resources.CompanyResourceTest" assertions="9" time="0.009907"/>
        <testcase name="test_ランキング情報がない場合は空の配列が返される" file="/Users/ryu/trends-laravel/tests/Unit/Resources/CompanyResourceTest.php" line="43" class="Tests\Unit\Resources\CompanyResourceTest" classname="Tests.Unit.Resources.CompanyResourceTest" assertions="4" time="0.006104"/>
        <testcase name="test_記事情報がロードされていない場合の処理" file="/Users/ryu/trends-laravel/tests/Unit/Resources/CompanyResourceTest.php" line="54" class="Tests\Unit\Resources\CompanyResourceTest" classname="Tests.Unit.Resources.CompanyResourceTest" assertions="2" time="0.006005"/>
        <testcase name="test_記事情報がロードされている場合の処理" file="/Users/ryu/trends-laravel/tests/Unit/Resources/CompanyResourceTest.php" line="63" class="Tests\Unit\Resources\CompanyResourceTest" classname="Tests.Unit.Resources.CompanyResourceTest" assertions="2" time="0.008231"/>
        <testcase name="test_match_scoreが設定されている場合に含まれる" file="/Users/ryu/trends-laravel/tests/Unit/Resources/CompanyResourceTest.php" line="75" class="Tests\Unit\Resources\CompanyResourceTest" classname="Tests.Unit.Resources.CompanyResourceTest" assertions="2" time="0.006069"/>
        <testcase name="test_match_scoreが設定されていない場合は含まれない" file="/Users/ryu/trends-laravel/tests/Unit/Resources/CompanyResourceTest.php" line="85" class="Tests\Unit\Resources\CompanyResourceTest" classname="Tests.Unit.Resources.CompanyResourceTest" assertions="2" time="0.005962"/>
        <testcase name="test_コンストラクタでcurrent_rankingsが設定される" file="/Users/ryu/trends-laravel/tests/Unit/Resources/CompanyResourceTest.php" line="94" class="Tests\Unit\Resources\CompanyResourceTest" classname="Tests.Unit.Resources.CompanyResourceTest" assertions="4" time="0.005980"/>
        <testcase name="test_format_current_rankings_正常なランキングデータの変換" file="/Users/ryu/trends-laravel/tests/Unit/Resources/CompanyResourceTest.php" line="113" class="Tests\Unit\Resources\CompanyResourceTest" classname="Tests.Unit.Resources.CompanyResourceTest" assertions="7" time="0.005954"/>
        <testcase name="test_format_current_rankings_nullランキングの処理" file="/Users/ryu/trends-laravel/tests/Unit/Resources/CompanyResourceTest.php" line="150" class="Tests\Unit\Resources\CompanyResourceTest" classname="Tests.Unit.Resources.CompanyResourceTest" assertions="2" time="0.006005"/>
        <testcase name="test_format_current_rankings_非オブジェクトランキングの処理" file="/Users/ryu/trends-laravel/tests/Unit/Resources/CompanyResourceTest.php" line="170" class="Tests\Unit\Resources\CompanyResourceTest" classname="Tests.Unit.Resources.CompanyResourceTest" assertions="2" time="0.006187"/>
        <testcase name="test_format_current_rankings_配列でないランキングの処理" file="/Users/ryu/trends-laravel/tests/Unit/Resources/CompanyResourceTest.php" line="191" class="Tests\Unit\Resources\CompanyResourceTest" classname="Tests.Unit.Resources.CompanyResourceTest" assertions="2" time="0.006167"/>
        <testcase name="test_format_ranking_history_正常なランキング履歴の変換" file="/Users/ryu/trends-laravel/tests/Unit/Resources/CompanyResourceTest.php" line="202" class="Tests\Unit\Resources\CompanyResourceTest" classname="Tests.Unit.Resources.CompanyResourceTest" assertions="9" time="0.006691"/>
        <testcase name="test_format_ranking_history_calculated_atがnullの場合の処理" file="/Users/ryu/trends-laravel/tests/Unit/Resources/CompanyResourceTest.php" line="234" class="Tests\Unit\Resources\CompanyResourceTest" classname="Tests.Unit.Resources.CompanyResourceTest" assertions="4" time="0.006144"/>
        <testcase name="test_format_ranking_history_空のランキング配列の処理" file="/Users/ryu/trends-laravel/tests/Unit/Resources/CompanyResourceTest.php" line="255" class="Tests\Unit\Resources\CompanyResourceTest" classname="Tests.Unit.Resources.CompanyResourceTest" assertions="2" time="0.006139"/>
        <testcase name="test_リソースのフィールド完全性チェック" file="/Users/ryu/trends-laravel/tests/Unit/Resources/CompanyResourceTest.php" line="266" class="Tests\Unit\Resources\CompanyResourceTest" classname="Tests.Unit.Resources.CompanyResourceTest" assertions="12" time="0.006010"/>
        <testcase name="test_スコア値の型変換が正しく行われる" file="/Users/ryu/trends-laravel/tests/Unit/Resources/CompanyResourceTest.php" line="291" class="Tests\Unit\Resources\CompanyResourceTest" classname="Tests.Unit.Resources.CompanyResourceTest" assertions="4" time="0.005986"/>
        <testcase name="test_大量ランキングデータでのパフォーマンス" file="/Users/ryu/trends-laravel/tests/Unit/Resources/CompanyResourceTest.php" line="313" class="Tests\Unit\Resources\CompanyResourceTest" classname="Tests.Unit.Resources.CompanyResourceTest" assertions="3" time="0.007473"/>
      </testsuite>
      <testsuite name="Tests\Unit\SearchControllerTest" file="/Users/ryu/trends-laravel/tests/Unit/SearchControllerTest.php" tests="7" assertions="12" errors="0" failures="0" skipped="0" time="0.073762">
        <testcase name="企業の関連度スコア計算が正常に動作する" file="/Users/ryu/trends-laravel/tests/Unit/SearchControllerTest.php" line="26" class="Tests\Unit\SearchControllerTest" classname="Tests.Unit.SearchControllerTest" assertions="3" time="0.028045"/>
        <testcase name="記事の関連度スコア計算が正常に動作する" file="/Users/ryu/trends-laravel/tests/Unit/SearchControllerTest.php" line="48" class="Tests\Unit\SearchControllerTest" classname="Tests.Unit.SearchControllerTest" assertions="3" time="0.008076"/>
        <testcase name="企業名完全一致の場合最高スコアが返される" file="/Users/ryu/trends-laravel/tests/Unit/SearchControllerTest.php" line="71" class="Tests\Unit\SearchControllerTest" classname="Tests.Unit.SearchControllerTest" assertions="2" time="0.007528"/>
        <testcase name="記事のブックマーク数が多いほど高スコアが返される" file="/Users/ryu/trends-laravel/tests/Unit/SearchControllerTest.php" line="91" class="Tests\Unit\SearchControllerTest" classname="Tests.Unit.SearchControllerTest" assertions="1" time="0.008321"/>
        <testcase name="新しい記事ほど高スコアが返される" file="/Users/ryu/trends-laravel/tests/Unit/SearchControllerTest.php" line="118" class="Tests\Unit\SearchControllerTest" classname="Tests.Unit.SearchControllerTest" assertions="1" time="0.008242"/>
        <testcase name="企業のドメイン一致でスコアが加算される" file="/Users/ryu/trends-laravel/tests/Unit/SearchControllerTest.php" line="145" class="Tests\Unit\SearchControllerTest" classname="Tests.Unit.SearchControllerTest" assertions="1" time="0.006482"/>
        <testcase name="記事の著者名一致でスコアが加算される" file="/Users/ryu/trends-laravel/tests/Unit/SearchControllerTest.php" line="165" class="Tests\Unit\SearchControllerTest" classname="Tests.Unit.SearchControllerTest" assertions="1" time="0.007069"/>
      </testsuite>
      <testsuite name="Tests\Unit\Services\BaseScraperTest" file="/Users/ryu/trends-laravel/tests/Unit/Services/BaseScraperTest.php" tests="23" assertions="75" errors="0" failures="0" skipped="0" time="85.204208">
        <testcase name="test_基本的なスクレイピングが成功する" file="/Users/ryu/trends-laravel/tests/Unit/Services/BaseScraperTest.php" line="23" class="Tests\Unit\Services\BaseScraperTest" classname="Tests.Unit.Services.BaseScraperTest" assertions="2" time="0.009487"/>
        <testcase name="test_レート制限の設定ができる" file="/Users/ryu/trends-laravel/tests/Unit/Services/BaseScraperTest.php" line="37" class="Tests\Unit\Services\BaseScraperTest" classname="Tests.Unit.Services.BaseScraperTest" assertions="1" time="0.006102"/>
        <testcase name="test_リトライ設定ができる" file="/Users/ryu/trends-laravel/tests/Unit/Services/BaseScraperTest.php" line="48" class="Tests\Unit\Services\BaseScraperTest" classname="Tests.Unit.Services.BaseScraperTest" assertions="2" time="0.005548"/>
        <testcase name="test_ヘッダーの設定ができる" file="/Users/ryu/trends-laravel/tests/Unit/Services/BaseScraperTest.php" line="64" class="Tests\Unit\Services\BaseScraperTest" classname="Tests.Unit.Services.BaseScraperTest" assertions="2" time="0.005482"/>
        <testcase name="test_タイムアウト設定ができる" file="/Users/ryu/trends-laravel/tests/Unit/Services/BaseScraperTest.php" line="78" class="Tests\Unit\Services\BaseScraperTest" classname="Tests.Unit.Services.BaseScraperTest" assertions="1" time="0.005483"/>
        <testcase name="test_最後のレスポンス情報を取得できる" file="/Users/ryu/trends-laravel/tests/Unit/Services/BaseScraperTest.php" line="89" class="Tests\Unit\Services\BaseScraperTest" classname="Tests.Unit.Services.BaseScraperTest" assertions="4" time="0.005928"/>
        <testcase name="test_httpエラー時にリトライされる" file="/Users/ryu/trends-laravel/tests/Unit/Services/BaseScraperTest.php" line="104" class="Tests\Unit\Services\BaseScraperTest" classname="Tests.Unit.Services.BaseScraperTest" assertions="4" time="0.006386"/>
        <testcase name="test_最大リトライ回数に達すると例外が発生する" file="/Users/ryu/trends-laravel/tests/Unit/Services/BaseScraperTest.php" line="126" class="Tests\Unit\Services\BaseScraperTest" classname="Tests.Unit.Services.BaseScraperTest" assertions="3" time="0.005993"/>
        <testcase name="test_レート制限機能の設定テスト" file="/Users/ryu/trends-laravel/tests/Unit/Services/BaseScraperTest.php" line="142" class="Tests\Unit\Services\BaseScraperTest" classname="Tests.Unit.Services.BaseScraperTest" assertions="2" time="0.005850"/>
        <testcase name="test_成功時にログが記録される" file="/Users/ryu/trends-laravel/tests/Unit/Services/BaseScraperTest.php" line="165" class="Tests\Unit\Services\BaseScraperTest" classname="Tests.Unit.Services.BaseScraperTest" assertions="1" time="0.005858"/>
        <testcase name="test_エラー時にログが記録される" file="/Users/ryu/trends-laravel/tests/Unit/Services/BaseScraperTest.php" line="182" class="Tests\Unit\Services\BaseScraperTest" classname="Tests.Unit.Services.BaseScraperTest" assertions="2" time="0.006235"/>
        <testcase name="test_デフォルトヘッダーが設定される" file="/Users/ryu/trends-laravel/tests/Unit/Services/BaseScraperTest.php" line="199" class="Tests\Unit\Services\BaseScraperTest" classname="Tests.Unit.Services.BaseScraperTest" assertions="4" time="0.005500"/>
        <testcase name="test_エラーログが正しく記録される" file="/Users/ryu/trends-laravel/tests/Unit/Services/BaseScraperTest.php" line="212" class="Tests\Unit\Services\BaseScraperTest" classname="Tests.Unit.Services.BaseScraperTest" assertions="7" time="0.006112"/>
        <testcase name="test_enforce_rate_limit_制限値内では即座に実行される" file="/Users/ryu/trends-laravel/tests/Unit/Services/BaseScraperTest.php" line="240" class="Tests\Unit\Services\BaseScraperTest" classname="Tests.Unit.Services.BaseScraperTest" assertions="1" time="0.005626"/>
        <testcase name="test_enforce_rate_limit_制限値超過の検知" file="/Users/ryu/trends-laravel/tests/Unit/Services/BaseScraperTest.php" line="262" class="Tests\Unit\Services\BaseScraperTest" classname="Tests.Unit.Services.BaseScraperTest" assertions="4" time="0.005640"/>
        <testcase name="test_enforce_rate_limit_キャッシュカウンターの更新" file="/Users/ryu/trends-laravel/tests/Unit/Services/BaseScraperTest.php" line="284" class="Tests\Unit\Services\BaseScraperTest" classname="Tests.Unit.Services.BaseScraperTest" assertions="2" time="0.010848"/>
        <testcase name="test_enforce_rate_limit_複数リクエスト間隔の検証" file="/Users/ryu/trends-laravel/tests/Unit/Services/BaseScraperTest.php" line="307" class="Tests\Unit\Services\BaseScraperTest" classname="Tests.Unit.Services.BaseScraperTest" assertions="6" time="25.016422"/>
        <testcase name="test_enforce_rate_limit_境界値テスト" file="/Users/ryu/trends-laravel/tests/Unit/Services/BaseScraperTest.php" line="335" class="Tests\Unit\Services\BaseScraperTest" classname="Tests.Unit.Services.BaseScraperTest" assertions="4" time="60.029289"/>
        <testcase name="test_enforce_rate_limit_設定値0の場合の検知" file="/Users/ryu/trends-laravel/tests/Unit/Services/BaseScraperTest.php" line="360" class="Tests\Unit\Services\BaseScraperTest" classname="Tests.Unit.Services.BaseScraperTest" assertions="3" time="0.018683"/>
        <testcase name="test_enforce_rate_limit_大きな制限値での処理" file="/Users/ryu/trends-laravel/tests/Unit/Services/BaseScraperTest.php" line="380" class="Tests\Unit\Services\BaseScraperTest" classname="Tests.Unit.Services.BaseScraperTest" assertions="2" time="0.010565"/>
        <testcase name="test_make_request_例外処理" file="/Users/ryu/trends-laravel/tests/Unit/Services/BaseScraperTest.php" line="398" class="Tests\Unit\Services\BaseScraperTest" classname="Tests.Unit.Services.BaseScraperTest" assertions="3" time="0.009798"/>
        <testcase name="test_parse_response_空レスポンス処理" file="/Users/ryu/trends-laravel/tests/Unit/Services/BaseScraperTest.php" line="415" class="Tests\Unit\Services\BaseScraperTest" classname="Tests.Unit.Services.BaseScraperTest" assertions="3" time="0.008290"/>
        <testcase name="test_エラーログ蓄積の境界テスト" file="/Users/ryu/trends-laravel/tests/Unit/Services/BaseScraperTest.php" line="428" class="Tests\Unit\Services\BaseScraperTest" classname="Tests.Unit.Services.BaseScraperTest" assertions="12" time="0.009087"/>
      </testsuite>
      <testsuite name="Tests\Unit\Services\CompanyInfluenceScoreServiceTest" file="/Users/ryu/trends-laravel/tests/Unit/Services/CompanyInfluenceScoreServiceTest.php" tests="18" assertions="55" errors="0" failures="0" skipped="0" time="0.156678">
        <testcase name="test_calculate_company_score_記事なしの場合ゼロを返す" file="/Users/ryu/trends-laravel/tests/Unit/Services/CompanyInfluenceScoreServiceTest.php" line="30" class="Tests\Unit\Services\CompanyInfluenceScoreServiceTest" classname="Tests.Unit.Services.CompanyInfluenceScoreServiceTest" assertions="1" time="0.015585"/>
        <testcase name="test_calculate_company_score_記事ありの場合正しいスコアを計算する" file="/Users/ryu/trends-laravel/tests/Unit/Services/CompanyInfluenceScoreServiceTest.php" line="45" class="Tests\Unit\Services\CompanyInfluenceScoreServiceTest" classname="Tests.Unit.Services.CompanyInfluenceScoreServiceTest" assertions="2" time="0.008482"/>
        <testcase name="test_calculate_company_score_複数記事の場合合計スコアを返す" file="/Users/ryu/trends-laravel/tests/Unit/Services/CompanyInfluenceScoreServiceTest.php" line="71" class="Tests\Unit\Services\CompanyInfluenceScoreServiceTest" classname="Tests.Unit.Services.CompanyInfluenceScoreServiceTest" assertions="2" time="0.009658"/>
        <testcase name="test_calculate_company_score_プラットフォーム別重み付けが適用される" file="/Users/ryu/trends-laravel/tests/Unit/Services/CompanyInfluenceScoreServiceTest.php" line="110" class="Tests\Unit\Services\CompanyInfluenceScoreServiceTest" classname="Tests.Unit.Services.CompanyInfluenceScoreServiceTest" assertions="4" time="0.009758"/>
        <testcase name="test_save_company_influence_score_正常にスコアを保存できる" file="/Users/ryu/trends-laravel/tests/Unit/Services/CompanyInfluenceScoreServiceTest.php" line="152" class="Tests\Unit\Services\CompanyInfluenceScoreServiceTest" classname="Tests.Unit.Services.CompanyInfluenceScoreServiceTest" assertions="7" time="0.008766"/>
        <testcase name="test_save_company_influence_score_同じ期間の場合更新される" file="/Users/ryu/trends-laravel/tests/Unit/Services/CompanyInfluenceScoreServiceTest.php" line="189" class="Tests\Unit\Services\CompanyInfluenceScoreServiceTest" classname="Tests.Unit.Services.CompanyInfluenceScoreServiceTest" assertions="3" time="0.007801"/>
        <testcase name="test_calculate_all_companies_score_アクティブな企業のみ処理される" file="/Users/ryu/trends-laravel/tests/Unit/Services/CompanyInfluenceScoreServiceTest.php" line="226" class="Tests\Unit\Services\CompanyInfluenceScoreServiceTest" classname="Tests.Unit.Services.CompanyInfluenceScoreServiceTest" assertions="2" time="0.009270"/>
        <testcase name="test_calculate_all_companies_score_スコアゼロの企業は結果に含まれない" file="/Users/ryu/trends-laravel/tests/Unit/Services/CompanyInfluenceScoreServiceTest.php" line="260" class="Tests\Unit\Services\CompanyInfluenceScoreServiceTest" classname="Tests.Unit.Services.CompanyInfluenceScoreServiceTest" assertions="1" time="0.006832"/>
        <testcase name="test_calculate_scores_by_period_全期間タイプのスコアを計算する" file="/Users/ryu/trends-laravel/tests/Unit/Services/CompanyInfluenceScoreServiceTest.php" line="277" class="Tests\Unit\Services\CompanyInfluenceScoreServiceTest" classname="Tests.Unit.Services.CompanyInfluenceScoreServiceTest" assertions="6" time="0.010666"/>
        <testcase name="test_get_company_scores_by_period_期間別スコアを正しく取得する" file="/Users/ryu/trends-laravel/tests/Unit/Services/CompanyInfluenceScoreServiceTest.php" line="304" class="Tests\Unit\Services\CompanyInfluenceScoreServiceTest" classname="Tests.Unit.Services.CompanyInfluenceScoreServiceTest" assertions="6" time="0.008293"/>
        <testcase name="test_get_company_score_statistics_統計情報を正しく計算する" file="/Users/ryu/trends-laravel/tests/Unit/Services/CompanyInfluenceScoreServiceTest.php" line="336" class="Tests\Unit\Services\CompanyInfluenceScoreServiceTest" classname="Tests.Unit.Services.CompanyInfluenceScoreServiceTest" assertions="5" time="0.007531"/>
        <testcase name="test_get_company_score_history_指定期間の履歴を取得する" file="/Users/ryu/trends-laravel/tests/Unit/Services/CompanyInfluenceScoreServiceTest.php" line="366" class="Tests\Unit\Services\CompanyInfluenceScoreServiceTest" classname="Tests.Unit.Services.CompanyInfluenceScoreServiceTest" assertions="4" time="0.007316"/>
        <testcase name="test_期間外の記事は対象外となる" file="/Users/ryu/trends-laravel/tests/Unit/Services/CompanyInfluenceScoreServiceTest.php" line="398" class="Tests\Unit\Services\CompanyInfluenceScoreServiceTest" classname="Tests.Unit.Services.CompanyInfluenceScoreServiceTest" assertions="1" time="0.007285"/>
        <testcase name="test_published_at_がnullの場合scraped_atで判定される" file="/Users/ryu/trends-laravel/tests/Unit/Services/CompanyInfluenceScoreServiceTest.php" line="423" class="Tests\Unit\Services\CompanyInfluenceScoreServiceTest" classname="Tests.Unit.Services.CompanyInfluenceScoreServiceTest" assertions="1" time="0.007520"/>
        <testcase name="test_時系列重み付けが正しく適用される" file="/Users/ryu/trends-laravel/tests/Unit/Services/CompanyInfluenceScoreServiceTest.php" line="448" class="Tests\Unit\Services\CompanyInfluenceScoreServiceTest" classname="Tests.Unit.Services.CompanyInfluenceScoreServiceTest" assertions="3" time="0.009064"/>
        <testcase name="test_時間減衰計算で異常値が発生しない" file="/Users/ryu/trends-laravel/tests/Unit/Services/CompanyInfluenceScoreServiceTest.php" line="488" class="Tests\Unit\Services\CompanyInfluenceScoreServiceTest" classname="Tests.Unit.Services.CompanyInfluenceScoreServiceTest" assertions="3" time="0.007725"/>
        <testcase name="test_期間開始日と終了日が逆転している場合でも正常に動作する" file="/Users/ryu/trends-laravel/tests/Unit/Services/CompanyInfluenceScoreServiceTest.php" line="518" class="Tests\Unit\Services\CompanyInfluenceScoreServiceTest" classname="Tests.Unit.Services.CompanyInfluenceScoreServiceTest" assertions="3" time="0.007445"/>
        <testcase name="test_calculate_company_score_でログが出力される" file="/Users/ryu/trends-laravel/tests/Unit/Services/CompanyInfluenceScoreServiceTest.php" line="544" class="Tests\Unit\Services\CompanyInfluenceScoreServiceTest" classname="Tests.Unit.Services.CompanyInfluenceScoreServiceTest" assertions="1" time="0.007681"/>
      </testsuite>
      <testsuite name="Tests\Unit\Services\CompanyMatcherTest" file="/Users/ryu/trends-laravel/tests/Unit/Services/CompanyMatcherTest.php" tests="18" assertions="43" errors="0" failures="0" skipped="0" time="0.130274">
        <testcase name="test_identify_company_urlパターンマッチングで企業を特定できる" file="/Users/ryu/trends-laravel/tests/Unit/Services/CompanyMatcherTest.php" line="25" class="Tests\Unit\Services\CompanyMatcherTest" classname="Tests.Unit.Services.CompanyMatcherTest" assertions="3" time="0.013523"/>
        <testcase name="test_identify_company_ドメインマッチングで企業を特定できる" file="/Users/ryu/trends-laravel/tests/Unit/Services/CompanyMatcherTest.php" line="46" class="Tests\Unit\Services\CompanyMatcherTest" classname="Tests.Unit.Services.CompanyMatcherTest" assertions="3" time="0.006926"/>
        <testcase name="test_identify_company_qiitaユーザー名で企業を特定できる" file="/Users/ryu/trends-laravel/tests/Unit/Services/CompanyMatcherTest.php" line="67" class="Tests\Unit\Services\CompanyMatcherTest" classname="Tests.Unit.Services.CompanyMatcherTest" assertions="3" time="0.006609"/>
        <testcase name="test_identify_company_zennユーザー名で企業を特定できる" file="/Users/ryu/trends-laravel/tests/Unit/Services/CompanyMatcherTest.php" line="89" class="Tests\Unit\Services\CompanyMatcherTest" classname="Tests.Unit.Services.CompanyMatcherTest" assertions="3" time="0.006399"/>
        <testcase name="test_identify_company_キーワードマッチングで企業を特定できる" file="/Users/ryu/trends-laravel/tests/Unit/Services/CompanyMatcherTest.php" line="111" class="Tests\Unit\Services\CompanyMatcherTest" classname="Tests.Unit.Services.CompanyMatcherTest" assertions="3" time="0.012948"/>
        <testcase name="test_identify_company_zenn組織記事で企業を特定できる" file="/Users/ryu/trends-laravel/tests/Unit/Services/CompanyMatcherTest.php" line="132" class="Tests\Unit\Services\CompanyMatcherTest" classname="Tests.Unit.Services.CompanyMatcherTest" assertions="3" time="0.007181"/>
        <testcase name="test_identify_company_優先順位に従って正しい企業を選択する" file="/Users/ryu/trends-laravel/tests/Unit/Services/CompanyMatcherTest.php" line="153" class="Tests\Unit\Services\CompanyMatcherTest" classname="Tests.Unit.Services.CompanyMatcherTest" assertions="3" time="0.006964"/>
        <testcase name="test_identify_company_企業が見つからない場合nullを返す" file="/Users/ryu/trends-laravel/tests/Unit/Services/CompanyMatcherTest.php" line="181" class="Tests\Unit\Services\CompanyMatcherTest" classname="Tests.Unit.Services.CompanyMatcherTest" assertions="1" time="0.006105"/>
        <testcase name="test_identify_company_非アクティブな企業は対象外" file="/Users/ryu/trends-laravel/tests/Unit/Services/CompanyMatcherTest.php" line="195" class="Tests\Unit\Services\CompanyMatcherTest" classname="Tests.Unit.Services.CompanyMatcherTest" assertions="1" time="0.006320"/>
        <testcase name="test_identify_company_空のデータでnullを返す" file="/Users/ryu/trends-laravel/tests/Unit/Services/CompanyMatcherTest.php" line="214" class="Tests\Unit\Services\CompanyMatcherTest" classname="Tests.Unit.Services.CompanyMatcherTest" assertions="1" time="0.005763"/>
        <testcase name="test_identify_company_domain_patternsで柔軟なマッチングができる" file="/Users/ryu/trends-laravel/tests/Unit/Services/CompanyMatcherTest.php" line="224" class="Tests\Unit\Services\CompanyMatcherTest" classname="Tests.Unit.Services.CompanyMatcherTest" assertions="3" time="0.006403"/>
        <testcase name="test_identify_company_クリーンアップされたユーザー名でマッチング" file="/Users/ryu/trends-laravel/tests/Unit/Services/CompanyMatcherTest.php" line="245" class="Tests\Unit\Services\CompanyMatcherTest" classname="Tests.Unit.Services.CompanyMatcherTest" assertions="3" time="0.006344"/>
        <testcase name="test_identify_company_キーワードの大文字小文字を正しく処理" file="/Users/ryu/trends-laravel/tests/Unit/Services/CompanyMatcherTest.php" line="267" class="Tests\Unit\Services\CompanyMatcherTest" classname="Tests.Unit.Services.CompanyMatcherTest" assertions="3" time="0.006478"/>
        <testcase name="test_identify_company_キーワードの単語境界を正しく処理" file="/Users/ryu/trends-laravel/tests/Unit/Services/CompanyMatcherTest.php" line="287" class="Tests\Unit\Services\CompanyMatcherTest" classname="Tests.Unit.Services.CompanyMatcherTest" assertions="3" time="0.006668"/>
        <testcase name="test_identify_company_不正なプラットフォーム名でnullを返す" file="/Users/ryu/trends-laravel/tests/Unit/Services/CompanyMatcherTest.php" line="312" class="Tests\Unit\Services\CompanyMatcherTest" classname="Tests.Unit.Services.CompanyMatcherTest" assertions="1" time="0.006206"/>
        <testcase name="test_identify_company_複数の条件に一致する場合優先順位で決定" file="/Users/ryu/trends-laravel/tests/Unit/Services/CompanyMatcherTest.php" line="332" class="Tests\Unit\Services\CompanyMatcherTest" classname="Tests.Unit.Services.CompanyMatcherTest" assertions="3" time="0.006516"/>
        <testcase name="test_identify_company_zenn組織urlの不正なパターンでnullを返す" file="/Users/ryu/trends-laravel/tests/Unit/Services/CompanyMatcherTest.php" line="354" class="Tests\Unit\Services\CompanyMatcherTest" classname="Tests.Unit.Services.CompanyMatcherTest" assertions="1" time="0.006539"/>
        <testcase name="test_identify_company_ログが正しく出力される" file="/Users/ryu/trends-laravel/tests/Unit/Services/CompanyMatcherTest.php" line="373" class="Tests\Unit\Services\CompanyMatcherTest" classname="Tests.Unit.Services.CompanyMatcherTest" assertions="2" time="0.006383"/>
      </testsuite>
      <testsuite name="Tests\Unit\Services\CompanyRankingServiceTest" file="/Users/ryu/trends-laravel/tests/Unit/Services/CompanyRankingServiceTest.php" tests="16" assertions="78" errors="0" failures="0" skipped="0" time="0.148152">
        <testcase name="test_generate_all_rankings_全期間のランキングを生成する" file="/Users/ryu/trends-laravel/tests/Unit/Services/CompanyRankingServiceTest.php" line="41" class="Tests\Unit\Services\CompanyRankingServiceTest" classname="Tests.Unit.Services.CompanyRankingServiceTest" assertions="15" time="0.015414"/>
        <testcase name="test_generate_ranking_for_period_指定期間のランキングを生成する" file="/Users/ryu/trends-laravel/tests/Unit/Services/CompanyRankingServiceTest.php" line="81" class="Tests\Unit\Services\CompanyRankingServiceTest" classname="Tests.Unit.Services.CompanyRankingServiceTest" assertions="7" time="0.007193"/>
        <testcase name="test_generate_ranking_for_period_同じスコアの場合同じ順位になる" file="/Users/ryu/trends-laravel/tests/Unit/Services/CompanyRankingServiceTest.php" line="129" class="Tests\Unit\Services\CompanyRankingServiceTest" classname="Tests.Unit.Services.CompanyRankingServiceTest" assertions="4" time="0.007411"/>
        <testcase name="test_get_ranking_for_period_指定期間のランキングを取得する" file="/Users/ryu/trends-laravel/tests/Unit/Services/CompanyRankingServiceTest.php" line="179" class="Tests\Unit\Services\CompanyRankingServiceTest" classname="Tests.Unit.Services.CompanyRankingServiceTest" assertions="3" time="0.006939"/>
        <testcase name="test_get_ranking_for_period_非アクティブ企業は除外される" file="/Users/ryu/trends-laravel/tests/Unit/Services/CompanyRankingServiceTest.php" line="201" class="Tests\Unit\Services\CompanyRankingServiceTest" classname="Tests.Unit.Services.CompanyRankingServiceTest" assertions="2" time="0.007768"/>
        <testcase name="test_get_company_rankings_企業の全期間ランキングを取得する" file="/Users/ryu/trends-laravel/tests/Unit/Services/CompanyRankingServiceTest.php" line="228" class="Tests\Unit\Services\CompanyRankingServiceTest" classname="Tests.Unit.Services.CompanyRankingServiceTest" assertions="4" time="0.008763"/>
        <testcase name="test_get_company_rankings_ランキングがない期間はnullを返す" file="/Users/ryu/trends-laravel/tests/Unit/Services/CompanyRankingServiceTest.php" line="259" class="Tests\Unit\Services\CompanyRankingServiceTest" classname="Tests.Unit.Services.CompanyRankingServiceTest" assertions="3" time="0.008335"/>
        <testcase name="test_get_top_companies_ranking_history_上位企業の履歴を取得する" file="/Users/ryu/trends-laravel/tests/Unit/Services/CompanyRankingServiceTest.php" line="281" class="Tests\Unit\Services\CompanyRankingServiceTest" classname="Tests.Unit.Services.CompanyRankingServiceTest" assertions="5" time="0.008183"/>
        <testcase name="test_get_ranking_statistics_ランキング統計を取得する" file="/Users/ryu/trends-laravel/tests/Unit/Services/CompanyRankingServiceTest.php" line="327" class="Tests\Unit\Services\CompanyRankingServiceTest" classname="Tests.Unit.Services.CompanyRankingServiceTest" assertions="7" time="0.007876"/>
        <testcase name="test_get_company_ranking_history_企業のランキング履歴を取得する" file="/Users/ryu/trends-laravel/tests/Unit/Services/CompanyRankingServiceTest.php" line="365" class="Tests\Unit\Services\CompanyRankingServiceTest" classname="Tests.Unit.Services.CompanyRankingServiceTest" assertions="5" time="0.008471"/>
        <testcase name="test_calculate_period_dates_期間の開始日と終了日を正しく計算する" file="/Users/ryu/trends-laravel/tests/Unit/Services/CompanyRankingServiceTest.php" line="409" class="Tests\Unit\Services\CompanyRankingServiceTest" classname="Tests.Unit.Services.CompanyRankingServiceTest" assertions="3" time="0.005992"/>
        <testcase name="test_save_rankings_ランキングをデータベースに保存する" file="/Users/ryu/trends-laravel/tests/Unit/Services/CompanyRankingServiceTest.php" line="436" class="Tests\Unit\Services\CompanyRankingServiceTest" classname="Tests.Unit.Services.CompanyRankingServiceTest" assertions="1" time="0.006692"/>
        <testcase name="test_save_rankings_既存ランキングを更新する" file="/Users/ryu/trends-laravel/tests/Unit/Services/CompanyRankingServiceTest.php" line="473" class="Tests\Unit\Services\CompanyRankingServiceTest" classname="Tests.Unit.Services.CompanyRankingServiceTest" assertions="2" time="0.007314"/>
        <testcase name="test_generate_rankings_concurrently_並行処理でランキングを生成する" file="/Users/ryu/trends-laravel/tests/Unit/Services/CompanyRankingServiceTest.php" line="526" class="Tests\Unit\Services\CompanyRankingServiceTest" classname="Tests.Unit.Services.CompanyRankingServiceTest" assertions="8" time="0.008628"/>
        <testcase name="test_generate_ranking_for_period_空のスコアでも正常に処理される" file="/Users/ryu/trends-laravel/tests/Unit/Services/CompanyRankingServiceTest.php" line="549" class="Tests\Unit\Services\CompanyRankingServiceTest" classname="Tests.Unit.Services.CompanyRankingServiceTest" assertions="2" time="0.023164"/>
        <testcase name="test_create_rankings_スコア順でランキングを作成する" file="/Users/ryu/trends-laravel/tests/Unit/Services/CompanyRankingServiceTest.php" line="568" class="Tests\Unit\Services\CompanyRankingServiceTest" classname="Tests.Unit.Services.CompanyRankingServiceTest" assertions="7" time="0.010010"/>
      </testsuite>
      <testsuite name="Tests\Unit\ZennScraperTest" file="/Users/ryu/trends-laravel/tests/Unit/ZennScraperTest.php" tests="27" assertions="66" errors="0" failures="0" skipped="0" time="2.242587">
        <testcase name="test_スクレイパーがベーススクレイパーインターフェースを実装する" file="/Users/ryu/trends-laravel/tests/Unit/ZennScraperTest.php" line="25" class="Tests\Unit\ZennScraperTest" classname="Tests.Unit.ZennScraperTest" assertions="1" time="0.011461"/>
        <testcase name="test_スクレイパーが正しい設定を持つ" file="/Users/ryu/trends-laravel/tests/Unit/ZennScraperTest.php" line="30" class="Tests\Unit\ZennScraperTest" classname="Tests.Unit.ZennScraperTest" assertions="3" time="0.014009"/>
        <testcase name="test_モックレスポンスでトレンド記事をスクレイピングする" file="/Users/ryu/trends-laravel/tests/Unit/ZennScraperTest.php" line="47" class="Tests\Unit\ZennScraperTest" classname="Tests.Unit.ZennScraperTest" assertions="16" time="0.009706"/>
        <testcase name="test_企業アカウントを正しく特定する" file="/Users/ryu/trends-laravel/tests/Unit/ZennScraperTest.php" line="90" class="Tests\Unit\ZennScraperTest" classname="Tests.Unit.ZennScraperTest" assertions="4" time="0.007416"/>
        <testcase name="test_データの正規化と保存が正常に動作する" file="/Users/ryu/trends-laravel/tests/Unit/ZennScraperTest.php" line="108" class="Tests\Unit\ZennScraperTest" classname="Tests.Unit.ZennScraperTest" assertions="10" time="0.008251"/>
        <testcase name="test_抽出エラーを適切に処理する" file="/Users/ryu/trends-laravel/tests/Unit/ZennScraperTest.php" line="148" class="Tests\Unit\ZennScraperTest" classname="Tests.Unit.ZennScraperTest" assertions="2" time="0.007709"/>
        <testcase name="test_ネットワークエラーを処理する" file="/Users/ryu/trends-laravel/tests/Unit/ZennScraperTest.php" line="162" class="Tests\Unit\ZennScraperTest" classname="Tests.Unit.ZennScraperTest" assertions="1" time="2.021679"/>
        <testcase name="test_タイムアウト設定が正常に動作する" file="/Users/ryu/trends-laravel/tests/Unit/ZennScraperTest.php" line="172" class="Tests\Unit\ZennScraperTest" classname="Tests.Unit.ZennScraperTest" assertions="1" time="0.015954"/>
        <testcase name="test_リトライ設定が正常に動作する" file="/Users/ryu/trends-laravel/tests/Unit/ZennScraperTest.php" line="183" class="Tests\Unit\ZennScraperTest" classname="Tests.Unit.ZennScraperTest" assertions="2" time="0.010286"/>
        <testcase name="test_レートリミット設定が正常に動作する" file="/Users/ryu/trends-laravel/tests/Unit/ZennScraperTest.php" line="198" class="Tests\Unit\ZennScraperTest" classname="Tests.Unit.ZennScraperTest" assertions="1" time="0.008814"/>
        <testcase name="test_extract_author_url_zenn形式のauthor_urlを抽出する" file="/Users/ryu/trends-laravel/tests/Unit/ZennScraperTest.php" line="209" class="Tests\Unit\ZennScraperTest" classname="Tests.Unit.ZennScraperTest" assertions="1" time="0.008718"/>
        <testcase name="test_extract_author_url_相対urlを正しく変換する" file="/Users/ryu/trends-laravel/tests/Unit/ZennScraperTest.php" line="222" class="Tests\Unit\ZennScraperTest" classname="Tests.Unit.ZennScraperTest" assertions="1" time="0.007607"/>
        <testcase name="test_extract_author_url_絶対urlはそのまま返す" file="/Users/ryu/trends-laravel/tests/Unit/ZennScraperTest.php" line="235" class="Tests\Unit\ZennScraperTest" classname="Tests.Unit.ZennScraperTest" assertions="1" time="0.007461"/>
        <testcase name="test_extract_author_url_著者が見つからない場合はnullを返す" file="/Users/ryu/trends-laravel/tests/Unit/ZennScraperTest.php" line="250" class="Tests\Unit\ZennScraperTest" classname="Tests.Unit.ZennScraperTest" assertions="1" time="0.007209"/>
        <testcase name="test_extract_author_url_空の要素で処理する" file="/Users/ryu/trends-laravel/tests/Unit/ZennScraperTest.php" line="263" class="Tests\Unit\ZennScraperTest" classname="Tests.Unit.ZennScraperTest" assertions="1" time="0.006800"/>
        <testcase name="test_extract_author_url_cs_s_modules対応のクラス名を処理する" file="/Users/ryu/trends-laravel/tests/Unit/ZennScraperTest.php" line="276" class="Tests\Unit\ZennScraperTest" classname="Tests.Unit.ZennScraperTest" assertions="1" time="0.006364"/>
        <testcase name="test_extract_author_url_画像alt属性から著者を取得する" file="/Users/ryu/trends-laravel/tests/Unit/ZennScraperTest.php" line="290" class="Tests\Unit\ZennScraperTest" classname="Tests.Unit.ZennScraperTest" assertions="1" time="0.006386"/>
        <testcase name="test_extract_author_url_異常なhtmlでも処理する" file="/Users/ryu/trends-laravel/tests/Unit/ZennScraperTest.php" line="303" class="Tests\Unit\ZennScraperTest" classname="Tests.Unit.ZennScraperTest" assertions="1" time="0.006229"/>
        <testcase name="test_extract_author_url_複数のセレクタパターンを処理する" file="/Users/ryu/trends-laravel/tests/Unit/ZennScraperTest.php" line="316" class="Tests\Unit\ZennScraperTest" classname="Tests.Unit.ZennScraperTest" assertions="1" time="0.006050"/>
        <testcase name="test_do_m要素が存在しない場合の処理" file="/Users/ryu/trends-laravel/tests/Unit/ZennScraperTest.php" line="330" class="Tests\Unit\ZennScraperTest" classname="Tests.Unit.ZennScraperTest" assertions="6" time="0.007309"/>
        <testcase name="test_特殊文字含みデータの処理" file="/Users/ryu/trends-laravel/tests/Unit/ZennScraperTest.php" line="354" class="Tests\Unit\ZennScraperTest" classname="Tests.Unit.ZennScraperTest" assertions="1" time="0.005960"/>
        <testcase name="test_extract_likes_count_数値以外の文字列処理" file="/Users/ryu/trends-laravel/tests/Unit/ZennScraperTest.php" line="368" class="Tests\Unit\ZennScraperTest" classname="Tests.Unit.ZennScraperTest" assertions="1" time="0.006205"/>
        <testcase name="test_extract_url_無効なurl形式の処理" file="/Users/ryu/trends-laravel/tests/Unit/ZennScraperTest.php" line="382" class="Tests\Unit\ZennScraperTest" classname="Tests.Unit.ZennScraperTest" assertions="1" time="0.006645"/>
        <testcase name="test_extract_author_長すぎるテキストの処理" file="/Users/ryu/trends-laravel/tests/Unit/ZennScraperTest.php" line="396" class="Tests\Unit\ZennScraperTest" classname="Tests.Unit.ZennScraperTest" assertions="1" time="0.007257"/>
        <testcase name="test_大量記事データでのパフォーマンス" file="/Users/ryu/trends-laravel/tests/Unit/ZennScraperTest.php" line="411" class="Tests\Unit\ZennScraperTest" classname="Tests.Unit.ZennScraperTest" assertions="3" time="0.017135"/>
        <testcase name="test_normalize_and_save_data_例外処理" file="/Users/ryu/trends-laravel/tests/Unit/ZennScraperTest.php" line="438" class="Tests\Unit\ZennScraperTest" classname="Tests.Unit.ZennScraperTest" assertions="1" time="0.006960"/>
        <testcase name="test_会社名抽出の境界値テスト" file="/Users/ryu/trends-laravel/tests/Unit/ZennScraperTest.php" line="460" class="Tests\Unit\ZennScraperTest" classname="Tests.Unit.ZennScraperTest" assertions="2" time="0.007006"/>
      </testsuite>
    </testsuite>
    <testsuite name="Feature" tests="109" assertions="1133" errors="0" failures="0" skipped="0" time="1.374455">
      <testsuite name="Tests\Feature\Api\ArticleControllerTest" file="/Users/ryu/trends-laravel/tests/Feature/Api/ArticleControllerTest.php" tests="5" assertions="95" errors="0" failures="0" skipped="0" time="0.105924">
        <testcase name="test_記事一覧が取得できること" file="/Users/ryu/trends-laravel/tests/Feature/Api/ArticleControllerTest.php" line="15" class="Tests\Feature\Api\ArticleControllerTest" classname="Tests.Feature.Api.ArticleControllerTest" assertions="77" time="0.033100"/>
        <testcase name="test_企業idでフィルタリングできること" file="/Users/ryu/trends-laravel/tests/Feature/Api/ArticleControllerTest.php" line="56" class="Tests\Feature\Api\ArticleControllerTest" classname="Tests.Feature.Api.ArticleControllerTest" assertions="5" time="0.013884"/>
        <testcase name="test_プラットフォームidでフィルタリングできること" file="/Users/ryu/trends-laravel/tests/Feature/Api/ArticleControllerTest.php" line="82" class="Tests\Feature\Api\ArticleControllerTest" classname="Tests.Feature.Api.ArticleControllerTest" assertions="5" time="0.020668"/>
        <testcase name="test_記事が日付順でソートされていること" file="/Users/ryu/trends-laravel/tests/Feature/Api/ArticleControllerTest.php" line="108" class="Tests\Feature\Api\ArticleControllerTest" classname="Tests.Feature.Api.ArticleControllerTest" assertions="4" time="0.011969"/>
        <testcase name="test_ページネーションが正しく動作すること" file="/Users/ryu/trends-laravel/tests/Feature/Api/ArticleControllerTest.php" line="141" class="Tests\Feature\Api\ArticleControllerTest" classname="Tests.Feature.Api.ArticleControllerTest" assertions="4" time="0.026303"/>
      </testsuite>
      <testsuite name="Tests\Feature\CompanyApiTest" file="/Users/ryu/trends-laravel/tests/Feature/CompanyApiTest.php" tests="27" assertions="206" errors="0" failures="0" skipped="0" time="0.303889">
        <testcase name="test_show_正常に企業詳細情報を取得できる" file="/Users/ryu/trends-laravel/tests/Feature/CompanyApiTest.php" line="48" class="Tests\Feature\CompanyApiTest" classname="Tests.Feature.CompanyApiTest" assertions="14" time="0.013078"/>
        <testcase name="test_show_存在しない企業idで404エラーが返される" file="/Users/ryu/trends-laravel/tests/Feature/CompanyApiTest.php" line="118" class="Tests\Feature\CompanyApiTest" classname="Tests.Feature.CompanyApiTest" assertions="2" time="0.007429"/>
        <testcase name="test_show_不正な企業idでバリデーションエラーが返される" file="/Users/ryu/trends-laravel/tests/Feature/CompanyApiTest.php" line="131" class="Tests\Feature\CompanyApiTest" classname="Tests.Feature.CompanyApiTest" assertions="2" time="0.007316"/>
        <testcase name="test_show_キャッシュが正常に動作する" file="/Users/ryu/trends-laravel/tests/Feature/CompanyApiTest.php" line="144" class="Tests\Feature\CompanyApiTest" classname="Tests.Feature.CompanyApiTest" assertions="3" time="0.009102"/>
        <testcase name="test_articles_正常に企業記事一覧を取得できる" file="/Users/ryu/trends-laravel/tests/Feature/CompanyApiTest.php" line="167" class="Tests\Feature\CompanyApiTest" classname="Tests.Feature.CompanyApiTest" assertions="46" time="0.011458"/>
        <testcase name="test_articles_フィルタリングパラメータが正常に動作する" file="/Users/ryu/trends-laravel/tests/Feature/CompanyApiTest.php" line="218" class="Tests\Feature\CompanyApiTest" classname="Tests.Feature.CompanyApiTest" assertions="2" time="0.011387"/>
        <testcase name="test_articles_存在しない企業idで404エラーが返される" file="/Users/ryu/trends-laravel/tests/Feature/CompanyApiTest.php" line="263" class="Tests\Feature\CompanyApiTest" classname="Tests.Feature.CompanyApiTest" assertions="2" time="0.007375"/>
        <testcase name="test_articles_ページネーションが正常に動作する" file="/Users/ryu/trends-laravel/tests/Feature/CompanyApiTest.php" line="276" class="Tests\Feature\CompanyApiTest" classname="Tests.Feature.CompanyApiTest" assertions="2" time="0.021309"/>
        <testcase name="test_scores_正常に企業スコア履歴を取得できる" file="/Users/ryu/trends-laravel/tests/Feature/CompanyApiTest.php" line="308" class="Tests\Feature\CompanyApiTest" classname="Tests.Feature.CompanyApiTest" assertions="18" time="0.008010"/>
        <testcase name="test_scores_パラメータが正常に動作する" file="/Users/ryu/trends-laravel/tests/Feature/CompanyApiTest.php" line="371" class="Tests\Feature\CompanyApiTest" classname="Tests.Feature.CompanyApiTest" assertions="2" time="0.007892"/>
        <testcase name="test_scores_存在しない企業idで404エラーが返される" file="/Users/ryu/trends-laravel/tests/Feature/CompanyApiTest.php" line="396" class="Tests\Feature\CompanyApiTest" classname="Tests.Feature.CompanyApiTest" assertions="2" time="0.007348"/>
        <testcase name="test_rankings_正常に企業ランキング情報を取得できる" file="/Users/ryu/trends-laravel/tests/Feature/CompanyApiTest.php" line="409" class="Tests\Feature\CompanyApiTest" classname="Tests.Feature.CompanyApiTest" assertions="5" time="0.007888"/>
        <testcase name="test_rankings_履歴付きで正常に取得できる" file="/Users/ryu/trends-laravel/tests/Feature/CompanyApiTest.php" line="474" class="Tests\Feature\CompanyApiTest" classname="Tests.Feature.CompanyApiTest" assertions="6" time="0.007989"/>
        <testcase name="test_rankings_存在しない企業idで404エラーが返される" file="/Users/ryu/trends-laravel/tests/Feature/CompanyApiTest.php" line="521" class="Tests\Feature\CompanyApiTest" classname="Tests.Feature.CompanyApiTest" assertions="2" time="0.007363"/>
        <testcase name="test_rankings_履歴なしでも正常に動作する" file="/Users/ryu/trends-laravel/tests/Feature/CompanyApiTest.php" line="534" class="Tests\Feature\CompanyApiTest" classname="Tests.Feature.CompanyApiTest" assertions="5" time="0.015078"/>
        <testcase name="test_get_company_scores_with_parameters" file="/Users/ryu/trends-laravel/tests/Feature/CompanyApiTest.php" line="560" class="Tests\Feature\CompanyApiTest" classname="Tests.Feature.CompanyApiTest" assertions="1" time="0.008660"/>
        <testcase name="test_get_company_scores_with_invalid_company_id" file="/Users/ryu/trends-laravel/tests/Feature/CompanyApiTest.php" line="579" class="Tests\Feature\CompanyApiTest" classname="Tests.Feature.CompanyApiTest" assertions="2" time="0.007955"/>
        <testcase name="test_get_company_rankings" file="/Users/ryu/trends-laravel/tests/Feature/CompanyApiTest.php" line="592" class="Tests\Feature\CompanyApiTest" classname="Tests.Feature.CompanyApiTest" assertions="1" time="0.007839"/>
        <testcase name="test_get_company_rankings_with_history" file="/Users/ryu/trends-laravel/tests/Feature/CompanyApiTest.php" line="611" class="Tests\Feature\CompanyApiTest" classname="Tests.Feature.CompanyApiTest" assertions="1" time="0.007862"/>
        <testcase name="test_get_company_rankings_with_invalid_company_id" file="/Users/ryu/trends-laravel/tests/Feature/CompanyApiTest.php" line="636" class="Tests\Feature\CompanyApiTest" classname="Tests.Feature.CompanyApiTest" assertions="2" time="0.007377"/>
        <testcase name="test_api_rate_limiting" file="/Users/ryu/trends-laravel/tests/Feature/CompanyApiTest.php" line="649" class="Tests\Feature\CompanyApiTest" classname="Tests.Feature.CompanyApiTest" assertions="61" time="0.053007"/>
        <testcase name="test_api_caching" file="/Users/ryu/trends-laravel/tests/Feature/CompanyApiTest.php" line="671" class="Tests\Feature\CompanyApiTest" classname="Tests.Feature.CompanyApiTest" assertions="2" time="0.009638"/>
        <testcase name="test_company_detail_includes_recent_articles" file="/Users/ryu/trends-laravel/tests/Feature/CompanyApiTest.php" line="691" class="Tests\Feature\CompanyApiTest" classname="Tests.Feature.CompanyApiTest" assertions="13" time="0.010954"/>
        <testcase name="test_company_detail_includes_current_rankings" file="/Users/ryu/trends-laravel/tests/Feature/CompanyApiTest.php" line="725" class="Tests\Feature\CompanyApiTest" classname="Tests.Feature.CompanyApiTest" assertions="3" time="0.008973"/>
        <testcase name="test_company_articles_are_sorted_by_date" file="/Users/ryu/trends-laravel/tests/Feature/CompanyApiTest.php" line="760" class="Tests\Feature\CompanyApiTest" classname="Tests.Feature.CompanyApiTest" assertions="3" time="0.011209"/>
        <testcase name="test_company_articles_filter_by_days" file="/Users/ryu/trends-laravel/tests/Feature/CompanyApiTest.php" line="795" class="Tests\Feature\CompanyApiTest" classname="Tests.Feature.CompanyApiTest" assertions="2" time="0.010310"/>
        <testcase name="test_company_articles_filter_by_min_bookmarks" file="/Users/ryu/trends-laravel/tests/Feature/CompanyApiTest.php" line="833" class="Tests\Feature\CompanyApiTest" classname="Tests.Feature.CompanyApiTest" assertions="2" time="0.010083"/>
      </testsuite>
      <testsuite name="Tests\Feature\CompanyControllerFeatureTest" file="/Users/ryu/trends-laravel/tests/Feature/CompanyControllerFeatureTest.php" tests="13" assertions="84" errors="0" failures="0" skipped="0" time="0.152173">
        <testcase name="test_企業詳細取得_apiで有効な企業idの場合に正常なレスポンスが返される" file="/Users/ryu/trends-laravel/tests/Feature/CompanyControllerFeatureTest.php" line="22" class="Tests\Feature\CompanyControllerFeatureTest" classname="Tests.Feature.CompanyControllerFeatureTest" assertions="11" time="0.021250"/>
        <testcase name="test_企業詳細取得_apiで存在しない企業idの場合に400が返される" file="/Users/ryu/trends-laravel/tests/Feature/CompanyControllerFeatureTest.php" line="49" class="Tests\Feature\CompanyControllerFeatureTest" classname="Tests.Feature.CompanyControllerFeatureTest" assertions="2" time="0.007786"/>
        <testcase name="test_企業詳細取得_apiで無効な企業idの場合にバリデーションエラーが返される" file="/Users/ryu/trends-laravel/tests/Feature/CompanyControllerFeatureTest.php" line="59" class="Tests\Feature\CompanyControllerFeatureTest" classname="Tests.Feature.CompanyControllerFeatureTest" assertions="1" time="0.014734"/>
        <testcase name="test_企業記事一覧取得_apiで有効な企業idの場合に正常なレスポンスが返される" file="/Users/ryu/trends-laravel/tests/Feature/CompanyControllerFeatureTest.php" line="66" class="Tests\Feature\CompanyControllerFeatureTest" classname="Tests.Feature.CompanyControllerFeatureTest" assertions="40" time="0.012267"/>
        <testcase name="test_企業記事一覧取得_apiで存在しない企業idの場合に400が返される" file="/Users/ryu/trends-laravel/tests/Feature/CompanyControllerFeatureTest.php" line="101" class="Tests\Feature\CompanyControllerFeatureTest" classname="Tests.Feature.CompanyControllerFeatureTest" assertions="2" time="0.007718"/>
        <testcase name="test_企業記事一覧取得_apiでページネーションパラメータが正しく動作する" file="/Users/ryu/trends-laravel/tests/Feature/CompanyControllerFeatureTest.php" line="111" class="Tests\Feature\CompanyControllerFeatureTest" classname="Tests.Feature.CompanyControllerFeatureTest" assertions="3" time="0.020447"/>
        <testcase name="test_企業スコア履歴取得_apiで有効な企業idの場合に正常なレスポンスが返される" file="/Users/ryu/trends-laravel/tests/Feature/CompanyControllerFeatureTest.php" line="129" class="Tests\Feature\CompanyControllerFeatureTest" classname="Tests.Feature.CompanyControllerFeatureTest" assertions="8" time="0.009879"/>
        <testcase name="test_企業スコア履歴取得_apiで存在しない企業idの場合に400が返される" file="/Users/ryu/trends-laravel/tests/Feature/CompanyControllerFeatureTest.php" line="152" class="Tests\Feature\CompanyControllerFeatureTest" classname="Tests.Feature.CompanyControllerFeatureTest" assertions="2" time="0.008028"/>
        <testcase name="test_企業ランキング取得_apiで有効な企業idの場合に正常なレスポンスが返される" file="/Users/ryu/trends-laravel/tests/Feature/CompanyControllerFeatureTest.php" line="162" class="Tests\Feature\CompanyControllerFeatureTest" classname="Tests.Feature.CompanyControllerFeatureTest" assertions="4" time="0.010158"/>
        <testcase name="test_企業ランキング取得_apiで存在しない企業idの場合に400が返される" file="/Users/ryu/trends-laravel/tests/Feature/CompanyControllerFeatureTest.php" line="183" class="Tests\Feature\CompanyControllerFeatureTest" classname="Tests.Feature.CompanyControllerFeatureTest" assertions="2" time="0.007715"/>
        <testcase name="test_企業ランキング取得_apiで履歴を含む場合に履歴データも返される" file="/Users/ryu/trends-laravel/tests/Feature/CompanyControllerFeatureTest.php" line="193" class="Tests\Feature\CompanyControllerFeatureTest" classname="Tests.Feature.CompanyControllerFeatureTest" assertions="5" time="0.011621"/>
        <testcase name="test_企業記事一覧取得_apiでmin_bookmarksフィルタが正しく動作する" file="/Users/ryu/trends-laravel/tests/Feature/CompanyControllerFeatureTest.php" line="213" class="Tests\Feature\CompanyControllerFeatureTest" classname="Tests.Feature.CompanyControllerFeatureTest" assertions="2" time="0.010147"/>
        <testcase name="test_企業記事一覧取得_apiでdaysフィルタが正しく動作する" file="/Users/ryu/trends-laravel/tests/Feature/CompanyControllerFeatureTest.php" line="239" class="Tests\Feature\CompanyControllerFeatureTest" classname="Tests.Feature.CompanyControllerFeatureTest" assertions="2" time="0.010423"/>
      </testsuite>
      <testsuite name="Tests\Feature\CompanyListApiTest" file="/Users/ryu/trends-laravel/tests/Feature/CompanyListApiTest.php" tests="11" assertions="64" errors="0" failures="0" skipped="0" time="0.114128">
        <testcase name="test_企業一覧が正常に取得できる" file="/Users/ryu/trends-laravel/tests/Feature/CompanyListApiTest.php" line="40" class="Tests\Feature\CompanyListApiTest" classname="Tests.Feature.CompanyListApiTest" assertions="30" time="0.014024"/>
        <testcase name="test_企業名での検索ができる" file="/Users/ryu/trends-laravel/tests/Feature/CompanyListApiTest.php" line="75" class="Tests\Feature\CompanyListApiTest" classname="Tests.Feature.CompanyListApiTest" assertions="3" time="0.008939"/>
        <testcase name="test_ドメインでの検索ができる" file="/Users/ryu/trends-laravel/tests/Feature/CompanyListApiTest.php" line="85" class="Tests\Feature\CompanyListApiTest" classname="Tests.Feature.CompanyListApiTest" assertions="3" time="0.008754"/>
        <testcase name="test_アクティブ状態でのフィルタリングができる" file="/Users/ryu/trends-laravel/tests/Feature/CompanyListApiTest.php" line="95" class="Tests\Feature\CompanyListApiTest" classname="Tests.Feature.CompanyListApiTest" assertions="4" time="0.008754"/>
        <testcase name="test_ソート機能が正常に動作する" file="/Users/ryu/trends-laravel/tests/Feature/CompanyListApiTest.php" line="107" class="Tests\Feature\CompanyListApiTest" classname="Tests.Feature.CompanyListApiTest" assertions="3" time="0.009104"/>
        <testcase name="test_ページネーションが正常に動作する" file="/Users/ryu/trends-laravel/tests/Feature/CompanyListApiTest.php" line="118" class="Tests\Feature\CompanyListApiTest" classname="Tests.Feature.CompanyListApiTest" assertions="6" time="0.009532"/>
        <testcase name="test_per_pageの上限が適用される" file="/Users/ryu/trends-laravel/tests/Feature/CompanyListApiTest.php" line="134" class="Tests\Feature\CompanyListApiTest" classname="Tests.Feature.CompanyListApiTest" assertions="2" time="0.009491"/>
        <testcase name="test_不正なパラメータでバリデーションエラーが返される" file="/Users/ryu/trends-laravel/tests/Feature/CompanyListApiTest.php" line="143" class="Tests\Feature\CompanyListApiTest" classname="Tests.Feature.CompanyListApiTest" assertions="3" time="0.017802"/>
        <testcase name="test_複数条件での検索ができる" file="/Users/ryu/trends-laravel/tests/Feature/CompanyListApiTest.php" line="154" class="Tests\Feature\CompanyListApiTest" classname="Tests.Feature.CompanyListApiTest" assertions="4" time="0.009556"/>
        <testcase name="test_キャッシュが正常に動作する" file="/Users/ryu/trends-laravel/tests/Feature/CompanyListApiTest.php" line="166" class="Tests\Feature\CompanyListApiTest" classname="Tests.Feature.CompanyListApiTest" assertions="3" time="0.009724"/>
        <testcase name="test_空の結果が適切に処理される" file="/Users/ryu/trends-laravel/tests/Feature/CompanyListApiTest.php" line="180" class="Tests\Feature\CompanyListApiTest" classname="Tests.Feature.CompanyListApiTest" assertions="3" time="0.008451"/>
      </testsuite>
      <testsuite name="Tests\Feature\CompanyRankingApiTest" file="/Users/ryu/trends-laravel/tests/Feature/CompanyRankingApiTest.php" tests="21" assertions="454" errors="0" failures="0" skipped="0" time="0.342789">
        <testcase name="test_期間タイプ一覧を取得する" file="/Users/ryu/trends-laravel/tests/Feature/CompanyRankingApiTest.php" line="40" class="Tests\Feature\CompanyRankingApiTest" classname="Tests.Feature.CompanyRankingApiTest" assertions="2" time="0.016896"/>
        <testcase name="test_期間別でランキングを取得する" file="/Users/ryu/trends-laravel/tests/Feature/CompanyRankingApiTest.php" line="50" class="Tests\Feature\CompanyRankingApiTest" classname="Tests.Feature.CompanyRankingApiTest" assertions="158" time="0.013962"/>
        <testcase name="test_期間別ランキングでページングが動作する" file="/Users/ryu/trends-laravel/tests/Feature/CompanyRankingApiTest.php" line="86" class="Tests\Feature\CompanyRankingApiTest" classname="Tests.Feature.CompanyRankingApiTest" assertions="3" time="0.013700"/>
        <testcase name="test_期間別ランキングでソートが動作する" file="/Users/ryu/trends-laravel/tests/Feature/CompanyRankingApiTest.php" line="95" class="Tests\Feature\CompanyRankingApiTest" classname="Tests.Feature.CompanyRankingApiTest" assertions="2" time="0.014210"/>
        <testcase name="test_無効な期間でランキング取得するとエラーが返る" file="/Users/ryu/trends-laravel/tests/Feature/CompanyRankingApiTest.php" line="105" class="Tests\Feature\CompanyRankingApiTest" classname="Tests.Feature.CompanyRankingApiTest" assertions="2" time="0.014312"/>
        <testcase name="test_トップランキングを取得する" file="/Users/ryu/trends-laravel/tests/Feature/CompanyRankingApiTest.php" line="115" class="Tests\Feature\CompanyRankingApiTest" classname="Tests.Feature.CompanyRankingApiTest" assertions="83" time="0.014129"/>
        <testcase name="test_無効なリミットでトップランキング取得するとエラーが返る" file="/Users/ryu/trends-laravel/tests/Feature/CompanyRankingApiTest.php" line="151" class="Tests\Feature\CompanyRankingApiTest" classname="Tests.Feature.CompanyRankingApiTest" assertions="3" time="0.013739"/>
        <testcase name="test_企業別ランキングを取得する" file="/Users/ryu/trends-laravel/tests/Feature/CompanyRankingApiTest.php" line="162" class="Tests\Feature\CompanyRankingApiTest" classname="Tests.Feature.CompanyRankingApiTest" assertions="13" time="0.015626"/>
        <testcase name="test_履歴付きで企業別ランキングを取得する" file="/Users/ryu/trends-laravel/tests/Feature/CompanyRankingApiTest.php" line="187" class="Tests\Feature\CompanyRankingApiTest" classname="Tests.Feature.CompanyRankingApiTest" assertions="5" time="0.016506"/>
        <testcase name="test_無効な企業idでランキング取得するとエラーが返る" file="/Users/ryu/trends-laravel/tests/Feature/CompanyRankingApiTest.php" line="202" class="Tests\Feature\CompanyRankingApiTest" classname="Tests.Feature.CompanyRankingApiTest" assertions="3" time="0.013755"/>
        <testcase name="test_統計情報を取得する" file="/Users/ryu/trends-laravel/tests/Feature/CompanyRankingApiTest.php" line="213" class="Tests\Feature\CompanyRankingApiTest" classname="Tests.Feature.CompanyRankingApiTest" assertions="2" time="0.013783"/>
        <testcase name="test_ランキング上昇企業を取得する" file="/Users/ryu/trends-laravel/tests/Feature/CompanyRankingApiTest.php" line="223" class="Tests\Feature\CompanyRankingApiTest" classname="Tests.Feature.CompanyRankingApiTest" assertions="6" time="0.013668"/>
        <testcase name="test_リミット付きでランキング上昇企業を取得する" file="/Users/ryu/trends-laravel/tests/Feature/CompanyRankingApiTest.php" line="238" class="Tests\Feature\CompanyRankingApiTest" classname="Tests.Feature.CompanyRankingApiTest" assertions="2" time="0.013725"/>
        <testcase name="test_ランキング下降企業を取得する" file="/Users/ryu/trends-laravel/tests/Feature/CompanyRankingApiTest.php" line="246" class="Tests\Feature\CompanyRankingApiTest" classname="Tests.Feature.CompanyRankingApiTest" assertions="6" time="0.013574"/>
        <testcase name="test_ランキング変動統計を取得する" file="/Users/ryu/trends-laravel/tests/Feature/CompanyRankingApiTest.php" line="261" class="Tests\Feature\CompanyRankingApiTest" classname="Tests.Feature.CompanyRankingApiTest" assertions="2" time="0.013506"/>
        <testcase name="test_apiレート制限が動作する" file="/Users/ryu/trends-laravel/tests/Feature/CompanyRankingApiTest.php" line="271" class="Tests\Feature\CompanyRankingApiTest" classname="Tests.Feature.CompanyRankingApiTest" assertions="61" time="0.053830"/>
        <testcase name="test_apiキャッシュが動作する" file="/Users/ryu/trends-laravel/tests/Feature/CompanyRankingApiTest.php" line="285" class="Tests\Feature\CompanyRankingApiTest" classname="Tests.Feature.CompanyRankingApiTest" assertions="3" time="0.014804"/>
        <testcase name="test_apiページングメタデータが正常に返される" file="/Users/ryu/trends-laravel/tests/Feature/CompanyRankingApiTest.php" line="296" class="Tests\Feature\CompanyRankingApiTest" classname="Tests.Feature.CompanyRankingApiTest" assertions="4" time="0.013952"/>
        <testcase name="test_apiレスポンス構造が正常である" file="/Users/ryu/trends-laravel/tests/Feature/CompanyRankingApiTest.php" line="306" class="Tests\Feature\CompanyRankingApiTest" classname="Tests.Feature.CompanyRankingApiTest" assertions="72" time="0.014676"/>
        <testcase name="test_週次ランキング_apiが正常に動作する" file="/Users/ryu/trends-laravel/tests/Feature/CompanyRankingApiTest.php" line="326" class="Tests\Feature\CompanyRankingApiTest" classname="Tests.Feature.CompanyRankingApiTest" assertions="8" time="0.014045"/>
        <testcase name="test_企業詳細_apiとの統合が正常に動作する" file="/Users/ryu/trends-laravel/tests/Feature/CompanyRankingApiTest.php" line="372" class="Tests\Feature\CompanyRankingApiTest" classname="Tests.Feature.CompanyRankingApiTest" assertions="14" time="0.016393"/>
      </testsuite>
      <testsuite name="Tests\Feature\CompanyRankingHistoryServiceTest" file="/Users/ryu/trends-laravel/tests/Feature/CompanyRankingHistoryServiceTest.php" tests="11" assertions="51" errors="0" failures="0" skipped="0" time="0.087100">
        <testcase name="test_前回ランキングがない場合の履歴記録" file="/Users/ryu/trends-laravel/tests/Feature/CompanyRankingHistoryServiceTest.php" line="25" class="Tests\Feature\CompanyRankingHistoryServiceTest" classname="Tests.Feature.CompanyRankingHistoryServiceTest" assertions="1" time="0.013766"/>
        <testcase name="test_ランキング上昇時の履歴記録" file="/Users/ryu/trends-laravel/tests/Feature/CompanyRankingHistoryServiceTest.php" line="48" class="Tests\Feature\CompanyRankingHistoryServiceTest" classname="Tests.Feature.CompanyRankingHistoryServiceTest" assertions="6" time="0.007630"/>
        <testcase name="test_ランキング下降時の履歴記録" file="/Users/ryu/trends-laravel/tests/Feature/CompanyRankingHistoryServiceTest.php" line="90" class="Tests\Feature\CompanyRankingHistoryServiceTest" classname="Tests.Feature.CompanyRankingHistoryServiceTest" assertions="6" time="0.007599"/>
        <testcase name="test_ランキング変動なし時の履歴記録" file="/Users/ryu/trends-laravel/tests/Feature/CompanyRankingHistoryServiceTest.php" line="132" class="Tests\Feature\CompanyRankingHistoryServiceTest" classname="Tests.Feature.CompanyRankingHistoryServiceTest" assertions="6" time="0.007535"/>
        <testcase name="test_複数企業のランキング履歴記録" file="/Users/ryu/trends-laravel/tests/Feature/CompanyRankingHistoryServiceTest.php" line="174" class="Tests\Feature\CompanyRankingHistoryServiceTest" classname="Tests.Feature.CompanyRankingHistoryServiceTest" assertions="7" time="0.009380"/>
        <testcase name="test_企業ランキング履歴を取得する" file="/Users/ryu/trends-laravel/tests/Feature/CompanyRankingHistoryServiceTest.php" line="248" class="Tests\Feature\CompanyRankingHistoryServiceTest" classname="Tests.Feature.CompanyRankingHistoryServiceTest" assertions="3" time="0.007383"/>
        <testcase name="test_トップランキング上昇企業を取得する" file="/Users/ryu/trends-laravel/tests/Feature/CompanyRankingHistoryServiceTest.php" line="283" class="Tests\Feature\CompanyRankingHistoryServiceTest" classname="Tests.Feature.CompanyRankingHistoryServiceTest" assertions="5" time="0.006986"/>
        <testcase name="test_トップランキング下降企業を取得する" file="/Users/ryu/trends-laravel/tests/Feature/CompanyRankingHistoryServiceTest.php" line="322" class="Tests\Feature\CompanyRankingHistoryServiceTest" classname="Tests.Feature.CompanyRankingHistoryServiceTest" assertions="5" time="0.006769"/>
        <testcase name="test_ランキング変動統計を取得する" file="/Users/ryu/trends-laravel/tests/Feature/CompanyRankingHistoryServiceTest.php" line="361" class="Tests\Feature\CompanyRankingHistoryServiceTest" classname="Tests.Feature.CompanyRankingHistoryServiceTest" assertions="6" time="0.007053"/>
        <testcase name="test_古い履歴データをクリーンアップする" file="/Users/ryu/trends-laravel/tests/Feature/CompanyRankingHistoryServiceTest.php" line="412" class="Tests\Feature\CompanyRankingHistoryServiceTest" classname="Tests.Feature.CompanyRankingHistoryServiceTest" assertions="2" time="0.006677"/>
        <testcase name="test_履歴ストレージ統計を取得する" file="/Users/ryu/trends-laravel/tests/Feature/CompanyRankingHistoryServiceTest.php" line="448" class="Tests\Feature\CompanyRankingHistoryServiceTest" classname="Tests.Feature.CompanyRankingHistoryServiceTest" assertions="4" time="0.006323"/>
      </testsuite>
      <testsuite name="Tests\Feature\Console\Commands\ScrapeCommandsTest" file="/Users/ryu/trends-laravel/tests/Feature/Console/Commands/ScrapeCommandsTest.php" tests="7" assertions="9" errors="0" failures="0" skipped="0" time="0.062584">
        <testcase name="test_scrape_all_command_with_dry_run" file="/Users/ryu/trends-laravel/tests/Feature/Console/Commands/ScrapeCommandsTest.php" line="57" class="Tests\Feature\Console\Commands\ScrapeCommandsTest" classname="Tests.Feature.Console.Commands.ScrapeCommandsTest" assertions="1" time="0.010460"/>
        <testcase name="test_scrape_platform_command_with_valid_platform" file="/Users/ryu/trends-laravel/tests/Feature/Console/Commands/ScrapeCommandsTest.php" line="71" class="Tests\Feature\Console\Commands\ScrapeCommandsTest" classname="Tests.Feature.Console.Commands.ScrapeCommandsTest" assertions="1" time="0.006836"/>
        <testcase name="test_scrape_platform_command_with_invalid_platform" file="/Users/ryu/trends-laravel/tests/Feature/Console/Commands/ScrapeCommandsTest.php" line="80" class="Tests\Feature\Console\Commands\ScrapeCommandsTest" classname="Tests.Feature.Console.Commands.ScrapeCommandsTest" assertions="1" time="0.007239"/>
        <testcase name="test_scrape_schedule_command_with_platform" file="/Users/ryu/trends-laravel/tests/Feature/Console/Commands/ScrapeCommandsTest.php" line="89" class="Tests\Feature\Console\Commands\ScrapeCommandsTest" classname="Tests.Feature.Console.Commands.ScrapeCommandsTest" assertions="1" time="0.007403"/>
        <testcase name="test_scrape_schedule_command_with_invalid_platform" file="/Users/ryu/trends-laravel/tests/Feature/Console/Commands/ScrapeCommandsTest.php" line="98" class="Tests\Feature\Console\Commands\ScrapeCommandsTest" classname="Tests.Feature.Console.Commands.ScrapeCommandsTest" assertions="1" time="0.006995"/>
        <testcase name="test_scrape_schedule_command_silent_mode" file="/Users/ryu/trends-laravel/tests/Feature/Console/Commands/ScrapeCommandsTest.php" line="107" class="Tests\Feature\Console\Commands\ScrapeCommandsTest" classname="Tests.Feature.Console.Commands.ScrapeCommandsTest" assertions="1" time="0.015620"/>
        <testcase name="test_all_platforms_are_available" file="/Users/ryu/trends-laravel/tests/Feature/Console/Commands/ScrapeCommandsTest.php" line="116" class="Tests\Feature\Console\Commands\ScrapeCommandsTest" classname="Tests.Feature.Console.Commands.ScrapeCommandsTest" assertions="3" time="0.008031"/>
      </testsuite>
      <testsuite name="Tests\Feature\SearchApiTest" file="/Users/ryu/trends-laravel/tests/Feature/SearchApiTest.php" tests="14" assertions="170" errors="0" failures="0" skipped="0" time="0.205867">
        <testcase name="test_企業名での検索が正常に動作する" file="/Users/ryu/trends-laravel/tests/Feature/SearchApiTest.php" line="51" class="Tests\Feature\SearchApiTest" classname="Tests.Feature.SearchApiTest" assertions="17" time="0.013199"/>
        <testcase name="test_記事タイトルでの検索が正常に動作する" file="/Users/ryu/trends-laravel/tests/Feature/SearchApiTest.php" line="82" class="Tests\Feature\SearchApiTest" classname="Tests.Feature.SearchApiTest" assertions="19" time="0.010639"/>
        <testcase name="test_統合検索が正常に動作する" file="/Users/ryu/trends-laravel/tests/Feature/SearchApiTest.php" line="115" class="Tests\Feature\SearchApiTest" classname="Tests.Feature.SearchApiTest" assertions="19" time="0.011125"/>
        <testcase name="test_検索タイプを指定した統合検索が正常に動作する" file="/Users/ryu/trends-laravel/tests/Feature/SearchApiTest.php" line="149" class="Tests\Feature\SearchApiTest" classname="Tests.Feature.SearchApiTest" assertions="14" time="0.011337"/>
        <testcase name="test_検索クエリが空の場合はバリデーションエラーが返される" file="/Users/ryu/trends-laravel/tests/Feature/SearchApiTest.php" line="177" class="Tests\Feature\SearchApiTest" classname="Tests.Feature.SearchApiTest" assertions="3" time="0.009755"/>
        <testcase name="test_検索クエリが長すぎる場合はバリデーションエラーが返される" file="/Users/ryu/trends-laravel/tests/Feature/SearchApiTest.php" line="189" class="Tests\Feature\SearchApiTest" classname="Tests.Feature.SearchApiTest" assertions="3" time="0.009394"/>
        <testcase name="test_記事検索でフィルタリングが正常に動作する" file="/Users/ryu/trends-laravel/tests/Feature/SearchApiTest.php" line="202" class="Tests\Feature\SearchApiTest" classname="Tests.Feature.SearchApiTest" assertions="3" time="0.010685"/>
        <testcase name="test_検索結果の関連度スコアが正常に計算される" file="/Users/ryu/trends-laravel/tests/Feature/SearchApiTest.php" line="226" class="Tests\Feature\SearchApiTest" classname="Tests.Feature.SearchApiTest" assertions="3" time="0.010031"/>
        <testcase name="test_レート制限が正常に動作する" file="/Users/ryu/trends-laravel/tests/Feature/SearchApiTest.php" line="246" class="Tests\Feature\SearchApiTest" classname="Tests.Feature.SearchApiTest" assertions="61" time="0.066568"/>
        <testcase name="test_無効な検索タイプを指定した場合バリデーションエラーが返される" file="/Users/ryu/trends-laravel/tests/Feature/SearchApiTest.php" line="261" class="Tests\Feature\SearchApiTest" classname="Tests.Feature.SearchApiTest" assertions="3" time="0.009740"/>
        <testcase name="test_企業検索でlimitパラメータが正常に動作する" file="/Users/ryu/trends-laravel/tests/Feature/SearchApiTest.php" line="273" class="Tests\Feature\SearchApiTest" classname="Tests.Feature.SearchApiTest" assertions="3" time="0.014125"/>
        <testcase name="test_著者名での記事検索が正常に動作する" file="/Users/ryu/trends-laravel/tests/Feature/SearchApiTest.php" line="288" class="Tests\Feature\SearchApiTest" classname="Tests.Feature.SearchApiTest" assertions="3" time="0.009990"/>
        <testcase name="test_統合検索_apiの詳細レスポンス構造が正しい" file="/Users/ryu/trends-laravel/tests/Feature/SearchApiTest.php" line="300" class="Tests\Feature\SearchApiTest" classname="Tests.Feature.SearchApiTest" assertions="14" time="0.010470"/>
        <testcase name="test_apiエラーハンドリングが適切に動作する" file="/Users/ryu/trends-laravel/tests/Feature/SearchApiTest.php" line="333" class="Tests\Feature\SearchApiTest" classname="Tests.Feature.SearchApiTest" assertions="5" time="0.008808"/>
      </testsuite>
    </testsuite>
  </testsuite>
</testsuites>
