<?xml version="1.0" encoding="UTF-8"?>
<testsuites>
  <testsuite name="/Users/ryu/trends-laravel/phpunit.xml" tests="1228" assertions="4846" errors="0" failures="0" skipped="7" time="30.715354">
    <testsuite name="Unit" tests="988" assertions="3026" errors="0" failures="0" skipped="1" time="27.941300">
      <testsuite name="Tests\Unit\CompanyServiceTest" file="/Users/ryu/trends-laravel/tests/Unit/CompanyServiceTest.php" tests="16" assertions="59" errors="0" failures="0" skipped="0" time="0.503977">
        <testcase name="test_企業が記事とのリレーションを持つ" file="/Users/ryu/trends-laravel/tests/Unit/CompanyServiceTest.php" line="53" class="Tests\Unit\CompanyServiceTest" classname="Tests.Unit.CompanyServiceTest" assertions="2" time="0.358359"/>
        <testcase name="test_企業がランキングとのリレーションを持つ" file="/Users/ryu/trends-laravel/tests/Unit/CompanyServiceTest.php" line="59" class="Tests\Unit\CompanyServiceTest" classname="Tests.Unit.CompanyServiceTest" assertions="2" time="0.010484"/>
        <testcase name="test_企業リソースの構造が正しい" file="/Users/ryu/trends-laravel/tests/Unit/CompanyServiceTest.php" line="65" class="Tests\Unit\CompanyServiceTest" classname="Tests.Unit.CompanyServiceTest" assertions="9" time="0.016435"/>
        <testcase name="test_企業リソースの現在ランキングフォーマットが正しい" file="/Users/ryu/trends-laravel/tests/Unit/CompanyServiceTest.php" line="83" class="Tests\Unit\CompanyServiceTest" classname="Tests.Unit.CompanyServiceTest" assertions="6" time="0.009382"/>
        <testcase name="test_記事リソースの構造が正しい" file="/Users/ryu/trends-laravel/tests/Unit/CompanyServiceTest.php" line="101" class="Tests\Unit\CompanyServiceTest" classname="Tests.Unit.CompanyServiceTest" assertions="11" time="0.008867"/>
        <testcase name="test_記事リソースの企業データが正しい" file="/Users/ryu/trends-laravel/tests/Unit/CompanyServiceTest.php" line="121" class="Tests\Unit\CompanyServiceTest" classname="Tests.Unit.CompanyServiceTest" assertions="3" time="0.008894"/>
        <testcase name="test_企業のアクティブスコープが正しく動作する" file="/Users/ryu/trends-laravel/tests/Unit/CompanyServiceTest.php" line="132" class="Tests\Unit\CompanyServiceTest" classname="Tests.Unit.CompanyServiceTest" assertions="2" time="0.009507"/>
        <testcase name="test_記事の最近スコープが正しく動作する" file="/Users/ryu/trends-laravel/tests/Unit/CompanyServiceTest.php" line="144" class="Tests\Unit\CompanyServiceTest" classname="Tests.Unit.CompanyServiceTest" assertions="6" time="0.009643"/>
        <testcase name="test_記事の人気スコープが正しく動作する" file="/Users/ryu/trends-laravel/tests/Unit/CompanyServiceTest.php" line="162" class="Tests\Unit\CompanyServiceTest" classname="Tests.Unit.CompanyServiceTest" assertions="6" time="0.009255"/>
        <testcase name="test_企業と記事のリレーションが正しい" file="/Users/ryu/trends-laravel/tests/Unit/CompanyServiceTest.php" line="177" class="Tests\Unit\CompanyServiceTest" classname="Tests.Unit.CompanyServiceTest" assertions="2" time="0.009269"/>
        <testcase name="test_記事とプラットフォームのリレーションが正しい" file="/Users/ryu/trends-laravel/tests/Unit/CompanyServiceTest.php" line="185" class="Tests\Unit\CompanyServiceTest" classname="Tests.Unit.CompanyServiceTest" assertions="2" time="0.009774"/>
        <testcase name="test_記事を読み込んだ企業リソースが正しい" file="/Users/ryu/trends-laravel/tests/Unit/CompanyServiceTest.php" line="193" class="Tests\Unit\CompanyServiceTest" classname="Tests.Unit.CompanyServiceTest" assertions="3" time="0.009547"/>
        <testcase name="test_ランキングなしの企業リソースが正しい" file="/Users/ryu/trends-laravel/tests/Unit/CompanyServiceTest.php" line="204" class="Tests\Unit\CompanyServiceTest" classname="Tests.Unit.CompanyServiceTest" assertions="2" time="0.008836"/>
        <testcase name="test_企業モデルの入力可能属性が正しい" file="/Users/ryu/trends-laravel/tests/Unit/CompanyServiceTest.php" line="213" class="Tests\Unit\CompanyServiceTest" classname="Tests.Unit.CompanyServiceTest" assertions="1" time="0.008427"/>
        <testcase name="test_企業モデルの型変換が正しい" file="/Users/ryu/trends-laravel/tests/Unit/CompanyServiceTest.php" line="233" class="Tests\Unit\CompanyServiceTest" classname="Tests.Unit.CompanyServiceTest" assertions="1" time="0.008439"/>
        <testcase name="test_企業モデルのデフォルト属性が正しい" file="/Users/ryu/trends-laravel/tests/Unit/CompanyServiceTest.php" line="247" class="Tests\Unit\CompanyServiceTest" classname="Tests.Unit.CompanyServiceTest" assertions="1" time="0.008860"/>
      </testsuite>
      <testsuite name="Tests\Unit\Config\ScrapingConfigTest" file="/Users/ryu/trends-laravel/tests/Unit/Config/ScrapingConfigTest.php" tests="13" assertions="64" errors="0" failures="0" skipped="0" time="0.076886">
        <testcase name="test_デフォルト設定が正しく読み込まれる" file="/Users/ryu/trends-laravel/tests/Unit/Config/ScrapingConfigTest.php" line="9" class="Tests\Unit\Config\ScrapingConfigTest" classname="Tests.Unit.Config.ScrapingConfigTest" assertions="6" time="0.006111"/>
        <testcase name="test_デフォルトタイムアウト値が設定されている" file="/Users/ryu/trends-laravel/tests/Unit/Config/ScrapingConfigTest.php" line="21" class="Tests\Unit\Config\ScrapingConfigTest" classname="Tests.Unit.Config.ScrapingConfigTest" assertions="1" time="0.006055"/>
        <testcase name="test_デフォルトレート制限値が設定されている" file="/Users/ryu/trends-laravel/tests/Unit/Config/ScrapingConfigTest.php" line="28" class="Tests\Unit\Config\ScrapingConfigTest" classname="Tests.Unit.Config.ScrapingConfigTest" assertions="1" time="0.005682"/>
        <testcase name="test_リトライ設定が正しく設定されている" file="/Users/ryu/trends-laravel/tests/Unit/Config/ScrapingConfigTest.php" line="35" class="Tests\Unit\Config\ScrapingConfigTest" classname="Tests.Unit.Config.ScrapingConfigTest" assertions="5" time="0.005661"/>
        <testcase name="test_ユーザーエージェントが設定されている" file="/Users/ryu/trends-laravel/tests/Unit/Config/ScrapingConfigTest.php" line="46" class="Tests\Unit\Config\ScrapingConfigTest" classname="Tests.Unit.Config.ScrapingConfigTest" assertions="1" time="0.005473"/>
        <testcase name="test_デフォルトヘッダーが設定されている" file="/Users/ryu/trends-laravel/tests/Unit/Config/ScrapingConfigTest.php" line="53" class="Tests\Unit\Config\ScrapingConfigTest" classname="Tests.Unit.Config.ScrapingConfigTest" assertions="6" time="0.005788"/>
        <testcase name="test_プラットフォーム別設定が正しく読み込まれる" file="/Users/ryu/trends-laravel/tests/Unit/Config/ScrapingConfigTest.php" line="65" class="Tests\Unit\Config\ScrapingConfigTest" classname="Tests.Unit.Config.ScrapingConfigTest" assertions="4" time="0.005752"/>
        <testcase name="test_はてなブックマーク設定が正しく設定されている" file="/Users/ryu/trends-laravel/tests/Unit/Config/ScrapingConfigTest.php" line="75" class="Tests\Unit\Config\ScrapingConfigTest" classname="Tests.Unit.Config.ScrapingConfigTest" assertions="8" time="0.005775"/>
        <testcase name="test_qiita設定が正しく設定されている" file="/Users/ryu/trends-laravel/tests/Unit/Config/ScrapingConfigTest.php" line="89" class="Tests\Unit\Config\ScrapingConfigTest" classname="Tests.Unit.Config.ScrapingConfigTest" assertions="8" time="0.005759"/>
        <testcase name="test_zenn設定が正しく設定されている" file="/Users/ryu/trends-laravel/tests/Unit/Config/ScrapingConfigTest.php" line="103" class="Tests\Unit\Config\ScrapingConfigTest" classname="Tests.Unit.Config.ScrapingConfigTest" assertions="9" time="0.005782"/>
        <testcase name="test_キャッシュ設定が正しく設定されている" file="/Users/ryu/trends-laravel/tests/Unit/Config/ScrapingConfigTest.php" line="118" class="Tests\Unit\Config\ScrapingConfigTest" classname="Tests.Unit.Config.ScrapingConfigTest" assertions="7" time="0.005820"/>
        <testcase name="test_ログ設定が正しく設定されている" file="/Users/ryu/trends-laravel/tests/Unit/Config/ScrapingConfigTest.php" line="131" class="Tests\Unit\Config\ScrapingConfigTest" classname="Tests.Unit.Config.ScrapingConfigTest" assertions="7" time="0.007262"/>
        <testcase name="test_環境変数での設定上書きが可能" file="/Users/ryu/trends-laravel/tests/Unit/Config/ScrapingConfigTest.php" line="144" class="Tests\Unit\Config\ScrapingConfigTest" classname="Tests.Unit.Config.ScrapingConfigTest" assertions="1" time="0.005965"/>
      </testsuite>
      <testsuite name="Tests\Unit\Console\Commands\BaseCommandTest" file="/Users/ryu/trends-laravel/tests/Unit/Console/Commands/BaseCommandTest.php" tests="13" assertions="27" errors="0" failures="0" skipped="0" time="2.804042">
        <testcase name="test_コマンドが正しく登録されていること" file="/Users/ryu/trends-laravel/tests/Unit/Console/Commands/BaseCommandTest.php" line="14" class="Tests\Unit\Console\Commands\BaseCommandTest" classname="Tests.Unit.Console.Commands.BaseCommandTest" assertions="3" time="0.011376"/>
        <testcase name="test_コマンドヘルプが表示されること" file="/Users/ryu/trends-laravel/tests/Unit/Console/Commands/BaseCommandTest.php" line="39" class="Tests\Unit\Console\Commands\BaseCommandTest" classname="Tests.Unit.Console.Commands.BaseCommandTest" assertions="2" time="0.010162"/>
        <testcase name="test_存在しないコマンドはエラーになること" file="/Users/ryu/trends-laravel/tests/Unit/Console/Commands/BaseCommandTest.php" line="52" class="Tests\Unit\Console\Commands\BaseCommandTest" classname="Tests.Unit.Console.Commands.BaseCommandTest" assertions="1" time="0.007156"/>
        <testcase name="test_コマンドが適切な構造を持つこと" file="/Users/ryu/trends-laravel/tests/Unit/Console/Commands/BaseCommandTest.php" line="62" class="Tests\Unit\Console\Commands\BaseCommandTest" classname="Tests.Unit.Console.Commands.BaseCommandTest" assertions="6" time="0.009486"/>
        <testcase name="test_dry_runオプションが利用可能なこと" file="/Users/ryu/trends-laravel/tests/Unit/Console/Commands/BaseCommandTest.php" line="84" class="Tests\Unit\Console\Commands\BaseCommandTest" classname="Tests.Unit.Console.Commands.BaseCommandTest" assertions="1" time="0.009397"/>
        <testcase name="test_dry_runモードでコマンドが実行されること" file="/Users/ryu/trends-laravel/tests/Unit/Console/Commands/BaseCommandTest.php" line="103" class="Tests\Unit\Console\Commands\BaseCommandTest" classname="Tests.Unit.Console.Commands.BaseCommandTest" assertions="2" time="0.921946"/>
        <testcase name="test_プラットフォーム指定コマンドが実行されること" file="/Users/ryu/trends-laravel/tests/Unit/Console/Commands/BaseCommandTest.php" line="118" class="Tests\Unit\Console\Commands\BaseCommandTest" classname="Tests.Unit.Console.Commands.BaseCommandTest" assertions="2" time="0.391242"/>
        <testcase name="test_無効なプラットフォーム指定でエラーになること" file="/Users/ryu/trends-laravel/tests/Unit/Console/Commands/BaseCommandTest.php" line="135" class="Tests\Unit\Console\Commands\BaseCommandTest" classname="Tests.Unit.Console.Commands.BaseCommandTest" assertions="2" time="0.007000"/>
        <testcase name="test_ランキング生成コマンドが実行されること" file="/Users/ryu/trends-laravel/tests/Unit/Console/Commands/BaseCommandTest.php" line="151" class="Tests\Unit\Console\Commands\BaseCommandTest" classname="Tests.Unit.Console.Commands.BaseCommandTest" assertions="2" time="0.024036"/>
        <testcase name="test_スコア計算コマンドが実行されること" file="/Users/ryu/trends-laravel/tests/Unit/Console/Commands/BaseCommandTest.php" line="166" class="Tests\Unit\Console\Commands\BaseCommandTest" classname="Tests.Unit.Console.Commands.BaseCommandTest" assertions="1" time="0.009360"/>
        <testcase name="test_スケジュールコマンドが実行されること" file="/Users/ryu/trends-laravel/tests/Unit/Console/Commands/BaseCommandTest.php" line="187" class="Tests\Unit\Console\Commands\BaseCommandTest" classname="Tests.Unit.Console.Commands.BaseCommandTest" assertions="1" time="0.439521"/>
        <testcase name="test_コマンドがタイムアウト内で実行されること" file="/Users/ryu/trends-laravel/tests/Unit/Console/Commands/BaseCommandTest.php" line="200" class="Tests\Unit\Console\Commands\BaseCommandTest" classname="Tests.Unit.Console.Commands.BaseCommandTest" assertions="1" time="0.378743"/>
        <testcase name="test_複数コマンドが並行実行できること" file="/Users/ryu/trends-laravel/tests/Unit/Console/Commands/BaseCommandTest.php" line="219" class="Tests\Unit\Console\Commands\BaseCommandTest" classname="Tests.Unit.Console.Commands.BaseCommandTest" assertions="3" time="0.584617"/>
      </testsuite>
      <testsuite name="Tests\Unit\Console\Commands\ComprehensiveCommandTest" file="/Users/ryu/trends-laravel/tests/Unit/Console/Commands/ComprehensiveCommandTest.php" tests="15" assertions="39" errors="0" failures="0" skipped="0" time="0.095106">
        <testcase name="test_generate_company_rankings_command_が登録されていること" file="/Users/ryu/trends-laravel/tests/Unit/Console/Commands/ComprehensiveCommandTest.php" line="18" class="Tests\Unit\Console\Commands\ComprehensiveCommandTest" classname="Tests.Unit.Console.Commands.ComprehensiveCommandTest" assertions="1" time="0.006549"/>
        <testcase name="test_scrape_all_command_が登録されていること" file="/Users/ryu/trends-laravel/tests/Unit/Console/Commands/ComprehensiveCommandTest.php" line="26" class="Tests\Unit\Console\Commands\ComprehensiveCommandTest" classname="Tests.Unit.Console.Commands.ComprehensiveCommandTest" assertions="1" time="0.005678"/>
        <testcase name="test_scrape_platform_command_が登録されていること" file="/Users/ryu/trends-laravel/tests/Unit/Console/Commands/ComprehensiveCommandTest.php" line="34" class="Tests\Unit\Console\Commands\ComprehensiveCommandTest" classname="Tests.Unit.Console.Commands.ComprehensiveCommandTest" assertions="1" time="0.005539"/>
        <testcase name="test_scrape_schedule_command_が登録されていること" file="/Users/ryu/trends-laravel/tests/Unit/Console/Commands/ComprehensiveCommandTest.php" line="42" class="Tests\Unit\Console\Commands\ComprehensiveCommandTest" classname="Tests.Unit.Console.Commands.ComprehensiveCommandTest" assertions="1" time="0.005571"/>
        <testcase name="test_artisan_コマンドリストにカスタムコマンドが含まれていること" file="/Users/ryu/trends-laravel/tests/Unit/Console/Commands/ComprehensiveCommandTest.php" line="50" class="Tests\Unit\Console\Commands\ComprehensiveCommandTest" classname="Tests.Unit.Console.Commands.ComprehensiveCommandTest" assertions="2" time="0.012583"/>
        <testcase name="test_generate_company_rankings_command_基本実行" file="/Users/ryu/trends-laravel/tests/Unit/Console/Commands/ComprehensiveCommandTest.php" line="63" class="Tests\Unit\Console\Commands\ComprehensiveCommandTest" classname="Tests.Unit.Console.Commands.ComprehensiveCommandTest" assertions="2" time="0.005669"/>
        <testcase name="test_scrape_all_command_基本実行" file="/Users/ryu/trends-laravel/tests/Unit/Console/Commands/ComprehensiveCommandTest.php" line="75" class="Tests\Unit\Console\Commands\ComprehensiveCommandTest" classname="Tests.Unit.Console.Commands.ComprehensiveCommandTest" assertions="2" time="0.005556"/>
        <testcase name="test_scrape_platform_command_基本実行" file="/Users/ryu/trends-laravel/tests/Unit/Console/Commands/ComprehensiveCommandTest.php" line="86" class="Tests\Unit\Console\Commands\ComprehensiveCommandTest" classname="Tests.Unit.Console.Commands.ComprehensiveCommandTest" assertions="2" time="0.007400"/>
        <testcase name="test_scrape_schedule_command_基本実行" file="/Users/ryu/trends-laravel/tests/Unit/Console/Commands/ComprehensiveCommandTest.php" line="97" class="Tests\Unit\Console\Commands\ComprehensiveCommandTest" classname="Tests.Unit.Console.Commands.ComprehensiveCommandTest" assertions="2" time="0.005645"/>
        <testcase name="test_コマンドオプションが正しく定義されていること" file="/Users/ryu/trends-laravel/tests/Unit/Console/Commands/ComprehensiveCommandTest.php" line="108" class="Tests\Unit\Console\Commands\ComprehensiveCommandTest" classname="Tests.Unit.Console.Commands.ComprehensiveCommandTest" assertions="2" time="0.005674"/>
        <testcase name="test_コマンドのシグネチャが正しく設定されていること" file="/Users/ryu/trends-laravel/tests/Unit/Console/Commands/ComprehensiveCommandTest.php" line="124" class="Tests\Unit\Console\Commands\ComprehensiveCommandTest" classname="Tests.Unit.Console.Commands.ComprehensiveCommandTest" assertions="8" time="0.005555"/>
        <testcase name="test_コマンドの説明が設定されていること" file="/Users/ryu/trends-laravel/tests/Unit/Console/Commands/ComprehensiveCommandTest.php" line="145" class="Tests\Unit\Console\Commands\ComprehensiveCommandTest" classname="Tests.Unit.Console.Commands.ComprehensiveCommandTest" assertions="4" time="0.005591"/>
        <testcase name="test_全コマンドが正常にインスタンス化されること" file="/Users/ryu/trends-laravel/tests/Unit/Console/Commands/ComprehensiveCommandTest.php" line="165" class="Tests\Unit\Console\Commands\ComprehensiveCommandTest" classname="Tests.Unit.Console.Commands.ComprehensiveCommandTest" assertions="8" time="0.005597"/>
        <testcase name="test_コマンドヘルプが表示されること" file="/Users/ryu/trends-laravel/tests/Unit/Console/Commands/ComprehensiveCommandTest.php" line="185" class="Tests\Unit\Console\Commands\ComprehensiveCommandTest" classname="Tests.Unit.Console.Commands.ComprehensiveCommandTest" assertions="2" time="0.006386"/>
        <testcase name="test_無効なコマンド実行時のエラーハンドリング" file="/Users/ryu/trends-laravel/tests/Unit/Console/Commands/ComprehensiveCommandTest.php" line="198" class="Tests\Unit\Console\Commands\ComprehensiveCommandTest" classname="Tests.Unit.Console.Commands.ComprehensiveCommandTest" assertions="1" time="0.006111"/>
      </testsuite>
      <testsuite name="Tests\Unit\Console\GenerateCompanyRankingsCommandTest" file="/Users/ryu/trends-laravel/tests/Unit/Console/GenerateCompanyRankingsCommandTest.php" tests="18" assertions="38" errors="0" failures="0" skipped="0" time="0.114998">
        <testcase name="test_コマンドの基本情報が正しく設定されている" file="/Users/ryu/trends-laravel/tests/Unit/Console/GenerateCompanyRankingsCommandTest.php" line="22" class="Tests\Unit\Console\GenerateCompanyRankingsCommandTest" classname="Tests.Unit.Console.GenerateCompanyRankingsCommandTest" assertions="2" time="0.005531"/>
        <testcase name="test_期間オプションが定義されている" file="/Users/ryu/trends-laravel/tests/Unit/Console/GenerateCompanyRankingsCommandTest.php" line="30" class="Tests\Unit\Console\GenerateCompanyRankingsCommandTest" classname="Tests.Unit.Console.GenerateCompanyRankingsCommandTest" assertions="2" time="0.005421"/>
        <testcase name="test_日付オプションが定義されている" file="/Users/ryu/trends-laravel/tests/Unit/Console/GenerateCompanyRankingsCommandTest.php" line="39" class="Tests\Unit\Console\GenerateCompanyRankingsCommandTest" classname="Tests.Unit.Console.GenerateCompanyRankingsCommandTest" assertions="2" time="0.005430"/>
        <testcase name="test_キューオプションが定義されている" file="/Users/ryu/trends-laravel/tests/Unit/Console/GenerateCompanyRankingsCommandTest.php" line="48" class="Tests\Unit\Console\GenerateCompanyRankingsCommandTest" classname="Tests.Unit.Console.GenerateCompanyRankingsCommandTest" assertions="2" time="0.005399"/>
        <testcase name="test_handleメソッドが実装されている" file="/Users/ryu/trends-laravel/tests/Unit/Console/GenerateCompanyRankingsCommandTest.php" line="57" class="Tests\Unit\Console\GenerateCompanyRankingsCommandTest" classname="Tests.Unit.Console.GenerateCompanyRankingsCommandTest" assertions="2" time="0.005400"/>
        <testcase name="test_デフォルト実行での正常終了" file="/Users/ryu/trends-laravel/tests/Unit/Console/GenerateCompanyRankingsCommandTest.php" line="66" class="Tests\Unit\Console\GenerateCompanyRankingsCommandTest" classname="Tests.Unit.Console.GenerateCompanyRankingsCommandTest" assertions="1" time="0.011048"/>
        <testcase name="test_期間指定オプションでの実行" file="/Users/ryu/trends-laravel/tests/Unit/Console/GenerateCompanyRankingsCommandTest.php" line="101" class="Tests\Unit\Console\GenerateCompanyRankingsCommandTest" classname="Tests.Unit.Console.GenerateCompanyRankingsCommandTest" assertions="1" time="0.006938"/>
        <testcase name="test_基準日指定オプションでの実行" file="/Users/ryu/trends-laravel/tests/Unit/Console/GenerateCompanyRankingsCommandTest.php" line="118" class="Tests\Unit\Console\GenerateCompanyRankingsCommandTest" classname="Tests.Unit.Console.GenerateCompanyRankingsCommandTest" assertions="1" time="0.006785"/>
        <testcase name="test_キューオプションでの単一期間実行" file="/Users/ryu/trends-laravel/tests/Unit/Console/GenerateCompanyRankingsCommandTest.php" line="138" class="Tests\Unit\Console\GenerateCompanyRankingsCommandTest" classname="Tests.Unit.Console.GenerateCompanyRankingsCommandTest" assertions="2" time="0.009688"/>
        <testcase name="test_キューオプションでの全期間実行" file="/Users/ryu/trends-laravel/tests/Unit/Console/GenerateCompanyRankingsCommandTest.php" line="151" class="Tests\Unit\Console\GenerateCompanyRankingsCommandTest" classname="Tests.Unit.Console.GenerateCompanyRankingsCommandTest" assertions="2" time="0.006435"/>
        <testcase name="test_無効な日付指定時のエラー" file="/Users/ryu/trends-laravel/tests/Unit/Console/GenerateCompanyRankingsCommandTest.php" line="162" class="Tests\Unit\Console\GenerateCompanyRankingsCommandTest" classname="Tests.Unit.Console.GenerateCompanyRankingsCommandTest" assertions="3" time="0.005448"/>
        <testcase name="test_サービス例外時の処理" file="/Users/ryu/trends-laravel/tests/Unit/Console/GenerateCompanyRankingsCommandTest.php" line="174" class="Tests\Unit\Console\GenerateCompanyRankingsCommandTest" classname="Tests.Unit.Console.GenerateCompanyRankingsCommandTest" assertions="1" time="0.006561"/>
        <testcase name="test_統計情報表示機能" file="/Users/ryu/trends-laravel/tests/Unit/Console/GenerateCompanyRankingsCommandTest.php" line="187" class="Tests\Unit\Console\GenerateCompanyRankingsCommandTest" classname="Tests.Unit.Console.GenerateCompanyRankingsCommandTest" assertions="1" time="0.007184"/>
        <testcase name="test_実行時間測定とログ出力" file="/Users/ryu/trends-laravel/tests/Unit/Console/GenerateCompanyRankingsCommandTest.php" line="221" class="Tests\Unit\Console\GenerateCompanyRankingsCommandTest" classname="Tests.Unit.Console.GenerateCompanyRankingsCommandTest" assertions="3" time="0.005443"/>
        <testcase name="test_プログレスバー機能の実装" file="/Users/ryu/trends-laravel/tests/Unit/Console/GenerateCompanyRankingsCommandTest.php" line="231" class="Tests\Unit\Console\GenerateCompanyRankingsCommandTest" classname="Tests.Unit.Console.GenerateCompanyRankingsCommandTest" assertions="4" time="0.005444"/>
        <testcase name="test_コマンド成功時の終了コード" file="/Users/ryu/trends-laravel/tests/Unit/Console/GenerateCompanyRankingsCommandTest.php" line="242" class="Tests\Unit\Console\GenerateCompanyRankingsCommandTest" classname="Tests.Unit.Console.GenerateCompanyRankingsCommandTest" assertions="2" time="0.005749"/>
        <testcase name="test_期間処理の分離実装" file="/Users/ryu/trends-laravel/tests/Unit/Console/GenerateCompanyRankingsCommandTest.php" line="248" class="Tests\Unit\Console\GenerateCompanyRankingsCommandTest" classname="Tests.Unit.Console.GenerateCompanyRankingsCommandTest" assertions="3" time="0.005539"/>
        <testcase name="test_サービスクラス連携の確認" file="/Users/ryu/trends-laravel/tests/Unit/Console/GenerateCompanyRankingsCommandTest.php" line="258" class="Tests\Unit\Console\GenerateCompanyRankingsCommandTest" classname="Tests.Unit.Console.GenerateCompanyRankingsCommandTest" assertions="4" time="0.005555"/>
      </testsuite>
      <testsuite name="Tests\Unit\Console\ScrapeAllCommandHandleTest" file="/Users/ryu/trends-laravel/tests/Unit/Console/ScrapeAllCommandHandleTest.php" tests="5" assertions="5" errors="0" failures="0" skipped="0" time="0.039782">
        <testcase name="test_handle実行_正常系" file="/Users/ryu/trends-laravel/tests/Unit/Console/ScrapeAllCommandHandleTest.php" line="23" class="Tests\Unit\Console\ScrapeAllCommandHandleTest" classname="Tests.Unit.Console.ScrapeAllCommandHandleTest" assertions="1" time="0.012140"/>
        <testcase name="test_handle実行_dry_runモード" file="/Users/ryu/trends-laravel/tests/Unit/Console/ScrapeAllCommandHandleTest.php" line="32" class="Tests\Unit\Console\ScrapeAllCommandHandleTest" classname="Tests.Unit.Console.ScrapeAllCommandHandleTest" assertions="1" time="0.007118"/>
        <testcase name="test_handle実行_エラー発生時" file="/Users/ryu/trends-laravel/tests/Unit/Console/ScrapeAllCommandHandleTest.php" line="69" class="Tests\Unit\Console\ScrapeAllCommandHandleTest" classname="Tests.Unit.Console.ScrapeAllCommandHandleTest" assertions="1" time="0.006840"/>
        <testcase name="test_handle実行_全スクレイパーエラー時" file="/Users/ryu/trends-laravel/tests/Unit/Console/ScrapeAllCommandHandleTest.php" line="105" class="Tests\Unit\Console\ScrapeAllCommandHandleTest" classname="Tests.Unit.Console.ScrapeAllCommandHandleTest" assertions="1" time="0.006803"/>
        <testcase name="test_handle実行_統計情報表示" file="/Users/ryu/trends-laravel/tests/Unit/Console/ScrapeAllCommandHandleTest.php" line="136" class="Tests\Unit\Console\ScrapeAllCommandHandleTest" classname="Tests.Unit.Console.ScrapeAllCommandHandleTest" assertions="1" time="0.006881"/>
      </testsuite>
      <testsuite name="Tests\Unit\Console\ScrapePlatformCommandHandleTest" file="/Users/ryu/trends-laravel/tests/Unit/Console/ScrapePlatformCommandHandleTest.php" tests="12" assertions="12" errors="0" failures="0" skipped="0" time="0.080825">
        <testcase name="test_handle実行_qiita正常系" file="/Users/ryu/trends-laravel/tests/Unit/Console/ScrapePlatformCommandHandleTest.php" line="23" class="Tests\Unit\Console\ScrapePlatformCommandHandleTest" classname="Tests.Unit.Console.ScrapePlatformCommandHandleTest" assertions="1" time="0.006722"/>
        <testcase name="test_handle実行_zenn正常系" file="/Users/ryu/trends-laravel/tests/Unit/Console/ScrapePlatformCommandHandleTest.php" line="40" class="Tests\Unit\Console\ScrapePlatformCommandHandleTest" classname="Tests.Unit.Console.ScrapePlatformCommandHandleTest" assertions="1" time="0.006569"/>
        <testcase name="test_handle実行_hatena正常系" file="/Users/ryu/trends-laravel/tests/Unit/Console/ScrapePlatformCommandHandleTest.php" line="57" class="Tests\Unit\Console\ScrapePlatformCommandHandleTest" classname="Tests.Unit.Console.ScrapePlatformCommandHandleTest" assertions="1" time="0.006621"/>
        <testcase name="test_handle実行_qiita_dry_runモード" file="/Users/ryu/trends-laravel/tests/Unit/Console/ScrapePlatformCommandHandleTest.php" line="74" class="Tests\Unit\Console\ScrapePlatformCommandHandleTest" classname="Tests.Unit.Console.ScrapePlatformCommandHandleTest" assertions="1" time="0.006607"/>
        <testcase name="test_handle実行_zenn_dry_runモード" file="/Users/ryu/trends-laravel/tests/Unit/Console/ScrapePlatformCommandHandleTest.php" line="91" class="Tests\Unit\Console\ScrapePlatformCommandHandleTest" classname="Tests.Unit.Console.ScrapePlatformCommandHandleTest" assertions="1" time="0.006599"/>
        <testcase name="test_handle実行_hatena_dry_runモード" file="/Users/ryu/trends-laravel/tests/Unit/Console/ScrapePlatformCommandHandleTest.php" line="108" class="Tests\Unit\Console\ScrapePlatformCommandHandleTest" classname="Tests.Unit.Console.ScrapePlatformCommandHandleTest" assertions="1" time="0.006630"/>
        <testcase name="test_handle実行_無効なプラットフォーム" file="/Users/ryu/trends-laravel/tests/Unit/Console/ScrapePlatformCommandHandleTest.php" line="125" class="Tests\Unit\Console\ScrapePlatformCommandHandleTest" classname="Tests.Unit.Console.ScrapePlatformCommandHandleTest" assertions="1" time="0.006495"/>
        <testcase name="test_handle実行_qiitaエラー時" file="/Users/ryu/trends-laravel/tests/Unit/Console/ScrapePlatformCommandHandleTest.php" line="131" class="Tests\Unit\Console\ScrapePlatformCommandHandleTest" classname="Tests.Unit.Console.ScrapePlatformCommandHandleTest" assertions="1" time="0.006580"/>
        <testcase name="test_handle実行_zennエラー時" file="/Users/ryu/trends-laravel/tests/Unit/Console/ScrapePlatformCommandHandleTest.php" line="147" class="Tests\Unit\Console\ScrapePlatformCommandHandleTest" classname="Tests.Unit.Console.ScrapePlatformCommandHandleTest" assertions="1" time="0.006562"/>
        <testcase name="test_handle実行_hatenaエラー時" file="/Users/ryu/trends-laravel/tests/Unit/Console/ScrapePlatformCommandHandleTest.php" line="163" class="Tests\Unit\Console\ScrapePlatformCommandHandleTest" classname="Tests.Unit.Console.ScrapePlatformCommandHandleTest" assertions="1" time="0.006728"/>
        <testcase name="test_handle実行_プラットフォーム名大文字小文字" file="/Users/ryu/trends-laravel/tests/Unit/Console/ScrapePlatformCommandHandleTest.php" line="179" class="Tests\Unit\Console\ScrapePlatformCommandHandleTest" classname="Tests.Unit.Console.ScrapePlatformCommandHandleTest" assertions="1" time="0.007610"/>
        <testcase name="test_handle実行_統計情報表示" file="/Users/ryu/trends-laravel/tests/Unit/Console/ScrapePlatformCommandHandleTest.php" line="196" class="Tests\Unit\Console\ScrapePlatformCommandHandleTest" classname="Tests.Unit.Console.ScrapePlatformCommandHandleTest" assertions="1" time="0.007103"/>
      </testsuite>
      <testsuite name="Tests\Unit\Console\ScrapeScheduleCommandHandleTest" file="/Users/ryu/trends-laravel/tests/Unit/Console/ScrapeScheduleCommandHandleTest.php" tests="8" assertions="8" errors="0" failures="0" skipped="0" time="0.059917">
        <testcase name="test_handle実行_正常系" file="/Users/ryu/trends-laravel/tests/Unit/Console/ScrapeScheduleCommandHandleTest.php" line="23" class="Tests\Unit\Console\ScrapeScheduleCommandHandleTest" classname="Tests.Unit.Console.ScrapeScheduleCommandHandleTest" assertions="1" time="0.007315"/>
        <testcase name="test_handle実行_silentモード" file="/Users/ryu/trends-laravel/tests/Unit/Console/ScrapeScheduleCommandHandleTest.php" line="32" class="Tests\Unit\Console\ScrapeScheduleCommandHandleTest" classname="Tests.Unit.Console.ScrapeScheduleCommandHandleTest" assertions="1" time="0.007115"/>
        <testcase name="test_handle実行_エラー発生時" file="/Users/ryu/trends-laravel/tests/Unit/Console/ScrapeScheduleCommandHandleTest.php" line="72" class="Tests\Unit\Console\ScrapeScheduleCommandHandleTest" classname="Tests.Unit.Console.ScrapeScheduleCommandHandleTest" assertions="1" time="0.007338"/>
        <testcase name="test_handle実行_全スクレイパーエラー時" file="/Users/ryu/trends-laravel/tests/Unit/Console/ScrapeScheduleCommandHandleTest.php" line="108" class="Tests\Unit\Console\ScrapeScheduleCommandHandleTest" classname="Tests.Unit.Console.ScrapeScheduleCommandHandleTest" assertions="1" time="0.007360"/>
        <testcase name="test_handle実行_部分的成功" file="/Users/ryu/trends-laravel/tests/Unit/Console/ScrapeScheduleCommandHandleTest.php" line="139" class="Tests\Unit\Console\ScrapeScheduleCommandHandleTest" classname="Tests.Unit.Console.ScrapeScheduleCommandHandleTest" assertions="1" time="0.009757"/>
        <testcase name="test_handle実行_統計情報表示" file="/Users/ryu/trends-laravel/tests/Unit/Console/ScrapeScheduleCommandHandleTest.php" line="176" class="Tests\Unit\Console\ScrapeScheduleCommandHandleTest" classname="Tests.Unit.Console.ScrapeScheduleCommandHandleTest" assertions="1" time="0.007422"/>
        <testcase name="test_handle実行_特定プラットフォーム" file="/Users/ryu/trends-laravel/tests/Unit/Console/ScrapeScheduleCommandHandleTest.php" line="225" class="Tests\Unit\Console\ScrapeScheduleCommandHandleTest" classname="Tests.Unit.Console.ScrapeScheduleCommandHandleTest" assertions="1" time="0.006910"/>
        <testcase name="test_handle実行_無効なプラットフォーム" file="/Users/ryu/trends-laravel/tests/Unit/Console/ScrapeScheduleCommandHandleTest.php" line="243" class="Tests\Unit\Console\ScrapeScheduleCommandHandleTest" classname="Tests.Unit.Console.ScrapeScheduleCommandHandleTest" assertions="1" time="0.006700"/>
      </testsuite>
      <testsuite name="Tests\Unit\Constants\ArticleEngagementTest" file="/Users/ryu/trends-laravel/tests/Unit/Constants/ArticleEngagementTest.php" tests="8" assertions="32" errors="0" failures="0" skipped="0" time="0.000857">
        <testcase name="test_get_normal_bookmark_range_正常に範囲を取得できること" file="/Users/ryu/trends-laravel/tests/Unit/Constants/ArticleEngagementTest.php" line="13" class="Tests\Unit\Constants\ArticleEngagementTest" classname="Tests.Unit.Constants.ArticleEngagementTest" assertions="4" time="0.000125"/>
        <testcase name="test_get_normal_likes_range_正常に範囲を取得できること" file="/Users/ryu/trends-laravel/tests/Unit/Constants/ArticleEngagementTest.php" line="25" class="Tests\Unit\Constants\ArticleEngagementTest" classname="Tests.Unit.Constants.ArticleEngagementTest" assertions="4" time="0.000110"/>
        <testcase name="test_get_popular_bookmark_range_正常に範囲を取得できること" file="/Users/ryu/trends-laravel/tests/Unit/Constants/ArticleEngagementTest.php" line="37" class="Tests\Unit\Constants\ArticleEngagementTest" classname="Tests.Unit.Constants.ArticleEngagementTest" assertions="4" time="0.000105"/>
        <testcase name="test_get_popular_likes_range_正常に範囲を取得できること" file="/Users/ryu/trends-laravel/tests/Unit/Constants/ArticleEngagementTest.php" line="49" class="Tests\Unit\Constants\ArticleEngagementTest" classname="Tests.Unit.Constants.ArticleEngagementTest" assertions="4" time="0.000111"/>
        <testcase name="test_get_low_bookmark_range_正常に範囲を取得できること" file="/Users/ryu/trends-laravel/tests/Unit/Constants/ArticleEngagementTest.php" line="61" class="Tests\Unit\Constants\ArticleEngagementTest" classname="Tests.Unit.Constants.ArticleEngagementTest" assertions="4" time="0.000102"/>
        <testcase name="test_get_low_likes_range_正常に範囲を取得できること" file="/Users/ryu/trends-laravel/tests/Unit/Constants/ArticleEngagementTest.php" line="73" class="Tests\Unit\Constants\ArticleEngagementTest" classname="Tests.Unit.Constants.ArticleEngagementTest" assertions="4" time="0.000101"/>
        <testcase name="test_get_high_bookmark_range_正常に範囲を取得できること" file="/Users/ryu/trends-laravel/tests/Unit/Constants/ArticleEngagementTest.php" line="85" class="Tests\Unit\Constants\ArticleEngagementTest" classname="Tests.Unit.Constants.ArticleEngagementTest" assertions="4" time="0.000100"/>
        <testcase name="test_get_high_likes_range_正常に範囲を取得できること" file="/Users/ryu/trends-laravel/tests/Unit/Constants/ArticleEngagementTest.php" line="97" class="Tests\Unit\Constants\ArticleEngagementTest" classname="Tests.Unit.Constants.ArticleEngagementTest" assertions="4" time="0.000103"/>
      </testsuite>
      <testsuite name="Tests\Unit\Constants\CacheTimeTest" file="/Users/ryu/trends-laravel/tests/Unit/Constants/CacheTimeTest.php" tests="20" assertions="104" errors="0" failures="0" skipped="0" time="0.003675">
        <testcase name="test_基本キャッシュ時間定数が正しい値を持つ" file="/Users/ryu/trends-laravel/tests/Unit/Constants/CacheTimeTest.php" line="14" class="Tests\Unit\Constants\CacheTimeTest" classname="Tests.Unit.Constants.CacheTimeTest" assertions="3" time="0.001131"/>
        <testcase name="test_用途別キャッシュ時間定数が正しい値を持つ" file="/Users/ryu/trends-laravel/tests/Unit/Constants/CacheTimeTest.php" line="22" class="Tests\Unit\Constants\CacheTimeTest" classname="Tests.Unit.Constants.CacheTimeTest" assertions="5" time="0.000135"/>
        <testcase name="test_キャッシュ時間の論理的順序が正しい" file="/Users/ryu/trends-laravel/tests/Unit/Constants/CacheTimeTest.php" line="32" class="Tests\Unit\Constants\CacheTimeTest" classname="Tests.Unit.Constants.CacheTimeTest" assertions="3" time="0.000118"/>
        <testcase name="test_用途別キャッシュ時間の妥当性" file="/Users/ryu/trends-laravel/tests/Unit/Constants/CacheTimeTest.php" line="54" class="Tests\Unit\Constants\CacheTimeTest" classname="Tests.Unit.Constants.CacheTimeTest" assertions="5" time="0.000111"/>
        <testsuite name="Tests\Unit\Constants\CacheTimeTest::test_キャッシュ時間定数の型が正しい" tests="8" assertions="16" errors="0" failures="0" skipped="0" time="0.001117">
          <testcase name="test_キャッシュ時間定数の型が正しい with data set &quot;DEFAULT&quot;" file="/Users/ryu/trends-laravel/tests/Unit/Constants/CacheTimeTest.php" line="92" class="Tests\Unit\Constants\CacheTimeTest" classname="Tests.Unit.Constants.CacheTimeTest" assertions="2" time="0.000245"/>
          <testcase name="test_キャッシュ時間定数の型が正しい with data set &quot;SHORT&quot;" file="/Users/ryu/trends-laravel/tests/Unit/Constants/CacheTimeTest.php" line="92" class="Tests\Unit\Constants\CacheTimeTest" classname="Tests.Unit.Constants.CacheTimeTest" assertions="2" time="0.000132"/>
          <testcase name="test_キャッシュ時間定数の型が正しい with data set &quot;LONG&quot;" file="/Users/ryu/trends-laravel/tests/Unit/Constants/CacheTimeTest.php" line="92" class="Tests\Unit\Constants\CacheTimeTest" classname="Tests.Unit.Constants.CacheTimeTest" assertions="2" time="0.000127"/>
          <testcase name="test_キャッシュ時間定数の型が正しい with data set &quot;STATISTICS&quot;" file="/Users/ryu/trends-laravel/tests/Unit/Constants/CacheTimeTest.php" line="92" class="Tests\Unit\Constants\CacheTimeTest" classname="Tests.Unit.Constants.CacheTimeTest" assertions="2" time="0.000124"/>
          <testcase name="test_キャッシュ時間定数の型が正しい with data set &quot;RANKING&quot;" file="/Users/ryu/trends-laravel/tests/Unit/Constants/CacheTimeTest.php" line="92" class="Tests\Unit\Constants\CacheTimeTest" classname="Tests.Unit.Constants.CacheTimeTest" assertions="2" time="0.000123"/>
          <testcase name="test_キャッシュ時間定数の型が正しい with data set &quot;COMPANY_DETAIL&quot;" file="/Users/ryu/trends-laravel/tests/Unit/Constants/CacheTimeTest.php" line="92" class="Tests\Unit\Constants\CacheTimeTest" classname="Tests.Unit.Constants.CacheTimeTest" assertions="2" time="0.000124"/>
          <testcase name="test_キャッシュ時間定数の型が正しい with data set &quot;ARTICLE_LIST&quot;" file="/Users/ryu/trends-laravel/tests/Unit/Constants/CacheTimeTest.php" line="92" class="Tests\Unit\Constants\CacheTimeTest" classname="Tests.Unit.Constants.CacheTimeTest" assertions="2" time="0.000121"/>
          <testcase name="test_キャッシュ時間定数の型が正しい with data set &quot;ARTICLE_DETAIL&quot;" file="/Users/ryu/trends-laravel/tests/Unit/Constants/CacheTimeTest.php" line="92" class="Tests\Unit\Constants\CacheTimeTest" classname="Tests.Unit.Constants.CacheTimeTest" assertions="2" time="0.000121"/>
        </testsuite>
        <testcase name="test_キャッシュ時間値の範囲が適切である" file="/Users/ryu/trends-laravel/tests/Unit/Constants/CacheTimeTest.php" line="115" class="Tests\Unit\Constants\CacheTimeTest" classname="Tests.Unit.Constants.CacheTimeTest" assertions="24" time="0.000212"/>
        <testcase name="test_秒単位での時間設定の妥当性" file="/Users/ryu/trends-laravel/tests/Unit/Constants/CacheTimeTest.php" line="135" class="Tests\Unit\Constants\CacheTimeTest" classname="Tests.Unit.Constants.CacheTimeTest" assertions="3" time="0.000116"/>
        <testcase name="test_ビジネス要件との整合性" file="/Users/ryu/trends-laravel/tests/Unit/Constants/CacheTimeTest.php" line="148" class="Tests\Unit\Constants\CacheTimeTest" classname="Tests.Unit.Constants.CacheTimeTest" assertions="8" time="0.000109"/>
        <testcase name="test_全定数がアクセス可能である" file="/Users/ryu/trends-laravel/tests/Unit/Constants/CacheTimeTest.php" line="176" class="Tests\Unit\Constants\CacheTimeTest" classname="Tests.Unit.Constants.CacheTimeTest" assertions="9" time="0.000127"/>
        <testcase name="test_定数の不変性確認" file="/Users/ryu/trends-laravel/tests/Unit/Constants/CacheTimeTest.php" line="200" class="Tests\Unit\Constants\CacheTimeTest" classname="Tests.Unit.Constants.CacheTimeTest" assertions="3" time="0.000101"/>
        <testcase name="test_パフォーマンス要件との整合性" file="/Users/ryu/trends-laravel/tests/Unit/Constants/CacheTimeTest.php" line="213" class="Tests\Unit\Constants\CacheTimeTest" classname="Tests.Unit.Constants.CacheTimeTest" assertions="3" time="0.000111"/>
        <testcase name="test_キャッシュ戦略の分類妥当性" file="/Users/ryu/trends-laravel/tests/Unit/Constants/CacheTimeTest.php" line="234" class="Tests\Unit\Constants\CacheTimeTest" classname="Tests.Unit.Constants.CacheTimeTest" assertions="18" time="0.000157"/>
        <testcase name="test_実用的な時間設定確認" file="/Users/ryu/trends-laravel/tests/Unit/Constants/CacheTimeTest.php" line="257" class="Tests\Unit\Constants\CacheTimeTest" classname="Tests.Unit.Constants.CacheTimeTest" assertions="4" time="0.000131"/>
      </testsuite>
      <testsuite name="Tests\Unit\Constants\PlatformTest" file="/Users/ryu/trends-laravel/tests/Unit/Constants/PlatformTest.php" tests="53" assertions="90" errors="0" failures="0" skipped="0" time="0.006110">
        <testcase name="qiita定数が正しい値を持つ" file="/Users/ryu/trends-laravel/tests/Unit/Constants/PlatformTest.php" line="13" class="Tests\Unit\Constants\PlatformTest" classname="Tests.Unit.Constants.PlatformTest" assertions="1" time="0.000114"/>
        <testcase name="zenn定数が正しい値を持つ" file="/Users/ryu/trends-laravel/tests/Unit/Constants/PlatformTest.php" line="19" class="Tests\Unit\Constants\PlatformTest" classname="Tests.Unit.Constants.PlatformTest" assertions="1" time="0.000109"/>
        <testcase name="はてなブックマーク定数が正しい値を持つ" file="/Users/ryu/trends-laravel/tests/Unit/Constants/PlatformTest.php" line="25" class="Tests\Unit\Constants\PlatformTest" classname="Tests.Unit.Constants.PlatformTest" assertions="1" time="0.000114"/>
        <testcase name="all定数が全プラットフォームを含む" file="/Users/ryu/trends-laravel/tests/Unit/Constants/PlatformTest.php" line="31" class="Tests\Unit\Constants\PlatformTest" classname="Tests.Unit.Constants.PlatformTest" assertions="2" time="0.000111"/>
        <testcase name="urls定数が正しいurlを含む" file="/Users/ryu/trends-laravel/tests/Unit/Constants/PlatformTest.php" line="44" class="Tests\Unit\Constants\PlatformTest" classname="Tests.Unit.Constants.PlatformTest" assertions="1" time="0.000102"/>
        <testcase name="rate_limits定数が正しい制限値を含む" file="/Users/ryu/trends-laravel/tests/Unit/Constants/PlatformTest.php" line="56" class="Tests\Unit\Constants\PlatformTest" classname="Tests.Unit.Constants.PlatformTest" assertions="1" time="0.000089"/>
        <testcase name="get_valid_platformsが全プラットフォームを返す" file="/Users/ryu/trends-laravel/tests/Unit/Constants/PlatformTest.php" line="68" class="Tests\Unit\Constants\PlatformTest" classname="Tests.Unit.Constants.PlatformTest" assertions="4" time="0.000105"/>
        <testsuite name="Tests\Unit\Constants\PlatformTest::is_validが有効なプラットフォーム名でtrueを返す" tests="3" assertions="3" errors="0" failures="0" skipped="0" time="0.000336">
          <testcase name="is_validが有効なプラットフォーム名でtrueを返す with data set &quot;Qiita&quot;" file="/Users/ryu/trends-laravel/tests/Unit/Constants/PlatformTest.php" line="80" class="Tests\Unit\Constants\PlatformTest" classname="Tests.Unit.Constants.PlatformTest" assertions="1" time="0.000117"/>
          <testcase name="is_validが有効なプラットフォーム名でtrueを返す with data set &quot;Zenn&quot;" file="/Users/ryu/trends-laravel/tests/Unit/Constants/PlatformTest.php" line="80" class="Tests\Unit\Constants\PlatformTest" classname="Tests.Unit.Constants.PlatformTest" assertions="1" time="0.000111"/>
          <testcase name="is_validが有効なプラットフォーム名でtrueを返す with data set &quot;はてなブックマーク&quot;" file="/Users/ryu/trends-laravel/tests/Unit/Constants/PlatformTest.php" line="80" class="Tests\Unit\Constants\PlatformTest" classname="Tests.Unit.Constants.PlatformTest" assertions="1" time="0.000108"/>
        </testsuite>
        <testsuite name="Tests\Unit\Constants\PlatformTest::is_validが無効なプラットフォーム名でfalseを返す" tests="8" assertions="8" errors="0" failures="0" skipped="0" time="0.000913">
          <testcase name="is_validが無効なプラットフォーム名でfalseを返す with data set &quot;存在しないプラットフォーム&quot;" file="/Users/ryu/trends-laravel/tests/Unit/Constants/PlatformTest.php" line="96" class="Tests\Unit\Constants\PlatformTest" classname="Tests.Unit.Constants.PlatformTest" assertions="1" time="0.000160"/>
          <testcase name="is_validが無効なプラットフォーム名でfalseを返す with data set &quot;空文字列&quot;" file="/Users/ryu/trends-laravel/tests/Unit/Constants/PlatformTest.php" line="96" class="Tests\Unit\Constants\PlatformTest" classname="Tests.Unit.Constants.PlatformTest" assertions="1" time="0.000110"/>
          <testcase name="is_validが無効なプラットフォーム名でfalseを返す with data set &quot;大文字小文字違い&quot;" file="/Users/ryu/trends-laravel/tests/Unit/Constants/PlatformTest.php" line="96" class="Tests\Unit\Constants\PlatformTest" classname="Tests.Unit.Constants.PlatformTest" assertions="1" time="0.000106"/>
          <testcase name="is_validが無効なプラットフォーム名でfalseを返す with data set &quot;ZENN大文字&quot;" file="/Users/ryu/trends-laravel/tests/Unit/Constants/PlatformTest.php" line="96" class="Tests\Unit\Constants\PlatformTest" classname="Tests.Unit.Constants.PlatformTest" assertions="1" time="0.000107"/>
          <testcase name="is_validが無効なプラットフォーム名でfalseを返す with data set &quot;スペース含み&quot;" file="/Users/ryu/trends-laravel/tests/Unit/Constants/PlatformTest.php" line="96" class="Tests\Unit\Constants\PlatformTest" classname="Tests.Unit.Constants.PlatformTest" assertions="1" time="0.000107"/>
          <testcase name="is_validが無効なプラットフォーム名でfalseを返す with data set &quot;null文字列&quot;" file="/Users/ryu/trends-laravel/tests/Unit/Constants/PlatformTest.php" line="96" class="Tests\Unit\Constants\PlatformTest" classname="Tests.Unit.Constants.PlatformTest" assertions="1" time="0.000107"/>
          <testcase name="is_validが無効なプラットフォーム名でfalseを返す with data set &quot;GitHub&quot;" file="/Users/ryu/trends-laravel/tests/Unit/Constants/PlatformTest.php" line="96" class="Tests\Unit\Constants\PlatformTest" classname="Tests.Unit.Constants.PlatformTest" assertions="1" time="0.000107"/>
          <testcase name="is_validが無効なプラットフォーム名でfalseを返す with data set &quot;はてな&quot;" file="/Users/ryu/trends-laravel/tests/Unit/Constants/PlatformTest.php" line="96" class="Tests\Unit\Constants\PlatformTest" classname="Tests.Unit.Constants.PlatformTest" assertions="1" time="0.000108"/>
        </testsuite>
        <testsuite name="Tests\Unit\Constants\PlatformTest::get_urlが有効なプラットフォームで正しいurlを返す" tests="3" assertions="3" errors="0" failures="0" skipped="0" time="0.000326">
          <testcase name="get_urlが有効なプラットフォームで正しいurlを返す with data set &quot;Qiita&quot;" file="/Users/ryu/trends-laravel/tests/Unit/Constants/PlatformTest.php" line="117" class="Tests\Unit\Constants\PlatformTest" classname="Tests.Unit.Constants.PlatformTest" assertions="1" time="0.000113"/>
          <testcase name="get_urlが有効なプラットフォームで正しいurlを返す with data set &quot;Zenn&quot;" file="/Users/ryu/trends-laravel/tests/Unit/Constants/PlatformTest.php" line="117" class="Tests\Unit\Constants\PlatformTest" classname="Tests.Unit.Constants.PlatformTest" assertions="1" time="0.000110"/>
          <testcase name="get_urlが有効なプラットフォームで正しいurlを返す with data set &quot;はてなブックマーク&quot;" file="/Users/ryu/trends-laravel/tests/Unit/Constants/PlatformTest.php" line="117" class="Tests\Unit\Constants\PlatformTest" classname="Tests.Unit.Constants.PlatformTest" assertions="1" time="0.000103"/>
        </testsuite>
        <testsuite name="Tests\Unit\Constants\PlatformTest::get_urlが無効なプラットフォーム名でnullを返す" tests="8" assertions="8" errors="0" failures="0" skipped="0" time="0.000832">
          <testcase name="get_urlが無効なプラットフォーム名でnullを返す with data set &quot;存在しないプラットフォーム&quot;" file="/Users/ryu/trends-laravel/tests/Unit/Constants/PlatformTest.php" line="133" class="Tests\Unit\Constants\PlatformTest" classname="Tests.Unit.Constants.PlatformTest" assertions="1" time="0.000108"/>
          <testcase name="get_urlが無効なプラットフォーム名でnullを返す with data set &quot;空文字列&quot;" file="/Users/ryu/trends-laravel/tests/Unit/Constants/PlatformTest.php" line="133" class="Tests\Unit\Constants\PlatformTest" classname="Tests.Unit.Constants.PlatformTest" assertions="1" time="0.000103"/>
          <testcase name="get_urlが無効なプラットフォーム名でnullを返す with data set &quot;大文字小文字違い&quot;" file="/Users/ryu/trends-laravel/tests/Unit/Constants/PlatformTest.php" line="133" class="Tests\Unit\Constants\PlatformTest" classname="Tests.Unit.Constants.PlatformTest" assertions="1" time="0.000104"/>
          <testcase name="get_urlが無効なプラットフォーム名でnullを返す with data set &quot;ZENN大文字&quot;" file="/Users/ryu/trends-laravel/tests/Unit/Constants/PlatformTest.php" line="133" class="Tests\Unit\Constants\PlatformTest" classname="Tests.Unit.Constants.PlatformTest" assertions="1" time="0.000103"/>
          <testcase name="get_urlが無効なプラットフォーム名でnullを返す with data set &quot;スペース含み&quot;" file="/Users/ryu/trends-laravel/tests/Unit/Constants/PlatformTest.php" line="133" class="Tests\Unit\Constants\PlatformTest" classname="Tests.Unit.Constants.PlatformTest" assertions="1" time="0.000106"/>
          <testcase name="get_urlが無効なプラットフォーム名でnullを返す with data set &quot;null文字列&quot;" file="/Users/ryu/trends-laravel/tests/Unit/Constants/PlatformTest.php" line="133" class="Tests\Unit\Constants\PlatformTest" classname="Tests.Unit.Constants.PlatformTest" assertions="1" time="0.000105"/>
          <testcase name="get_urlが無効なプラットフォーム名でnullを返す with data set &quot;GitHub&quot;" file="/Users/ryu/trends-laravel/tests/Unit/Constants/PlatformTest.php" line="133" class="Tests\Unit\Constants\PlatformTest" classname="Tests.Unit.Constants.PlatformTest" assertions="1" time="0.000100"/>
          <testcase name="get_urlが無効なプラットフォーム名でnullを返す with data set &quot;はてな&quot;" file="/Users/ryu/trends-laravel/tests/Unit/Constants/PlatformTest.php" line="133" class="Tests\Unit\Constants\PlatformTest" classname="Tests.Unit.Constants.PlatformTest" assertions="1" time="0.000103"/>
        </testsuite>
        <testsuite name="Tests\Unit\Constants\PlatformTest::get_rate_limitが有効なプラットフォームで正しい制限値を返す" tests="3" assertions="3" errors="0" failures="0" skipped="0" time="0.000317">
          <testcase name="get_rate_limitが有効なプラットフォームで正しい制限値を返す with data set &quot;Qiita&quot;" file="/Users/ryu/trends-laravel/tests/Unit/Constants/PlatformTest.php" line="140" class="Tests\Unit\Constants\PlatformTest" classname="Tests.Unit.Constants.PlatformTest" assertions="1" time="0.000101"/>
          <testcase name="get_rate_limitが有効なプラットフォームで正しい制限値を返す with data set &quot;Zenn&quot;" file="/Users/ryu/trends-laravel/tests/Unit/Constants/PlatformTest.php" line="140" class="Tests\Unit\Constants\PlatformTest" classname="Tests.Unit.Constants.PlatformTest" assertions="1" time="0.000110"/>
          <testcase name="get_rate_limitが有効なプラットフォームで正しい制限値を返す with data set &quot;はてなブックマーク&quot;" file="/Users/ryu/trends-laravel/tests/Unit/Constants/PlatformTest.php" line="140" class="Tests\Unit\Constants\PlatformTest" classname="Tests.Unit.Constants.PlatformTest" assertions="1" time="0.000106"/>
        </testsuite>
        <testsuite name="Tests\Unit\Constants\PlatformTest::get_rate_limitが無効なプラットフォーム名でnullを返す" tests="8" assertions="8" errors="0" failures="0" skipped="0" time="0.000821">
          <testcase name="get_rate_limitが無効なプラットフォーム名でnullを返す with data set &quot;存在しないプラットフォーム&quot;" file="/Users/ryu/trends-laravel/tests/Unit/Constants/PlatformTest.php" line="156" class="Tests\Unit\Constants\PlatformTest" classname="Tests.Unit.Constants.PlatformTest" assertions="1" time="0.000098"/>
          <testcase name="get_rate_limitが無効なプラットフォーム名でnullを返す with data set &quot;空文字列&quot;" file="/Users/ryu/trends-laravel/tests/Unit/Constants/PlatformTest.php" line="156" class="Tests\Unit\Constants\PlatformTest" classname="Tests.Unit.Constants.PlatformTest" assertions="1" time="0.000103"/>
          <testcase name="get_rate_limitが無効なプラットフォーム名でnullを返す with data set &quot;大文字小文字違い&quot;" file="/Users/ryu/trends-laravel/tests/Unit/Constants/PlatformTest.php" line="156" class="Tests\Unit\Constants\PlatformTest" classname="Tests.Unit.Constants.PlatformTest" assertions="1" time="0.000104"/>
          <testcase name="get_rate_limitが無効なプラットフォーム名でnullを返す with data set &quot;ZENN大文字&quot;" file="/Users/ryu/trends-laravel/tests/Unit/Constants/PlatformTest.php" line="156" class="Tests\Unit\Constants\PlatformTest" classname="Tests.Unit.Constants.PlatformTest" assertions="1" time="0.000104"/>
          <testcase name="get_rate_limitが無効なプラットフォーム名でnullを返す with data set &quot;スペース含み&quot;" file="/Users/ryu/trends-laravel/tests/Unit/Constants/PlatformTest.php" line="156" class="Tests\Unit\Constants\PlatformTest" classname="Tests.Unit.Constants.PlatformTest" assertions="1" time="0.000102"/>
          <testcase name="get_rate_limitが無効なプラットフォーム名でnullを返す with data set &quot;null文字列&quot;" file="/Users/ryu/trends-laravel/tests/Unit/Constants/PlatformTest.php" line="156" class="Tests\Unit\Constants\PlatformTest" classname="Tests.Unit.Constants.PlatformTest" assertions="1" time="0.000102"/>
          <testcase name="get_rate_limitが無効なプラットフォーム名でnullを返す with data set &quot;GitHub&quot;" file="/Users/ryu/trends-laravel/tests/Unit/Constants/PlatformTest.php" line="156" class="Tests\Unit\Constants\PlatformTest" classname="Tests.Unit.Constants.PlatformTest" assertions="1" time="0.000104"/>
          <testcase name="get_rate_limitが無効なプラットフォーム名でnullを返す with data set &quot;はてな&quot;" file="/Users/ryu/trends-laravel/tests/Unit/Constants/PlatformTest.php" line="156" class="Tests\Unit\Constants\PlatformTest" classname="Tests.Unit.Constants.PlatformTest" assertions="1" time="0.000104"/>
        </testsuite>
        <testcase name="all配列とurls配列のキーが一致する" file="/Users/ryu/trends-laravel/tests/Unit/Constants/PlatformTest.php" line="162" class="Tests\Unit\Constants\PlatformTest" classname="Tests.Unit.Constants.PlatformTest" assertions="1" time="0.000105"/>
        <testcase name="all配列とrate_limits配列のキーが一致する" file="/Users/ryu/trends-laravel/tests/Unit/Constants/PlatformTest.php" line="174" class="Tests\Unit\Constants\PlatformTest" classname="Tests.Unit.Constants.PlatformTest" assertions="1" time="0.000096"/>
        <testcase name="urls配列とrate_limits配列のキーが一致する" file="/Users/ryu/trends-laravel/tests/Unit/Constants/PlatformTest.php" line="186" class="Tests\Unit\Constants\PlatformTest" classname="Tests.Unit.Constants.PlatformTest" assertions="1" time="0.000092"/>
        <testcase name="プラットフォーム定数値に重複がない" file="/Users/ryu/trends-laravel/tests/Unit/Constants/PlatformTest.php" line="198" class="Tests\Unit\Constants\PlatformTest" classname="Tests.Unit.Constants.PlatformTest" assertions="1" time="0.000109"/>
        <testcase name="urlが有効な形式である" file="/Users/ryu/trends-laravel/tests/Unit/Constants/PlatformTest.php" line="210" class="Tests\Unit\Constants\PlatformTest" classname="Tests.Unit.Constants.PlatformTest" assertions="6" time="0.000163"/>
        <testcase name="レート制限が正の整数である" file="/Users/ryu/trends-laravel/tests/Unit/Constants/PlatformTest.php" line="219" class="Tests\Unit\Constants\PlatformTest" classname="Tests.Unit.Constants.PlatformTest" assertions="6" time="0.000109"/>
        <testcase name="レート制限が現実的な範囲内である" file="/Users/ryu/trends-laravel/tests/Unit/Constants/PlatformTest.php" line="228" class="Tests\Unit\Constants\PlatformTest" classname="Tests.Unit.Constants.PlatformTest" assertions="12" time="0.000166"/>
        <testcase name="静的メソッドが正しく動作する" file="/Users/ryu/trends-laravel/tests/Unit/Constants/PlatformTest.php" line="237" class="Tests\Unit\Constants\PlatformTest" classname="Tests.Unit.Constants.PlatformTest" assertions="4" time="0.000118"/>
        <testcase name="エッジケース_空文字列での各メソッド動作" file="/Users/ryu/trends-laravel/tests/Unit/Constants/PlatformTest.php" line="253" class="Tests\Unit\Constants\PlatformTest" classname="Tests.Unit.Constants.PlatformTest" assertions="3" time="0.000098"/>
        <testcase name="エッジケース_null文字列での各メソッド動作" file="/Users/ryu/trends-laravel/tests/Unit/Constants/PlatformTest.php" line="263" class="Tests\Unit\Constants\PlatformTest" classname="Tests.Unit.Constants.PlatformTest" assertions="3" time="0.000100"/>
        <testcase name="エッジケース_大文字小文字の違いは区別される" file="/Users/ryu/trends-laravel/tests/Unit/Constants/PlatformTest.php" line="273" class="Tests\Unit\Constants\PlatformTest" classname="Tests.Unit.Constants.PlatformTest" assertions="4" time="0.000100"/>
        <testcase name="定数の不変性確認" file="/Users/ryu/trends-laravel/tests/Unit/Constants/PlatformTest.php" line="282" class="Tests\Unit\Constants\PlatformTest" classname="Tests.Unit.Constants.PlatformTest" assertions="3" time="0.000099"/>
        <testcase name="パフォーマンステスト_大量呼び出し" file="/Users/ryu/trends-laravel/tests/Unit/Constants/PlatformTest.php" line="295" class="Tests\Unit\Constants\PlatformTest" classname="Tests.Unit.Constants.PlatformTest" assertions="1" time="0.000465"/>
      </testsuite>
      <testsuite name="Tests\Unit\Constants\RankingConstantsTest" file="/Users/ryu/trends-laravel/tests/Unit/Constants/RankingConstantsTest.php" tests="11" assertions="28" errors="0" failures="0" skipped="0" time="0.001337">
        <testcase name="test_全期間開始年定数が正しい値を持つ" file="/Users/ryu/trends-laravel/tests/Unit/Constants/RankingConstantsTest.php" line="14" class="Tests\Unit\Constants\RankingConstantsTest" classname="Tests.Unit.Constants.RankingConstantsTest" assertions="1" time="0.000115"/>
        <testcase name="test_計算乗数定数が正しい値を持つ" file="/Users/ryu/trends-laravel/tests/Unit/Constants/RankingConstantsTest.php" line="20" class="Tests\Unit\Constants\RankingConstantsTest" classname="Tests.Unit.Constants.RankingConstantsTest" assertions="1" time="0.000110"/>
        <testsuite name="Tests\Unit\Constants\RankingConstantsTest::test_定数の型が正しい" tests="2" assertions="4" errors="0" failures="0" skipped="0" time="0.000226">
          <testcase name="test_定数の型が正しい with data set &quot;ALL_TIME_START_YEAR&quot;" file="/Users/ryu/trends-laravel/tests/Unit/Constants/RankingConstantsTest.php" line="27" class="Tests\Unit\Constants\RankingConstantsTest" classname="Tests.Unit.Constants.RankingConstantsTest" assertions="2" time="0.000112"/>
          <testcase name="test_定数の型が正しい with data set &quot;CALCULATION_MULTIPLIER&quot;" file="/Users/ryu/trends-laravel/tests/Unit/Constants/RankingConstantsTest.php" line="27" class="Tests\Unit\Constants\RankingConstantsTest" classname="Tests.Unit.Constants.RankingConstantsTest" assertions="2" time="0.000114"/>
        </testsuite>
        <testcase name="test_全期間開始年の値が現実的である" file="/Users/ryu/trends-laravel/tests/Unit/Constants/RankingConstantsTest.php" line="44" class="Tests\Unit\Constants\RankingConstantsTest" classname="Tests.Unit.Constants.RankingConstantsTest" assertions="4" time="0.000193"/>
        <testcase name="test_計算乗数の値が妥当である" file="/Users/ryu/trends-laravel/tests/Unit/Constants/RankingConstantsTest.php" line="51" class="Tests\Unit\Constants\RankingConstantsTest" classname="Tests.Unit.Constants.RankingConstantsTest" assertions="3" time="0.000119"/>
        <testcase name="test_全定数がアクセス可能である" file="/Users/ryu/trends-laravel/tests/Unit/Constants/RankingConstantsTest.php" line="58" class="Tests\Unit\Constants\RankingConstantsTest" classname="Tests.Unit.Constants.RankingConstantsTest" assertions="3" time="0.000110"/>
        <testcase name="test_定数の不変性確認" file="/Users/ryu/trends-laravel/tests/Unit/Constants/RankingConstantsTest.php" line="76" class="Tests\Unit\Constants\RankingConstantsTest" classname="Tests.Unit.Constants.RankingConstantsTest" assertions="2" time="0.000099"/>
        <testcase name="test_ビジネスロジック要件との整合性" file="/Users/ryu/trends-laravel/tests/Unit/Constants/RankingConstantsTest.php" line="87" class="Tests\Unit\Constants\RankingConstantsTest" classname="Tests.Unit.Constants.RankingConstantsTest" assertions="4" time="0.000122"/>
        <testcase name="test_ランキング計算での数値オーバーフロー回避" file="/Users/ryu/trends-laravel/tests/Unit/Constants/RankingConstantsTest.php" line="101" class="Tests\Unit\Constants\RankingConstantsTest" classname="Tests.Unit.Constants.RankingConstantsTest" assertions="2" time="0.000115"/>
        <testcase name="test_開始年の過去データ収集妥当性" file="/Users/ryu/trends-laravel/tests/Unit/Constants/RankingConstantsTest.php" line="112" class="Tests\Unit\Constants\RankingConstantsTest" classname="Tests.Unit.Constants.RankingConstantsTest" assertions="4" time="0.000129"/>
      </testsuite>
      <testsuite name="Tests\Unit\Constants\RankingPeriodTest" file="/Users/ryu/trends-laravel/tests/Unit/Constants/RankingPeriodTest.php" tests="28" assertions="113" errors="0" failures="0" skipped="0" time="0.168845">
        <testcase name="test_期間タイプ定数が存在する" file="/Users/ryu/trends-laravel/tests/Unit/Constants/RankingPeriodTest.php" line="10" class="Tests\Unit\Constants\RankingPeriodTest" classname="Tests.Unit.Constants.RankingPeriodTest" assertions="2" time="0.006253"/>
        <testcase name="test_期間タイプ定数が期待される期間を含む" file="/Users/ryu/trends-laravel/tests/Unit/Constants/RankingPeriodTest.php" line="16" class="Tests\Unit\Constants\RankingPeriodTest" classname="Tests.Unit.Constants.RankingPeriodTest" assertions="7" time="0.006024"/>
        <testcase name="test_期間タイプ定数が正しい値を持つ" file="/Users/ryu/trends-laravel/tests/Unit/Constants/RankingPeriodTest.php" line="25" class="Tests\Unit\Constants\RankingPeriodTest" classname="Tests.Unit.Constants.RankingPeriodTest" assertions="1" time="0.006419"/>
        <testcase name="test_有効な期間を取得する" file="/Users/ryu/trends-laravel/tests/Unit/Constants/RankingPeriodTest.php" line="40" class="Tests\Unit\Constants\RankingPeriodTest" classname="Tests.Unit.Constants.RankingPeriodTest" assertions="3" time="0.006016"/>
        <testcase name="test_有効な期間で日数を取得する" file="/Users/ryu/trends-laravel/tests/Unit/Constants/RankingPeriodTest.php" line="51" class="Tests\Unit\Constants\RankingPeriodTest" classname="Tests.Unit.Constants.RankingPeriodTest" assertions="7" time="0.005875"/>
        <testcase name="test_無効な期間で日数取得時に例外が発生する" file="/Users/ryu/trends-laravel/tests/Unit/Constants/RankingPeriodTest.php" line="68" class="Tests\Unit\Constants\RankingPeriodTest" classname="Tests.Unit.Constants.RankingPeriodTest" assertions="3" time="0.005836"/>
        <testcase name="test_有効な期間でバリデーションが成功する" file="/Users/ryu/trends-laravel/tests/Unit/Constants/RankingPeriodTest.php" line="75" class="Tests\Unit\Constants\RankingPeriodTest" classname="Tests.Unit.Constants.RankingPeriodTest" assertions="7" time="0.005832"/>
        <testcase name="test_無効な期間でバリデーションが失敗する" file="/Users/ryu/trends-laravel/tests/Unit/Constants/RankingPeriodTest.php" line="84" class="Tests\Unit\Constants\RankingPeriodTest" classname="Tests.Unit.Constants.RankingPeriodTest" assertions="7" time="0.005795"/>
        <testcase name="test_無効なタイプでバリデーションが失敗する" file="/Users/ryu/trends-laravel/tests/Unit/Constants/RankingPeriodTest.php" line="93" class="Tests\Unit\Constants\RankingPeriodTest" classname="Tests.Unit.Constants.RankingPeriodTest" assertions="9" time="0.005835"/>
        <testcase name="test_バリデーションルールを取得する" file="/Users/ryu/trends-laravel/tests/Unit/Constants/RankingPeriodTest.php" line="109" class="Tests\Unit\Constants\RankingPeriodTest" classname="Tests.Unit.Constants.RankingPeriodTest" assertions="3" time="0.005899"/>
        <testcase name="test_エラーメッセージを取得する" file="/Users/ryu/trends-laravel/tests/Unit/Constants/RankingPeriodTest.php" line="120" class="Tests\Unit\Constants\RankingPeriodTest" classname="Tests.Unit.Constants.RankingPeriodTest" assertions="4" time="0.006465"/>
        <testcase name="test_全メソッドが一貫したデータを返す" file="/Users/ryu/trends-laravel/tests/Unit/Constants/RankingPeriodTest.php" line="132" class="Tests\Unit\Constants\RankingPeriodTest" classname="Tests.Unit.Constants.RankingPeriodTest" assertions="15" time="0.006233"/>
        <testcase name="test_バリデーションルールが全有効期間を含む" file="/Users/ryu/trends-laravel/tests/Unit/Constants/RankingPeriodTest.php" line="151" class="Tests\Unit\Constants\RankingPeriodTest" classname="Tests.Unit.Constants.RankingPeriodTest" assertions="1" time="0.006144"/>
        <testcase name="test_エラーメッセージが全有効期間を含む" file="/Users/ryu/trends-laravel/tests/Unit/Constants/RankingPeriodTest.php" line="164" class="Tests\Unit\Constants\RankingPeriodTest" classname="Tests.Unit.Constants.RankingPeriodTest" assertions="7" time="0.005757"/>
        <testcase name="test_期間タイプ定数が不変である" file="/Users/ryu/trends-laravel/tests/Unit/Constants/RankingPeriodTest.php" line="174" class="Tests\Unit\Constants\RankingPeriodTest" classname="Tests.Unit.Constants.RankingPeriodTest" assertions="2" time="0.005741"/>
        <testcase name="test_大文字小文字を区別しない" file="/Users/ryu/trends-laravel/tests/Unit/Constants/RankingPeriodTest.php" line="184" class="Tests\Unit\Constants\RankingPeriodTest" classname="Tests.Unit.Constants.RankingPeriodTest" assertions="6" time="0.005578"/>
        <testsuite name="Tests\Unit\Constants\RankingPeriodTest::test_期間データプロバイダーテスト" tests="10" assertions="20" errors="0" failures="0" skipped="0" time="0.058483">
          <testcase name="test_期間データプロバイダーテスト with data set &quot;one week&quot;" file="/Users/ryu/trends-laravel/tests/Unit/Constants/RankingPeriodTest.php" line="197" class="Tests\Unit\Constants\RankingPeriodTest" classname="Tests.Unit.Constants.RankingPeriodTest" assertions="2" time="0.006696"/>
          <testcase name="test_期間データプロバイダーテスト with data set &quot;one month&quot;" file="/Users/ryu/trends-laravel/tests/Unit/Constants/RankingPeriodTest.php" line="197" class="Tests\Unit\Constants\RankingPeriodTest" classname="Tests.Unit.Constants.RankingPeriodTest" assertions="2" time="0.005818"/>
          <testcase name="test_期間データプロバイダーテスト with data set &quot;three months&quot;" file="/Users/ryu/trends-laravel/tests/Unit/Constants/RankingPeriodTest.php" line="197" class="Tests\Unit\Constants\RankingPeriodTest" classname="Tests.Unit.Constants.RankingPeriodTest" assertions="2" time="0.005643"/>
          <testcase name="test_期間データプロバイダーテスト with data set &quot;six months&quot;" file="/Users/ryu/trends-laravel/tests/Unit/Constants/RankingPeriodTest.php" line="197" class="Tests\Unit\Constants\RankingPeriodTest" classname="Tests.Unit.Constants.RankingPeriodTest" assertions="2" time="0.005618"/>
          <testcase name="test_期間データプロバイダーテスト with data set &quot;one year&quot;" file="/Users/ryu/trends-laravel/tests/Unit/Constants/RankingPeriodTest.php" line="197" class="Tests\Unit\Constants\RankingPeriodTest" classname="Tests.Unit.Constants.RankingPeriodTest" assertions="2" time="0.005596"/>
          <testcase name="test_期間データプロバイダーテスト with data set &quot;three years&quot;" file="/Users/ryu/trends-laravel/tests/Unit/Constants/RankingPeriodTest.php" line="197" class="Tests\Unit\Constants\RankingPeriodTest" classname="Tests.Unit.Constants.RankingPeriodTest" assertions="2" time="0.005518"/>
          <testcase name="test_期間データプロバイダーテスト with data set &quot;all time&quot;" file="/Users/ryu/trends-laravel/tests/Unit/Constants/RankingPeriodTest.php" line="197" class="Tests\Unit\Constants\RankingPeriodTest" classname="Tests.Unit.Constants.RankingPeriodTest" assertions="2" time="0.005576"/>
          <testcase name="test_期間データプロバイダーテスト with data set &quot;invalid period&quot;" file="/Users/ryu/trends-laravel/tests/Unit/Constants/RankingPeriodTest.php" line="197" class="Tests\Unit\Constants\RankingPeriodTest" classname="Tests.Unit.Constants.RankingPeriodTest" assertions="2" time="0.005559"/>
          <testcase name="test_期間データプロバイダーテスト with data set &quot;empty string&quot;" file="/Users/ryu/trends-laravel/tests/Unit/Constants/RankingPeriodTest.php" line="197" class="Tests\Unit\Constants\RankingPeriodTest" classname="Tests.Unit.Constants.RankingPeriodTest" assertions="2" time="0.006165"/>
          <testcase name="test_期間データプロバイダーテスト with data set &quot;two weeks&quot;" file="/Users/ryu/trends-laravel/tests/Unit/Constants/RankingPeriodTest.php" line="197" class="Tests\Unit\Constants\RankingPeriodTest" classname="Tests.Unit.Constants.RankingPeriodTest" assertions="2" time="0.006292"/>
        </testsuite>
        <testcase name="test_特殊文字のエッジケース" file="/Users/ryu/trends-laravel/tests/Unit/Constants/RankingPeriodTest.php" line="219" class="Tests\Unit\Constants\RankingPeriodTest" classname="Tests.Unit.Constants.RankingPeriodTest" assertions="8" time="0.005996"/>
        <testcase name="test_大量データでのパフォーマンス" file="/Users/ryu/trends-laravel/tests/Unit/Constants/RankingPeriodTest.php" line="234" class="Tests\Unit\Constants\RankingPeriodTest" classname="Tests.Unit.Constants.RankingPeriodTest" assertions="1" time="0.008664"/>
      </testsuite>
      <testsuite name="Tests\Unit\Constants\ScorePeriodTest" file="/Users/ryu/trends-laravel/tests/Unit/Constants/ScorePeriodTest.php" tests="10" assertions="25" errors="0" failures="0" skipped="0" time="0.060267">
        <testcase name="test_定数値が正しく設定されている" file="/Users/ryu/trends-laravel/tests/Unit/Constants/ScorePeriodTest.php" line="10" class="Tests\Unit\Constants\ScorePeriodTest" classname="Tests.Unit.Constants.ScorePeriodTest" assertions="3" time="0.007461"/>
        <testcase name="test_all定数が全ての期間タイプを含んでいる" file="/Users/ryu/trends-laravel/tests/Unit/Constants/ScorePeriodTest.php" line="17" class="Tests\Unit\Constants\ScorePeriodTest" classname="Tests.Unit.Constants.ScorePeriodTest" assertions="1" time="0.006026"/>
        <testcase name="test_get_valid_periodsが正しく全期間タイプを返す" file="/Users/ryu/trends-laravel/tests/Unit/Constants/ScorePeriodTest.php" line="23" class="Tests\Unit\Constants\ScorePeriodTest" classname="Tests.Unit.Constants.ScorePeriodTest" assertions="2" time="0.005818"/>
        <testcase name="test_is_validが有効な期間タイプでtrueを返す" file="/Users/ryu/trends-laravel/tests/Unit/Constants/ScorePeriodTest.php" line="32" class="Tests\Unit\Constants\ScorePeriodTest" classname="Tests.Unit.Constants.ScorePeriodTest" assertions="3" time="0.005865"/>
        <testcase name="test_is_validが無効な期間タイプでfalseを返す" file="/Users/ryu/trends-laravel/tests/Unit/Constants/ScorePeriodTest.php" line="39" class="Tests\Unit\Constants\ScorePeriodTest" classname="Tests.Unit.Constants.ScorePeriodTest" assertions="4" time="0.005863"/>
        <testcase name="test_get_validation_ruleが正しいバリデーションルール文字列を返す" file="/Users/ryu/trends-laravel/tests/Unit/Constants/ScorePeriodTest.php" line="47" class="Tests\Unit\Constants\ScorePeriodTest" classname="Tests.Unit.Constants.ScorePeriodTest" assertions="1" time="0.005818"/>
        <testcase name="test_get_display_nameが正しい表示名を返す" file="/Users/ryu/trends-laravel/tests/Unit/Constants/ScorePeriodTest.php" line="55" class="Tests\Unit\Constants\ScorePeriodTest" classname="Tests.Unit.Constants.ScorePeriodTest" assertions="3" time="0.005923"/>
        <testcase name="test_get_display_nameが無効な期間タイプでそのまま返す" file="/Users/ryu/trends-laravel/tests/Unit/Constants/ScorePeriodTest.php" line="62" class="Tests\Unit\Constants\ScorePeriodTest" classname="Tests.Unit.Constants.ScorePeriodTest" assertions="3" time="0.005809"/>
        <testcase name="test_定数を使用したバリデーションルールテスト" file="/Users/ryu/trends-laravel/tests/Unit/Constants/ScorePeriodTest.php" line="69" class="Tests\Unit\Constants\ScorePeriodTest" classname="Tests.Unit.Constants.ScorePeriodTest" assertions="3" time="0.005860"/>
        <testcase name="test_期間タイプの数が期待通りである" file="/Users/ryu/trends-laravel/tests/Unit/Constants/ScorePeriodTest.php" line="76" class="Tests\Unit\Constants\ScorePeriodTest" classname="Tests.Unit.Constants.ScorePeriodTest" assertions="2" time="0.005824"/>
      </testsuite>
      <testsuite name="Tests\Unit\Constants\ScoringConstantsTest" file="/Users/ryu/trends-laravel/tests/Unit/Constants/ScoringConstantsTest.php" tests="33" assertions="161" errors="0" failures="0" skipped="0" time="0.005417">
        <testcase name="test_企業検索重み定数が正しい値を持つ" file="/Users/ryu/trends-laravel/tests/Unit/Constants/ScoringConstantsTest.php" line="14" class="Tests\Unit\Constants\ScoringConstantsTest" classname="Tests.Unit.Constants.ScoringConstantsTest" assertions="5" time="0.001414"/>
        <testcase name="test_記事検索重み定数が正しい値を持つ" file="/Users/ryu/trends-laravel/tests/Unit/Constants/ScoringConstantsTest.php" line="24" class="Tests\Unit\Constants\ScoringConstantsTest" classname="Tests.Unit.Constants.ScoringConstantsTest" assertions="8" time="0.000125"/>
        <testcase name="test_閾値定数が正しい値を持つ" file="/Users/ryu/trends-laravel/tests/Unit/Constants/ScoringConstantsTest.php" line="37" class="Tests\Unit\Constants\ScoringConstantsTest" classname="Tests.Unit.Constants.ScoringConstantsTest" assertions="6" time="0.000107"/>
        <testcase name="test_企業検索重みの優先順位が正しい" file="/Users/ryu/trends-laravel/tests/Unit/Constants/ScoringConstantsTest.php" line="48" class="Tests\Unit\Constants\ScoringConstantsTest" classname="Tests.Unit.Constants.ScoringConstantsTest" assertions="4" time="0.000110"/>
        <testcase name="test_記事検索重みの優先順位が正しい" file="/Users/ryu/trends-laravel/tests/Unit/Constants/ScoringConstantsTest.php" line="76" class="Tests\Unit\Constants\ScoringConstantsTest" classname="Tests.Unit.Constants.ScoringConstantsTest" assertions="4" time="0.000108"/>
        <testcase name="test_ブックマーク閾値の段階的設定が正しい" file="/Users/ryu/trends-laravel/tests/Unit/Constants/ScoringConstantsTest.php" line="104" class="Tests\Unit\Constants\ScoringConstantsTest" classname="Tests.Unit.Constants.ScoringConstantsTest" assertions="3" time="0.000112"/>
        <testcase name="test_日数閾値の論理的順序が正しい" file="/Users/ryu/trends-laravel/tests/Unit/Constants/ScoringConstantsTest.php" line="122" class="Tests\Unit\Constants\ScoringConstantsTest" classname="Tests.Unit.Constants.ScoringConstantsTest" assertions="3" time="0.000112"/>
        <testcase name="test_記事時期ボーナス重みの論理的関係が正しい" file="/Users/ryu/trends-laravel/tests/Unit/Constants/ScoringConstantsTest.php" line="140" class="Tests\Unit\Constants\ScoringConstantsTest" classname="Tests.Unit.Constants.ScoringConstantsTest" assertions="4" time="0.000113"/>
        <testsuite name="Tests\Unit\Constants\ScoringConstantsTest::test_企業検索重み定数の型が正しい" tests="5" assertions="10" errors="0" failures="0" skipped="0" time="0.000636">
          <testcase name="test_企業検索重み定数の型が正しい with data set &quot;COMPANY_EXACT_MATCH_WEIGHT&quot;" file="/Users/ryu/trends-laravel/tests/Unit/Constants/ScoringConstantsTest.php" line="155" class="Tests\Unit\Constants\ScoringConstantsTest" classname="Tests.Unit.Constants.ScoringConstantsTest" assertions="2" time="0.000141"/>
          <testcase name="test_企業検索重み定数の型が正しい with data set &quot;COMPANY_PARTIAL_MATCH_WEIGHT&quot;" file="/Users/ryu/trends-laravel/tests/Unit/Constants/ScoringConstantsTest.php" line="155" class="Tests\Unit\Constants\ScoringConstantsTest" classname="Tests.Unit.Constants.ScoringConstantsTest" assertions="2" time="0.000129"/>
          <testcase name="test_企業検索重み定数の型が正しい with data set &quot;COMPANY_DOMAIN_MATCH_WEIGHT&quot;" file="/Users/ryu/trends-laravel/tests/Unit/Constants/ScoringConstantsTest.php" line="155" class="Tests\Unit\Constants\ScoringConstantsTest" classname="Tests.Unit.Constants.ScoringConstantsTest" assertions="2" time="0.000122"/>
          <testcase name="test_企業検索重み定数の型が正しい with data set &quot;COMPANY_DESCRIPTION_MATCH_WEIGHT&quot;" file="/Users/ryu/trends-laravel/tests/Unit/Constants/ScoringConstantsTest.php" line="155" class="Tests\Unit\Constants\ScoringConstantsTest" classname="Tests.Unit.Constants.ScoringConstantsTest" assertions="2" time="0.000123"/>
          <testcase name="test_企業検索重み定数の型が正しい with data set &quot;COMPANY_RANKING_BONUS_WEIGHT&quot;" file="/Users/ryu/trends-laravel/tests/Unit/Constants/ScoringConstantsTest.php" line="155" class="Tests\Unit\Constants\ScoringConstantsTest" classname="Tests.Unit.Constants.ScoringConstantsTest" assertions="2" time="0.000121"/>
        </testsuite>
        <testsuite name="Tests\Unit\Constants\ScoringConstantsTest::test_記事検索重み定数の型が正しい" tests="8" assertions="16" errors="0" failures="0" skipped="0" time="0.000966">
          <testcase name="test_記事検索重み定数の型が正しい with data set &quot;ARTICLE_TITLE_MATCH_WEIGHT&quot;" file="/Users/ryu/trends-laravel/tests/Unit/Constants/ScoringConstantsTest.php" line="176" class="Tests\Unit\Constants\ScoringConstantsTest" classname="Tests.Unit.Constants.ScoringConstantsTest" assertions="2" time="0.000121"/>
          <testcase name="test_記事検索重み定数の型が正しい with data set &quot;ARTICLE_AUTHOR_MATCH_WEIGHT&quot;" file="/Users/ryu/trends-laravel/tests/Unit/Constants/ScoringConstantsTest.php" line="176" class="Tests\Unit\Constants\ScoringConstantsTest" classname="Tests.Unit.Constants.ScoringConstantsTest" assertions="2" time="0.000120"/>
          <testcase name="test_記事検索重み定数の型が正しい with data set &quot;ARTICLE_HIGH_BOOKMARK_WEIGHT&quot;" file="/Users/ryu/trends-laravel/tests/Unit/Constants/ScoringConstantsTest.php" line="176" class="Tests\Unit\Constants\ScoringConstantsTest" classname="Tests.Unit.Constants.ScoringConstantsTest" assertions="2" time="0.000118"/>
          <testcase name="test_記事検索重み定数の型が正しい with data set &quot;ARTICLE_MEDIUM_BOOKMARK_WEIGHT&quot;" file="/Users/ryu/trends-laravel/tests/Unit/Constants/ScoringConstantsTest.php" line="176" class="Tests\Unit\Constants\ScoringConstantsTest" classname="Tests.Unit.Constants.ScoringConstantsTest" assertions="2" time="0.000120"/>
          <testcase name="test_記事検索重み定数の型が正しい with data set &quot;ARTICLE_LOW_BOOKMARK_WEIGHT&quot;" file="/Users/ryu/trends-laravel/tests/Unit/Constants/ScoringConstantsTest.php" line="176" class="Tests\Unit\Constants\ScoringConstantsTest" classname="Tests.Unit.Constants.ScoringConstantsTest" assertions="2" time="0.000122"/>
          <testcase name="test_記事検索重み定数の型が正しい with data set &quot;ARTICLE_RECENT_BONUS_WEIGHT&quot;" file="/Users/ryu/trends-laravel/tests/Unit/Constants/ScoringConstantsTest.php" line="176" class="Tests\Unit\Constants\ScoringConstantsTest" classname="Tests.Unit.Constants.ScoringConstantsTest" assertions="2" time="0.000124"/>
          <testcase name="test_記事検索重み定数の型が正しい with data set &quot;ARTICLE_SOMEWHAT_RECENT_BONUS_WEIGHT&quot;" file="/Users/ryu/trends-laravel/tests/Unit/Constants/ScoringConstantsTest.php" line="176" class="Tests\Unit\Constants\ScoringConstantsTest" classname="Tests.Unit.Constants.ScoringConstantsTest" assertions="2" time="0.000120"/>
          <testcase name="test_記事検索重み定数の型が正しい with data set &quot;ARTICLE_OLD_PENALTY_WEIGHT&quot;" file="/Users/ryu/trends-laravel/tests/Unit/Constants/ScoringConstantsTest.php" line="176" class="Tests\Unit\Constants\ScoringConstantsTest" classname="Tests.Unit.Constants.ScoringConstantsTest" assertions="2" time="0.000122"/>
        </testsuite>
        <testsuite name="Tests\Unit\Constants\ScoringConstantsTest::test_閾値定数の型が正しい" tests="6" assertions="12" errors="0" failures="0" skipped="0" time="0.000697">
          <testcase name="test_閾値定数の型が正しい with data set &quot;HIGH_BOOKMARKS_THRESHOLD&quot;" file="/Users/ryu/trends-laravel/tests/Unit/Constants/ScoringConstantsTest.php" line="200" class="Tests\Unit\Constants\ScoringConstantsTest" classname="Tests.Unit.Constants.ScoringConstantsTest" assertions="2" time="0.000119"/>
          <testcase name="test_閾値定数の型が正しい with data set &quot;MEDIUM_BOOKMARKS_THRESHOLD&quot;" file="/Users/ryu/trends-laravel/tests/Unit/Constants/ScoringConstantsTest.php" line="200" class="Tests\Unit\Constants\ScoringConstantsTest" classname="Tests.Unit.Constants.ScoringConstantsTest" assertions="2" time="0.000116"/>
          <testcase name="test_閾値定数の型が正しい with data set &quot;LOW_BOOKMARKS_THRESHOLD&quot;" file="/Users/ryu/trends-laravel/tests/Unit/Constants/ScoringConstantsTest.php" line="200" class="Tests\Unit\Constants\ScoringConstantsTest" classname="Tests.Unit.Constants.ScoringConstantsTest" assertions="2" time="0.000115"/>
          <testcase name="test_閾値定数の型が正しい with data set &quot;RECENT_DAYS_THRESHOLD&quot;" file="/Users/ryu/trends-laravel/tests/Unit/Constants/ScoringConstantsTest.php" line="200" class="Tests\Unit\Constants\ScoringConstantsTest" classname="Tests.Unit.Constants.ScoringConstantsTest" assertions="2" time="0.000117"/>
          <testcase name="test_閾値定数の型が正しい with data set &quot;SOMEWHAT_RECENT_DAYS_THRESHOLD&quot;" file="/Users/ryu/trends-laravel/tests/Unit/Constants/ScoringConstantsTest.php" line="200" class="Tests\Unit\Constants\ScoringConstantsTest" classname="Tests.Unit.Constants.ScoringConstantsTest" assertions="2" time="0.000115"/>
          <testcase name="test_閾値定数の型が正しい with data set &quot;OLD_DAYS_THRESHOLD&quot;" file="/Users/ryu/trends-laravel/tests/Unit/Constants/ScoringConstantsTest.php" line="200" class="Tests\Unit\Constants\ScoringConstantsTest" classname="Tests.Unit.Constants.ScoringConstantsTest" assertions="2" time="0.000116"/>
        </testsuite>
        <testcase name="test_重み定数値の範囲が適切である" file="/Users/ryu/trends-laravel/tests/Unit/Constants/ScoringConstantsTest.php" line="221" class="Tests\Unit\Constants\ScoringConstantsTest" classname="Tests.Unit.Constants.ScoringConstantsTest" assertions="51" time="0.000335"/>
        <testcase name="test_閾値定数値の範囲が現実的である" file="/Users/ryu/trends-laravel/tests/Unit/Constants/ScoringConstantsTest.php" line="249" class="Tests\Unit\Constants\ScoringConstantsTest" classname="Tests.Unit.Constants.ScoringConstantsTest" assertions="6" time="0.000134"/>
        <testcase name="test_全定数がアクセス可能である" file="/Users/ryu/trends-laravel/tests/Unit/Constants/ScoringConstantsTest.php" line="261" class="Tests\Unit\Constants\ScoringConstantsTest" classname="Tests.Unit.Constants.ScoringConstantsTest" assertions="20" time="0.000124"/>
        <testcase name="test_定数の不変性確認" file="/Users/ryu/trends-laravel/tests/Unit/Constants/ScoringConstantsTest.php" line="296" class="Tests\Unit\Constants\ScoringConstantsTest" classname="Tests.Unit.Constants.ScoringConstantsTest" assertions="3" time="0.000100"/>
        <testcase name="test_スコア計算ロジックの妥当性" file="/Users/ryu/trends-laravel/tests/Unit/Constants/ScoringConstantsTest.php" line="309" class="Tests\Unit\Constants\ScoringConstantsTest" classname="Tests.Unit.Constants.ScoringConstantsTest" assertions="4" time="0.000107"/>
        <testcase name="test_ビジネスロジック要件との整合性" file="/Users/ryu/trends-laravel/tests/Unit/Constants/ScoringConstantsTest.php" line="354" class="Tests\Unit\Constants\ScoringConstantsTest" classname="Tests.Unit.Constants.ScoringConstantsTest" assertions="2" time="0.000114"/>
      </testsuite>
      <testsuite name="Tests\Unit\Constants\SearchConstantsTest" file="/Users/ryu/trends-laravel/tests/Unit/Constants/SearchConstantsTest.php" tests="16" assertions="48" errors="0" failures="0" skipped="0" time="0.002481">
        <testcase name="test_最大クエリ長定数が正しい値を持つ" file="/Users/ryu/trends-laravel/tests/Unit/Constants/SearchConstantsTest.php" line="14" class="Tests\Unit\Constants\SearchConstantsTest" classname="Tests.Unit.Constants.SearchConstantsTest" assertions="1" time="0.000739"/>
        <testcase name="test_最小ランキング表示定数が正しい値を持つ" file="/Users/ryu/trends-laravel/tests/Unit/Constants/SearchConstantsTest.php" line="20" class="Tests\Unit\Constants\SearchConstantsTest" classname="Tests.Unit.Constants.SearchConstantsTest" assertions="1" time="0.000121"/>
        <testsuite name="Tests\Unit\Constants\SearchConstantsTest::test_定数の型が正しい" tests="2" assertions="4" errors="0" failures="0" skipped="0" time="0.000222">
          <testcase name="test_定数の型が正しい with data set &quot;MAX_QUERY_LENGTH&quot;" file="/Users/ryu/trends-laravel/tests/Unit/Constants/SearchConstantsTest.php" line="27" class="Tests\Unit\Constants\SearchConstantsTest" classname="Tests.Unit.Constants.SearchConstantsTest" assertions="2" time="0.000111"/>
          <testcase name="test_定数の型が正しい with data set &quot;MIN_RANKING_DISPLAY&quot;" file="/Users/ryu/trends-laravel/tests/Unit/Constants/SearchConstantsTest.php" line="27" class="Tests\Unit\Constants\SearchConstantsTest" classname="Tests.Unit.Constants.SearchConstantsTest" assertions="2" time="0.000111"/>
        </testsuite>
        <testcase name="test_最大クエリ長の値が妥当である" file="/Users/ryu/trends-laravel/tests/Unit/Constants/SearchConstantsTest.php" line="44" class="Tests\Unit\Constants\SearchConstantsTest" classname="Tests.Unit.Constants.SearchConstantsTest" assertions="5" time="0.000129"/>
        <testcase name="test_最小ランキング表示の値が妥当である" file="/Users/ryu/trends-laravel/tests/Unit/Constants/SearchConstantsTest.php" line="52" class="Tests\Unit\Constants\SearchConstantsTest" classname="Tests.Unit.Constants.SearchConstantsTest" assertions="3" time="0.000120"/>
        <testcase name="test_全定数がアクセス可能である" file="/Users/ryu/trends-laravel/tests/Unit/Constants/SearchConstantsTest.php" line="59" class="Tests\Unit\Constants\SearchConstantsTest" classname="Tests.Unit.Constants.SearchConstantsTest" assertions="3" time="0.000108"/>
        <testcase name="test_定数の不変性確認" file="/Users/ryu/trends-laravel/tests/Unit/Constants/SearchConstantsTest.php" line="77" class="Tests\Unit\Constants\SearchConstantsTest" classname="Tests.Unit.Constants.SearchConstantsTest" assertions="2" time="0.000097"/>
        <testcase name="test_get_query_validation_ruleメソッドが存在し正しく動作する" file="/Users/ryu/trends-laravel/tests/Unit/Constants/SearchConstantsTest.php" line="88" class="Tests\Unit\Constants\SearchConstantsTest" classname="Tests.Unit.Constants.SearchConstantsTest" assertions="3" time="0.000101"/>
        <testcase name="test_バリデーションルールの内容が妥当である" file="/Users/ryu/trends-laravel/tests/Unit/Constants/SearchConstantsTest.php" line="100" class="Tests\Unit\Constants\SearchConstantsTest" classname="Tests.Unit.Constants.SearchConstantsTest" assertions="4" time="0.000121"/>
        <testcase name="test_バリデーションルールの動的生成が正しい" file="/Users/ryu/trends-laravel/tests/Unit/Constants/SearchConstantsTest.php" line="118" class="Tests\Unit\Constants\SearchConstantsTest" classname="Tests.Unit.Constants.SearchConstantsTest" assertions="1" time="0.000117"/>
        <testcase name="test_ビジネスロジック要件との整合性" file="/Users/ryu/trends-laravel/tests/Unit/Constants/SearchConstantsTest.php" line="128" class="Tests\Unit\Constants\SearchConstantsTest" classname="Tests.Unit.Constants.SearchConstantsTest" assertions="4" time="0.000120"/>
        <testcase name="test_検索パフォーマンスに関する妥当性" file="/Users/ryu/trends-laravel/tests/Unit/Constants/SearchConstantsTest.php" line="141" class="Tests\Unit\Constants\SearchConstantsTest" classname="Tests.Unit.Constants.SearchConstantsTest" assertions="6" time="0.000134"/>
        <testcase name="test_セキュリティ要件との整合性" file="/Users/ryu/trends-laravel/tests/Unit/Constants/SearchConstantsTest.php" line="152" class="Tests\Unit\Constants\SearchConstantsTest" classname="Tests.Unit.Constants.SearchConstantsTest" assertions="4" time="0.000125"/>
        <testcase name="test_ユーザビリティ要件との整合性" file="/Users/ryu/trends-laravel/tests/Unit/Constants/SearchConstantsTest.php" line="162" class="Tests\Unit\Constants\SearchConstantsTest" classname="Tests.Unit.Constants.SearchConstantsTest" assertions="3" time="0.000118"/>
        <testcase name="test_定数値の境界値テスト" file="/Users/ryu/trends-laravel/tests/Unit/Constants/SearchConstantsTest.php" line="172" class="Tests\Unit\Constants\SearchConstantsTest" classname="Tests.Unit.Constants.SearchConstantsTest" assertions="4" time="0.000110"/>
      </testsuite>
      <testsuite name="Tests\Unit\Contracts\ScrapingServiceTest" file="/Users/ryu/trends-laravel/tests/Unit/Contracts/ScrapingServiceTest.php" tests="10" assertions="17" errors="0" failures="0" skipped="0" time="0.059398">
        <testcase name="test_scraping_serviceインターフェースが実装されている" file="/Users/ryu/trends-laravel/tests/Unit/Contracts/ScrapingServiceTest.php" line="26" class="Tests\Unit\Contracts\ScrapingServiceTest" classname="Tests.Unit.Contracts.ScrapingServiceTest" assertions="1" time="0.006321"/>
        <testcase name="test_scrapeメソッドが定義されている" file="/Users/ryu/trends-laravel/tests/Unit/Contracts/ScrapingServiceTest.php" line="31" class="Tests\Unit\Contracts\ScrapingServiceTest" classname="Tests.Unit.Contracts.ScrapingServiceTest" assertions="1" time="0.005973"/>
        <testcase name="test_set_rate_limitメソッドが定義されている" file="/Users/ryu/trends-laravel/tests/Unit/Contracts/ScrapingServiceTest.php" line="36" class="Tests\Unit\Contracts\ScrapingServiceTest" classname="Tests.Unit.Contracts.ScrapingServiceTest" assertions="1" time="0.005984"/>
        <testcase name="test_set_retry_optionsメソッドが定義されている" file="/Users/ryu/trends-laravel/tests/Unit/Contracts/ScrapingServiceTest.php" line="41" class="Tests\Unit\Contracts\ScrapingServiceTest" classname="Tests.Unit.Contracts.ScrapingServiceTest" assertions="1" time="0.005989"/>
        <testcase name="test_set_headersメソッドが定義されている" file="/Users/ryu/trends-laravel/tests/Unit/Contracts/ScrapingServiceTest.php" line="46" class="Tests\Unit\Contracts\ScrapingServiceTest" classname="Tests.Unit.Contracts.ScrapingServiceTest" assertions="1" time="0.005930"/>
        <testcase name="test_set_timeoutメソッドが定義されている" file="/Users/ryu/trends-laravel/tests/Unit/Contracts/ScrapingServiceTest.php" line="51" class="Tests\Unit\Contracts\ScrapingServiceTest" classname="Tests.Unit.Contracts.ScrapingServiceTest" assertions="1" time="0.006525"/>
        <testcase name="test_get_last_responseメソッドが定義されている" file="/Users/ryu/trends-laravel/tests/Unit/Contracts/ScrapingServiceTest.php" line="56" class="Tests\Unit\Contracts\ScrapingServiceTest" classname="Tests.Unit.Contracts.ScrapingServiceTest" assertions="1" time="0.005790"/>
        <testcase name="test_get_error_logメソッドが定義されている" file="/Users/ryu/trends-laravel/tests/Unit/Contracts/ScrapingServiceTest.php" line="61" class="Tests\Unit\Contracts\ScrapingServiceTest" classname="Tests.Unit.Contracts.ScrapingServiceTest" assertions="1" time="0.005667"/>
        <testcase name="test_インターフェースメソッドの戻り値の型が正しい" file="/Users/ryu/trends-laravel/tests/Unit/Contracts/ScrapingServiceTest.php" line="66" class="Tests\Unit\Contracts\ScrapingServiceTest" classname="Tests.Unit.Contracts.ScrapingServiceTest" assertions="4" time="0.005614"/>
        <testcase name="test_setメソッドの引数の型が正しい" file="/Users/ryu/trends-laravel/tests/Unit/Contracts/ScrapingServiceTest.php" line="87" class="Tests\Unit\Contracts\ScrapingServiceTest" classname="Tests.Unit.Contracts.ScrapingServiceTest" assertions="5" time="0.005606"/>
      </testsuite>
      <testsuite name="Tests\Unit\Controllers\CompanyControllerTest" file="/Users/ryu/trends-laravel/tests/Unit/Controllers/CompanyControllerTest.php" tests="1" assertions="3" errors="0" failures="0" skipped="0" time="0.021414">
        <testcase name="test_コンストラクタで依存関係が正しく設定される" file="/Users/ryu/trends-laravel/tests/Unit/Controllers/CompanyControllerTest.php" line="44" class="Tests\Unit\Controllers\CompanyControllerTest" classname="Tests.Unit.Controllers.CompanyControllerTest" assertions="3" time="0.021414"/>
      </testsuite>
      <testsuite name="Tests\Unit\Controllers\CompanyRankingControllerTest" file="/Users/ryu/trends-laravel/tests/Unit/Controllers/CompanyRankingControllerTest.php" tests="16" assertions="46" errors="0" failures="0" skipped="0" time="0.131868">
        <testcase name="test_有効な期間でランキングを期間別に取得する" file="/Users/ryu/trends-laravel/tests/Unit/Controllers/CompanyRankingControllerTest.php" line="43" class="Tests\Unit\Controllers\CompanyRankingControllerTest" classname="Tests.Unit.Controllers.CompanyRankingControllerTest" assertions="3" time="0.032480"/>
        <testcase name="test_無効な期間でランキング取得時にエラーが返される" file="/Users/ryu/trends-laravel/tests/Unit/Controllers/CompanyRankingControllerTest.php" line="78" class="Tests\Unit\Controllers\CompanyRankingControllerTest" classname="Tests.Unit.Controllers.CompanyRankingControllerTest" assertions="2" time="0.007051"/>
        <testcase name="test_有効なパラメータでトップランキングを取得する" file="/Users/ryu/trends-laravel/tests/Unit/Controllers/CompanyRankingControllerTest.php" line="88" class="Tests\Unit\Controllers\CompanyRankingControllerTest" classname="Tests.Unit.Controllers.CompanyRankingControllerTest" assertions="3" time="0.006540"/>
        <testcase name="test_無効なリミットでトップランキング取得時にエラーが返される" file="/Users/ryu/trends-laravel/tests/Unit/Controllers/CompanyRankingControllerTest.php" line="123" class="Tests\Unit\Controllers\CompanyRankingControllerTest" classname="Tests.Unit.Controllers.CompanyRankingControllerTest" assertions="2" time="0.006389"/>
        <testcase name="test_有効な企業idで企業ランキングを取得する" file="/Users/ryu/trends-laravel/tests/Unit/Controllers/CompanyRankingControllerTest.php" line="133" class="Tests\Unit\Controllers\CompanyRankingControllerTest" classname="Tests.Unit.Controllers.CompanyRankingControllerTest" assertions="3" time="0.012768"/>
        <testcase name="test_ランキング統計情報を取得する" file="/Users/ryu/trends-laravel/tests/Unit/Controllers/CompanyRankingControllerTest.php" line="172" class="Tests\Unit\Controllers\CompanyRankingControllerTest" classname="Tests.Unit.Controllers.CompanyRankingControllerTest" assertions="2" time="0.006071"/>
        <testcase name="test_有効な期間でランキング上昇企業を取得する" file="/Users/ryu/trends-laravel/tests/Unit/Controllers/CompanyRankingControllerTest.php" line="202" class="Tests\Unit\Controllers\CompanyRankingControllerTest" classname="Tests.Unit.Controllers.CompanyRankingControllerTest" assertions="3" time="0.006140"/>
        <testcase name="test_有効な期間でランキング下降企業を取得する" file="/Users/ryu/trends-laravel/tests/Unit/Controllers/CompanyRankingControllerTest.php" line="234" class="Tests\Unit\Controllers\CompanyRankingControllerTest" classname="Tests.Unit.Controllers.CompanyRankingControllerTest" assertions="3" time="0.005980"/>
        <testcase name="test_有効な期間でランキング変動統計を取得する" file="/Users/ryu/trends-laravel/tests/Unit/Controllers/CompanyRankingControllerTest.php" line="266" class="Tests\Unit\Controllers\CompanyRankingControllerTest" classname="Tests.Unit.Controllers.CompanyRankingControllerTest" assertions="2" time="0.005955"/>
        <testcase name="test_期間タイプ一覧を取得する" file="/Users/ryu/trends-laravel/tests/Unit/Controllers/CompanyRankingControllerTest.php" line="297" class="Tests\Unit\Controllers\CompanyRankingControllerTest" classname="Tests.Unit.Controllers.CompanyRankingControllerTest" assertions="5" time="0.005877"/>
        <testcase name="test_空のランキングデータで正常にレスポンスが返される" file="/Users/ryu/trends-laravel/tests/Unit/Controllers/CompanyRankingControllerTest.php" line="309" class="Tests\Unit\Controllers\CompanyRankingControllerTest" classname="Tests.Unit.Controllers.CompanyRankingControllerTest" assertions="5" time="0.006063"/>
        <testcase name="test_無効な企業idで企業ランキング取得時にエラーが返される" file="/Users/ryu/trends-laravel/tests/Unit/Controllers/CompanyRankingControllerTest.php" line="333" class="Tests\Unit\Controllers\CompanyRankingControllerTest" classname="Tests.Unit.Controllers.CompanyRankingControllerTest" assertions="3" time="0.005999"/>
        <testcase name="test_履歴を含む企業ランキングを取得する" file="/Users/ryu/trends-laravel/tests/Unit/Controllers/CompanyRankingControllerTest.php" line="352" class="Tests\Unit\Controllers\CompanyRankingControllerTest" classname="Tests.Unit.Controllers.CompanyRankingControllerTest" assertions="4" time="0.006227"/>
        <testcase name="test_無効な期間でランキング上昇企業取得時にエラーが返される" file="/Users/ryu/trends-laravel/tests/Unit/Controllers/CompanyRankingControllerTest.php" line="408" class="Tests\Unit\Controllers\CompanyRankingControllerTest" classname="Tests.Unit.Controllers.CompanyRankingControllerTest" assertions="2" time="0.006157"/>
        <testcase name="test_無効な期間でランキング下降企業取得時にエラーが返される" file="/Users/ryu/trends-laravel/tests/Unit/Controllers/CompanyRankingControllerTest.php" line="418" class="Tests\Unit\Controllers\CompanyRankingControllerTest" classname="Tests.Unit.Controllers.CompanyRankingControllerTest" assertions="2" time="0.006066"/>
        <testcase name="test_無効な期間でランキング変動統計取得時にエラーが返される" file="/Users/ryu/trends-laravel/tests/Unit/Controllers/CompanyRankingControllerTest.php" line="428" class="Tests\Unit\Controllers\CompanyRankingControllerTest" classname="Tests.Unit.Controllers.CompanyRankingControllerTest" assertions="2" time="0.006107"/>
      </testsuite>
      <testsuite name="Tests\Unit\HatenaBookmarkScraperTest" file="/Users/ryu/trends-laravel/tests/Unit/HatenaBookmarkScraperTest.php" tests="35" assertions="99" errors="0" failures="0" skipped="0" time="8.390591">
        <testcase name="test_スクレイパーの初期化が正常に動作する" file="/Users/ryu/trends-laravel/tests/Unit/HatenaBookmarkScraperTest.php" line="28" class="Tests\Unit\HatenaBookmarkScraperTest" classname="Tests.Unit.HatenaBookmarkScraperTest" assertions="2" time="0.005900"/>
        <testcase name="test_はてなブックマーク_htmlの解析が正常に動作する" file="/Users/ryu/trends-laravel/tests/Unit/HatenaBookmarkScraperTest.php" line="42" class="Tests\Unit\HatenaBookmarkScraperTest" classname="Tests.Unit.HatenaBookmarkScraperTest" assertions="7" time="0.007588"/>
        <testcase name="test_企業ドメインを正しく特定する" file="/Users/ryu/trends-laravel/tests/Unit/HatenaBookmarkScraperTest.php" line="66" class="Tests\Unit\HatenaBookmarkScraperTest" classname="Tests.Unit.HatenaBookmarkScraperTest" assertions="2" time="0.009377"/>
        <testcase name="test_企業ドメインが見つからない場合の処理を行う" file="/Users/ryu/trends-laravel/tests/Unit/HatenaBookmarkScraperTest.php" line="83" class="Tests\Unit\HatenaBookmarkScraperTest" classname="Tests.Unit.HatenaBookmarkScraperTest" assertions="1" time="0.006171"/>
        <testcase name="test_データの正規化と保存が正常に動作する" file="/Users/ryu/trends-laravel/tests/Unit/HatenaBookmarkScraperTest.php" line="94" class="Tests\Unit\HatenaBookmarkScraperTest" classname="Tests.Unit.HatenaBookmarkScraperTest" assertions="2" time="0.012317"/>
        <testcase name="test_ドメインの抽出が正常に動作する" file="/Users/ryu/trends-laravel/tests/Unit/HatenaBookmarkScraperTest.php" line="128" class="Tests\Unit\HatenaBookmarkScraperTest" classname="Tests.Unit.HatenaBookmarkScraperTest" assertions="2" time="0.006158"/>
        <testcase name="test_解析エラーを適切に処理する" file="/Users/ryu/trends-laravel/tests/Unit/HatenaBookmarkScraperTest.php" line="145" class="Tests\Unit\HatenaBookmarkScraperTest" classname="Tests.Unit.HatenaBookmarkScraperTest" assertions="2" time="0.007005"/>
        <testcase name="test_http_エラー時の処理が正常に動作する" file="/Users/ryu/trends-laravel/tests/Unit/HatenaBookmarkScraperTest.php" line="163" class="Tests\Unit\HatenaBookmarkScraperTest" classname="Tests.Unit.HatenaBookmarkScraperTest" assertions="1" time="2.020073"/>
        <testcase name="test_ネットワークエラー時の処理が正常に動作する" file="/Users/ryu/trends-laravel/tests/Unit/HatenaBookmarkScraperTest.php" line="181" class="Tests\Unit\HatenaBookmarkScraperTest" classname="Tests.Unit.HatenaBookmarkScraperTest" assertions="1" time="2.026896"/>
        <testcase name="test_空のhtmlレスポンス時の処理が正常に動作する" file="/Users/ryu/trends-laravel/tests/Unit/HatenaBookmarkScraperTest.php" line="199" class="Tests\Unit\HatenaBookmarkScraperTest" classname="Tests.Unit.HatenaBookmarkScraperTest" assertions="2" time="0.023607"/>
        <testcase name="test_リクエストヘッダーが正しく設定されている" file="/Users/ryu/trends-laravel/tests/Unit/HatenaBookmarkScraperTest.php" line="215" class="Tests\Unit\HatenaBookmarkScraperTest" classname="Tests.Unit.HatenaBookmarkScraperTest" assertions="4" time="0.011459"/>
        <testcase name="test_ベースurlが正しく設定されている" file="/Users/ryu/trends-laravel/tests/Unit/HatenaBookmarkScraperTest.php" line="232" class="Tests\Unit\HatenaBookmarkScraperTest" classname="Tests.Unit.HatenaBookmarkScraperTest" assertions="1" time="0.009181"/>
        <testcase name="test_extract_title_境界値テスト" file="/Users/ryu/trends-laravel/tests/Unit/HatenaBookmarkScraperTest.php" line="246" class="Tests\Unit\HatenaBookmarkScraperTest" classname="Tests.Unit.HatenaBookmarkScraperTest" assertions="5" time="0.008685"/>
        <testcase name="test_extract_url_境界値テスト" file="/Users/ryu/trends-laravel/tests/Unit/HatenaBookmarkScraperTest.php" line="287" class="Tests\Unit\HatenaBookmarkScraperTest" classname="Tests.Unit.HatenaBookmarkScraperTest" assertions="5" time="0.008099"/>
        <testcase name="test_extract_bookmark_count_境界値テスト" file="/Users/ryu/trends-laravel/tests/Unit/HatenaBookmarkScraperTest.php" line="328" class="Tests\Unit\HatenaBookmarkScraperTest" classname="Tests.Unit.HatenaBookmarkScraperTest" assertions="7" time="0.008507"/>
        <testcase name="test_extract_domain_境界値テスト" file="/Users/ryu/trends-laravel/tests/Unit/HatenaBookmarkScraperTest.php" line="381" class="Tests\Unit\HatenaBookmarkScraperTest" classname="Tests.Unit.HatenaBookmarkScraperTest" assertions="8" time="0.006895"/>
        <testcase name="test_extract_published_at_境界値テスト" file="/Users/ryu/trends-laravel/tests/Unit/HatenaBookmarkScraperTest.php" line="424" class="Tests\Unit\HatenaBookmarkScraperTest" classname="Tests.Unit.HatenaBookmarkScraperTest" assertions="7" time="0.007765"/>
        <testcase name="test_正常なhtmlサンプルファイルの解析" file="/Users/ryu/trends-laravel/tests/Unit/HatenaBookmarkScraperTest.php" line="472" class="Tests\Unit\HatenaBookmarkScraperTest" classname="Tests.Unit.HatenaBookmarkScraperTest" assertions="5" time="0.008312"/>
        <testcase name="test_壊れたhtmlファイルの処理" file="/Users/ryu/trends-laravel/tests/Unit/HatenaBookmarkScraperTest.php" line="493" class="Tests\Unit\HatenaBookmarkScraperTest" classname="Tests.Unit.HatenaBookmarkScraperTest" assertions="3" time="0.008205"/>
        <testcase name="test_空要素htmlファイルの処理" file="/Users/ryu/trends-laravel/tests/Unit/HatenaBookmarkScraperTest.php" line="512" class="Tests\Unit\HatenaBookmarkScraperTest" classname="Tests.Unit.HatenaBookmarkScraperTest" assertions="3" time="0.007983"/>
        <testcase name="test_normalize_and_save_data_プラットフォーム未存在時" file="/Users/ryu/trends-laravel/tests/Unit/HatenaBookmarkScraperTest.php" line="531" class="Tests\Unit\HatenaBookmarkScraperTest" classname="Tests.Unit.HatenaBookmarkScraperTest" assertions="3" time="0.007608"/>
        <testcase name="test_normalize_and_save_data_重複url時の更新" file="/Users/ryu/trends-laravel/tests/Unit/HatenaBookmarkScraperTest.php" line="562" class="Tests\Unit\HatenaBookmarkScraperTest" classname="Tests.Unit.HatenaBookmarkScraperTest" assertions="2" time="0.009118"/>
        <testcase name="test_normalize_and_save_data_例外処理" file="/Users/ryu/trends-laravel/tests/Unit/HatenaBookmarkScraperTest.php" line="598" class="Tests\Unit\HatenaBookmarkScraperTest" classname="Tests.Unit.HatenaBookmarkScraperTest" assertions="1" time="0.007541"/>
        <testcase name="test_parse_response_例外処理詳細" file="/Users/ryu/trends-laravel/tests/Unit/HatenaBookmarkScraperTest.php" line="622" class="Tests\Unit\HatenaBookmarkScraperTest" classname="Tests.Unit.HatenaBookmarkScraperTest" assertions="3" time="0.007374"/>
        <testcase name="test_企業マッチング機能詳細" file="/Users/ryu/trends-laravel/tests/Unit/HatenaBookmarkScraperTest.php" line="660" class="Tests\Unit\HatenaBookmarkScraperTest" classname="Tests.Unit.HatenaBookmarkScraperTest" assertions="2" time="0.007807"/>
        <testcase name="test_identify_company_domain_詳細" file="/Users/ryu/trends-laravel/tests/Unit/HatenaBookmarkScraperTest.php" line="692" class="Tests\Unit\HatenaBookmarkScraperTest" classname="Tests.Unit.HatenaBookmarkScraperTest" assertions="4" time="0.007054"/>
        <testcase name="test_httpエラー404処理" file="/Users/ryu/trends-laravel/tests/Unit/HatenaBookmarkScraperTest.php" line="719" class="Tests\Unit\HatenaBookmarkScraperTest" classname="Tests.Unit.HatenaBookmarkScraperTest" assertions="1" time="2.017400"/>
        <testcase name="test_httpエラー403処理" file="/Users/ryu/trends-laravel/tests/Unit/HatenaBookmarkScraperTest.php" line="742" class="Tests\Unit\HatenaBookmarkScraperTest" classname="Tests.Unit.HatenaBookmarkScraperTest" assertions="1" time="2.031799"/>
        <testcase name="test_リクエストヘッダー詳細設定" file="/Users/ryu/trends-laravel/tests/Unit/HatenaBookmarkScraperTest.php" line="765" class="Tests\Unit\HatenaBookmarkScraperTest" classname="Tests.Unit.HatenaBookmarkScraperTest" assertions="4" time="0.018779"/>
        <testcase name="test_parse_response_例外処理のカバレッジ" file="/Users/ryu/trends-laravel/tests/Unit/HatenaBookmarkScraperTest.php" line="783" class="Tests\Unit\HatenaBookmarkScraperTest" classname="Tests.Unit.HatenaBookmarkScraperTest" assertions="2" time="0.012696"/>
        <testcase name="test_extract_title_例外処理のカバレッジ" file="/Users/ryu/trends-laravel/tests/Unit/HatenaBookmarkScraperTest.php" line="816" class="Tests\Unit\HatenaBookmarkScraperTest" classname="Tests.Unit.HatenaBookmarkScraperTest" assertions="1" time="0.016460"/>
        <testcase name="test_extract_url_例外処理のカバレッジ" file="/Users/ryu/trends-laravel/tests/Unit/HatenaBookmarkScraperTest.php" line="836" class="Tests\Unit\HatenaBookmarkScraperTest" classname="Tests.Unit.HatenaBookmarkScraperTest" assertions="1" time="0.008165"/>
        <testcase name="test_extract_bookmark_count_例外処理のカバレッジ" file="/Users/ryu/trends-laravel/tests/Unit/HatenaBookmarkScraperTest.php" line="856" class="Tests\Unit\HatenaBookmarkScraperTest" classname="Tests.Unit.HatenaBookmarkScraperTest" assertions="1" time="0.007409"/>
        <testcase name="test_extract_published_at_例外処理のカバレッジ" file="/Users/ryu/trends-laravel/tests/Unit/HatenaBookmarkScraperTest.php" line="876" class="Tests\Unit\HatenaBookmarkScraperTest" classname="Tests.Unit.HatenaBookmarkScraperTest" assertions="1" time="0.007407"/>
        <testcase name="test_parse_response_内部例外処理のカバレッジ" file="/Users/ryu/trends-laravel/tests/Unit/HatenaBookmarkScraperTest.php" line="896" class="Tests\Unit\HatenaBookmarkScraperTest" classname="Tests.Unit.HatenaBookmarkScraperTest" assertions="2" time="0.013791"/>
      </testsuite>
      <testsuite name="Tests\Unit\Http\Requests\StoreCompanyRequestTest" file="/Users/ryu/trends-laravel/tests/Unit/Http/Requests/StoreCompanyRequestTest.php" tests="13" assertions="33" errors="0" failures="0" skipped="0" time="0.094064">
        <testcase name="test_authorize_常にtrueを返すこと" file="/Users/ryu/trends-laravel/tests/Unit/Http/Requests/StoreCompanyRequestTest.php" line="29" class="Tests\Unit\Http\Requests\StoreCompanyRequestTest" classname="Tests.Unit.Http.Requests.StoreCompanyRequestTest" assertions="1" time="0.008316"/>
        <testcase name="test_バリデーション_有効なデータで成功すること" file="/Users/ryu/trends-laravel/tests/Unit/Http/Requests/StoreCompanyRequestTest.php" line="37" class="Tests\Unit\Http\Requests\StoreCompanyRequestTest" classname="Tests.Unit.Http.Requests.StoreCompanyRequestTest" assertions="1" time="0.010110"/>
        <testcase name="test_バリデーション_必須項目が空の場合エラーになること" file="/Users/ryu/trends-laravel/tests/Unit/Http/Requests/StoreCompanyRequestTest.php" line="61" class="Tests\Unit\Http\Requests\StoreCompanyRequestTest" classname="Tests.Unit.Http.Requests.StoreCompanyRequestTest" assertions="3" time="0.006406"/>
        <testcase name="test_バリデーション_name_最大文字数チェック" file="/Users/ryu/trends-laravel/tests/Unit/Http/Requests/StoreCompanyRequestTest.php" line="74" class="Tests\Unit\Http\Requests\StoreCompanyRequestTest" classname="Tests.Unit.Http.Requests.StoreCompanyRequestTest" assertions="2" time="0.006444"/>
        <testcase name="test_バリデーション_domain_重複チェック" file="/Users/ryu/trends-laravel/tests/Unit/Http/Requests/StoreCompanyRequestTest.php" line="89" class="Tests\Unit\Http\Requests\StoreCompanyRequestTest" classname="Tests.Unit.Http.Requests.StoreCompanyRequestTest" assertions="2" time="0.007001"/>
        <testcase name="test_バリデーション_ur_l形式チェック" file="/Users/ryu/trends-laravel/tests/Unit/Http/Requests/StoreCompanyRequestTest.php" line="107" class="Tests\Unit\Http\Requests\StoreCompanyRequestTest" classname="Tests.Unit.Http.Requests.StoreCompanyRequestTest" assertions="3" time="0.008764"/>
        <testcase name="test_バリデーション_配列フィールドが正しく検証されること" file="/Users/ryu/trends-laravel/tests/Unit/Http/Requests/StoreCompanyRequestTest.php" line="125" class="Tests\Unit\Http\Requests\StoreCompanyRequestTest" classname="Tests.Unit.Http.Requests.StoreCompanyRequestTest" assertions="3" time="0.006823"/>
        <testcase name="test_バリデーション_is_active_boolean_チェック" file="/Users/ryu/trends-laravel/tests/Unit/Http/Requests/StoreCompanyRequestTest.php" line="143" class="Tests\Unit\Http\Requests\StoreCompanyRequestTest" classname="Tests.Unit.Http.Requests.StoreCompanyRequestTest" assertions="2" time="0.006742"/>
        <testcase name="test_バリデーション_オプショナルフィールドは空でも有効" file="/Users/ryu/trends-laravel/tests/Unit/Http/Requests/StoreCompanyRequestTest.php" line="159" class="Tests\Unit\Http\Requests\StoreCompanyRequestTest" classname="Tests.Unit.Http.Requests.StoreCompanyRequestTest" assertions="1" time="0.006496"/>
        <testcase name="test_カスタムメッセージが正しく設定されていること" file="/Users/ryu/trends-laravel/tests/Unit/Http/Requests/StoreCompanyRequestTest.php" line="174" class="Tests\Unit\Http\Requests\StoreCompanyRequestTest" classname="Tests.Unit.Http.Requests.StoreCompanyRequestTest" assertions="6" time="0.006032"/>
        <testcase name="test_カスタムメッセージが実際に適用されること" file="/Users/ryu/trends-laravel/tests/Unit/Http/Requests/StoreCompanyRequestTest.php" line="191" class="Tests\Unit\Http\Requests\StoreCompanyRequestTest" classname="Tests.Unit.Http.Requests.StoreCompanyRequestTest" assertions="3" time="0.007252"/>
        <testcase name="test_バリデーション_ur_l最大文字数チェック" file="/Users/ryu/trends-laravel/tests/Unit/Http/Requests/StoreCompanyRequestTest.php" line="210" class="Tests\Unit\Http\Requests\StoreCompanyRequestTest" classname="Tests.Unit.Http.Requests.StoreCompanyRequestTest" assertions="3" time="0.006867"/>
        <testcase name="test_バリデーション_ユーザー名最大文字数チェック" file="/Users/ryu/trends-laravel/tests/Unit/Http/Requests/StoreCompanyRequestTest.php" line="230" class="Tests\Unit\Http\Requests\StoreCompanyRequestTest" classname="Tests.Unit.Http.Requests.StoreCompanyRequestTest" assertions="3" time="0.006812"/>
      </testsuite>
      <testsuite name="Tests\Unit\Http\Requests\UpdateCompanyRequestTest" file="/Users/ryu/trends-laravel/tests/Unit/Http/Requests/UpdateCompanyRequestTest.php" tests="12" assertions="36" errors="0" failures="0" skipped="0" time="0.089664">
        <testcase name="test_authorize_常にtrueを返すこと" file="/Users/ryu/trends-laravel/tests/Unit/Http/Requests/UpdateCompanyRequestTest.php" line="29" class="Tests\Unit\Http\Requests\UpdateCompanyRequestTest" classname="Tests.Unit.Http.Requests.UpdateCompanyRequestTest" assertions="1" time="0.007682"/>
        <testcase name="test_バリデーション_有効なデータで成功すること" file="/Users/ryu/trends-laravel/tests/Unit/Http/Requests/UpdateCompanyRequestTest.php" line="37" class="Tests\Unit\Http\Requests\UpdateCompanyRequestTest" classname="Tests.Unit.Http.Requests.UpdateCompanyRequestTest" assertions="2" time="0.011650"/>
        <testcase name="test_バリデーション_必須項目が空の場合エラーになること" file="/Users/ryu/trends-laravel/tests/Unit/Http/Requests/UpdateCompanyRequestTest.php" line="74" class="Tests\Unit\Http\Requests\UpdateCompanyRequestTest" classname="Tests.Unit.Http.Requests.UpdateCompanyRequestTest" assertions="3" time="0.006935"/>
        <testcase name="test_バリデーション_自分のドメインは重複チェック対象外" file="/Users/ryu/trends-laravel/tests/Unit/Http/Requests/UpdateCompanyRequestTest.php" line="87" class="Tests\Unit\Http\Requests\UpdateCompanyRequestTest" classname="Tests.Unit.Http.Requests.UpdateCompanyRequestTest" assertions="2" time="0.007237"/>
        <testcase name="test_バリデーション_他企業のドメインは重複エラー" file="/Users/ryu/trends-laravel/tests/Unit/Http/Requests/UpdateCompanyRequestTest.php" line="114" class="Tests\Unit\Http\Requests\UpdateCompanyRequestTest" classname="Tests.Unit.Http.Requests.UpdateCompanyRequestTest" assertions="3" time="0.007597"/>
        <testcase name="test_バリデーション_ur_l形式チェック" file="/Users/ryu/trends-laravel/tests/Unit/Http/Requests/UpdateCompanyRequestTest.php" line="143" class="Tests\Unit\Http\Requests\UpdateCompanyRequestTest" classname="Tests.Unit.Http.Requests.UpdateCompanyRequestTest" assertions="3" time="0.006799"/>
        <testcase name="test_バリデーション_配列フィールドが正しく検証されること" file="/Users/ryu/trends-laravel/tests/Unit/Http/Requests/UpdateCompanyRequestTest.php" line="161" class="Tests\Unit\Http\Requests\UpdateCompanyRequestTest" classname="Tests.Unit.Http.Requests.UpdateCompanyRequestTest" assertions="3" time="0.007466"/>
        <testcase name="test_カスタムメッセージが正しく設定されていること" file="/Users/ryu/trends-laravel/tests/Unit/Http/Requests/UpdateCompanyRequestTest.php" line="179" class="Tests\Unit\Http\Requests\UpdateCompanyRequestTest" classname="Tests.Unit.Http.Requests.UpdateCompanyRequestTest" assertions="6" time="0.006437"/>
        <testcase name="test_ルートパラメータから企業_i_dが取得できること" file="/Users/ryu/trends-laravel/tests/Unit/Http/Requests/UpdateCompanyRequestTest.php" line="196" class="Tests\Unit\Http\Requests\UpdateCompanyRequestTest" classname="Tests.Unit.Http.Requests.UpdateCompanyRequestTest" assertions="3" time="0.006875"/>
        <testcase name="test_カスタムメッセージが実際に適用されること" file="/Users/ryu/trends-laravel/tests/Unit/Http/Requests/UpdateCompanyRequestTest.php" line="221" class="Tests\Unit\Http\Requests\UpdateCompanyRequestTest" classname="Tests.Unit.Http.Requests.UpdateCompanyRequestTest" assertions="4" time="0.007527"/>
        <testcase name="test_バリデーション_オプショナルフィールドは空でも有効" file="/Users/ryu/trends-laravel/tests/Unit/Http/Requests/UpdateCompanyRequestTest.php" line="252" class="Tests\Unit\Http\Requests\UpdateCompanyRequestTest" classname="Tests.Unit.Http.Requests.UpdateCompanyRequestTest" assertions="2" time="0.006812"/>
        <testcase name="test_バリデーション_文字数制限チェック" file="/Users/ryu/trends-laravel/tests/Unit/Http/Requests/UpdateCompanyRequestTest.php" line="280" class="Tests\Unit\Http\Requests\UpdateCompanyRequestTest" classname="Tests.Unit.Http.Requests.UpdateCompanyRequestTest" assertions="4" time="0.006647"/>
      </testsuite>
      <testsuite name="Tests\Unit\Http\Resources\ResourceComprehensiveTest" file="/Users/ryu/trends-laravel/tests/Unit/Http/Resources/ResourceComprehensiveTest.php" tests="11" assertions="50" errors="0" failures="0" skipped="0" time="0.109230">
        <testcase name="test_company_resource_変換が正常に動作すること" file="/Users/ryu/trends-laravel/tests/Unit/Http/Resources/ResourceComprehensiveTest.php" line="26" class="Tests\Unit\Http\Resources\ResourceComprehensiveTest" classname="Tests.Unit.Http.Resources.ResourceComprehensiveTest" assertions="8" time="0.006217"/>
        <testcase name="test_company_article_resource_変換が正常に動作すること" file="/Users/ryu/trends-laravel/tests/Unit/Http/Resources/ResourceComprehensiveTest.php" line="53" class="Tests\Unit\Http\Resources\ResourceComprehensiveTest" classname="Tests.Unit.Http.Resources.ResourceComprehensiveTest" assertions="7" time="0.007032"/>
        <testcase name="test_company_ranking_resource_変換が正常に動作すること" file="/Users/ryu/trends-laravel/tests/Unit/Http/Resources/ResourceComprehensiveTest.php" line="84" class="Tests\Unit\Http\Resources\ResourceComprehensiveTest" classname="Tests.Unit.Http.Resources.ResourceComprehensiveTest" assertions="9" time="0.006902"/>
        <testcase name="test_company_ranking_collection_変換が正常に動作すること" file="/Users/ryu/trends-laravel/tests/Unit/Http/Resources/ResourceComprehensiveTest.php" line="131" class="Tests\Unit\Http\Resources\ResourceComprehensiveTest" classname="Tests.Unit.Http.Resources.ResourceComprehensiveTest" assertions="5" time="0.006987"/>
        <testcase name="test_company_resource_with_メタデータが正しく追加されること" file="/Users/ryu/trends-laravel/tests/Unit/Http/Resources/ResourceComprehensiveTest.php" line="149" class="Tests\Unit\Http\Resources\ResourceComprehensiveTest" classname="Tests.Unit.Http.Resources.ResourceComprehensiveTest" assertions="3" time="0.011304"/>
        <testcase name="test_company_article_resource_関連モデルが正しく含まれること" file="/Users/ryu/trends-laravel/tests/Unit/Http/Resources/ResourceComprehensiveTest.php" line="167" class="Tests\Unit\Http\Resources\ResourceComprehensiveTest" classname="Tests.Unit.Http.Resources.ResourceComprehensiveTest" assertions="2" time="0.007424"/>
        <testcase name="test_リソースの条件付きフィールドが正しく動作すること" file="/Users/ryu/trends-laravel/tests/Unit/Http/Resources/ResourceComprehensiveTest.php" line="191" class="Tests\Unit\Http\Resources\ResourceComprehensiveTest" classname="Tests.Unit.Http.Resources.ResourceComprehensiveTest" assertions="3" time="0.006245"/>
        <testcase name="test_空のコレクションが正しく処理されること" file="/Users/ryu/trends-laravel/tests/Unit/Http/Resources/ResourceComprehensiveTest.php" line="216" class="Tests\Unit\Http\Resources\ResourceComprehensiveTest" classname="Tests.Unit.Http.Resources.ResourceComprehensiveTest" assertions="5" time="0.005745"/>
        <testcase name="test_null_フィールドが正しく処理されること" file="/Users/ryu/trends-laravel/tests/Unit/Http/Resources/ResourceComprehensiveTest.php" line="235" class="Tests\Unit\Http\Resources\ResourceComprehensiveTest" classname="Tests.Unit.Http.Resources.ResourceComprehensiveTest" assertions="2" time="0.006163"/>
        <testcase name="test_大量データのリソース変換パフォーマンス" file="/Users/ryu/trends-laravel/tests/Unit/Http/Resources/ResourceComprehensiveTest.php" line="255" class="Tests\Unit\Http\Resources\ResourceComprehensiveTest" classname="Tests.Unit.Http.Resources.ResourceComprehensiveTest" assertions="3" time="0.037935"/>
        <testcase name="test_リソースのjson変換が正常に動作すること" file="/Users/ryu/trends-laravel/tests/Unit/Http/Resources/ResourceComprehensiveTest.php" line="280" class="Tests\Unit\Http\Resources\ResourceComprehensiveTest" classname="Tests.Unit.Http.Resources.ResourceComprehensiveTest" assertions="3" time="0.007276"/>
      </testsuite>
      <testsuite name="Tests\Unit\Jobs\CalculateCompanyInfluenceScoresJobTest" file="/Users/ryu/trends-laravel/tests/Unit/Jobs/CalculateCompanyInfluenceScoresJobTest.php" tests="14" assertions="22" errors="0" failures="0" skipped="0" time="0.091687">
        <testcase name="test_handle_全期間タイプの計算が正常に実行される" file="/Users/ryu/trends-laravel/tests/Unit/Jobs/CalculateCompanyInfluenceScoresJobTest.php" line="35" class="Tests\Unit\Jobs\CalculateCompanyInfluenceScoresJobTest" classname="Tests.Unit.Jobs.CalculateCompanyInfluenceScoresJobTest" assertions="1" time="0.011521"/>
        <testcase name="test_handle_特定期間タイプの計算が正常に実行される" file="/Users/ryu/trends-laravel/tests/Unit/Jobs/CalculateCompanyInfluenceScoresJobTest.php" line="77" class="Tests\Unit\Jobs\CalculateCompanyInfluenceScoresJobTest" classname="Tests.Unit.Jobs.CalculateCompanyInfluenceScoresJobTest" assertions="1" time="0.006516"/>
        <testcase name="test_handle_基準日未指定の場合現在日時を使用する" file="/Users/ryu/trends-laravel/tests/Unit/Jobs/CalculateCompanyInfluenceScoresJobTest.php" line="120" class="Tests\Unit\Jobs\CalculateCompanyInfluenceScoresJobTest" classname="Tests.Unit.Jobs.CalculateCompanyInfluenceScoresJobTest" assertions="1" time="0.006196"/>
        <testcase name="test_handle_例外発生時にログを出力して再スローする" file="/Users/ryu/trends-laravel/tests/Unit/Jobs/CalculateCompanyInfluenceScoresJobTest.php" line="148" class="Tests\Unit\Jobs\CalculateCompanyInfluenceScoresJobTest" classname="Tests.Unit.Jobs.CalculateCompanyInfluenceScoresJobTest" assertions="2" time="0.006228"/>
        <testcase name="test_handle_実行時間がログに記録される" file="/Users/ryu/trends-laravel/tests/Unit/Jobs/CalculateCompanyInfluenceScoresJobTest.php" line="176" class="Tests\Unit\Jobs\CalculateCompanyInfluenceScoresJobTest" classname="Tests.Unit.Jobs.CalculateCompanyInfluenceScoresJobTest" assertions="1" time="0.006201"/>
        <testcase name="test_get_period_days_正しい日数を返す" file="/Users/ryu/trends-laravel/tests/Unit/Jobs/CalculateCompanyInfluenceScoresJobTest.php" line="208" class="Tests\Unit\Jobs\CalculateCompanyInfluenceScoresJobTest" classname="Tests.Unit.Jobs.CalculateCompanyInfluenceScoresJobTest" assertions="3" time="0.006157"/>
        <testcase name="test_get_period_days_無効な期間タイプで例外を発生する" file="/Users/ryu/trends-laravel/tests/Unit/Jobs/CalculateCompanyInfluenceScoresJobTest.php" line="223" class="Tests\Unit\Jobs\CalculateCompanyInfluenceScoresJobTest" classname="Tests.Unit.Jobs.CalculateCompanyInfluenceScoresJobTest" assertions="2" time="0.006118"/>
        <testcase name="test_failed_失敗時のログを出力する" file="/Users/ryu/trends-laravel/tests/Unit/Jobs/CalculateCompanyInfluenceScoresJobTest.php" line="239" class="Tests\Unit\Jobs\CalculateCompanyInfluenceScoresJobTest" classname="Tests.Unit.Jobs.CalculateCompanyInfluenceScoresJobTest" assertions="1" time="0.006591"/>
        <testcase name="test_unique_id_正しい識別子を生成する" file="/Users/ryu/trends-laravel/tests/Unit/Jobs/CalculateCompanyInfluenceScoresJobTest.php" line="265" class="Tests\Unit\Jobs\CalculateCompanyInfluenceScoresJobTest" classname="Tests.Unit.Jobs.CalculateCompanyInfluenceScoresJobTest" assertions="3" time="0.005975"/>
        <testcase name="test_job_プロパティが正しく設定されている" file="/Users/ryu/trends-laravel/tests/Unit/Jobs/CalculateCompanyInfluenceScoresJobTest.php" line="282" class="Tests\Unit\Jobs\CalculateCompanyInfluenceScoresJobTest" classname="Tests.Unit.Jobs.CalculateCompanyInfluenceScoresJobTest" assertions="2" time="0.005902"/>
        <testcase name="test_constructor_パラメータが正しく設定される" file="/Users/ryu/trends-laravel/tests/Unit/Jobs/CalculateCompanyInfluenceScoresJobTest.php" line="293" class="Tests\Unit\Jobs\CalculateCompanyInfluenceScoresJobTest" classname="Tests.Unit.Jobs.CalculateCompanyInfluenceScoresJobTest" assertions="2" time="0.006009"/>
        <testcase name="test_calculate_specific_period_正しいパラメータでサービスを呼び出す" file="/Users/ryu/trends-laravel/tests/Unit/Jobs/CalculateCompanyInfluenceScoresJobTest.php" line="315" class="Tests\Unit\Jobs\CalculateCompanyInfluenceScoresJobTest" classname="Tests.Unit.Jobs.CalculateCompanyInfluenceScoresJobTest" assertions="1" time="0.006122"/>
        <testcase name="test_calculate_all_periods_正しいパラメータでサービスを呼び出す" file="/Users/ryu/trends-laravel/tests/Unit/Jobs/CalculateCompanyInfluenceScoresJobTest.php" line="343" class="Tests\Unit\Jobs\CalculateCompanyInfluenceScoresJobTest" classname="Tests.Unit.Jobs.CalculateCompanyInfluenceScoresJobTest" assertions="1" time="0.006071"/>
        <testcase name="test_calculate_all_periods_処理企業数が正しくログに記録される" file="/Users/ryu/trends-laravel/tests/Unit/Jobs/CalculateCompanyInfluenceScoresJobTest.php" line="370" class="Tests\Unit\Jobs\CalculateCompanyInfluenceScoresJobTest" classname="Tests.Unit.Jobs.CalculateCompanyInfluenceScoresJobTest" assertions="1" time="0.006079"/>
      </testsuite>
      <testsuite name="Tests\Unit\Jobs\GenerateCompanyRankingsJobTest" file="/Users/ryu/trends-laravel/tests/Unit/Jobs/GenerateCompanyRankingsJobTest.php" tests="14" assertions="18" errors="0" failures="0" skipped="0" time="0.088782">
        <testcase name="test_handle_特定期間のランキング生成が正常に実行される" file="/Users/ryu/trends-laravel/tests/Unit/Jobs/GenerateCompanyRankingsJobTest.php" line="35" class="Tests\Unit\Jobs\GenerateCompanyRankingsJobTest" classname="Tests.Unit.Jobs.GenerateCompanyRankingsJobTest" assertions="1" time="0.006131"/>
        <testcase name="test_handle_全期間のランキング生成が正常に実行される" file="/Users/ryu/trends-laravel/tests/Unit/Jobs/GenerateCompanyRankingsJobTest.php" line="77" class="Tests\Unit\Jobs\GenerateCompanyRankingsJobTest" classname="Tests.Unit.Jobs.GenerateCompanyRankingsJobTest" assertions="1" time="0.006045"/>
        <testcase name="test_handle_基準日未指定の場合現在日時を使用する" file="/Users/ryu/trends-laravel/tests/Unit/Jobs/GenerateCompanyRankingsJobTest.php" line="124" class="Tests\Unit\Jobs\GenerateCompanyRankingsJobTest" classname="Tests.Unit.Jobs.GenerateCompanyRankingsJobTest" assertions="1" time="0.006035"/>
        <testcase name="test_handle_特定期間処理で例外発生時にログを出力して再スローする" file="/Users/ryu/trends-laravel/tests/Unit/Jobs/GenerateCompanyRankingsJobTest.php" line="147" class="Tests\Unit\Jobs\GenerateCompanyRankingsJobTest" classname="Tests.Unit.Jobs.GenerateCompanyRankingsJobTest" assertions="2" time="0.006018"/>
        <testcase name="test_handle_全期間処理で例外発生時にログを出力して再スローする" file="/Users/ryu/trends-laravel/tests/Unit/Jobs/GenerateCompanyRankingsJobTest.php" line="182" class="Tests\Unit\Jobs\GenerateCompanyRankingsJobTest" classname="Tests.Unit.Jobs.GenerateCompanyRankingsJobTest" assertions="2" time="0.006053"/>
        <testcase name="test_failed_失敗時のログを出力する" file="/Users/ryu/trends-laravel/tests/Unit/Jobs/GenerateCompanyRankingsJobTest.php" line="216" class="Tests\Unit\Jobs\GenerateCompanyRankingsJobTest" classname="Tests.Unit.Jobs.GenerateCompanyRankingsJobTest" assertions="1" time="0.005965"/>
        <testcase name="test_failed_参照日がnullの場合も正常に処理される" file="/Users/ryu/trends-laravel/tests/Unit/Jobs/GenerateCompanyRankingsJobTest.php" line="241" class="Tests\Unit\Jobs\GenerateCompanyRankingsJobTest" classname="Tests.Unit.Jobs.GenerateCompanyRankingsJobTest" assertions="1" time="0.005975"/>
        <testcase name="test_constructor_パラメータが正しく設定される" file="/Users/ryu/trends-laravel/tests/Unit/Jobs/GenerateCompanyRankingsJobTest.php" line="265" class="Tests\Unit\Jobs\GenerateCompanyRankingsJobTest" classname="Tests.Unit.Jobs.GenerateCompanyRankingsJobTest" assertions="2" time="0.009418"/>
        <testcase name="test_constructor_パラメータがnullでも正常に設定される" file="/Users/ryu/trends-laravel/tests/Unit/Jobs/GenerateCompanyRankingsJobTest.php" line="287" class="Tests\Unit\Jobs\GenerateCompanyRankingsJobTest" classname="Tests.Unit.Jobs.GenerateCompanyRankingsJobTest" assertions="2" time="0.006196"/>
        <testcase name="test_handle_空の結果でも正常に処理される" file="/Users/ryu/trends-laravel/tests/Unit/Jobs/GenerateCompanyRankingsJobTest.php" line="305" class="Tests\Unit\Jobs\GenerateCompanyRankingsJobTest" classname="Tests.Unit.Jobs.GenerateCompanyRankingsJobTest" assertions="1" time="0.006101"/>
        <testcase name="test_handle_全期間で空の結果でも正常に処理される" file="/Users/ryu/trends-laravel/tests/Unit/Jobs/GenerateCompanyRankingsJobTest.php" line="337" class="Tests\Unit\Jobs\GenerateCompanyRankingsJobTest" classname="Tests.Unit.Jobs.GenerateCompanyRankingsJobTest" assertions="1" time="0.006113"/>
        <testcase name="test_handle_企業数の計算が正しく行われる" file="/Users/ryu/trends-laravel/tests/Unit/Jobs/GenerateCompanyRankingsJobTest.php" line="373" class="Tests\Unit\Jobs\GenerateCompanyRankingsJobTest" classname="Tests.Unit.Jobs.GenerateCompanyRankingsJobTest" assertions="1" time="0.006218"/>
        <testcase name="test_job_should_queueインターフェースを実装している" file="/Users/ryu/trends-laravel/tests/Unit/Jobs/GenerateCompanyRankingsJobTest.php" line="419" class="Tests\Unit\Jobs\GenerateCompanyRankingsJobTest" classname="Tests.Unit.Jobs.GenerateCompanyRankingsJobTest" assertions="1" time="0.006323"/>
        <testcase name="test_job_queueableトレイトを使用している" file="/Users/ryu/trends-laravel/tests/Unit/Jobs/GenerateCompanyRankingsJobTest.php" line="426" class="Tests\Unit\Jobs\GenerateCompanyRankingsJobTest" classname="Tests.Unit.Jobs.GenerateCompanyRankingsJobTest" assertions="1" time="0.006190"/>
      </testsuite>
      <testsuite name="Tests\Unit\Jobs\JobComprehensiveTest" file="/Users/ryu/trends-laravel/tests/Unit/Jobs/JobComprehensiveTest.php" tests="13" assertions="20" errors="0" failures="0" skipped="0" time="0.084753">
        <testcase name="test_calculate_company_influence_scores_job_が正しくインスタンス化されること" file="/Users/ryu/trends-laravel/tests/Unit/Jobs/JobComprehensiveTest.php" line="22" class="Tests\Unit\Jobs\JobComprehensiveTest" classname="Tests.Unit.Jobs.JobComprehensiveTest" assertions="1" time="0.006139"/>
        <testcase name="test_generate_company_rankings_job_が正しくインスタンス化されること" file="/Users/ryu/trends-laravel/tests/Unit/Jobs/JobComprehensiveTest.php" line="35" class="Tests\Unit\Jobs\JobComprehensiveTest" classname="Tests.Unit.Jobs.JobComprehensiveTest" assertions="1" time="0.005949"/>
        <testcase name="test_ジョブが正しくキューに追加されること" file="/Users/ryu/trends-laravel/tests/Unit/Jobs/JobComprehensiveTest.php" line="45" class="Tests\Unit\Jobs\JobComprehensiveTest" classname="Tests.Unit.Jobs.JobComprehensiveTest" assertions="2" time="0.006617"/>
        <testcase name="test_ジョブが指定回数実行されること" file="/Users/ryu/trends-laravel/tests/Unit/Jobs/JobComprehensiveTest.php" line="65" class="Tests\Unit\Jobs\JobComprehensiveTest" classname="Tests.Unit.Jobs.JobComprehensiveTest" assertions="1" time="0.007153"/>
        <testcase name="test_ジョブに正しいデータが渡されること" file="/Users/ryu/trends-laravel/tests/Unit/Jobs/JobComprehensiveTest.php" line="81" class="Tests\Unit\Jobs\JobComprehensiveTest" classname="Tests.Unit.Jobs.JobComprehensiveTest" assertions="1" time="0.006101"/>
        <testcase name="test_ランキング生成ジョブに正しいパラメータが渡されること" file="/Users/ryu/trends-laravel/tests/Unit/Jobs/JobComprehensiveTest.php" line="106" class="Tests\Unit\Jobs\JobComprehensiveTest" classname="Tests.Unit.Jobs.JobComprehensiveTest" assertions="2" time="0.006072"/>
        <testcase name="test_バッチ処理でジョブが正しく実行されること" file="/Users/ryu/trends-laravel/tests/Unit/Jobs/JobComprehensiveTest.php" line="133" class="Tests\Unit\Jobs\JobComprehensiveTest" classname="Tests.Unit.Jobs.JobComprehensiveTest" assertions="1" time="0.007644"/>
        <testcase name="test_無効なデータでジョブがエラーになること" file="/Users/ryu/trends-laravel/tests/Unit/Jobs/JobComprehensiveTest.php" line="150" class="Tests\Unit\Jobs\JobComprehensiveTest" classname="Tests.Unit.Jobs.JobComprehensiveTest" assertions="2" time="0.006097"/>
        <testcase name="test_ジョブが遅延実行されること" file="/Users/ryu/trends-laravel/tests/Unit/Jobs/JobComprehensiveTest.php" line="170" class="Tests\Unit\Jobs\JobComprehensiveTest" classname="Tests.Unit.Jobs.JobComprehensiveTest" assertions="1" time="0.006491"/>
        <testcase name="test_ジョブのリトライ設定が適用されること" file="/Users/ryu/trends-laravel/tests/Unit/Jobs/JobComprehensiveTest.php" line="185" class="Tests\Unit\Jobs\JobComprehensiveTest" classname="Tests.Unit.Jobs.JobComprehensiveTest" assertions="2" time="0.006394"/>
        <testcase name="test_ジョブが正しくシリアライズされること" file="/Users/ryu/trends-laravel/tests/Unit/Jobs/JobComprehensiveTest.php" line="199" class="Tests\Unit\Jobs\JobComprehensiveTest" classname="Tests.Unit.Jobs.JobComprehensiveTest" assertions="3" time="0.006914"/>
        <testcase name="test_ジョブに優先度が設定されること" file="/Users/ryu/trends-laravel/tests/Unit/Jobs/JobComprehensiveTest.php" line="224" class="Tests\Unit\Jobs\JobComprehensiveTest" classname="Tests.Unit.Jobs.JobComprehensiveTest" assertions="1" time="0.006607"/>
        <testcase name="test_複数種類のジョブが同時に実行されること" file="/Users/ryu/trends-laravel/tests/Unit/Jobs/JobComprehensiveTest.php" line="239" class="Tests\Unit\Jobs\JobComprehensiveTest" classname="Tests.Unit.Jobs.JobComprehensiveTest" assertions="2" time="0.006574"/>
      </testsuite>
      <testsuite name="Tests\Unit\Models\ArticleTest" file="/Users/ryu/trends-laravel/tests/Unit/Models/ArticleTest.php" tests="21" assertions="43" errors="0" failures="0" skipped="0" time="0.155580">
        <testcase name="test_基本的なモデル作成ができる" file="/Users/ryu/trends-laravel/tests/Unit/Models/ArticleTest.php" line="15" class="Tests\Unit\Models\ArticleTest" classname="Tests.Unit.Models.ArticleTest" assertions="2" time="0.007399"/>
        <testcase name="test_必須フィールドの検証" file="/Users/ryu/trends-laravel/tests/Unit/Models/ArticleTest.php" line="42" class="Tests\Unit\Models\ArticleTest" classname="Tests.Unit.Models.ArticleTest" assertions="1" time="0.006259"/>
        <testcase name="test_fillable属性の確認" file="/Users/ryu/trends-laravel/tests/Unit/Models/ArticleTest.php" line="49" class="Tests\Unit\Models\ArticleTest" classname="Tests.Unit.Models.ArticleTest" assertions="1" time="0.006165"/>
        <testcase name="test_型変換の確認" file="/Users/ryu/trends-laravel/tests/Unit/Models/ArticleTest.php" line="73" class="Tests\Unit\Models\ArticleTest" classname="Tests.Unit.Models.ArticleTest" assertions="6" time="0.008005"/>
        <testcase name="test_タイムスタンプの確認" file="/Users/ryu/trends-laravel/tests/Unit/Models/ArticleTest.php" line="105" class="Tests\Unit\Models\ArticleTest" classname="Tests.Unit.Models.ArticleTest" assertions="4" time="0.006985"/>
        <testcase name="test_companyリレーションの確認" file="/Users/ryu/trends-laravel/tests/Unit/Models/ArticleTest.php" line="131" class="Tests\Unit\Models\ArticleTest" classname="Tests.Unit.Models.ArticleTest" assertions="2" time="0.007308"/>
        <testcase name="test_platformリレーションの確認" file="/Users/ryu/trends-laravel/tests/Unit/Models/ArticleTest.php" line="155" class="Tests\Unit\Models\ArticleTest" classname="Tests.Unit.Models.ArticleTest" assertions="2" time="0.006875"/>
        <testcase name="test_recentスコープの動作確認" file="/Users/ryu/trends-laravel/tests/Unit/Models/ArticleTest.php" line="179" class="Tests\Unit\Models\ArticleTest" classname="Tests.Unit.Models.ArticleTest" assertions="2" time="0.007242"/>
        <testcase name="test_popularスコープの動作確認" file="/Users/ryu/trends-laravel/tests/Unit/Models/ArticleTest.php" line="214" class="Tests\Unit\Models\ArticleTest" classname="Tests.Unit.Models.ArticleTest" assertions="2" time="0.007064"/>
        <testcase name="test_mass_assignment_protectionの確認" file="/Users/ryu/trends-laravel/tests/Unit/Models/ArticleTest.php" line="249" class="Tests\Unit\Models\ArticleTest" classname="Tests.Unit.Models.ArticleTest" assertions="1" time="0.006891"/>
        <testcase name="test_with_filtersスコープでタイトル検索ができる" file="/Users/ryu/trends-laravel/tests/Unit/Models/ArticleTest.php" line="275" class="Tests\Unit\Models\ArticleTest" classname="Tests.Unit.Models.ArticleTest" assertions="2" time="0.011152"/>
        <testcase name="test_with_filtersスコープで著者名検索ができる" file="/Users/ryu/trends-laravel/tests/Unit/Models/ArticleTest.php" line="310" class="Tests\Unit\Models\ArticleTest" classname="Tests.Unit.Models.ArticleTest" assertions="2" time="0.007431"/>
        <testcase name="test_with_filtersスコープで企業フィルタリングができる" file="/Users/ryu/trends-laravel/tests/Unit/Models/ArticleTest.php" line="347" class="Tests\Unit\Models\ArticleTest" classname="Tests.Unit.Models.ArticleTest" assertions="2" time="0.007354"/>
        <testcase name="test_with_filtersスコープでプラットフォームフィルタリングができる" file="/Users/ryu/trends-laravel/tests/Unit/Models/ArticleTest.php" line="387" class="Tests\Unit\Models\ArticleTest" classname="Tests.Unit.Models.ArticleTest" assertions="2" time="0.007191"/>
        <testcase name="test_with_filtersスコープで日付範囲フィルタリングができる" file="/Users/ryu/trends-laravel/tests/Unit/Models/ArticleTest.php" line="427" class="Tests\Unit\Models\ArticleTest" classname="Tests.Unit.Models.ArticleTest" assertions="2" time="0.007089"/>
        <testcase name="test_with_filtersスコープで複数フィルタを組み合わせできる" file="/Users/ryu/trends-laravel/tests/Unit/Models/ArticleTest.php" line="467" class="Tests\Unit\Models\ArticleTest" classname="Tests.Unit.Models.ArticleTest" assertions="2" time="0.007653"/>
        <testcase name="test_with_sortスコープでpublished_atソートができる" file="/Users/ryu/trends-laravel/tests/Unit/Models/ArticleTest.php" line="523" class="Tests\Unit\Models\ArticleTest" classname="Tests.Unit.Models.ArticleTest" assertions="2" time="0.007130"/>
        <testcase name="test_with_sortスコープでlikes_countソートができる" file="/Users/ryu/trends-laravel/tests/Unit/Models/ArticleTest.php" line="559" class="Tests\Unit\Models\ArticleTest" classname="Tests.Unit.Models.ArticleTest" assertions="2" time="0.007034"/>
        <testcase name="test_with_sortスコープでbookmark_countソートができる" file="/Users/ryu/trends-laravel/tests/Unit/Models/ArticleTest.php" line="595" class="Tests\Unit\Models\ArticleTest" classname="Tests.Unit.Models.ArticleTest" assertions="2" time="0.007282"/>
        <testcase name="test_with_sortスコープで無効なカラム指定時はデフォルトソートになる" file="/Users/ryu/trends-laravel/tests/Unit/Models/ArticleTest.php" line="631" class="Tests\Unit\Models\ArticleTest" classname="Tests.Unit.Models.ArticleTest" assertions="1" time="0.007837"/>
        <testcase name="test_with_filtersスコープで空のフィルタは影響しない" file="/Users/ryu/trends-laravel/tests/Unit/Models/ArticleTest.php" line="667" class="Tests\Unit\Models\ArticleTest" classname="Tests.Unit.Models.ArticleTest" assertions="1" time="0.008233"/>
      </testsuite>
      <testsuite name="Tests\Unit\Models\CompanyInfluenceScoreTest" file="/Users/ryu/trends-laravel/tests/Unit/Models/CompanyInfluenceScoreTest.php" tests="26" assertions="86" errors="0" failures="0" skipped="0" time="0.204028">
        <testcase name="test_基本的なモデル作成ができる" file="/Users/ryu/trends-laravel/tests/Unit/Models/CompanyInfluenceScoreTest.php" line="14" class="Tests\Unit\Models\CompanyInfluenceScoreTest" classname="Tests.Unit.Models.CompanyInfluenceScoreTest" assertions="3" time="0.008737"/>
        <testcase name="test_企業とのリレーションが正しく動作する" file="/Users/ryu/trends-laravel/tests/Unit/Models/CompanyInfluenceScoreTest.php" line="34" class="Tests\Unit\Models\CompanyInfluenceScoreTest" classname="Tests.Unit.Models.CompanyInfluenceScoreTest" assertions="2" time="0.007089"/>
        <testcase name="test_fillable属性の確認" file="/Users/ryu/trends-laravel/tests/Unit/Models/CompanyInfluenceScoreTest.php" line="43" class="Tests\Unit\Models\CompanyInfluenceScoreTest" classname="Tests.Unit.Models.CompanyInfluenceScoreTest" assertions="1" time="0.005711"/>
        <testcase name="test_型変換の確認" file="/Users/ryu/trends-laravel/tests/Unit/Models/CompanyInfluenceScoreTest.php" line="62" class="Tests\Unit\Models\CompanyInfluenceScoreTest" classname="Tests.Unit.Models.CompanyInfluenceScoreTest" assertions="6" time="0.006474"/>
        <testcase name="test_period_typeスコープの動作確認" file="/Users/ryu/trends-laravel/tests/Unit/Models/CompanyInfluenceScoreTest.php" line="78" class="Tests\Unit\Models\CompanyInfluenceScoreTest" classname="Tests.Unit.Models.CompanyInfluenceScoreTest" assertions="2" time="0.008133"/>
        <testcase name="test_period_rangeスコープの動作確認" file="/Users/ryu/trends-laravel/tests/Unit/Models/CompanyInfluenceScoreTest.php" line="91" class="Tests\Unit\Models\CompanyInfluenceScoreTest" classname="Tests.Unit.Models.CompanyInfluenceScoreTest" assertions="1" time="0.008761"/>
        <testcase name="test_order_by_scoreスコープの動作確認" file="/Users/ryu/trends-laravel/tests/Unit/Models/CompanyInfluenceScoreTest.php" line="106" class="Tests\Unit\Models\CompanyInfluenceScoreTest" classname="Tests.Unit.Models.CompanyInfluenceScoreTest" assertions="4" time="0.008173"/>
        <testcase name="test_order_by_calculated_atスコープの動作確認" file="/Users/ryu/trends-laravel/tests/Unit/Models/CompanyInfluenceScoreTest.php" line="121" class="Tests\Unit\Models\CompanyInfluenceScoreTest" classname="Tests.Unit.Models.CompanyInfluenceScoreTest" assertions="2" time="0.008112"/>
        <testcase name="test_latestスコープの動作確認" file="/Users/ryu/trends-laravel/tests/Unit/Models/CompanyInfluenceScoreTest.php" line="135" class="Tests\Unit\Models\CompanyInfluenceScoreTest" classname="Tests.Unit.Models.CompanyInfluenceScoreTest" assertions="8" time="0.007133"/>
        <testcase name="test_for_companyスコープの動作確認" file="/Users/ryu/trends-laravel/tests/Unit/Models/CompanyInfluenceScoreTest.php" line="176" class="Tests\Unit\Models\CompanyInfluenceScoreTest" classname="Tests.Unit.Models.CompanyInfluenceScoreTest" assertions="2" time="0.007736"/>
        <testcase name="test_複数のスコープの組み合わせ" file="/Users/ryu/trends-laravel/tests/Unit/Models/CompanyInfluenceScoreTest.php" line="192" class="Tests\Unit\Models\CompanyInfluenceScoreTest" classname="Tests.Unit.Models.CompanyInfluenceScoreTest" assertions="3" time="0.007762"/>
        <testcase name="test_同じ期間の複数スコア計算" file="/Users/ryu/trends-laravel/tests/Unit/Models/CompanyInfluenceScoreTest.php" line="230" class="Tests\Unit\Models\CompanyInfluenceScoreTest" classname="Tests.Unit.Models.CompanyInfluenceScoreTest" assertions="2" time="0.007154"/>
        <testcase name="test_期間別スコア履歴の取得" file="/Users/ryu/trends-laravel/tests/Unit/Models/CompanyInfluenceScoreTest.php" line="263" class="Tests\Unit\Models\CompanyInfluenceScoreTest" classname="Tests.Unit.Models.CompanyInfluenceScoreTest" assertions="3" time="0.007533"/>
        <testcase name="test_companyリレーションの_belongs_to関係が正しい" file="/Users/ryu/trends-laravel/tests/Unit/Models/CompanyInfluenceScoreTest.php" line="298" class="Tests\Unit\Models\CompanyInfluenceScoreTest" classname="Tests.Unit.Models.CompanyInfluenceScoreTest" assertions="2" time="0.006007"/>
        <testcase name="test_castsが正しく設定されている" file="/Users/ryu/trends-laravel/tests/Unit/Models/CompanyInfluenceScoreTest.php" line="306" class="Tests\Unit\Models\CompanyInfluenceScoreTest" classname="Tests.Unit.Models.CompanyInfluenceScoreTest" assertions="6" time="0.006502"/>
        <testcase name="test_期間タイプの妥当性検証" file="/Users/ryu/trends-laravel/tests/Unit/Models/CompanyInfluenceScoreTest.php" line="319" class="Tests\Unit\Models\CompanyInfluenceScoreTest" classname="Tests.Unit.Models.CompanyInfluenceScoreTest" assertions="3" time="0.008320"/>
        <testcase name="test_scope_latest_最新のスコアレコードを取得する" file="/Users/ryu/trends-laravel/tests/Unit/Models/CompanyInfluenceScoreTest.php" line="329" class="Tests\Unit\Models\CompanyInfluenceScoreTest" classname="Tests.Unit.Models.CompanyInfluenceScoreTest" assertions="4" time="0.011698"/>
        <testcase name="test_scope_latest_複数企業の最新スコア取得" file="/Users/ryu/trends-laravel/tests/Unit/Models/CompanyInfluenceScoreTest.php" line="356" class="Tests\Unit\Models\CompanyInfluenceScoreTest" classname="Tests.Unit.Models.CompanyInfluenceScoreTest" assertions="6" time="0.010224"/>
        <testcase name="test_scope_latest_日時順ソート機能の検証" file="/Users/ryu/trends-laravel/tests/Unit/Models/CompanyInfluenceScoreTest.php" line="391" class="Tests\Unit\Models\CompanyInfluenceScoreTest" classname="Tests.Unit.Models.CompanyInfluenceScoreTest" assertions="7" time="0.008220"/>
        <testcase name="test_scope_latest_空データでの動作確認" file="/Users/ryu/trends-laravel/tests/Unit/Models/CompanyInfluenceScoreTest.php" line="427" class="Tests\Unit\Models\CompanyInfluenceScoreTest" classname="Tests.Unit.Models.CompanyInfluenceScoreTest" assertions="2" time="0.006576"/>
        <testcase name="test_scope_latest_他のスコープとの組み合わせ" file="/Users/ryu/trends-laravel/tests/Unit/Models/CompanyInfluenceScoreTest.php" line="435" class="Tests\Unit\Models\CompanyInfluenceScoreTest" classname="Tests.Unit.Models.CompanyInfluenceScoreTest" assertions="3" time="0.008219"/>
        <testcase name="test_scope_latest_同一時刻レコード複数存在時の処理" file="/Users/ryu/trends-laravel/tests/Unit/Models/CompanyInfluenceScoreTest.php" line="468" class="Tests\Unit\Models\CompanyInfluenceScoreTest" classname="Tests.Unit.Models.CompanyInfluenceScoreTest" assertions="3" time="0.007339"/>
        <testcase name="test_scope_latest_with_order_by_score複合スコープ" file="/Users/ryu/trends-laravel/tests/Unit/Models/CompanyInfluenceScoreTest.php" line="489" class="Tests\Unit\Models\CompanyInfluenceScoreTest" classname="Tests.Unit.Models.CompanyInfluenceScoreTest" assertions="1" time="0.007004"/>
        <testcase name="test_scope_latest_大量データでのパフォーマンス" file="/Users/ryu/trends-laravel/tests/Unit/Models/CompanyInfluenceScoreTest.php" line="511" class="Tests\Unit\Models\CompanyInfluenceScoreTest" classname="Tests.Unit.Models.CompanyInfluenceScoreTest" assertions="3" time="0.010339"/>
        <testcase name="test_scope_latest_with_for_company複合スコープの効率性" file="/Users/ryu/trends-laravel/tests/Unit/Models/CompanyInfluenceScoreTest.php" line="542" class="Tests\Unit\Models\CompanyInfluenceScoreTest" classname="Tests.Unit.Models.CompanyInfluenceScoreTest" assertions="2" time="0.008426"/>
        <testcase name="test_scope_latest_単独実行でのカバレッジ確保" file="/Users/ryu/trends-laravel/tests/Unit/Models/CompanyInfluenceScoreTest.php" line="563" class="Tests\Unit\Models\CompanyInfluenceScoreTest" classname="Tests.Unit.Models.CompanyInfluenceScoreTest" assertions="5" time="0.006646"/>
      </testsuite>
      <testsuite name="Tests\Unit\Models\CompanyRankingTest" file="/Users/ryu/trends-laravel/tests/Unit/Models/CompanyRankingTest.php" tests="44" assertions="153" errors="0" failures="0" skipped="0" time="0.325687">
        <testcase name="test_基本的なモデル作成ができる" file="/Users/ryu/trends-laravel/tests/Unit/Models/CompanyRankingTest.php" line="14" class="Tests\Unit\Models\CompanyRankingTest" classname="Tests.Unit.Models.CompanyRankingTest" assertions="3" time="0.006838"/>
        <testcase name="test_企業とのリレーションが正しく動作する" file="/Users/ryu/trends-laravel/tests/Unit/Models/CompanyRankingTest.php" line="35" class="Tests\Unit\Models\CompanyRankingTest" classname="Tests.Unit.Models.CompanyRankingTest" assertions="2" time="0.007100"/>
        <testcase name="test_fillable属性の確認" file="/Users/ryu/trends-laravel/tests/Unit/Models/CompanyRankingTest.php" line="44" class="Tests\Unit\Models\CompanyRankingTest" classname="Tests.Unit.Models.CompanyRankingTest" assertions="1" time="0.006164"/>
        <testcase name="test_型変換の確認" file="/Users/ryu/trends-laravel/tests/Unit/Models/CompanyRankingTest.php" line="64" class="Tests\Unit\Models\CompanyRankingTest" classname="Tests.Unit.Models.CompanyRankingTest" assertions="7" time="0.006962"/>
        <testcase name="test_period_typeスコープの動作確認" file="/Users/ryu/trends-laravel/tests/Unit/Models/CompanyRankingTest.php" line="82" class="Tests\Unit\Models\CompanyRankingTest" classname="Tests.Unit.Models.CompanyRankingTest" assertions="2" time="0.008593"/>
        <testcase name="test_rank_rangeスコープの動作確認" file="/Users/ryu/trends-laravel/tests/Unit/Models/CompanyRankingTest.php" line="95" class="Tests\Unit\Models\CompanyRankingTest" classname="Tests.Unit.Models.CompanyRankingTest" assertions="2" time="0.009332"/>
        <testcase name="test_top_rankスコープの動作確認" file="/Users/ryu/trends-laravel/tests/Unit/Models/CompanyRankingTest.php" line="109" class="Tests\Unit\Models\CompanyRankingTest" classname="Tests.Unit.Models.CompanyRankingTest" assertions="2" time="0.009219"/>
        <testcase name="test_order_by_rankスコープの動作確認" file="/Users/ryu/trends-laravel/tests/Unit/Models/CompanyRankingTest.php" line="123" class="Tests\Unit\Models\CompanyRankingTest" classname="Tests.Unit.Models.CompanyRankingTest" assertions="4" time="0.008674"/>
        <testcase name="test_order_by_scoreスコープの動作確認" file="/Users/ryu/trends-laravel/tests/Unit/Models/CompanyRankingTest.php" line="138" class="Tests\Unit\Models\CompanyRankingTest" classname="Tests.Unit.Models.CompanyRankingTest" assertions="4" time="0.008670"/>
        <testcase name="test_order_by_calculated_atスコープの動作確認" file="/Users/ryu/trends-laravel/tests/Unit/Models/CompanyRankingTest.php" line="153" class="Tests\Unit\Models\CompanyRankingTest" classname="Tests.Unit.Models.CompanyRankingTest" assertions="2" time="0.008598"/>
        <testcase name="test_latestスコープの動作確認" file="/Users/ryu/trends-laravel/tests/Unit/Models/CompanyRankingTest.php" line="167" class="Tests\Unit\Models\CompanyRankingTest" classname="Tests.Unit.Models.CompanyRankingTest" assertions="4" time="0.007524"/>
        <testcase name="test_for_companyスコープの動作確認" file="/Users/ryu/trends-laravel/tests/Unit/Models/CompanyRankingTest.php" line="194" class="Tests\Unit\Models\CompanyRankingTest" classname="Tests.Unit.Models.CompanyRankingTest" assertions="2" time="0.008228"/>
        <testcase name="test_period_rangeスコープの動作確認" file="/Users/ryu/trends-laravel/tests/Unit/Models/CompanyRankingTest.php" line="210" class="Tests\Unit\Models\CompanyRankingTest" classname="Tests.Unit.Models.CompanyRankingTest" assertions="1" time="0.009213"/>
        <testcase name="test_active_companiesスコープの動作確認" file="/Users/ryu/trends-laravel/tests/Unit/Models/CompanyRankingTest.php" line="225" class="Tests\Unit\Models\CompanyRankingTest" classname="Tests.Unit.Models.CompanyRankingTest" assertions="2" time="0.007947"/>
        <testcase name="test_複数のスコープの組み合わせ" file="/Users/ryu/trends-laravel/tests/Unit/Models/CompanyRankingTest.php" line="239" class="Tests\Unit\Models\CompanyRankingTest" classname="Tests.Unit.Models.CompanyRankingTest" assertions="3" time="0.008335"/>
        <testcase name="test_scope_latest_期間別最新ランキングを取得する" file="/Users/ryu/trends-laravel/tests/Unit/Models/CompanyRankingTest.php" line="273" class="Tests\Unit\Models\CompanyRankingTest" classname="Tests.Unit.Models.CompanyRankingTest" assertions="4" time="0.007670"/>
        <testcase name="test_scope_latest_最新ランキング取得の基本動作確認" file="/Users/ryu/trends-laravel/tests/Unit/Models/CompanyRankingTest.php" line="302" class="Tests\Unit\Models\CompanyRankingTest" classname="Tests.Unit.Models.CompanyRankingTest" assertions="4" time="0.007739"/>
        <testcase name="test_scope_latest_複数期間での最新データ取得" file="/Users/ryu/trends-laravel/tests/Unit/Models/CompanyRankingTest.php" line="327" class="Tests\Unit\Models\CompanyRankingTest" classname="Tests.Unit.Models.CompanyRankingTest" assertions="7" time="0.008986"/>
        <testcase name="test_scope_latest_ランキング順序の検証" file="/Users/ryu/trends-laravel/tests/Unit/Models/CompanyRankingTest.php" line="367" class="Tests\Unit\Models\CompanyRankingTest" classname="Tests.Unit.Models.CompanyRankingTest" assertions="7" time="0.008190"/>
        <testcase name="test_scope_latest_period_typeとrank_rangeとの組み合わせ" file="/Users/ryu/trends-laravel/tests/Unit/Models/CompanyRankingTest.php" line="405" class="Tests\Unit\Models\CompanyRankingTest" classname="Tests.Unit.Models.CompanyRankingTest" assertions="1" time="0.008465"/>
        <testcase name="test_scope_latest_空データでの動作確認" file="/Users/ryu/trends-laravel/tests/Unit/Models/CompanyRankingTest.php" line="439" class="Tests\Unit\Models\CompanyRankingTest" classname="Tests.Unit.Models.CompanyRankingTest" assertions="2" time="0.005870"/>
        <testcase name="test_scope_latest_同一時刻レコード複数存在時の処理" file="/Users/ryu/trends-laravel/tests/Unit/Models/CompanyRankingTest.php" line="447" class="Tests\Unit\Models\CompanyRankingTest" classname="Tests.Unit.Models.CompanyRankingTest" assertions="3" time="0.007358"/>
        <testcase name="test_scope_latest_with_order_by_score複合スコープ" file="/Users/ryu/trends-laravel/tests/Unit/Models/CompanyRankingTest.php" line="468" class="Tests\Unit\Models\CompanyRankingTest" classname="Tests.Unit.Models.CompanyRankingTest" assertions="3" time="0.007550"/>
        <testcase name="test_scope_latest_with_active_companies複合スコープ" file="/Users/ryu/trends-laravel/tests/Unit/Models/CompanyRankingTest.php" line="499" class="Tests\Unit\Models\CompanyRankingTest" classname="Tests.Unit.Models.CompanyRankingTest" assertions="2" time="0.007472"/>
        <testcase name="test_scope_latest_クエリ効率性の確認" file="/Users/ryu/trends-laravel/tests/Unit/Models/CompanyRankingTest.php" line="526" class="Tests\Unit\Models\CompanyRankingTest" classname="Tests.Unit.Models.CompanyRankingTest" assertions="3" time="0.010573"/>
        <testcase name="test_scope_latest_with_top_rankとorder_by_rank複合スコープ" file="/Users/ryu/trends-laravel/tests/Unit/Models/CompanyRankingTest.php" line="557" class="Tests\Unit\Models\CompanyRankingTest" classname="Tests.Unit.Models.CompanyRankingTest" assertions="2" time="0.007396"/>
        <testcase name="test_未カバーのメソッドやプロパティのテスト" file="/Users/ryu/trends-laravel/tests/Unit/Models/CompanyRankingTest.php" line="580" class="Tests\Unit\Models\CompanyRankingTest" classname="Tests.Unit.Models.CompanyRankingTest" assertions="5" time="0.013373"/>
        <testcase name="test_active_companiesスコープの詳細テスト" file="/Users/ryu/trends-laravel/tests/Unit/Models/CompanyRankingTest.php" line="596" class="Tests\Unit\Models\CompanyRankingTest" classname="Tests.Unit.Models.CompanyRankingTest" assertions="4" time="0.008364"/>
        <testcase name="test_エラーハンドリングが正しく実装されている" file="/Users/ryu/trends-laravel/tests/Unit/Models/CompanyRankingTest.php" line="620" class="Tests\Unit\Models\CompanyRankingTest" classname="Tests.Unit.Models.CompanyRankingTest" assertions="3" time="0.006059"/>
        <testcase name="test_属性の型変換が正しく実装されている" file="/Users/ryu/trends-laravel/tests/Unit/Models/CompanyRankingTest.php" line="630" class="Tests\Unit\Models\CompanyRankingTest" classname="Tests.Unit.Models.CompanyRankingTest" assertions="5" time="0.006003"/>
        <testcase name="test_データベーステーブル名が正しく設定されている" file="/Users/ryu/trends-laravel/tests/Unit/Models/CompanyRankingTest.php" line="642" class="Tests\Unit\Models\CompanyRankingTest" classname="Tests.Unit.Models.CompanyRankingTest" assertions="1" time="0.006060"/>
        <testcase name="test_fillable属性が正しく設定されている" file="/Users/ryu/trends-laravel/tests/Unit/Models/CompanyRankingTest.php" line="648" class="Tests\Unit\Models\CompanyRankingTest" classname="Tests.Unit.Models.CompanyRankingTest" assertions="6" time="0.006201"/>
        <testcase name="test_リレーション設定が正しく実装されている" file="/Users/ryu/trends-laravel/tests/Unit/Models/CompanyRankingTest.php" line="661" class="Tests\Unit\Models\CompanyRankingTest" classname="Tests.Unit.Models.CompanyRankingTest" assertions="3" time="0.006088"/>
        <testcase name="test_スコープメソッドが正しく実装されている" file="/Users/ryu/trends-laravel/tests/Unit/Models/CompanyRankingTest.php" line="671" class="Tests\Unit\Models\CompanyRankingTest" classname="Tests.Unit.Models.CompanyRankingTest" assertions="9" time="0.006645"/>
        <testcase name="test_クエリビルダーが正しく使用されている" file="/Users/ryu/trends-laravel/tests/Unit/Models/CompanyRankingTest.php" line="687" class="Tests\Unit\Models\CompanyRankingTest" classname="Tests.Unit.Models.CompanyRankingTest" assertions="5" time="0.006060"/>
        <testcase name="test_データベース制約が正しく設定されている" file="/Users/ryu/trends-laravel/tests/Unit/Models/CompanyRankingTest.php" line="700" class="Tests\Unit\Models\CompanyRankingTest" classname="Tests.Unit.Models.CompanyRankingTest" assertions="4" time="0.005747"/>
        <testcase name="test_タイムスタンプが正しく処理される" file="/Users/ryu/trends-laravel/tests/Unit/Models/CompanyRankingTest.php" line="712" class="Tests\Unit\Models\CompanyRankingTest" classname="Tests.Unit.Models.CompanyRankingTest" assertions="5" time="0.006674"/>
        <testcase name="test_バリデーションが正しく実装されている" file="/Users/ryu/trends-laravel/tests/Unit/Models/CompanyRankingTest.php" line="723" class="Tests\Unit\Models\CompanyRankingTest" classname="Tests.Unit.Models.CompanyRankingTest" assertions="4" time="0.005747"/>
        <testcase name="test_モデルイベントが正しく設定されている" file="/Users/ryu/trends-laravel/tests/Unit/Models/CompanyRankingTest.php" line="735" class="Tests\Unit\Models\CompanyRankingTest" classname="Tests.Unit.Models.CompanyRankingTest" assertions="4" time="0.005653"/>
        <testcase name="test_アクセサが正しく実装されている" file="/Users/ryu/trends-laravel/tests/Unit/Models/CompanyRankingTest.php" line="747" class="Tests\Unit\Models\CompanyRankingTest" classname="Tests.Unit.Models.CompanyRankingTest" assertions="3" time="0.005610"/>
        <testcase name="test_ミューテータが正しく実装されている" file="/Users/ryu/trends-laravel/tests/Unit/Models/CompanyRankingTest.php" line="758" class="Tests\Unit\Models\CompanyRankingTest" classname="Tests.Unit.Models.CompanyRankingTest" assertions="3" time="0.005689"/>
        <testcase name="test_ソフトデリートが正しく設定されている" file="/Users/ryu/trends-laravel/tests/Unit/Models/CompanyRankingTest.php" line="769" class="Tests\Unit\Models\CompanyRankingTest" classname="Tests.Unit.Models.CompanyRankingTest" assertions="3" time="0.005733"/>
        <testcase name="test_インデックスが正しく設定されている" file="/Users/ryu/trends-laravel/tests/Unit/Models/CompanyRankingTest.php" line="780" class="Tests\Unit\Models\CompanyRankingTest" classname="Tests.Unit.Models.CompanyRankingTest" assertions="3" time="0.005683"/>
        <testcase name="test_外部キー制約が正しく設定されている" file="/Users/ryu/trends-laravel/tests/Unit/Models/CompanyRankingTest.php" line="791" class="Tests\Unit\Models\CompanyRankingTest" classname="Tests.Unit.Models.CompanyRankingTest" assertions="4" time="0.005634"/>
      </testsuite>
      <testsuite name="Tests\Unit\Models\CompanyTest" file="/Users/ryu/trends-laravel/tests/Unit/Models/CompanyTest.php" tests="14" assertions="25" errors="0" failures="0" skipped="0" time="0.087532">
        <testcase name="test_基本的なモデル作成ができる" file="/Users/ryu/trends-laravel/tests/Unit/Models/CompanyTest.php" line="13" class="Tests\Unit\Models\CompanyTest" classname="Tests.Unit.Models.CompanyTest" assertions="2" time="0.006519"/>
        <testcase name="test_必須フィールドの検証" file="/Users/ryu/trends-laravel/tests/Unit/Models/CompanyTest.php" line="27" class="Tests\Unit\Models\CompanyTest" classname="Tests.Unit.Models.CompanyTest" assertions="1" time="0.005898"/>
        <testcase name="test_domain_unique制約のテスト" file="/Users/ryu/trends-laravel/tests/Unit/Models/CompanyTest.php" line="34" class="Tests\Unit\Models\CompanyTest" classname="Tests.Unit.Models.CompanyTest" assertions="1" time="0.006273"/>
        <testcase name="test_デフォルト値の動作確認" file="/Users/ryu/trends-laravel/tests/Unit/Models/CompanyTest.php" line="51" class="Tests\Unit\Models\CompanyTest" classname="Tests.Unit.Models.CompanyTest" assertions="1" time="0.006354"/>
        <testcase name="test_fillable属性の確認" file="/Users/ryu/trends-laravel/tests/Unit/Models/CompanyTest.php" line="61" class="Tests\Unit\Models\CompanyTest" classname="Tests.Unit.Models.CompanyTest" assertions="1" time="0.005843"/>
        <testcase name="test_型変換の確認" file="/Users/ryu/trends-laravel/tests/Unit/Models/CompanyTest.php" line="84" class="Tests\Unit\Models\CompanyTest" classname="Tests.Unit.Models.CompanyTest" assertions="4" time="0.006181"/>
        <testcase name="test_タイムスタンプの確認" file="/Users/ryu/trends-laravel/tests/Unit/Models/CompanyTest.php" line="100" class="Tests\Unit\Models\CompanyTest" classname="Tests.Unit.Models.CompanyTest" assertions="4" time="0.006109"/>
        <testcase name="test_activeスコープの動作確認" file="/Users/ryu/trends-laravel/tests/Unit/Models/CompanyTest.php" line="113" class="Tests\Unit\Models\CompanyTest" classname="Tests.Unit.Models.CompanyTest" assertions="2" time="0.006590"/>
        <testcase name="test_mass_assignment_protectionの確認" file="/Users/ryu/trends-laravel/tests/Unit/Models/CompanyTest.php" line="132" class="Tests\Unit\Models\CompanyTest" classname="Tests.Unit.Models.CompanyTest" assertions="1" time="0.006684"/>
        <testcase name="test_rankingsリレーションが正しく動作する" file="/Users/ryu/trends-laravel/tests/Unit/Models/CompanyTest.php" line="145" class="Tests\Unit\Models\CompanyTest" classname="Tests.Unit.Models.CompanyTest" assertions="2" time="0.006637"/>
        <testcase name="test_influence_scoresリレーションが正しく動作する" file="/Users/ryu/trends-laravel/tests/Unit/Models/CompanyTest.php" line="153" class="Tests\Unit\Models\CompanyTest" classname="Tests.Unit.Models.CompanyTest" assertions="2" time="0.006538"/>
        <testcase name="test_articlesリレーションが正しく動作する" file="/Users/ryu/trends-laravel/tests/Unit/Models/CompanyTest.php" line="161" class="Tests\Unit\Models\CompanyTest" classname="Tests.Unit.Models.CompanyTest" assertions="2" time="0.006497"/>
        <testcase name="test_default_attributesが正しく設定されている" file="/Users/ryu/trends-laravel/tests/Unit/Models/CompanyTest.php" line="169" class="Tests\Unit\Models\CompanyTest" classname="Tests.Unit.Models.CompanyTest" assertions="1" time="0.005728"/>
        <testcase name="test_castsが正しく設定されている" file="/Users/ryu/trends-laravel/tests/Unit/Models/CompanyTest.php" line="177" class="Tests\Unit\Models\CompanyTest" classname="Tests.Unit.Models.CompanyTest" assertions="1" time="0.005681"/>
      </testsuite>
      <testsuite name="Tests\Unit\Models\ComplexQueryTest" file="/Users/ryu/trends-laravel/tests/Unit/Models/ComplexQueryTest.php" tests="9" assertions="22" errors="0" failures="0" skipped="0" time="0.177145">
        <testcase name="test_企業ランキングと影響力スコアの結合クエリ" file="/Users/ryu/trends-laravel/tests/Unit/Models/ComplexQueryTest.php" line="17" class="Tests\Unit\Models\ComplexQueryTest" classname="Tests.Unit.Models.ComplexQueryTest" assertions="2" time="0.007422"/>
        <testcase name="test_企業記事数とランキングの相関分析" file="/Users/ryu/trends-laravel/tests/Unit/Models/ComplexQueryTest.php" line="47" class="Tests\Unit\Models\ComplexQueryTest" classname="Tests.Unit.Models.ComplexQueryTest" assertions="2" time="0.009160"/>
        <testcase name="test_期間別トップ企業の推移分析" file="/Users/ryu/trends-laravel/tests/Unit/Models/ComplexQueryTest.php" line="76" class="Tests\Unit\Models\ComplexQueryTest" classname="Tests.Unit.Models.ComplexQueryTest" assertions="2" time="0.013584"/>
        <testcase name="test_企業の成長率計算クエリ" file="/Users/ryu/trends-laravel/tests/Unit/Models/ComplexQueryTest.php" line="114" class="Tests\Unit\Models\ComplexQueryTest" classname="Tests.Unit.Models.ComplexQueryTest" assertions="2" time="0.007842"/>
        <testcase name="test_プラットフォーム別企業影響力集計" file="/Users/ryu/trends-laravel/tests/Unit/Models/ComplexQueryTest.php" line="154" class="Tests\Unit\Models\ComplexQueryTest" classname="Tests.Unit.Models.ComplexQueryTest" assertions="3" time="0.009079"/>
        <testcase name="test_大量データでのパフォーマンステスト" file="/Users/ryu/trends-laravel/tests/Unit/Models/ComplexQueryTest.php" line="189" class="Tests\Unit\Models\ComplexQueryTest" classname="Tests.Unit.Models.ComplexQueryTest" assertions="2" time="0.102332"/>
        <testcase name="test_複雑な条件での企業検索" file="/Users/ryu/trends-laravel/tests/Unit/Models/ComplexQueryTest.php" line="221" class="Tests\Unit\Models\ComplexQueryTest" classname="Tests.Unit.Models.ComplexQueryTest" assertions="3" time="0.010466"/>
        <testcase name="test_インデックスを使用した効率的なクエリ" file="/Users/ryu/trends-laravel/tests/Unit/Models/ComplexQueryTest.php" line="266" class="Tests\Unit\Models\ComplexQueryTest" classname="Tests.Unit.Models.ComplexQueryTest" assertions="2" time="0.009787"/>
        <testcase name="test_集計関数を使用した統計クエリ" file="/Users/ryu/trends-laravel/tests/Unit/Models/ComplexQueryTest.php" line="296" class="Tests\Unit\Models\ComplexQueryTest" classname="Tests.Unit.Models.ComplexQueryTest" assertions="4" time="0.007473"/>
      </testsuite>
      <testsuite name="Tests\Unit\Models\ModelComprehensiveTest" file="/Users/ryu/trends-laravel/tests/Unit/Models/ModelComprehensiveTest.php" tests="13" assertions="60" errors="0" failures="0" skipped="0" time="0.092184">
        <testcase name="test_company_モデルの基本機能が動作すること" file="/Users/ryu/trends-laravel/tests/Unit/Models/ModelComprehensiveTest.php" line="21" class="Tests\Unit\Models\ModelComprehensiveTest" classname="Tests.Unit.Models.ModelComprehensiveTest" assertions="7" time="0.006344"/>
        <testcase name="test_company_と_article_の関連が正常に動作すること" file="/Users/ryu/trends-laravel/tests/Unit/Models/ModelComprehensiveTest.php" line="41" class="Tests\Unit\Models\ModelComprehensiveTest" classname="Tests.Unit.Models.ModelComprehensiveTest" assertions="4" time="0.007304"/>
        <testcase name="test_company_influence_score_モデルの基本機能が動作すること" file="/Users/ryu/trends-laravel/tests/Unit/Models/ModelComprehensiveTest.php" line="61" class="Tests\Unit\Models\ModelComprehensiveTest" classname="Tests.Unit.Models.ModelComprehensiveTest" assertions="4" time="0.006678"/>
        <testcase name="test_company_モデルのスコープが正常に動作すること" file="/Users/ryu/trends-laravel/tests/Unit/Models/ModelComprehensiveTest.php" line="80" class="Tests\Unit\Models\ModelComprehensiveTest" classname="Tests.Unit.Models.ModelComprehensiveTest" assertions="4" time="0.006832"/>
        <testcase name="test_article_モデルの基本機能が動作すること" file="/Users/ryu/trends-laravel/tests/Unit/Models/ModelComprehensiveTest.php" line="97" class="Tests\Unit\Models\ModelComprehensiveTest" classname="Tests.Unit.Models.ModelComprehensiveTest" assertions="6" time="0.007948"/>
        <testcase name="test_platform_モデルの基本機能が動作すること" file="/Users/ryu/trends-laravel/tests/Unit/Models/ModelComprehensiveTest.php" line="123" class="Tests\Unit\Models\ModelComprehensiveTest" classname="Tests.Unit.Models.ModelComprehensiveTest" assertions="4" time="0.006410"/>
        <testcase name="test_モデル属性のキャストが正常に動作すること" file="/Users/ryu/trends-laravel/tests/Unit/Models/ModelComprehensiveTest.php" line="139" class="Tests\Unit\Models\ModelComprehensiveTest" classname="Tests.Unit.Models.ModelComprehensiveTest" assertions="5" time="0.006610"/>
        <testcase name="test_モデルの日付属性が正常に動作すること" file="/Users/ryu/trends-laravel/tests/Unit/Models/ModelComprehensiveTest.php" line="157" class="Tests\Unit\Models\ModelComprehensiveTest" classname="Tests.Unit.Models.ModelComprehensiveTest" assertions="4" time="0.007258"/>
        <testcase name="test_company_ドメインの一意制約が動作すること" file="/Users/ryu/trends-laravel/tests/Unit/Models/ModelComprehensiveTest.php" line="173" class="Tests\Unit\Models\ModelComprehensiveTest" classname="Tests.Unit.Models.ModelComprehensiveTest" assertions="1" time="0.006522"/>
        <testcase name="test_複数の関連を含むクエリが正常に動作すること" file="/Users/ryu/trends-laravel/tests/Unit/Models/ModelComprehensiveTest.php" line="185" class="Tests\Unit\Models\ModelComprehensiveTest" classname="Tests.Unit.Models.ModelComprehensiveTest" assertions="5" time="0.008275"/>
        <testcase name="test_モデルの基本crud操作が正常に動作すること" file="/Users/ryu/trends-laravel/tests/Unit/Models/ModelComprehensiveTest.php" line="222" class="Tests\Unit\Models\ModelComprehensiveTest" classname="Tests.Unit.Models.ModelComprehensiveTest" assertions="2" time="0.006840"/>
        <testcase name="test_モデルファクトリーが正常に動作すること" file="/Users/ryu/trends-laravel/tests/Unit/Models/ModelComprehensiveTest.php" line="239" class="Tests\Unit\Models\ModelComprehensiveTest" classname="Tests.Unit.Models.ModelComprehensiveTest" assertions="8" time="0.007429"/>
        <testcase name="test_複数レコードの一括操作が正常に動作すること" file="/Users/ryu/trends-laravel/tests/Unit/Models/ModelComprehensiveTest.php" line="259" class="Tests\Unit\Models\ModelComprehensiveTest" classname="Tests.Unit.Models.ModelComprehensiveTest" assertions="6" time="0.007735"/>
      </testsuite>
      <testsuite name="Tests\Unit\Models\PlatformTest" file="/Users/ryu/trends-laravel/tests/Unit/Models/PlatformTest.php" tests="11" assertions="20" errors="0" failures="0" skipped="0" time="0.066408">
        <testcase name="test_基本的なモデル作成ができる" file="/Users/ryu/trends-laravel/tests/Unit/Models/PlatformTest.php" line="13" class="Tests\Unit\Models\PlatformTest" classname="Tests.Unit.Models.PlatformTest" assertions="2" time="0.006156"/>
        <testcase name="test_必須フィールドの検証" file="/Users/ryu/trends-laravel/tests/Unit/Models/PlatformTest.php" line="24" class="Tests\Unit\Models\PlatformTest" classname="Tests.Unit.Models.PlatformTest" assertions="1" time="0.005869"/>
        <testcase name="test_デフォルト値の動作確認" file="/Users/ryu/trends-laravel/tests/Unit/Models/PlatformTest.php" line="31" class="Tests\Unit\Models\PlatformTest" classname="Tests.Unit.Models.PlatformTest" assertions="1" time="0.006135"/>
        <testcase name="test_fillable属性の確認" file="/Users/ryu/trends-laravel/tests/Unit/Models/PlatformTest.php" line="42" class="Tests\Unit\Models\PlatformTest" classname="Tests.Unit.Models.PlatformTest" assertions="1" time="0.005752"/>
        <testcase name="test_型変換の確認" file="/Users/ryu/trends-laravel/tests/Unit/Models/PlatformTest.php" line="56" class="Tests\Unit\Models\PlatformTest" classname="Tests.Unit.Models.PlatformTest" assertions="4" time="0.006115"/>
        <testcase name="test_タイムスタンプの確認" file="/Users/ryu/trends-laravel/tests/Unit/Models/PlatformTest.php" line="73" class="Tests\Unit\Models\PlatformTest" classname="Tests.Unit.Models.PlatformTest" assertions="4" time="0.006038"/>
        <testcase name="test_activeスコープの動作確認" file="/Users/ryu/trends-laravel/tests/Unit/Models/PlatformTest.php" line="86" class="Tests\Unit\Models\PlatformTest" classname="Tests.Unit.Models.PlatformTest" assertions="2" time="0.006263"/>
        <testcase name="test_mass_assignment_protectionの確認" file="/Users/ryu/trends-laravel/tests/Unit/Models/PlatformTest.php" line="105" class="Tests\Unit\Models\PlatformTest" classname="Tests.Unit.Models.PlatformTest" assertions="1" time="0.006148"/>
        <testcase name="test_articlesリレーションが正しく動作する" file="/Users/ryu/trends-laravel/tests/Unit/Models/PlatformTest.php" line="118" class="Tests\Unit\Models\PlatformTest" classname="Tests.Unit.Models.PlatformTest" assertions="2" time="0.006125"/>
        <testcase name="test_castsが正しく設定されている" file="/Users/ryu/trends-laravel/tests/Unit/Models/PlatformTest.php" line="126" class="Tests\Unit\Models\PlatformTest" classname="Tests.Unit.Models.PlatformTest" assertions="1" time="0.005768"/>
        <testcase name="test_name_unique制約のテスト" file="/Users/ryu/trends-laravel/tests/Unit/Models/PlatformTest.php" line="134" class="Tests\Unit\Models\PlatformTest" classname="Tests.Unit.Models.PlatformTest" assertions="1" time="0.006039"/>
      </testsuite>
      <testsuite name="Tests\Unit\Models\UserTest" file="/Users/ryu/trends-laravel/tests/Unit/Models/UserTest.php" tests="8" assertions="13" errors="0" failures="0" skipped="0" time="0.063387">
        <testcase name="test_基本的なモデル作成ができる" file="/Users/ryu/trends-laravel/tests/Unit/Models/UserTest.php" line="14" class="Tests\Unit\Models\UserTest" classname="Tests.Unit.Models.UserTest" assertions="2" time="0.009516"/>
        <testcase name="test_fillable属性が正しく設定されている" file="/Users/ryu/trends-laravel/tests/Unit/Models/UserTest.php" line="29" class="Tests\Unit\Models\UserTest" classname="Tests.Unit.Models.UserTest" assertions="1" time="0.012106"/>
        <testcase name="test_hidden属性が正しく設定されている" file="/Users/ryu/trends-laravel/tests/Unit/Models/UserTest.php" line="37" class="Tests\Unit\Models\UserTest" classname="Tests.Unit.Models.UserTest" assertions="1" time="0.006005"/>
        <testcase name="test_パスワードがハッシュ化される" file="/Users/ryu/trends-laravel/tests/Unit/Models/UserTest.php" line="45" class="Tests\Unit\Models\UserTest" classname="Tests.Unit.Models.UserTest" assertions="2" time="0.008269"/>
        <testcase name="test_email_verified_atが日時型にキャストされる" file="/Users/ryu/trends-laravel/tests/Unit/Models/UserTest.php" line="58" class="Tests\Unit\Models\UserTest" classname="Tests.Unit.Models.UserTest" assertions="1" time="0.007182"/>
        <testcase name="test_ファクトリーが正常に動作する" file="/Users/ryu/trends-laravel/tests/Unit/Models/UserTest.php" line="67" class="Tests\Unit\Models\UserTest" classname="Tests.Unit.Models.UserTest" assertions="4" time="0.006143"/>
        <testcase name="test_必須項目が空の場合に例外が発生する" file="/Users/ryu/trends-laravel/tests/Unit/Models/UserTest.php" line="77" class="Tests\Unit\Models\UserTest" classname="Tests.Unit.Models.UserTest" assertions="1" time="0.005856"/>
        <testcase name="test_重複するemailの場合に例外が発生する" file="/Users/ryu/trends-laravel/tests/Unit/Models/UserTest.php" line="84" class="Tests\Unit\Models\UserTest" classname="Tests.Unit.Models.UserTest" assertions="1" time="0.008311"/>
      </testsuite>
      <testsuite name="Tests\Unit\Providers\AppServiceProviderTest" file="/Users/ryu/trends-laravel/tests/Unit/Providers/AppServiceProviderTest.php" tests="6" assertions="10" errors="0" failures="0" skipped="0" time="0.043706">
        <testcase name="test_プロバイダーが正しくインスタンス化される" file="/Users/ryu/trends-laravel/tests/Unit/Providers/AppServiceProviderTest.php" line="19" class="Tests\Unit\Providers\AppServiceProviderTest" classname="Tests.Unit.Providers.AppServiceProviderTest" assertions="1" time="0.005601"/>
        <testcase name="test_registerメソッドが実装されている" file="/Users/ryu/trends-laravel/tests/Unit/Providers/AppServiceProviderTest.php" line="24" class="Tests\Unit\Providers\AppServiceProviderTest" classname="Tests.Unit.Providers.AppServiceProviderTest" assertions="2" time="0.005636"/>
        <testcase name="test_bootメソッドが実装されている" file="/Users/ryu/trends-laravel/tests/Unit/Providers/AppServiceProviderTest.php" line="33" class="Tests\Unit\Providers\AppServiceProviderTest" classname="Tests.Unit.Providers.AppServiceProviderTest" assertions="1" time="0.005618"/>
        <testcase name="test_bootメソッドが正常に実行される" file="/Users/ryu/trends-laravel/tests/Unit/Providers/AppServiceProviderTest.php" line="38" class="Tests\Unit\Providers\AppServiceProviderTest" classname="Tests.Unit.Providers.AppServiceProviderTest" assertions="1" time="0.005599"/>
        <testcase name="test_レート制限設定の基本テスト" file="/Users/ryu/trends-laravel/tests/Unit/Providers/AppServiceProviderTest.php" line="45" class="Tests\Unit\Providers\AppServiceProviderTest" classname="Tests.Unit.Providers.AppServiceProviderTest" assertions="2" time="0.005581"/>
        <testcase name="test_レート制限コールバックの動作確認" file="/Users/ryu/trends-laravel/tests/Unit/Providers/AppServiceProviderTest.php" line="62" class="Tests\Unit\Providers\AppServiceProviderTest" classname="Tests.Unit.Providers.AppServiceProviderTest" assertions="3" time="0.015672"/>
      </testsuite>
      <testsuite name="Tests\Unit\QiitaScraperTest" file="/Users/ryu/trends-laravel/tests/Unit/QiitaScraperTest.php" tests="42" assertions="129" errors="0" failures="0" skipped="0" time="2.355361">
        <testcase name="test_スクレイパーの初期化が正常に動作する" file="/Users/ryu/trends-laravel/tests/Unit/QiitaScraperTest.php" line="26" class="Tests\Unit\QiitaScraperTest" classname="Tests.Unit.QiitaScraperTest" assertions="2" time="0.006347"/>
        <testcase name="test_qiita_htmlの解析が正常に動作する" file="/Users/ryu/trends-laravel/tests/Unit/QiitaScraperTest.php" line="36" class="Tests\Unit\QiitaScraperTest" classname="Tests.Unit.QiitaScraperTest" assertions="8" time="0.008983"/>
        <testcase name="test_企業アカウントを正しく特定する" file="/Users/ryu/trends-laravel/tests/Unit/QiitaScraperTest.php" line="57" class="Tests\Unit\QiitaScraperTest" classname="Tests.Unit.QiitaScraperTest" assertions="2" time="0.006835"/>
        <testcase name="test_企業アカウントが見つからない場合の処理を行う" file="/Users/ryu/trends-laravel/tests/Unit/QiitaScraperTest.php" line="70" class="Tests\Unit\QiitaScraperTest" classname="Tests.Unit.QiitaScraperTest" assertions="1" time="0.006088"/>
        <testcase name="test_nullのurlで企業アカウント特定を処理する" file="/Users/ryu/trends-laravel/tests/Unit/QiitaScraperTest.php" line="77" class="Tests\Unit\QiitaScraperTest" classname="Tests.Unit.QiitaScraperTest" assertions="1" time="0.005829"/>
        <testcase name="test_データの正規化と保存が正常に動作する" file="/Users/ryu/trends-laravel/tests/Unit/QiitaScraperTest.php" line="84" class="Tests\Unit\QiitaScraperTest" classname="Tests.Unit.QiitaScraperTest" assertions="2" time="0.007710"/>
        <testcase name="test_タイトルの抽出が正常に動作する" file="/Users/ryu/trends-laravel/tests/Unit/QiitaScraperTest.php" line="116" class="Tests\Unit\QiitaScraperTest" classname="Tests.Unit.QiitaScraperTest" assertions="1" time="0.006317"/>
        <testcase name="test_urlの抽出が正常に動作する" file="/Users/ryu/trends-laravel/tests/Unit/QiitaScraperTest.php" line="129" class="Tests\Unit\QiitaScraperTest" classname="Tests.Unit.QiitaScraperTest" assertions="1" time="0.006359"/>
        <testcase name="test_いいね数の抽出が正常に動作する" file="/Users/ryu/trends-laravel/tests/Unit/QiitaScraperTest.php" line="142" class="Tests\Unit\QiitaScraperTest" classname="Tests.Unit.QiitaScraperTest" assertions="1" time="0.005951"/>
        <testcase name="test_著者の抽出が正常に動作する" file="/Users/ryu/trends-laravel/tests/Unit/QiitaScraperTest.php" line="155" class="Tests\Unit\QiitaScraperTest" classname="Tests.Unit.QiitaScraperTest" assertions="1" time="0.006032"/>
        <testcase name="test_著者urlの抽出が正常に動作する" file="/Users/ryu/trends-laravel/tests/Unit/QiitaScraperTest.php" line="169" class="Tests\Unit\QiitaScraperTest" classname="Tests.Unit.QiitaScraperTest" assertions="1" time="0.005975"/>
        <testcase name="test_extract_author_url_正常なauthor_urlを抽出する" file="/Users/ryu/trends-laravel/tests/Unit/QiitaScraperTest.php" line="182" class="Tests\Unit\QiitaScraperTest" classname="Tests.Unit.QiitaScraperTest" assertions="1" time="0.006001"/>
        <testcase name="test_extract_author_url_相対urlを正しく変換する" file="/Users/ryu/trends-laravel/tests/Unit/QiitaScraperTest.php" line="195" class="Tests\Unit\QiitaScraperTest" classname="Tests.Unit.QiitaScraperTest" assertions="1" time="0.005887"/>
        <testcase name="test_extract_author_url_絶対urlはそのまま返す" file="/Users/ryu/trends-laravel/tests/Unit/QiitaScraperTest.php" line="208" class="Tests\Unit\QiitaScraperTest" classname="Tests.Unit.QiitaScraperTest" assertions="1" time="0.005966"/>
        <testcase name="test_extract_author_url_著者が見つからない場合はnullを返す" file="/Users/ryu/trends-laravel/tests/Unit/QiitaScraperTest.php" line="224" class="Tests\Unit\QiitaScraperTest" classname="Tests.Unit.QiitaScraperTest" assertions="1" time="0.005967"/>
        <testcase name="test_extract_author_url_空の要素で処理する" file="/Users/ryu/trends-laravel/tests/Unit/QiitaScraperTest.php" line="237" class="Tests\Unit\QiitaScraperTest" classname="Tests.Unit.QiitaScraperTest" assertions="1" time="0.005986"/>
        <testcase name="test_extract_author_url_複数のセレクタパターンを処理する" file="/Users/ryu/trends-laravel/tests/Unit/QiitaScraperTest.php" line="250" class="Tests\Unit\QiitaScraperTest" classname="Tests.Unit.QiitaScraperTest" assertions="1" time="0.005999"/>
        <testcase name="test_extract_author_url_異常なhtmlでも処理する" file="/Users/ryu/trends-laravel/tests/Unit/QiitaScraperTest.php" line="264" class="Tests\Unit\QiitaScraperTest" classname="Tests.Unit.QiitaScraperTest" assertions="1" time="0.006180"/>
        <testcase name="test_do_m要素が存在しない場合の処理" file="/Users/ryu/trends-laravel/tests/Unit/QiitaScraperTest.php" line="277" class="Tests\Unit\QiitaScraperTest" classname="Tests.Unit.QiitaScraperTest" assertions="6" time="0.008088"/>
        <testcase name="test_特殊文字含みデータの処理" file="/Users/ryu/trends-laravel/tests/Unit/QiitaScraperTest.php" line="301" class="Tests\Unit\QiitaScraperTest" classname="Tests.Unit.QiitaScraperTest" assertions="1" time="0.011531"/>
        <testcase name="test_extract_likes_count_数値以外の文字列処理" file="/Users/ryu/trends-laravel/tests/Unit/QiitaScraperTest.php" line="315" class="Tests\Unit\QiitaScraperTest" classname="Tests.Unit.QiitaScraperTest" assertions="1" time="0.006412"/>
        <testcase name="test_extract_url_無効なurl形式の処理" file="/Users/ryu/trends-laravel/tests/Unit/QiitaScraperTest.php" line="329" class="Tests\Unit\QiitaScraperTest" classname="Tests.Unit.QiitaScraperTest" assertions="1" time="0.006555"/>
        <testcase name="test_大量記事データでのパフォーマンス" file="/Users/ryu/trends-laravel/tests/Unit/QiitaScraperTest.php" line="343" class="Tests\Unit\QiitaScraperTest" classname="Tests.Unit.QiitaScraperTest" assertions="3" time="0.020491"/>
        <testcase name="test_normalize_and_save_data_例外処理" file="/Users/ryu/trends-laravel/tests/Unit/QiitaScraperTest.php" line="370" class="Tests\Unit\QiitaScraperTest" classname="Tests.Unit.QiitaScraperTest" assertions="1" time="0.007205"/>
        <testcase name="test_公開日の抽出が正常に動作する" file="/Users/ryu/trends-laravel/tests/Unit/QiitaScraperTest.php" line="392" class="Tests\Unit\QiitaScraperTest" classname="Tests.Unit.QiitaScraperTest" assertions="1" time="0.006054"/>
        <testcase name="test_解析エラーを適切に処理する" file="/Users/ryu/trends-laravel/tests/Unit/QiitaScraperTest.php" line="405" class="Tests\Unit\QiitaScraperTest" classname="Tests.Unit.QiitaScraperTest" assertions="2" time="0.007322"/>
        <testcase name="test_缠尺要素を適切に処理する" file="/Users/ryu/trends-laravel/tests/Unit/QiitaScraperTest.php" line="419" class="Tests\Unit\QiitaScraperTest" classname="Tests.Unit.QiitaScraperTest" assertions="5" time="0.007567"/>
        <testcase name="test_scrape_trending_articlesメソッドが正常に動作する" file="/Users/ryu/trends-laravel/tests/Unit/QiitaScraperTest.php" line="443" class="Tests\Unit\QiitaScraperTest" classname="Tests.Unit.QiitaScraperTest" assertions="5" time="0.008070"/>
        <testcase name="test_parse_responseメソッドが各セレクタパターンをテストする" file="/Users/ryu/trends-laravel/tests/Unit/QiitaScraperTest.php" line="461" class="Tests\Unit\QiitaScraperTest" classname="Tests.Unit.QiitaScraperTest" assertions="7" time="0.007328"/>
        <testcase name="test_extract_titleの各セレクタパターンをテストする" file="/Users/ryu/trends-laravel/tests/Unit/QiitaScraperTest.php" line="484" class="Tests\Unit\QiitaScraperTest" classname="Tests.Unit.QiitaScraperTest" assertions="5" time="0.006771"/>
        <testcase name="test_extract_urlの各セレクタパターンをテストする" file="/Users/ryu/trends-laravel/tests/Unit/QiitaScraperTest.php" line="507" class="Tests\Unit\QiitaScraperTest" classname="Tests.Unit.QiitaScraperTest" assertions="8" time="0.007185"/>
        <testcase name="test_extract_likes_countの各セレクタパターンをテストする" file="/Users/ryu/trends-laravel/tests/Unit/QiitaScraperTest.php" line="528" class="Tests\Unit\QiitaScraperTest" classname="Tests.Unit.QiitaScraperTest" assertions="5" time="0.007030"/>
        <testcase name="test_extract_authorの各セレクタパターンをテストする" file="/Users/ryu/trends-laravel/tests/Unit/QiitaScraperTest.php" line="549" class="Tests\Unit\QiitaScraperTest" classname="Tests.Unit.QiitaScraperTest" assertions="12" time="0.007619"/>
        <testcase name="test_extract_published_atの各セレクタパターンをテストする" file="/Users/ryu/trends-laravel/tests/Unit/QiitaScraperTest.php" line="572" class="Tests\Unit\QiitaScraperTest" classname="Tests.Unit.QiitaScraperTest" assertions="2" time="0.007077"/>
        <testcase name="test_identify_company_accountメソッドの詳細テスト" file="/Users/ryu/trends-laravel/tests/Unit/QiitaScraperTest.php" line="594" class="Tests\Unit\QiitaScraperTest" classname="Tests.Unit.QiitaScraperTest" assertions="4" time="0.007507"/>
        <testcase name="test_normalize_and_save_dataの詳細テスト" file="/Users/ryu/trends-laravel/tests/Unit/QiitaScraperTest.php" line="617" class="Tests\Unit\QiitaScraperTest" classname="Tests.Unit.QiitaScraperTest" assertions="5" time="0.009123"/>
        <testcase name="test_htt_pエラー時の詳細な処理" file="/Users/ryu/trends-laravel/tests/Unit/QiitaScraperTest.php" line="659" class="Tests\Unit\QiitaScraperTest" classname="Tests.Unit.QiitaScraperTest" assertions="2" time="2.023186"/>
        <testcase name="test_無効な_htm_lのパターン別処理" file="/Users/ryu/trends-laravel/tests/Unit/QiitaScraperTest.php" line="671" class="Tests\Unit\QiitaScraperTest" classname="Tests.Unit.QiitaScraperTest" assertions="10" time="0.028375"/>
        <testcase name="test_extract_メソッドの例外処理" file="/Users/ryu/trends-laravel/tests/Unit/QiitaScraperTest.php" line="692" class="Tests\Unit\QiitaScraperTest" classname="Tests.Unit.QiitaScraperTest" assertions="6" time="0.011676"/>
        <testcase name="test_author_urlの絶対_ur_l処理の詳細" file="/Users/ryu/trends-laravel/tests/Unit/QiitaScraperTest.php" line="722" class="Tests\Unit\QiitaScraperTest" classname="Tests.Unit.QiitaScraperTest" assertions="1" time="0.008538"/>
        <testcase name="test_ログ出力の確認" file="/Users/ryu/trends-laravel/tests/Unit/QiitaScraperTest.php" line="737" class="Tests\Unit\QiitaScraperTest" classname="Tests.Unit.QiitaScraperTest" assertions="5" time="0.010178"/>
        <testcase name="test_空のauthor処理の詳細" file="/Users/ryu/trends-laravel/tests/Unit/QiitaScraperTest.php" line="753" class="Tests\Unit\QiitaScraperTest" classname="Tests.Unit.QiitaScraperTest" assertions="3" time="0.010064"/>
      </testsuite>
      <testsuite name="Tests\Unit\Resources\ArticleResourceTest" file="/Users/ryu/trends-laravel/tests/Unit/Resources/ArticleResourceTest.php" tests="18" assertions="78" errors="0" failures="0" skipped="0" time="0.191665">
        <testcase name="test_基本的な記事情報が正しく変換される" file="/Users/ryu/trends-laravel/tests/Unit/Resources/ArticleResourceTest.php" line="39" class="Tests\Unit\Resources\ArticleResourceTest" classname="Tests.Unit.Resources.ArticleResourceTest" assertions="14" time="0.011087"/>
        <testcase name="test_プラットフォーム情報がロードされている場合に含まれる" file="/Users/ryu/trends-laravel/tests/Unit/Resources/ArticleResourceTest.php" line="61" class="Tests\Unit\Resources\ArticleResourceTest" classname="Tests.Unit.Resources.ArticleResourceTest" assertions="4" time="0.008621"/>
        <testcase name="test_プラットフォーム情報がロードされていない場合は含まれない" file="/Users/ryu/trends-laravel/tests/Unit/Resources/ArticleResourceTest.php" line="74" class="Tests\Unit\Resources\ArticleResourceTest" classname="Tests.Unit.Resources.ArticleResourceTest" assertions="2" time="0.008007"/>
        <testcase name="test_企業情報がロードされている場合に含まれる" file="/Users/ryu/trends-laravel/tests/Unit/Resources/ArticleResourceTest.php" line="84" class="Tests\Unit\Resources\ArticleResourceTest" classname="Tests.Unit.Resources.ArticleResourceTest" assertions="6" time="0.008289"/>
        <testcase name="test_企業情報がロードされていない場合は含まれない" file="/Users/ryu/trends-laravel/tests/Unit/Resources/ArticleResourceTest.php" line="99" class="Tests\Unit\Resources\ArticleResourceTest" classname="Tests.Unit.Resources.ArticleResourceTest" assertions="2" time="0.007774"/>
        <testcase name="test_published_atがnullの場合の処理" file="/Users/ryu/trends-laravel/tests/Unit/Resources/ArticleResourceTest.php" line="109" class="Tests\Unit\Resources\ArticleResourceTest" classname="Tests.Unit.Resources.ArticleResourceTest" assertions="1" time="0.008320"/>
        <testcase name="test_created_atがnullの場合の処理" file="/Users/ryu/trends-laravel/tests/Unit/Resources/ArticleResourceTest.php" line="121" class="Tests\Unit\Resources\ArticleResourceTest" classname="Tests.Unit.Resources.ArticleResourceTest" assertions="1" time="0.007537"/>
        <testcase name="test_updated_atがnullの場合の処理" file="/Users/ryu/trends-laravel/tests/Unit/Resources/ArticleResourceTest.php" line="133" class="Tests\Unit\Resources\ArticleResourceTest" classname="Tests.Unit.Resources.ArticleResourceTest" assertions="1" time="0.007234"/>
        <testcase name="test_bookmark_countの型変換が正しく行われる" file="/Users/ryu/trends-laravel/tests/Unit/Resources/ArticleResourceTest.php" line="145" class="Tests\Unit\Resources\ArticleResourceTest" classname="Tests.Unit.Resources.ArticleResourceTest" assertions="2" time="0.013405"/>
        <testcase name="test_likes_countの型変換が正しく行われる" file="/Users/ryu/trends-laravel/tests/Unit/Resources/ArticleResourceTest.php" line="158" class="Tests\Unit\Resources\ArticleResourceTest" classname="Tests.Unit.Resources.ArticleResourceTest" assertions="2" time="0.007854"/>
        <testcase name="test_プラットフォーム情報がnullの場合の処理" file="/Users/ryu/trends-laravel/tests/Unit/Resources/ArticleResourceTest.php" line="171" class="Tests\Unit\Resources\ArticleResourceTest" classname="Tests.Unit.Resources.ArticleResourceTest" assertions="5" time="0.007518"/>
        <testcase name="test_企業情報がnullの場合の処理" file="/Users/ryu/trends-laravel/tests/Unit/Resources/ArticleResourceTest.php" line="189" class="Tests\Unit\Resources\ArticleResourceTest" classname="Tests.Unit.Resources.ArticleResourceTest" assertions="2" time="0.007355"/>
        <testcase name="test_リソースのフィールド完全性チェック" file="/Users/ryu/trends-laravel/tests/Unit/Resources/ArticleResourceTest.php" line="204" class="Tests\Unit\Resources\ArticleResourceTest" classname="Tests.Unit.Resources.ArticleResourceTest" assertions="16" time="0.007029"/>
        <testcase name="test_関連データが全てロードされている場合の処理" file="/Users/ryu/trends-laravel/tests/Unit/Resources/ArticleResourceTest.php" line="234" class="Tests\Unit\Resources\ArticleResourceTest" classname="Tests.Unit.Resources.ArticleResourceTest" assertions="10" time="0.007373"/>
        <testcase name="test_match_scoreが設定されている場合の処理" file="/Users/ryu/trends-laravel/tests/Unit/Resources/ArticleResourceTest.php" line="256" class="Tests\Unit\Resources\ArticleResourceTest" classname="Tests.Unit.Resources.ArticleResourceTest" assertions="1" time="0.007027"/>
        <testcase name="test_数値フィールドの境界値テスト" file="/Users/ryu/trends-laravel/tests/Unit/Resources/ArticleResourceTest.php" line="268" class="Tests\Unit\Resources\ArticleResourceTest" classname="Tests.Unit.Resources.ArticleResourceTest" assertions="4" time="0.007378"/>
        <testcase name="test_日付フィールドのフォーマットが正しい" file="/Users/ryu/trends-laravel/tests/Unit/Resources/ArticleResourceTest.php" line="284" class="Tests\Unit\Resources\ArticleResourceTest" classname="Tests.Unit.Resources.ArticleResourceTest" assertions="4" time="0.007402"/>
        <testcase name="test_大量データでのパフォーマンス" file="/Users/ryu/trends-laravel/tests/Unit/Resources/ArticleResourceTest.php" line="304" class="Tests\Unit\Resources\ArticleResourceTest" classname="Tests.Unit.Resources.ArticleResourceTest" assertions="1" time="0.052453"/>
      </testsuite>
      <testsuite name="Tests\Unit\Resources\CompanyArticleResourceTest" file="/Users/ryu/trends-laravel/tests/Unit/Resources/CompanyArticleResourceTest.php" tests="12" assertions="55" errors="0" failures="0" skipped="0" time="0.089462">
        <testcase name="test_基本的な記事情報が正しく変換される" file="/Users/ryu/trends-laravel/tests/Unit/Resources/CompanyArticleResourceTest.php" line="17" class="Tests\Unit\Resources\CompanyArticleResourceTest" classname="Tests.Unit.Resources.CompanyArticleResourceTest" assertions="9" time="0.007864"/>
        <testcase name="test_会社情報がロードされている場合に詳細情報が含まれる" file="/Users/ryu/trends-laravel/tests/Unit/Resources/CompanyArticleResourceTest.php" line="48" class="Tests\Unit\Resources\CompanyArticleResourceTest" classname="Tests.Unit.Resources.CompanyArticleResourceTest" assertions="3" time="0.007290"/>
        <testcase name="test_プラットフォーム情報がロードされている場合にリソースが正常に動作する" file="/Users/ryu/trends-laravel/tests/Unit/Resources/CompanyArticleResourceTest.php" line="71" class="Tests\Unit\Resources\CompanyArticleResourceTest" classname="Tests.Unit.Resources.CompanyArticleResourceTest" assertions="3" time="0.007521"/>
        <testcase name="test_プラットフォーム詳細情報が正しく含まれる" file="/Users/ryu/trends-laravel/tests/Unit/Resources/CompanyArticleResourceTest.php" line="94" class="Tests\Unit\Resources\CompanyArticleResourceTest" classname="Tests.Unit.Resources.CompanyArticleResourceTest" assertions="1" time="0.007512"/>
        <testcase name="test_基本的なリソース変換が動作する" file="/Users/ryu/trends-laravel/tests/Unit/Resources/CompanyArticleResourceTest.php" line="125" class="Tests\Unit\Resources\CompanyArticleResourceTest" classname="Tests.Unit.Resources.CompanyArticleResourceTest" assertions="5" time="0.007454"/>
        <testcase name="test_match_scoreが設定されている場合に含まれる" file="/Users/ryu/trends-laravel/tests/Unit/Resources/CompanyArticleResourceTest.php" line="145" class="Tests\Unit\Resources\CompanyArticleResourceTest" classname="Tests.Unit.Resources.CompanyArticleResourceTest" assertions="1" time="0.007302"/>
        <testcase name="test_リソースの全フィールドが含まれる" file="/Users/ryu/trends-laravel/tests/Unit/Resources/CompanyArticleResourceTest.php" line="163" class="Tests\Unit\Resources\CompanyArticleResourceTest" classname="Tests.Unit.Resources.CompanyArticleResourceTest" assertions="12" time="0.007317"/>
        <testcase name="test_日付フィールドが正しく含まれる" file="/Users/ryu/trends-laravel/tests/Unit/Resources/CompanyArticleResourceTest.php" line="187" class="Tests\Unit\Resources\CompanyArticleResourceTest" classname="Tests.Unit.Resources.CompanyArticleResourceTest" assertions="4" time="0.007415"/>
        <testcase name="test_プラットフォーム詳細の条件分岐テスト" file="/Users/ryu/trends-laravel/tests/Unit/Resources/CompanyArticleResourceTest.php" line="208" class="Tests\Unit\Resources\CompanyArticleResourceTest" classname="Tests.Unit.Resources.CompanyArticleResourceTest" assertions="2" time="0.007525"/>
        <testcase name="test_company詳細のwhen_loadedコールバック実行テスト" file="/Users/ryu/trends-laravel/tests/Unit/Resources/CompanyArticleResourceTest.php" line="246" class="Tests\Unit\Resources\CompanyArticleResourceTest" classname="Tests.Unit.Resources.CompanyArticleResourceTest" assertions="4" time="0.007588"/>
        <testcase name="test_match_scoreが設定されていない場合は_missing_valueが返される" file="/Users/ryu/trends-laravel/tests/Unit/Resources/CompanyArticleResourceTest.php" line="273" class="Tests\Unit\Resources\CompanyArticleResourceTest" classname="Tests.Unit.Resources.CompanyArticleResourceTest" assertions="1" time="0.007322"/>
        <testcase name="test_platform_detailsの条件満たして詳細情報を完全にカバー" file="/Users/ryu/trends-laravel/tests/Unit/Resources/CompanyArticleResourceTest.php" line="295" class="Tests\Unit\Resources\CompanyArticleResourceTest" classname="Tests.Unit.Resources.CompanyArticleResourceTest" assertions="10" time="0.007351"/>
      </testsuite>
      <testsuite name="Tests\Unit\Resources\CompanyRankingCollectionTest" file="/Users/ryu/trends-laravel/tests/Unit/Resources/CompanyRankingCollectionTest.php" tests="13" assertions="67" errors="0" failures="0" skipped="0" time="0.094752">
        <testcase name="test_基本コレクション構造の確認" file="/Users/ryu/trends-laravel/tests/Unit/Resources/CompanyRankingCollectionTest.php" line="26" class="Tests\Unit\Resources\CompanyRankingCollectionTest" classname="Tests.Unit.Resources.CompanyRankingCollectionTest" assertions="6" time="0.009225"/>
        <testcase name="test_複数ランキングアイテムの変換" file="/Users/ryu/trends-laravel/tests/Unit/Resources/CompanyRankingCollectionTest.php" line="54" class="Tests\Unit\Resources\CompanyRankingCollectionTest" classname="Tests.Unit.Resources.CompanyRankingCollectionTest" assertions="12" time="0.009880"/>
        <testcase name="test_メタデータの適切な設定" file="/Users/ryu/trends-laravel/tests/Unit/Resources/CompanyRankingCollectionTest.php" line="84" class="Tests\Unit\Resources\CompanyRankingCollectionTest" classname="Tests.Unit.Resources.CompanyRankingCollectionTest" assertions="4" time="0.012113"/>
        <testcase name="test_空のコレクション処理" file="/Users/ryu/trends-laravel/tests/Unit/Resources/CompanyRankingCollectionTest.php" line="105" class="Tests\Unit\Resources\CompanyRankingCollectionTest" classname="Tests.Unit.Resources.CompanyRankingCollectionTest" assertions="5" time="0.005914"/>
        <testcase name="test_単一アイテムでの処理" file="/Users/ryu/trends-laravel/tests/Unit/Resources/CompanyRankingCollectionTest.php" line="118" class="Tests\Unit\Resources\CompanyRankingCollectionTest" classname="Tests.Unit.Resources.CompanyRankingCollectionTest" assertions="4" time="0.007312"/>
        <testcase name="test_std_classオブジェクトのコレクション処理" file="/Users/ryu/trends-laravel/tests/Unit/Resources/CompanyRankingCollectionTest.php" line="138" class="Tests\Unit\Resources\CompanyRankingCollectionTest" classname="Tests.Unit.Resources.CompanyRankingCollectionTest" assertions="8" time="0.006235"/>
        <testcase name="test_大量データでのパフォーマンス" file="/Users/ryu/trends-laravel/tests/Unit/Resources/CompanyRankingCollectionTest.php" line="174" class="Tests\Unit\Resources\CompanyRankingCollectionTest" classname="Tests.Unit.Resources.CompanyRankingCollectionTest" assertions="3" time="0.006043"/>
        <testcase name="test_レスポンス構造の完全性" file="/Users/ryu/trends-laravel/tests/Unit/Resources/CompanyRankingCollectionTest.php" line="210" class="Tests\Unit\Resources\CompanyRankingCollectionTest" classname="Tests.Unit.Resources.CompanyRankingCollectionTest" assertions="3" time="0.006675"/>
        <testcase name="test_コレクションの順序保持" file="/Users/ryu/trends-laravel/tests/Unit/Resources/CompanyRankingCollectionTest.php" line="229" class="Tests\Unit\Resources\CompanyRankingCollectionTest" classname="Tests.Unit.Resources.CompanyRankingCollectionTest" assertions="5" time="0.005808"/>
        <testcase name="test_nullデータを含むコレクション処理" file="/Users/ryu/trends-laravel/tests/Unit/Resources/CompanyRankingCollectionTest.php" line="261" class="Tests\Unit\Resources\CompanyRankingCollectionTest" classname="Tests.Unit.Resources.CompanyRankingCollectionTest" assertions="4" time="0.005747"/>
        <testcase name="test_混合データ型の処理" file="/Users/ryu/trends-laravel/tests/Unit/Resources/CompanyRankingCollectionTest.php" line="307" class="Tests\Unit\Resources\CompanyRankingCollectionTest" classname="Tests.Unit.Resources.CompanyRankingCollectionTest" assertions="6" time="0.006795"/>
        <testcase name="test_メタデータカウントの正確性" file="/Users/ryu/trends-laravel/tests/Unit/Resources/CompanyRankingCollectionTest.php" line="343" class="Tests\Unit\Resources\CompanyRankingCollectionTest" classname="Tests.Unit.Resources.CompanyRankingCollectionTest" assertions="5" time="0.005959"/>
        <testcase name="test_コレクション変換の不変性" file="/Users/ryu/trends-laravel/tests/Unit/Resources/CompanyRankingCollectionTest.php" line="364" class="Tests\Unit\Resources\CompanyRankingCollectionTest" classname="Tests.Unit.Resources.CompanyRankingCollectionTest" assertions="2" time="0.007045"/>
      </testsuite>
      <testsuite name="Tests\Unit\Resources\CompanyRankingResourceTest" file="/Users/ryu/trends-laravel/tests/Unit/Resources/CompanyRankingResourceTest.php" tests="11" assertions="101" errors="0" failures="0" skipped="0" time="0.070913">
        <testcase name="test_基本的なランキング情報が正しく変換される" file="/Users/ryu/trends-laravel/tests/Unit/Resources/CompanyRankingResourceTest.php" line="25" class="Tests\Unit\Resources\CompanyRankingResourceTest" classname="Tests.Unit.Resources.CompanyRankingResourceTest" assertions="14" time="0.012901"/>
        <testcase name="test_std_classオブジェクトからの変換が正しく行われる" file="/Users/ryu/trends-laravel/tests/Unit/Resources/CompanyRankingResourceTest.php" line="62" class="Tests\Unit\Resources\CompanyRankingResourceTest" classname="Tests.Unit.Resources.CompanyRankingResourceTest" assertions="14" time="0.006204"/>
        <testcase name="test_null値のフィールドが適切に処理される" file="/Users/ryu/trends-laravel/tests/Unit/Resources/CompanyRankingResourceTest.php" line="98" class="Tests\Unit\Resources\CompanyRankingResourceTest" classname="Tests.Unit.Resources.CompanyRankingResourceTest" assertions="14" time="0.005840"/>
        <testcase name="test_rank_changeがnullの場合はnullを返す" file="/Users/ryu/trends-laravel/tests/Unit/Resources/CompanyRankingResourceTest.php" line="134" class="Tests\Unit\Resources\CompanyRankingResourceTest" classname="Tests.Unit.Resources.CompanyRankingResourceTest" assertions="1" time="0.005746"/>
        <testcase name="test_total_scoreの浮動小数点変換が正しく行われる" file="/Users/ryu/trends-laravel/tests/Unit/Resources/CompanyRankingResourceTest.php" line="157" class="Tests\Unit\Resources\CompanyRankingResourceTest" classname="Tests.Unit.Resources.CompanyRankingResourceTest" assertions="14" time="0.005737"/>
        <testcase name="test_プロパティが存在しない場合のnull処理" file="/Users/ryu/trends-laravel/tests/Unit/Resources/CompanyRankingResourceTest.php" line="193" class="Tests\Unit\Resources\CompanyRankingResourceTest" classname="Tests.Unit.Resources.CompanyRankingResourceTest" assertions="6" time="0.005756"/>
        <testcase name="test_期間情報の正しいフォーマット" file="/Users/ryu/trends-laravel/tests/Unit/Resources/CompanyRankingResourceTest.php" line="215" class="Tests\Unit\Resources\CompanyRankingResourceTest" classname="Tests.Unit.Resources.CompanyRankingResourceTest" assertions="5" time="0.005744"/>
        <testcase name="test_数値データの型変換正確性" file="/Users/ryu/trends-laravel/tests/Unit/Resources/CompanyRankingResourceTest.php" line="242" class="Tests\Unit\Resources\CompanyRankingResourceTest" classname="Tests.Unit.Resources.CompanyRankingResourceTest" assertions="2" time="0.005754"/>
        <testcase name="test_レスポンス構造の完全性" file="/Users/ryu/trends-laravel/tests/Unit/Resources/CompanyRankingResourceTest.php" line="266" class="Tests\Unit\Resources\CompanyRankingResourceTest" classname="Tests.Unit.Resources.CompanyRankingResourceTest" assertions="15" time="0.005767"/>
        <testcase name="test_企業情報の埋め込み構造の整合性" file="/Users/ryu/trends-laravel/tests/Unit/Resources/CompanyRankingResourceTest.php" line="323" class="Tests\Unit\Resources\CompanyRankingResourceTest" classname="Tests.Unit.Resources.CompanyRankingResourceTest" assertions="5" time="0.005761"/>
        <testcase name="test_エラー耐性_不正なデータ型の処理" file="/Users/ryu/trends-laravel/tests/Unit/Resources/CompanyRankingResourceTest.php" line="350" class="Tests\Unit\Resources\CompanyRankingResourceTest" classname="Tests.Unit.Resources.CompanyRankingResourceTest" assertions="11" time="0.005703"/>
      </testsuite>
      <testsuite name="Tests\Unit\Resources\CompanyResourceTest" file="/Users/ryu/trends-laravel/tests/Unit/Resources/CompanyResourceTest.php" tests="17" assertions="72" errors="0" failures="0" skipped="0" time="0.111505">
        <testcase name="test_基本的な企業情報が正しく変換される" file="/Users/ryu/trends-laravel/tests/Unit/Resources/CompanyResourceTest.php" line="27" class="Tests\Unit\Resources\CompanyResourceTest" classname="Tests.Unit.Resources.CompanyResourceTest" assertions="9" time="0.006447"/>
        <testcase name="test_ランキング情報がない場合は空の配列が返される" file="/Users/ryu/trends-laravel/tests/Unit/Resources/CompanyResourceTest.php" line="43" class="Tests\Unit\Resources\CompanyResourceTest" classname="Tests.Unit.Resources.CompanyResourceTest" assertions="4" time="0.006242"/>
        <testcase name="test_記事情報がロードされていない場合の処理" file="/Users/ryu/trends-laravel/tests/Unit/Resources/CompanyResourceTest.php" line="54" class="Tests\Unit\Resources\CompanyResourceTest" classname="Tests.Unit.Resources.CompanyResourceTest" assertions="2" time="0.006283"/>
        <testcase name="test_記事情報がロードされている場合の処理" file="/Users/ryu/trends-laravel/tests/Unit/Resources/CompanyResourceTest.php" line="63" class="Tests\Unit\Resources\CompanyResourceTest" classname="Tests.Unit.Resources.CompanyResourceTest" assertions="2" time="0.008610"/>
        <testcase name="test_match_scoreが設定されている場合に含まれる" file="/Users/ryu/trends-laravel/tests/Unit/Resources/CompanyResourceTest.php" line="75" class="Tests\Unit\Resources\CompanyResourceTest" classname="Tests.Unit.Resources.CompanyResourceTest" assertions="2" time="0.006328"/>
        <testcase name="test_match_scoreが設定されていない場合は含まれない" file="/Users/ryu/trends-laravel/tests/Unit/Resources/CompanyResourceTest.php" line="85" class="Tests\Unit\Resources\CompanyResourceTest" classname="Tests.Unit.Resources.CompanyResourceTest" assertions="2" time="0.006265"/>
        <testcase name="test_コンストラクタでcurrent_rankingsが設定される" file="/Users/ryu/trends-laravel/tests/Unit/Resources/CompanyResourceTest.php" line="94" class="Tests\Unit\Resources\CompanyResourceTest" classname="Tests.Unit.Resources.CompanyResourceTest" assertions="4" time="0.006266"/>
        <testcase name="test_format_current_rankings_正常なランキングデータの変換" file="/Users/ryu/trends-laravel/tests/Unit/Resources/CompanyResourceTest.php" line="113" class="Tests\Unit\Resources\CompanyResourceTest" classname="Tests.Unit.Resources.CompanyResourceTest" assertions="7" time="0.006247"/>
        <testcase name="test_format_current_rankings_nullランキングの処理" file="/Users/ryu/trends-laravel/tests/Unit/Resources/CompanyResourceTest.php" line="150" class="Tests\Unit\Resources\CompanyResourceTest" classname="Tests.Unit.Resources.CompanyResourceTest" assertions="2" time="0.006203"/>
        <testcase name="test_format_current_rankings_非オブジェクトランキングの処理" file="/Users/ryu/trends-laravel/tests/Unit/Resources/CompanyResourceTest.php" line="170" class="Tests\Unit\Resources\CompanyResourceTest" classname="Tests.Unit.Resources.CompanyResourceTest" assertions="2" time="0.006291"/>
        <testcase name="test_format_current_rankings_配列でないランキングの処理" file="/Users/ryu/trends-laravel/tests/Unit/Resources/CompanyResourceTest.php" line="191" class="Tests\Unit\Resources\CompanyResourceTest" classname="Tests.Unit.Resources.CompanyResourceTest" assertions="2" time="0.006342"/>
        <testcase name="test_format_ranking_history_正常なランキング履歴の変換" file="/Users/ryu/trends-laravel/tests/Unit/Resources/CompanyResourceTest.php" line="202" class="Tests\Unit\Resources\CompanyResourceTest" classname="Tests.Unit.Resources.CompanyResourceTest" assertions="9" time="0.006990"/>
        <testcase name="test_format_ranking_history_calculated_atがnullの場合の処理" file="/Users/ryu/trends-laravel/tests/Unit/Resources/CompanyResourceTest.php" line="234" class="Tests\Unit\Resources\CompanyResourceTest" classname="Tests.Unit.Resources.CompanyResourceTest" assertions="4" time="0.006505"/>
        <testcase name="test_format_ranking_history_空のランキング配列の処理" file="/Users/ryu/trends-laravel/tests/Unit/Resources/CompanyResourceTest.php" line="255" class="Tests\Unit\Resources\CompanyResourceTest" classname="Tests.Unit.Resources.CompanyResourceTest" assertions="2" time="0.006423"/>
        <testcase name="test_リソースのフィールド完全性チェック" file="/Users/ryu/trends-laravel/tests/Unit/Resources/CompanyResourceTest.php" line="266" class="Tests\Unit\Resources\CompanyResourceTest" classname="Tests.Unit.Resources.CompanyResourceTest" assertions="12" time="0.006196"/>
        <testcase name="test_スコア値の型変換が正しく行われる" file="/Users/ryu/trends-laravel/tests/Unit/Resources/CompanyResourceTest.php" line="291" class="Tests\Unit\Resources\CompanyResourceTest" classname="Tests.Unit.Resources.CompanyResourceTest" assertions="4" time="0.006232"/>
        <testcase name="test_大量ランキングデータでのパフォーマンス" file="/Users/ryu/trends-laravel/tests/Unit/Resources/CompanyResourceTest.php" line="313" class="Tests\Unit\Resources\CompanyResourceTest" classname="Tests.Unit.Resources.CompanyResourceTest" assertions="3" time="0.007634"/>
      </testsuite>
      <testsuite name="Tests\Unit\SearchControllerTest" file="/Users/ryu/trends-laravel/tests/Unit/SearchControllerTest.php" tests="57" assertions="152" errors="0" failures="0" skipped="0" time="0.453448">
        <testcase name="test_search_companies_正常なリクエストで企業検索が実行される" file="/Users/ryu/trends-laravel/tests/Unit/SearchControllerTest.php" line="37" class="Tests\Unit\SearchControllerTest" classname="Tests.Unit.SearchControllerTest" assertions="9" time="0.026275"/>
        <testcase name="test_search_companies_デフォルトリミットで動作する" file="/Users/ryu/trends-laravel/tests/Unit/SearchControllerTest.php" line="67" class="Tests\Unit\SearchControllerTest" classname="Tests.Unit.SearchControllerTest" assertions="2" time="0.008277"/>
        <testcase name="test_search_companies_空のクエリでバリデーションエラーが返される" file="/Users/ryu/trends-laravel/tests/Unit/SearchControllerTest.php" line="86" class="Tests\Unit\SearchControllerTest" classname="Tests.Unit.SearchControllerTest" assertions="4" time="0.006430"/>
        <testcase name="test_search_companies_長すぎるクエリでバリデーションエラーが返される" file="/Users/ryu/trends-laravel/tests/Unit/SearchControllerTest.php" line="102" class="Tests\Unit\SearchControllerTest" classname="Tests.Unit.SearchControllerTest" assertions="3" time="0.006384"/>
        <testcase name="test_search_companies_無効なリミットでバリデーションエラーが返される" file="/Users/ryu/trends-laravel/tests/Unit/SearchControllerTest.php" line="117" class="Tests\Unit\SearchControllerTest" classname="Tests.Unit.SearchControllerTest" assertions="3" time="0.006358"/>
        <testcase name="test_search_companies_最大リミットを超えるとバリデーションエラーが返される" file="/Users/ryu/trends-laravel/tests/Unit/SearchControllerTest.php" line="133" class="Tests\Unit\SearchControllerTest" classname="Tests.Unit.SearchControllerTest" assertions="3" time="0.006445"/>
        <testcase name="test_search_companies_非アクティブな企業は検索されない" file="/Users/ryu/trends-laravel/tests/Unit/SearchControllerTest.php" line="149" class="Tests\Unit\SearchControllerTest" classname="Tests.Unit.SearchControllerTest" assertions="2" time="0.007034"/>
        <testcase name="test_search_companies_企業名でマッチする" file="/Users/ryu/trends-laravel/tests/Unit/SearchControllerTest.php" line="168" class="Tests\Unit\SearchControllerTest" classname="Tests.Unit.SearchControllerTest" assertions="2" time="0.007564"/>
        <testcase name="test_search_companies_ドメインでマッチする" file="/Users/ryu/trends-laravel/tests/Unit/SearchControllerTest.php" line="189" class="Tests\Unit\SearchControllerTest" classname="Tests.Unit.SearchControllerTest" assertions="2" time="0.008668"/>
        <testcase name="test_search_companies_説明文でマッチする" file="/Users/ryu/trends-laravel/tests/Unit/SearchControllerTest.php" line="210" class="Tests\Unit\SearchControllerTest" classname="Tests.Unit.SearchControllerTest" assertions="2" time="0.008055"/>
        <testcase name="test_search_companies_結果が見つからない場合" file="/Users/ryu/trends-laravel/tests/Unit/SearchControllerTest.php" line="231" class="Tests\Unit\SearchControllerTest" classname="Tests.Unit.SearchControllerTest" assertions="2" time="0.006984"/>
        <testcase name="test_search_companies_キャッシュが動作する" file="/Users/ryu/trends-laravel/tests/Unit/SearchControllerTest.php" line="252" class="Tests\Unit\SearchControllerTest" classname="Tests.Unit.SearchControllerTest" assertions="3" time="0.007744"/>
        <testcase name="test_search_articles_正常なリクエストで記事検索が実行される" file="/Users/ryu/trends-laravel/tests/Unit/SearchControllerTest.php" line="284" class="Tests\Unit\SearchControllerTest" classname="Tests.Unit.SearchControllerTest" assertions="9" time="0.008755"/>
        <testcase name="test_search_articles_デフォルトパラメータで動作する" file="/Users/ryu/trends-laravel/tests/Unit/SearchControllerTest.php" line="320" class="Tests\Unit\SearchControllerTest" classname="Tests.Unit.SearchControllerTest" assertions="3" time="0.008523"/>
        <testcase name="test_search_articles_空のクエリでバリデーションエラーが返される" file="/Users/ryu/trends-laravel/tests/Unit/SearchControllerTest.php" line="344" class="Tests\Unit\SearchControllerTest" classname="Tests.Unit.SearchControllerTest" assertions="4" time="0.006523"/>
        <testcase name="test_search_articles_無効な日数でバリデーションエラーが返される" file="/Users/ryu/trends-laravel/tests/Unit/SearchControllerTest.php" line="360" class="Tests\Unit\SearchControllerTest" classname="Tests.Unit.SearchControllerTest" assertions="3" time="0.006397"/>
        <testcase name="test_search_articles_最大日数を超えるとバリデーションエラーが返される" file="/Users/ryu/trends-laravel/tests/Unit/SearchControllerTest.php" line="376" class="Tests\Unit\SearchControllerTest" classname="Tests.Unit.SearchControllerTest" assertions="3" time="0.006413"/>
        <testcase name="test_search_articles_無効なmin_bookmarksでバリデーションエラーが返される" file="/Users/ryu/trends-laravel/tests/Unit/SearchControllerTest.php" line="392" class="Tests\Unit\SearchControllerTest" classname="Tests.Unit.SearchControllerTest" assertions="3" time="0.006466"/>
        <testcase name="test_search_articles_タイトルでマッチする" file="/Users/ryu/trends-laravel/tests/Unit/SearchControllerTest.php" line="408" class="Tests\Unit\SearchControllerTest" classname="Tests.Unit.SearchControllerTest" assertions="2" time="0.008443"/>
        <testcase name="test_search_articles_著者名でマッチする" file="/Users/ryu/trends-laravel/tests/Unit/SearchControllerTest.php" line="432" class="Tests\Unit\SearchControllerTest" classname="Tests.Unit.SearchControllerTest" assertions="2" time="0.008515"/>
        <testcase name="test_search_articles_最小ブックマーク数フィルタが動作する" file="/Users/ryu/trends-laravel/tests/Unit/SearchControllerTest.php" line="456" class="Tests\Unit\SearchControllerTest" classname="Tests.Unit.SearchControllerTest" assertions="2" time="0.009122"/>
        <testcase name="test_search_articles_日数フィルタが動作する" file="/Users/ryu/trends-laravel/tests/Unit/SearchControllerTest.php" line="492" class="Tests\Unit\SearchControllerTest" classname="Tests.Unit.SearchControllerTest" assertions="2" time="0.009329"/>
        <testcase name="test_search_articles_結果が見つからない場合" file="/Users/ryu/trends-laravel/tests/Unit/SearchControllerTest.php" line="526" class="Tests\Unit\SearchControllerTest" classname="Tests.Unit.SearchControllerTest" assertions="2" time="0.015327"/>
        <testcase name="test_search_統合検索が正常に実行される" file="/Users/ryu/trends-laravel/tests/Unit/SearchControllerTest.php" line="554" class="Tests\Unit\SearchControllerTest" classname="Tests.Unit.SearchControllerTest" assertions="7" time="0.010388"/>
        <testcase name="test_search_デフォルトタイプで動作する" file="/Users/ryu/trends-laravel/tests/Unit/SearchControllerTest.php" line="587" class="Tests\Unit\SearchControllerTest" classname="Tests.Unit.SearchControllerTest" assertions="2" time="0.008098"/>
        <testcase name="test_search_企業のみ検索が実行される" file="/Users/ryu/trends-laravel/tests/Unit/SearchControllerTest.php" line="606" class="Tests\Unit\SearchControllerTest" classname="Tests.Unit.SearchControllerTest" assertions="4" time="0.007535"/>
        <testcase name="test_search_記事のみ検索が実行される" file="/Users/ryu/trends-laravel/tests/Unit/SearchControllerTest.php" line="628" class="Tests\Unit\SearchControllerTest" classname="Tests.Unit.SearchControllerTest" assertions="4" time="0.008482"/>
        <testcase name="test_search_空のクエリでバリデーションエラーが返される" file="/Users/ryu/trends-laravel/tests/Unit/SearchControllerTest.php" line="654" class="Tests\Unit\SearchControllerTest" classname="Tests.Unit.SearchControllerTest" assertions="4" time="0.006430"/>
        <testcase name="test_search_無効なタイプでバリデーションエラーが返される" file="/Users/ryu/trends-laravel/tests/Unit/SearchControllerTest.php" line="670" class="Tests\Unit\SearchControllerTest" classname="Tests.Unit.SearchControllerTest" assertions="3" time="0.006448"/>
        <testcase name="test_search_総結果数の計算が正しい" file="/Users/ryu/trends-laravel/tests/Unit/SearchControllerTest.php" line="686" class="Tests\Unit\SearchControllerTest" classname="Tests.Unit.SearchControllerTest" assertions="2" time="0.009229"/>
        <testcase name="test_search_結果が見つからない場合" file="/Users/ryu/trends-laravel/tests/Unit/SearchControllerTest.php" line="713" class="Tests\Unit\SearchControllerTest" classname="Tests.Unit.SearchControllerTest" assertions="2" time="0.006991"/>
        <testcase name="test_calculate_relevance_score_企業名完全一致で最高スコアが返される" file="/Users/ryu/trends-laravel/tests/Unit/SearchControllerTest.php" line="732" class="Tests\Unit\SearchControllerTest" classname="Tests.Unit.SearchControllerTest" assertions="2" time="0.006556"/>
        <testcase name="test_calculate_relevance_score_企業名部分一致でスコアが返される" file="/Users/ryu/trends-laravel/tests/Unit/SearchControllerTest.php" line="750" class="Tests\Unit\SearchControllerTest" classname="Tests.Unit.SearchControllerTest" assertions="2" time="0.006368"/>
        <testcase name="test_calculate_relevance_score_ドメイン一致でスコアが加算される" file="/Users/ryu/trends-laravel/tests/Unit/SearchControllerTest.php" line="768" class="Tests\Unit\SearchControllerTest" classname="Tests.Unit.SearchControllerTest" assertions="2" time="0.006418"/>
        <testcase name="test_calculate_relevance_score_説明文一致でスコアが加算される" file="/Users/ryu/trends-laravel/tests/Unit/SearchControllerTest.php" line="786" class="Tests\Unit\SearchControllerTest" classname="Tests.Unit.SearchControllerTest" assertions="2" time="0.006385"/>
        <testcase name="test_calculate_relevance_score_ランキングありでボーナススコアが加算される" file="/Users/ryu/trends-laravel/tests/Unit/SearchControllerTest.php" line="804" class="Tests\Unit\SearchControllerTest" classname="Tests.Unit.SearchControllerTest" assertions="1" time="0.006847"/>
        <testcase name="test_calculate_relevance_score_nullドメインでもエラーにならない" file="/Users/ryu/trends-laravel/tests/Unit/SearchControllerTest.php" line="832" class="Tests\Unit\SearchControllerTest" classname="Tests.Unit.SearchControllerTest" assertions="3" time="0.006420"/>
        <testcase name="test_calculate_relevance_score_null説明文でもエラーにならない" file="/Users/ryu/trends-laravel/tests/Unit/SearchControllerTest.php" line="854" class="Tests\Unit\SearchControllerTest" classname="Tests.Unit.SearchControllerTest" assertions="3" time="0.006377"/>
        <testcase name="test_calculate_relevance_score_ランキングなしでもエラーにならない" file="/Users/ryu/trends-laravel/tests/Unit/SearchControllerTest.php" line="876" class="Tests\Unit\SearchControllerTest" classname="Tests.Unit.SearchControllerTest" assertions="3" time="0.006508"/>
        <testcase name="test_calculate_relevance_score_複数の要素で高スコアが返される" file="/Users/ryu/trends-laravel/tests/Unit/SearchControllerTest.php" line="895" class="Tests\Unit\SearchControllerTest" classname="Tests.Unit.SearchControllerTest" assertions="2" time="0.007055"/>
        <testcase name="test_calculate_relevance_score_大文字小文字を区別しない" file="/Users/ryu/trends-laravel/tests/Unit/SearchControllerTest.php" line="917" class="Tests\Unit\SearchControllerTest" classname="Tests.Unit.SearchControllerTest" assertions="2" time="0.006667"/>
        <testcase name="test_calculate_article_relevance_score_タイトル一致でスコアが返される" file="/Users/ryu/trends-laravel/tests/Unit/SearchControllerTest.php" line="942" class="Tests\Unit\SearchControllerTest" classname="Tests.Unit.SearchControllerTest" assertions="2" time="0.007487"/>
        <testcase name="test_calculate_article_relevance_score_著者名一致でスコアが返される" file="/Users/ryu/trends-laravel/tests/Unit/SearchControllerTest.php" line="961" class="Tests\Unit\SearchControllerTest" classname="Tests.Unit.SearchControllerTest" assertions="2" time="0.007176"/>
        <testcase name="test_calculate_article_relevance_score_高ブックマーク数でスコアが加算される" file="/Users/ryu/trends-laravel/tests/Unit/SearchControllerTest.php" line="980" class="Tests\Unit\SearchControllerTest" classname="Tests.Unit.SearchControllerTest" assertions="2" time="0.007349"/>
        <testcase name="test_calculate_article_relevance_score_中ブックマーク数でスコアが加算される" file="/Users/ryu/trends-laravel/tests/Unit/SearchControllerTest.php" line="1001" class="Tests\Unit\SearchControllerTest" classname="Tests.Unit.SearchControllerTest" assertions="2" time="0.007738"/>
        <testcase name="test_calculate_article_relevance_score_低ブックマーク数でスコアが加算される" file="/Users/ryu/trends-laravel/tests/Unit/SearchControllerTest.php" line="1022" class="Tests\Unit\SearchControllerTest" classname="Tests.Unit.SearchControllerTest" assertions="2" time="0.007689"/>
        <testcase name="test_calculate_article_relevance_score_最近の記事でボーナススコアが加算される" file="/Users/ryu/trends-laravel/tests/Unit/SearchControllerTest.php" line="1043" class="Tests\Unit\SearchControllerTest" classname="Tests.Unit.SearchControllerTest" assertions="2" time="0.007203"/>
        <testcase name="test_calculate_article_relevance_score_やや最近の記事でボーナススコアが加算される" file="/Users/ryu/trends-laravel/tests/Unit/SearchControllerTest.php" line="1064" class="Tests\Unit\SearchControllerTest" classname="Tests.Unit.SearchControllerTest" assertions="2" time="0.007178"/>
        <testcase name="test_calculate_article_relevance_score_古い記事でペナルティスコアが適用される" file="/Users/ryu/trends-laravel/tests/Unit/SearchControllerTest.php" line="1085" class="Tests\Unit\SearchControllerTest" classname="Tests.Unit.SearchControllerTest" assertions="1" time="0.007149"/>
        <testcase name="test_calculate_article_relevance_score_null著者名でもエラーにならない" file="/Users/ryu/trends-laravel/tests/Unit/SearchControllerTest.php" line="1106" class="Tests\Unit\SearchControllerTest" classname="Tests.Unit.SearchControllerTest" assertions="3" time="0.007165"/>
        <testcase name="test_calculate_article_relevance_score_新しい記事ほど高スコアが返される" file="/Users/ryu/trends-laravel/tests/Unit/SearchControllerTest.php" line="1129" class="Tests\Unit\SearchControllerTest" classname="Tests.Unit.SearchControllerTest" assertions="1" time="0.008347"/>
        <testcase name="test_calculate_article_relevance_score_ブックマーク数が多いほど高スコアが返される" file="/Users/ryu/trends-laravel/tests/Unit/SearchControllerTest.php" line="1154" class="Tests\Unit\SearchControllerTest" classname="Tests.Unit.SearchControllerTest" assertions="1" time="0.008285"/>
        <testcase name="test_calculate_article_relevance_score_大文字小文字を区別しない" file="/Users/ryu/trends-laravel/tests/Unit/SearchControllerTest.php" line="1179" class="Tests\Unit\SearchControllerTest" classname="Tests.Unit.SearchControllerTest" assertions="2" time="0.007379"/>
        <testcase name="test_calculate_article_relevance_score_複数の要素で高スコアが返される" file="/Users/ryu/trends-laravel/tests/Unit/SearchControllerTest.php" line="1201" class="Tests\Unit\SearchControllerTest" classname="Tests.Unit.SearchControllerTest" assertions="2" time="0.007421"/>
        <testcase name="test_scoring_constants_境界値でのブックマーク判定" file="/Users/ryu/trends-laravel/tests/Unit/SearchControllerTest.php" line="1229" class="Tests\Unit\SearchControllerTest" classname="Tests.Unit.SearchControllerTest" assertions="2" time="0.009914"/>
        <testcase name="test_scoring_constants_境界値での日付判定" file="/Users/ryu/trends-laravel/tests/Unit/SearchControllerTest.php" line="1263" class="Tests\Unit\SearchControllerTest" classname="Tests.Unit.SearchControllerTest" assertions="2" time="0.009546"/>
        <testcase name="test_search_query_length_max_boundary" file="/Users/ryu/trends-laravel/tests/Unit/SearchControllerTest.php" line="1297" class="Tests\Unit\SearchControllerTest" classname="Tests.Unit.SearchControllerTest" assertions="2" time="0.007193"/>
      </testsuite>
      <testsuite name="Tests\Unit\Services\BaseScraperTest" file="/Users/ryu/trends-laravel/tests/Unit/Services/BaseScraperTest.php" tests="26" assertions="50" errors="0" failures="0" skipped="0" time="4.231543">
        <testcase name="test_コンストラクタで設定値が正しく初期化される" file="/Users/ryu/trends-laravel/tests/Unit/Services/BaseScraperTest.php" line="44" class="Tests\Unit\Services\BaseScraperTest" classname="Tests.Unit.Services.BaseScraperTest" assertions="4" time="0.013040"/>
        <testcase name="test_set_rate_limit_レート制限が正しく設定される" file="/Users/ryu/trends-laravel/tests/Unit/Services/BaseScraperTest.php" line="66" class="Tests\Unit\Services\BaseScraperTest" classname="Tests.Unit.Services.BaseScraperTest" assertions="1" time="0.006887"/>
        <testcase name="test_set_retry_options_リトライ設定が正しく設定される" file="/Users/ryu/trends-laravel/tests/Unit/Services/BaseScraperTest.php" line="78" class="Tests\Unit\Services\BaseScraperTest" classname="Tests.Unit.Services.BaseScraperTest" assertions="2" time="0.005841"/>
        <testcase name="test_set_headers_ヘッダーが正しく設定される" file="/Users/ryu/trends-laravel/tests/Unit/Services/BaseScraperTest.php" line="94" class="Tests\Unit\Services\BaseScraperTest" classname="Tests.Unit.Services.BaseScraperTest" assertions="2" time="0.005788"/>
        <testcase name="test_set_timeout_タイムアウトが正しく設定される" file="/Users/ryu/trends-laravel/tests/Unit/Services/BaseScraperTest.php" line="109" class="Tests\Unit\Services\BaseScraperTest" classname="Tests.Unit.Services.BaseScraperTest" assertions="1" time="0.005773"/>
        <testcase name="test_scrape_成功時に正しいデータを返す" file="/Users/ryu/trends-laravel/tests/Unit/Services/BaseScraperTest.php" line="121" class="Tests\Unit\Services\BaseScraperTest" classname="Tests.Unit.Services.BaseScraperTest" assertions="3" time="0.006326"/>
        <testcase name="test_scrape_失敗時にリトライしてから例外を投げる" file="/Users/ryu/trends-laravel/tests/Unit/Services/BaseScraperTest.php" line="138" class="Tests\Unit\Services\BaseScraperTest" classname="Tests.Unit.Services.BaseScraperTest" assertions="2" time="2.020167"/>
        <testcase name="test_get_last_response_最後のレスポンス情報を返す" file="/Users/ryu/trends-laravel/tests/Unit/Services/BaseScraperTest.php" line="156" class="Tests\Unit\Services\BaseScraperTest" classname="Tests.Unit.Services.BaseScraperTest" assertions="5" time="0.017895"/>
        <testcase name="test_get_last_response_レスポンスがない場合nullを返す" file="/Users/ryu/trends-laravel/tests/Unit/Services/BaseScraperTest.php" line="176" class="Tests\Unit\Services\BaseScraperTest" classname="Tests.Unit.Services.BaseScraperTest" assertions="1" time="0.010237"/>
        <testcase name="test_get_error_log_エラーログを返す" file="/Users/ryu/trends-laravel/tests/Unit/Services/BaseScraperTest.php" line="183" class="Tests\Unit\Services\BaseScraperTest" classname="Tests.Unit.Services.BaseScraperTest" assertions="4" time="2.022701"/>
        <testcase name="test_extract_text_from_element_テキストを正しく抽出する" file="/Users/ryu/trends-laravel/tests/Unit/Services/BaseScraperTest.php" line="207" class="Tests\Unit\Services\BaseScraperTest" classname="Tests.Unit.Services.BaseScraperTest" assertions="1" time="0.013578"/>
        <testcase name="test_extract_text_from_element_長すぎるテキストの場合nullを返す" file="/Users/ryu/trends-laravel/tests/Unit/Services/BaseScraperTest.php" line="223" class="Tests\Unit\Services\BaseScraperTest" classname="Tests.Unit.Services.BaseScraperTest" assertions="1" time="0.010285"/>
        <testcase name="test_extract_link_from_element_リンクを正しく抽出する" file="/Users/ryu/trends-laravel/tests/Unit/Services/BaseScraperTest.php" line="240" class="Tests\Unit\Services\BaseScraperTest" classname="Tests.Unit.Services.BaseScraperTest" assertions="1" time="0.008542"/>
        <testcase name="test_extract_link_from_element_相対_ur_lを正規化する" file="/Users/ryu/trends-laravel/tests/Unit/Services/BaseScraperTest.php" line="256" class="Tests\Unit\Services\BaseScraperTest" classname="Tests.Unit.Services.BaseScraperTest" assertions="1" time="0.007667"/>
        <testcase name="test_extract_number_from_element_数値を正しく抽出する" file="/Users/ryu/trends-laravel/tests/Unit/Services/BaseScraperTest.php" line="273" class="Tests\Unit\Services\BaseScraperTest" classname="Tests.Unit.Services.BaseScraperTest" assertions="1" time="0.007182"/>
        <testcase name="test_extract_number_from_element_テキストから数値を抽出する" file="/Users/ryu/trends-laravel/tests/Unit/Services/BaseScraperTest.php" line="289" class="Tests\Unit\Services\BaseScraperTest" classname="Tests.Unit.Services.BaseScraperTest" assertions="1" time="0.006857"/>
        <testcase name="test_extract_attribute_from_element_属性を正しく抽出する" file="/Users/ryu/trends-laravel/tests/Unit/Services/BaseScraperTest.php" line="305" class="Tests\Unit\Services\BaseScraperTest" classname="Tests.Unit.Services.BaseScraperTest" assertions="1" time="0.006531"/>
        <testcase name="test_extract_text_by_selectors_複数セレクタからテキストを抽出する" file="/Users/ryu/trends-laravel/tests/Unit/Services/BaseScraperTest.php" line="322" class="Tests\Unit\Services\BaseScraperTest" classname="Tests.Unit.Services.BaseScraperTest" assertions="1" time="0.006591"/>
        <testcase name="test_extract_link_by_selectors_複数セレクタからリンクを抽出する" file="/Users/ryu/trends-laravel/tests/Unit/Services/BaseScraperTest.php" line="338" class="Tests\Unit\Services\BaseScraperTest" classname="Tests.Unit.Services.BaseScraperTest" assertions="1" time="0.006368"/>
        <testcase name="test_extract_number_by_selectors_複数セレクタから数値を抽出する" file="/Users/ryu/trends-laravel/tests/Unit/Services/BaseScraperTest.php" line="354" class="Tests\Unit\Services\BaseScraperTest" classname="Tests.Unit.Services.BaseScraperTest" assertions="1" time="0.006177"/>
        <testcase name="test_enforce_rate_limit_レート制限を正しく適用する" file="/Users/ryu/trends-laravel/tests/Unit/Services/BaseScraperTest.php" line="370" class="Tests\Unit\Services\BaseScraperTest" classname="Tests.Unit.Services.BaseScraperTest" assertions="4" time="0.006590"/>
        <testcase name="test_enforce_rate_limit_制限超過時に待機する" file="/Users/ryu/trends-laravel/tests/Unit/Services/BaseScraperTest.php" line="385" class="Tests\Unit\Services\BaseScraperTest" classname="Tests.Unit.Services.BaseScraperTest" assertions="3" time="0.005900"/>
        <testcase name="test_log_success_成功ログを正しく記録する" file="/Users/ryu/trends-laravel/tests/Unit/Services/BaseScraperTest.php" line="400" class="Tests\Unit\Services\BaseScraperTest" classname="Tests.Unit.Services.BaseScraperTest" assertions="0" time="0.006143"/>
        <testcase name="test_log_error_エラーログを正しく記録する" file="/Users/ryu/trends-laravel/tests/Unit/Services/BaseScraperTest.php" line="412" class="Tests\Unit\Services\BaseScraperTest" classname="Tests.Unit.Services.BaseScraperTest" assertions="3" time="0.006198"/>
        <testcase name="test_make_request_htt_pリクエストを正しく実行する" file="/Users/ryu/trends-laravel/tests/Unit/Services/BaseScraperTest.php" line="430" class="Tests\Unit\Services\BaseScraperTest" classname="Tests.Unit.Services.BaseScraperTest" assertions="1" time="0.006162"/>
        <testcase name="test_set_default_headers_デフォルトヘッダーを正しく設定する" file="/Users/ryu/trends-laravel/tests/Unit/Services/BaseScraperTest.php" line="446" class="Tests\Unit\Services\BaseScraperTest" classname="Tests.Unit.Services.BaseScraperTest" assertions="4" time="0.006118"/>
      </testsuite>
      <testsuite name="Tests\Unit\Services\CompanyInfluenceScoreServiceBasicTest" file="/Users/ryu/trends-laravel/tests/Unit/Services/CompanyInfluenceScoreServiceBasicTest.php" tests="11" assertions="19" errors="0" failures="0" skipped="0" time="0.092410">
        <testcase name="test_サービスクラスが正常にインスタンス化されること" file="/Users/ryu/trends-laravel/tests/Unit/Services/CompanyInfluenceScoreServiceBasicTest.php" line="29" class="Tests\Unit\Services\CompanyInfluenceScoreServiceBasicTest" classname="Tests.Unit.Services.CompanyInfluenceScoreServiceBasicTest" assertions="1" time="0.005867"/>
        <testcase name="test_calculate_company_score_基本動作" file="/Users/ryu/trends-laravel/tests/Unit/Services/CompanyInfluenceScoreServiceBasicTest.php" line="37" class="Tests\Unit\Services\CompanyInfluenceScoreServiceBasicTest" classname="Tests.Unit.Services.CompanyInfluenceScoreServiceBasicTest" assertions="3" time="0.007060"/>
        <testcase name="test_calculate_company_score_記事がない場合は0を返すこと" file="/Users/ryu/trends-laravel/tests/Unit/Services/CompanyInfluenceScoreServiceBasicTest.php" line="52" class="Tests\Unit\Services\CompanyInfluenceScoreServiceBasicTest" classname="Tests.Unit.Services.CompanyInfluenceScoreServiceBasicTest" assertions="1" time="0.006813"/>
        <testcase name="test_calculate_all_company_scores_複数企業が処理されること" file="/Users/ryu/trends-laravel/tests/Unit/Services/CompanyInfluenceScoreServiceBasicTest.php" line="66" class="Tests\Unit\Services\CompanyInfluenceScoreServiceBasicTest" classname="Tests.Unit.Services.CompanyInfluenceScoreServiceBasicTest" assertions="2" time="0.008131"/>
        <testcase name="test_期間タイプが正しく処理されること" file="/Users/ryu/trends-laravel/tests/Unit/Services/CompanyInfluenceScoreServiceBasicTest.php" line="94" class="Tests\Unit\Services\CompanyInfluenceScoreServiceBasicTest" classname="Tests.Unit.Services.CompanyInfluenceScoreServiceBasicTest" assertions="3" time="0.007323"/>
        <testcase name="test_日付範囲が正しく処理されること" file="/Users/ryu/trends-laravel/tests/Unit/Services/CompanyInfluenceScoreServiceBasicTest.php" line="111" class="Tests\Unit\Services\CompanyInfluenceScoreServiceBasicTest" classname="Tests.Unit.Services.CompanyInfluenceScoreServiceBasicTest" assertions="1" time="0.006803"/>
        <testcase name="test_save_company_score_データベースに保存されること" file="/Users/ryu/trends-laravel/tests/Unit/Services/CompanyInfluenceScoreServiceBasicTest.php" line="127" class="Tests\Unit\Services\CompanyInfluenceScoreServiceBasicTest" classname="Tests.Unit.Services.CompanyInfluenceScoreServiceBasicTest" assertions="1" time="0.007322"/>
        <testcase name="test_get_top_ranked_companies_ランキングが正しく取得されること" file="/Users/ryu/trends-laravel/tests/Unit/Services/CompanyInfluenceScoreServiceBasicTest.php" line="156" class="Tests\Unit\Services\CompanyInfluenceScoreServiceBasicTest" classname="Tests.Unit.Services.CompanyInfluenceScoreServiceBasicTest" assertions="2" time="0.007579"/>
        <testcase name="test_get_company_score_history_履歴が取得できること" file="/Users/ryu/trends-laravel/tests/Unit/Services/CompanyInfluenceScoreServiceBasicTest.php" line="169" class="Tests\Unit\Services\CompanyInfluenceScoreServiceBasicTest" classname="Tests.Unit.Services.CompanyInfluenceScoreServiceBasicTest" assertions="1" time="0.006667"/>
        <testcase name="test_例外が適切に処理されること" file="/Users/ryu/trends-laravel/tests/Unit/Services/CompanyInfluenceScoreServiceBasicTest.php" line="183" class="Tests\Unit\Services\CompanyInfluenceScoreServiceBasicTest" classname="Tests.Unit.Services.CompanyInfluenceScoreServiceBasicTest" assertions="2" time="0.015910"/>
        <testcase name="test_大量企業でのパフォーマンス" file="/Users/ryu/trends-laravel/tests/Unit/Services/CompanyInfluenceScoreServiceBasicTest.php" line="201" class="Tests\Unit\Services\CompanyInfluenceScoreServiceBasicTest" classname="Tests.Unit.Services.CompanyInfluenceScoreServiceBasicTest" assertions="2" time="0.012935"/>
      </testsuite>
      <testsuite name="Tests\Unit\Services\CompanyInfluenceScoreServiceComprehensiveTest" file="/Users/ryu/trends-laravel/tests/Unit/Services/CompanyInfluenceScoreServiceComprehensiveTest.php" tests="2" assertions="4" errors="0" failures="0" skipped="0" time="0.013202">
        <testcase name="test_スコア計算が正常に動作すること" file="/Users/ryu/trends-laravel/tests/Unit/Services/CompanyInfluenceScoreServiceComprehensiveTest.php" line="28" class="Tests\Unit\Services\CompanyInfluenceScoreServiceComprehensiveTest" classname="Tests.Unit.Services.CompanyInfluenceScoreServiceComprehensiveTest" assertions="3" time="0.007228"/>
        <testcase name="test_その他のテストをスキップ" file="/Users/ryu/trends-laravel/tests/Unit/Services/CompanyInfluenceScoreServiceComprehensiveTest.php" line="43" class="Tests\Unit\Services\CompanyInfluenceScoreServiceComprehensiveTest" classname="Tests.Unit.Services.CompanyInfluenceScoreServiceComprehensiveTest" assertions="1" time="0.005974"/>
      </testsuite>
      <testsuite name="Tests\Unit\Services\CompanyInfluenceScoreServiceTest" file="/Users/ryu/trends-laravel/tests/Unit/Services/CompanyInfluenceScoreServiceTest.php" tests="17" assertions="66" errors="0" failures="0" skipped="1" time="0.130793">
        <testcase name="test_calculate_company_score_記事なしの場合ゼロを返す" file="/Users/ryu/trends-laravel/tests/Unit/Services/CompanyInfluenceScoreServiceTest.php" line="28" class="Tests\Unit\Services\CompanyInfluenceScoreServiceTest" classname="Tests.Unit.Services.CompanyInfluenceScoreServiceTest" assertions="1" time="0.006624"/>
        <testcase name="test_calculate_company_score_記事ありの場合正しいスコアを計算する" file="/Users/ryu/trends-laravel/tests/Unit/Services/CompanyInfluenceScoreServiceTest.php" line="43" class="Tests\Unit\Services\CompanyInfluenceScoreServiceTest" classname="Tests.Unit.Services.CompanyInfluenceScoreServiceTest" assertions="2" time="0.007939"/>
        <testcase name="test_calculate_article_score_記事スコアの計算" file="/Users/ryu/trends-laravel/tests/Unit/Services/CompanyInfluenceScoreServiceTest.php" line="70" class="Tests\Unit\Services\CompanyInfluenceScoreServiceTest" classname="Tests.Unit.Services.CompanyInfluenceScoreServiceTest" assertions="2" time="0.007313"/>
        <testcase name="test_get_platform_weight_プラットフォーム重み付けの計算" file="/Users/ryu/trends-laravel/tests/Unit/Services/CompanyInfluenceScoreServiceTest.php" line="101" class="Tests\Unit\Services\CompanyInfluenceScoreServiceTest" classname="Tests.Unit.Services.CompanyInfluenceScoreServiceTest" assertions="4" time="0.005922"/>
        <testcase name="test_get_time_weight_時間重み付けの計算" file="/Users/ryu/trends-laravel/tests/Unit/Services/CompanyInfluenceScoreServiceTest.php" line="115" class="Tests\Unit\Services\CompanyInfluenceScoreServiceTest" classname="Tests.Unit.Services.CompanyInfluenceScoreServiceTest" assertions="5" time="0.005895"/>
        <testcase name="test_get_articles_for_period_期間内記事の取得" file="/Users/ryu/trends-laravel/tests/Unit/Services/CompanyInfluenceScoreServiceTest.php" line="142" class="Tests\Unit\Services\CompanyInfluenceScoreServiceTest" classname="Tests.Unit.Services.CompanyInfluenceScoreServiceTest" assertions="4" time="0.008241"/>
        <testcase name="test_save_company_influence_score_影響力スコアの保存" file="/Users/ryu/trends-laravel/tests/Unit/Services/CompanyInfluenceScoreServiceTest.php" line="185" class="Tests\Unit\Services\CompanyInfluenceScoreServiceTest" classname="Tests.Unit.Services.CompanyInfluenceScoreServiceTest" assertions="6" time="0.007846"/>
        <testcase name="test_calculate_all_companies_score_全企業のスコア計算" file="/Users/ryu/trends-laravel/tests/Unit/Services/CompanyInfluenceScoreServiceTest.php" line="222" class="Tests\Unit\Services\CompanyInfluenceScoreServiceTest" classname="Tests.Unit.Services.CompanyInfluenceScoreServiceTest" assertions="3" time="0.011288"/>
        <testcase name="test_calculate_scores_by_period_期間別スコア計算" file="/Users/ryu/trends-laravel/tests/Unit/Services/CompanyInfluenceScoreServiceTest.php" line="269" class="Tests\Unit\Services\CompanyInfluenceScoreServiceTest" classname="Tests.Unit.Services.CompanyInfluenceScoreServiceTest" assertions="4" time="0.010959"/>
        <testcase name="test_get_company_scores_by_period_企業の期間別スコア取得" file="/Users/ryu/trends-laravel/tests/Unit/Services/CompanyInfluenceScoreServiceTest.php" line="296" class="Tests\Unit\Services\CompanyInfluenceScoreServiceTest" classname="Tests.Unit.Services.CompanyInfluenceScoreServiceTest" assertions="6" time="0.008073"/>
        <testcase name="test_get_company_score_statistics_企業スコア統計情報の取得" file="/Users/ryu/trends-laravel/tests/Unit/Services/CompanyInfluenceScoreServiceTest.php" line="328" class="Tests\Unit\Services\CompanyInfluenceScoreServiceTest" classname="Tests.Unit.Services.CompanyInfluenceScoreServiceTest" assertions="12" time="0.007930"/>
        <testcase name="test_get_company_score_history_企業の影響力スコア履歴取得" file="/Users/ryu/trends-laravel/tests/Unit/Services/CompanyInfluenceScoreServiceTest.php" line="372" class="Tests\Unit\Services\CompanyInfluenceScoreServiceTest" classname="Tests.Unit.Services.CompanyInfluenceScoreServiceTest" assertions="6" time="0.007503"/>
        <testcase name="test_calculate_article_score_ブックマークとライクの重み付け" file="/Users/ryu/trends-laravel/tests/Unit/Services/CompanyInfluenceScoreServiceTest.php" line="404" class="Tests\Unit\Services\CompanyInfluenceScoreServiceTest" classname="Tests.Unit.Services.CompanyInfluenceScoreServiceTest" assertions="3" time="0.007206"/>
        <testcase name="test_calculate_article_score_プラットフォーム別重み付け" file="/Users/ryu/trends-laravel/tests/Unit/Services/CompanyInfluenceScoreServiceTest.php" line="437" class="Tests\Unit\Services\CompanyInfluenceScoreServiceTest" classname="Tests.Unit.Services.CompanyInfluenceScoreServiceTest" assertions="2" time="0.007117"/>
        <testcase name="test_get_time_weight_期間境界の処理" file="/Users/ryu/trends-laravel/tests/Unit/Services/CompanyInfluenceScoreServiceTest.php" line="469" class="Tests\Unit\Services\CompanyInfluenceScoreServiceTest" classname="Tests.Unit.Services.CompanyInfluenceScoreServiceTest" assertions="4" time="0.006027"/>
        <testcase name="test_save_company_influence_score_既存データの更新" file="/Users/ryu/trends-laravel/tests/Unit/Services/CompanyInfluenceScoreServiceTest.php" line="496" class="Tests\Unit\Services\CompanyInfluenceScoreServiceTest" classname="Tests.Unit.Services.CompanyInfluenceScoreServiceTest" assertions="0" time="0.005892">
          <skipped/>
        </testcase>
        <testcase name="test_calculate_all_companies_score_スコアなしの企業は除外" file="/Users/ryu/trends-laravel/tests/Unit/Services/CompanyInfluenceScoreServiceTest.php" line="531" class="Tests\Unit\Services\CompanyInfluenceScoreServiceTest" classname="Tests.Unit.Services.CompanyInfluenceScoreServiceTest" assertions="2" time="0.009019"/>
      </testsuite>
      <testsuite name="Tests\Unit\Services\CompanyMatcherTest" file="/Users/ryu/trends-laravel/tests/Unit/Services/CompanyMatcherTest.php" tests="37" assertions="91" errors="0" failures="0" skipped="0" time="0.255871">
        <testcase name="test_identify_company_urlパターンマッチングで企業を特定できる" file="/Users/ryu/trends-laravel/tests/Unit/Services/CompanyMatcherTest.php" line="25" class="Tests\Unit\Services\CompanyMatcherTest" classname="Tests.Unit.Services.CompanyMatcherTest" assertions="3" time="0.006804"/>
        <testcase name="test_identify_company_ドメインマッチングで企業を特定できる" file="/Users/ryu/trends-laravel/tests/Unit/Services/CompanyMatcherTest.php" line="46" class="Tests\Unit\Services\CompanyMatcherTest" classname="Tests.Unit.Services.CompanyMatcherTest" assertions="3" time="0.006534"/>
        <testcase name="test_identify_company_qiitaユーザー名で企業を特定できる" file="/Users/ryu/trends-laravel/tests/Unit/Services/CompanyMatcherTest.php" line="67" class="Tests\Unit\Services\CompanyMatcherTest" classname="Tests.Unit.Services.CompanyMatcherTest" assertions="3" time="0.006501"/>
        <testcase name="test_identify_company_zennユーザー名で企業を特定できる" file="/Users/ryu/trends-laravel/tests/Unit/Services/CompanyMatcherTest.php" line="89" class="Tests\Unit\Services\CompanyMatcherTest" classname="Tests.Unit.Services.CompanyMatcherTest" assertions="3" time="0.006525"/>
        <testcase name="test_identify_company_キーワードマッチングで企業を特定できる" file="/Users/ryu/trends-laravel/tests/Unit/Services/CompanyMatcherTest.php" line="111" class="Tests\Unit\Services\CompanyMatcherTest" classname="Tests.Unit.Services.CompanyMatcherTest" assertions="3" time="0.006761"/>
        <testcase name="test_identify_company_zenn組織記事で企業を特定できる" file="/Users/ryu/trends-laravel/tests/Unit/Services/CompanyMatcherTest.php" line="132" class="Tests\Unit\Services\CompanyMatcherTest" classname="Tests.Unit.Services.CompanyMatcherTest" assertions="3" time="0.006847"/>
        <testcase name="test_identify_company_優先順位に従って正しい企業を選択する" file="/Users/ryu/trends-laravel/tests/Unit/Services/CompanyMatcherTest.php" line="153" class="Tests\Unit\Services\CompanyMatcherTest" classname="Tests.Unit.Services.CompanyMatcherTest" assertions="3" time="0.006846"/>
        <testcase name="test_identify_company_企業が見つからない場合nullを返す" file="/Users/ryu/trends-laravel/tests/Unit/Services/CompanyMatcherTest.php" line="181" class="Tests\Unit\Services\CompanyMatcherTest" classname="Tests.Unit.Services.CompanyMatcherTest" assertions="1" time="0.006308"/>
        <testcase name="test_identify_company_非アクティブな企業は対象外" file="/Users/ryu/trends-laravel/tests/Unit/Services/CompanyMatcherTest.php" line="195" class="Tests\Unit\Services\CompanyMatcherTest" classname="Tests.Unit.Services.CompanyMatcherTest" assertions="1" time="0.006500"/>
        <testcase name="test_identify_company_空のデータでnullを返す" file="/Users/ryu/trends-laravel/tests/Unit/Services/CompanyMatcherTest.php" line="214" class="Tests\Unit\Services\CompanyMatcherTest" classname="Tests.Unit.Services.CompanyMatcherTest" assertions="1" time="0.005914"/>
        <testcase name="test_identify_company_domain_patternsで柔軟なマッチングができる" file="/Users/ryu/trends-laravel/tests/Unit/Services/CompanyMatcherTest.php" line="224" class="Tests\Unit\Services\CompanyMatcherTest" classname="Tests.Unit.Services.CompanyMatcherTest" assertions="3" time="0.006602"/>
        <testcase name="test_identify_company_クリーンアップされたユーザー名でマッチング" file="/Users/ryu/trends-laravel/tests/Unit/Services/CompanyMatcherTest.php" line="245" class="Tests\Unit\Services\CompanyMatcherTest" classname="Tests.Unit.Services.CompanyMatcherTest" assertions="3" time="0.006846"/>
        <testcase name="test_identify_company_キーワードの大文字小文字を正しく処理" file="/Users/ryu/trends-laravel/tests/Unit/Services/CompanyMatcherTest.php" line="267" class="Tests\Unit\Services\CompanyMatcherTest" classname="Tests.Unit.Services.CompanyMatcherTest" assertions="3" time="0.007567"/>
        <testcase name="test_identify_company_キーワードの単語境界を正しく処理" file="/Users/ryu/trends-laravel/tests/Unit/Services/CompanyMatcherTest.php" line="287" class="Tests\Unit\Services\CompanyMatcherTest" classname="Tests.Unit.Services.CompanyMatcherTest" assertions="3" time="0.014850"/>
        <testcase name="test_identify_company_不正なプラットフォーム名でnullを返す" file="/Users/ryu/trends-laravel/tests/Unit/Services/CompanyMatcherTest.php" line="312" class="Tests\Unit\Services\CompanyMatcherTest" classname="Tests.Unit.Services.CompanyMatcherTest" assertions="1" time="0.006908"/>
        <testcase name="test_identify_company_複数の条件に一致する場合優先順位で決定" file="/Users/ryu/trends-laravel/tests/Unit/Services/CompanyMatcherTest.php" line="332" class="Tests\Unit\Services\CompanyMatcherTest" classname="Tests.Unit.Services.CompanyMatcherTest" assertions="3" time="0.006936"/>
        <testcase name="test_identify_company_zenn組織urlの不正なパターンでnullを返す" file="/Users/ryu/trends-laravel/tests/Unit/Services/CompanyMatcherTest.php" line="354" class="Tests\Unit\Services\CompanyMatcherTest" classname="Tests.Unit.Services.CompanyMatcherTest" assertions="1" time="0.006771"/>
        <testcase name="test_identify_company_ログが正しく出力される" file="/Users/ryu/trends-laravel/tests/Unit/Services/CompanyMatcherTest.php" line="373" class="Tests\Unit\Services\CompanyMatcherTest" classname="Tests.Unit.Services.CompanyMatcherTest" assertions="2" time="0.006799"/>
        <testcase name="test_identify_by_specific_url_urlパターンでの企業特定" file="/Users/ryu/trends-laravel/tests/Unit/Services/CompanyMatcherTest.php" line="403" class="Tests\Unit\Services\CompanyMatcherTest" classname="Tests.Unit.Services.CompanyMatcherTest" assertions="3" time="0.006640"/>
        <testcase name="test_identify_by_specific_url_マッチしない場合nullを返す" file="/Users/ryu/trends-laravel/tests/Unit/Services/CompanyMatcherTest.php" line="423" class="Tests\Unit\Services\CompanyMatcherTest" classname="Tests.Unit.Services.CompanyMatcherTest" assertions="1" time="0.006581"/>
        <testcase name="test_identify_by_exact_domain_完全一致でドメイン企業を特定" file="/Users/ryu/trends-laravel/tests/Unit/Services/CompanyMatcherTest.php" line="441" class="Tests\Unit\Services\CompanyMatcherTest" classname="Tests.Unit.Services.CompanyMatcherTest" assertions="3" time="0.006561"/>
        <testcase name="test_identify_by_exact_domain_domain_patternsで柔軟な検索" file="/Users/ryu/trends-laravel/tests/Unit/Services/CompanyMatcherTest.php" line="461" class="Tests\Unit\Services\CompanyMatcherTest" classname="Tests.Unit.Services.CompanyMatcherTest" assertions="3" time="0.006672"/>
        <testcase name="test_identify_by_username_qiitaユーザー名での企業特定" file="/Users/ryu/trends-laravel/tests/Unit/Services/CompanyMatcherTest.php" line="481" class="Tests\Unit\Services\CompanyMatcherTest" classname="Tests.Unit.Services.CompanyMatcherTest" assertions="3" time="0.006648"/>
        <testcase name="test_identify_by_username_zennユーザー名での企業特定" file="/Users/ryu/trends-laravel/tests/Unit/Services/CompanyMatcherTest.php" line="501" class="Tests\Unit\Services\CompanyMatcherTest" classname="Tests.Unit.Services.CompanyMatcherTest" assertions="3" time="0.006617"/>
        <testcase name="test_identify_by_username_不正なプラットフォームでnullを返す" file="/Users/ryu/trends-laravel/tests/Unit/Services/CompanyMatcherTest.php" line="521" class="Tests\Unit\Services\CompanyMatcherTest" classname="Tests.Unit.Services.CompanyMatcherTest" assertions="1" time="0.005982"/>
        <testcase name="test_identify_by_strict_keywords_厳密なキーワードマッチング" file="/Users/ryu/trends-laravel/tests/Unit/Services/CompanyMatcherTest.php" line="533" class="Tests\Unit\Services\CompanyMatcherTest" classname="Tests.Unit.Services.CompanyMatcherTest" assertions="3" time="0.006691"/>
        <testcase name="test_identify_by_strict_keywords_部分一致では対象外" file="/Users/ryu/trends-laravel/tests/Unit/Services/CompanyMatcherTest.php" line="557" class="Tests\Unit\Services\CompanyMatcherTest" classname="Tests.Unit.Services.CompanyMatcherTest" assertions="1" time="0.006654"/>
        <testcase name="test_clean_username_ユーザー名のクリーンアップ" file="/Users/ryu/trends-laravel/tests/Unit/Services/CompanyMatcherTest.php" line="579" class="Tests\Unit\Services\CompanyMatcherTest" classname="Tests.Unit.Services.CompanyMatcherTest" assertions="4" time="0.006037"/>
        <testcase name="test_extract_zenn_organization_zenn組織記事の抽出" file="/Users/ryu/trends-laravel/tests/Unit/Services/CompanyMatcherTest.php" line="599" class="Tests\Unit\Services\CompanyMatcherTest" classname="Tests.Unit.Services.CompanyMatcherTest" assertions="3" time="0.006740"/>
        <testcase name="test_extract_zenn_organization_不正な_ur_lパターンでnullを返す" file="/Users/ryu/trends-laravel/tests/Unit/Services/CompanyMatcherTest.php" line="619" class="Tests\Unit\Services\CompanyMatcherTest" classname="Tests.Unit.Services.CompanyMatcherTest" assertions="1" time="0.007246"/>
        <testcase name="test_extract_zenn_organization_組織が見つからない場合nullを返す" file="/Users/ryu/trends-laravel/tests/Unit/Services/CompanyMatcherTest.php" line="637" class="Tests\Unit\Services\CompanyMatcherTest" classname="Tests.Unit.Services.CompanyMatcherTest" assertions="1" time="0.006907"/>
        <testcase name="test_identify_by_specific_url_zenn組織_ur_lの特別処理" file="/Users/ryu/trends-laravel/tests/Unit/Services/CompanyMatcherTest.php" line="655" class="Tests\Unit\Services\CompanyMatcherTest" classname="Tests.Unit.Services.CompanyMatcherTest" assertions="3" time="0.006555"/>
        <testcase name="test_identify_by_username_クリーンアップされたユーザー名での検索" file="/Users/ryu/trends-laravel/tests/Unit/Services/CompanyMatcherTest.php" line="675" class="Tests\Unit\Services\CompanyMatcherTest" classname="Tests.Unit.Services.CompanyMatcherTest" assertions="3" time="0.006363"/>
        <testcase name="test_identify_by_username_元のユーザー名でも検索" file="/Users/ryu/trends-laravel/tests/Unit/Services/CompanyMatcherTest.php" line="695" class="Tests\Unit\Services\CompanyMatcherTest" classname="Tests.Unit.Services.CompanyMatcherTest" assertions="3" time="0.006412"/>
        <testcase name="test_identify_by_exact_domain_完全一致優先でdomain_patterns検索" file="/Users/ryu/trends-laravel/tests/Unit/Services/CompanyMatcherTest.php" line="715" class="Tests\Unit\Services\CompanyMatcherTest" classname="Tests.Unit.Services.CompanyMatcherTest" assertions="3" time="0.007767"/>
        <testcase name="test_identify_by_strict_keywords_大文字小文字を正しく処理" file="/Users/ryu/trends-laravel/tests/Unit/Services/CompanyMatcherTest.php" line="741" class="Tests\Unit\Services\CompanyMatcherTest" classname="Tests.Unit.Services.CompanyMatcherTest" assertions="3" time="0.006928"/>
        <testcase name="test_identify_by_strict_keywords_日本語キーワードの処理" file="/Users/ryu/trends-laravel/tests/Unit/Services/CompanyMatcherTest.php" line="765" class="Tests\Unit\Services\CompanyMatcherTest" classname="Tests.Unit.Services.CompanyMatcherTest" assertions="3" time="0.007051"/>
      </testsuite>
      <testsuite name="Tests\Unit\Services\CompanyRankingHistoryServiceTest" file="/Users/ryu/trends-laravel/tests/Unit/Services/CompanyRankingHistoryServiceTest.php" tests="7" assertions="16" errors="0" failures="0" skipped="0" time="0.060396">
        <testcase name="test_record_ranking_historyでログが記録される" file="/Users/ryu/trends-laravel/tests/Unit/Services/CompanyRankingHistoryServiceTest.php" line="21" class="Tests\Unit\Services\CompanyRankingHistoryServiceTest" classname="Tests.Unit.Services.CompanyRankingHistoryServiceTest" assertions="4" time="0.013488"/>
        <testcase name="test_get_company_ranking_historyが正しく動作する" file="/Users/ryu/trends-laravel/tests/Unit/Services/CompanyRankingHistoryServiceTest.php" line="60" class="Tests\Unit\Services\CompanyRankingHistoryServiceTest" classname="Tests.Unit.Services.CompanyRankingHistoryServiceTest" assertions="1" time="0.006611"/>
        <testcase name="test_cleanup_old_historyが正しく動作する" file="/Users/ryu/trends-laravel/tests/Unit/Services/CompanyRankingHistoryServiceTest.php" line="92" class="Tests\Unit\Services\CompanyRankingHistoryServiceTest" classname="Tests.Unit.Services.CompanyRankingHistoryServiceTest" assertions="2" time="0.006330"/>
        <testcase name="test_get_ranking_change_statisticsが正しく動作する" file="/Users/ryu/trends-laravel/tests/Unit/Services/CompanyRankingHistoryServiceTest.php" line="111" class="Tests\Unit\Services\CompanyRankingHistoryServiceTest" classname="Tests.Unit.Services.CompanyRankingHistoryServiceTest" assertions="4" time="0.006135"/>
        <testcase name="test_get_top_ranking_risersが正しく動作する" file="/Users/ryu/trends-laravel/tests/Unit/Services/CompanyRankingHistoryServiceTest.php" line="141" class="Tests\Unit\Services\CompanyRankingHistoryServiceTest" classname="Tests.Unit.Services.CompanyRankingHistoryServiceTest" assertions="1" time="0.006068"/>
        <testcase name="test_get_top_ranking_fallersが正しく動作する" file="/Users/ryu/trends-laravel/tests/Unit/Services/CompanyRankingHistoryServiceTest.php" line="180" class="Tests\Unit\Services\CompanyRankingHistoryServiceTest" classname="Tests.Unit.Services.CompanyRankingHistoryServiceTest" assertions="1" time="0.005960"/>
        <testcase name="test_record_ranking_historyで_d_b例外が発生した場合に例外が発生する" file="/Users/ryu/trends-laravel/tests/Unit/Services/CompanyRankingHistoryServiceTest.php" line="219" class="Tests\Unit\Services\CompanyRankingHistoryServiceTest" classname="Tests.Unit.Services.CompanyRankingHistoryServiceTest" assertions="3" time="0.015804"/>
      </testsuite>
      <testsuite name="Tests\Unit\Services\CompanyRankingServiceTest" file="/Users/ryu/trends-laravel/tests/Unit/Services/CompanyRankingServiceTest.php" tests="16" assertions="78" errors="0" failures="0" skipped="0" time="0.121369">
        <testcase name="test_generate_all_rankings_全期間のランキングを生成する" file="/Users/ryu/trends-laravel/tests/Unit/Services/CompanyRankingServiceTest.php" line="41" class="Tests\Unit\Services\CompanyRankingServiceTest" classname="Tests.Unit.Services.CompanyRankingServiceTest" assertions="15" time="0.010618"/>
        <testcase name="test_generate_ranking_for_period_指定期間のランキングを生成する" file="/Users/ryu/trends-laravel/tests/Unit/Services/CompanyRankingServiceTest.php" line="81" class="Tests\Unit\Services\CompanyRankingServiceTest" classname="Tests.Unit.Services.CompanyRankingServiceTest" assertions="7" time="0.007553"/>
        <testcase name="test_generate_ranking_for_period_同じスコアの場合同じ順位になる" file="/Users/ryu/trends-laravel/tests/Unit/Services/CompanyRankingServiceTest.php" line="129" class="Tests\Unit\Services\CompanyRankingServiceTest" classname="Tests.Unit.Services.CompanyRankingServiceTest" assertions="4" time="0.007330"/>
        <testcase name="test_get_ranking_for_period_指定期間のランキングを取得する" file="/Users/ryu/trends-laravel/tests/Unit/Services/CompanyRankingServiceTest.php" line="179" class="Tests\Unit\Services\CompanyRankingServiceTest" classname="Tests.Unit.Services.CompanyRankingServiceTest" assertions="3" time="0.006980"/>
        <testcase name="test_get_ranking_for_period_非アクティブ企業は除外される" file="/Users/ryu/trends-laravel/tests/Unit/Services/CompanyRankingServiceTest.php" line="201" class="Tests\Unit\Services\CompanyRankingServiceTest" classname="Tests.Unit.Services.CompanyRankingServiceTest" assertions="2" time="0.007631"/>
        <testcase name="test_get_company_rankings_企業の全期間ランキングを取得する" file="/Users/ryu/trends-laravel/tests/Unit/Services/CompanyRankingServiceTest.php" line="228" class="Tests\Unit\Services\CompanyRankingServiceTest" classname="Tests.Unit.Services.CompanyRankingServiceTest" assertions="4" time="0.008610"/>
        <testcase name="test_get_company_rankings_ランキングがない期間はnullを返す" file="/Users/ryu/trends-laravel/tests/Unit/Services/CompanyRankingServiceTest.php" line="259" class="Tests\Unit\Services\CompanyRankingServiceTest" classname="Tests.Unit.Services.CompanyRankingServiceTest" assertions="3" time="0.008281"/>
        <testcase name="test_get_top_companies_ranking_history_上位企業の履歴を取得する" file="/Users/ryu/trends-laravel/tests/Unit/Services/CompanyRankingServiceTest.php" line="281" class="Tests\Unit\Services\CompanyRankingServiceTest" classname="Tests.Unit.Services.CompanyRankingServiceTest" assertions="5" time="0.008158"/>
        <testcase name="test_get_ranking_statistics_ランキング統計を取得する" file="/Users/ryu/trends-laravel/tests/Unit/Services/CompanyRankingServiceTest.php" line="327" class="Tests\Unit\Services\CompanyRankingServiceTest" classname="Tests.Unit.Services.CompanyRankingServiceTest" assertions="7" time="0.007881"/>
        <testcase name="test_get_company_ranking_history_企業のランキング履歴を取得する" file="/Users/ryu/trends-laravel/tests/Unit/Services/CompanyRankingServiceTest.php" line="365" class="Tests\Unit\Services\CompanyRankingServiceTest" classname="Tests.Unit.Services.CompanyRankingServiceTest" assertions="5" time="0.008445"/>
        <testcase name="test_calculate_period_dates_期間の開始日と終了日を正しく計算する" file="/Users/ryu/trends-laravel/tests/Unit/Services/CompanyRankingServiceTest.php" line="409" class="Tests\Unit\Services\CompanyRankingServiceTest" classname="Tests.Unit.Services.CompanyRankingServiceTest" assertions="3" time="0.006082"/>
        <testcase name="test_save_rankings_ランキングをデータベースに保存する" file="/Users/ryu/trends-laravel/tests/Unit/Services/CompanyRankingServiceTest.php" line="436" class="Tests\Unit\Services\CompanyRankingServiceTest" classname="Tests.Unit.Services.CompanyRankingServiceTest" assertions="1" time="0.006630"/>
        <testcase name="test_save_rankings_既存ランキングを更新する" file="/Users/ryu/trends-laravel/tests/Unit/Services/CompanyRankingServiceTest.php" line="473" class="Tests\Unit\Services\CompanyRankingServiceTest" classname="Tests.Unit.Services.CompanyRankingServiceTest" assertions="2" time="0.007055"/>
        <testcase name="test_generate_rankings_concurrently_並行処理でランキングを生成する" file="/Users/ryu/trends-laravel/tests/Unit/Services/CompanyRankingServiceTest.php" line="526" class="Tests\Unit\Services\CompanyRankingServiceTest" classname="Tests.Unit.Services.CompanyRankingServiceTest" assertions="8" time="0.006882"/>
        <testcase name="test_generate_ranking_for_period_空のスコアでも正常に処理される" file="/Users/ryu/trends-laravel/tests/Unit/Services/CompanyRankingServiceTest.php" line="549" class="Tests\Unit\Services\CompanyRankingServiceTest" classname="Tests.Unit.Services.CompanyRankingServiceTest" assertions="2" time="0.006082"/>
        <testcase name="test_create_rankings_スコア順でランキングを作成する" file="/Users/ryu/trends-laravel/tests/Unit/Services/CompanyRankingServiceTest.php" line="568" class="Tests\Unit\Services\CompanyRankingServiceTest" classname="Tests.Unit.Services.CompanyRankingServiceTest" assertions="7" time="0.007151"/>
      </testsuite>
      <testsuite name="Tests\Unit\Services\HatenaBookmarkScraperTest" file="/Users/ryu/trends-laravel/tests/Unit/Services/HatenaBookmarkScraperTest.php" tests="24" assertions="73" errors="0" failures="0" skipped="0" time="0.169614">
        <testcase name="test_コンストラクタで設定値が正しく初期化される" file="/Users/ryu/trends-laravel/tests/Unit/Services/HatenaBookmarkScraperTest.php" line="40" class="Tests\Unit\Services\HatenaBookmarkScraperTest" classname="Tests.Unit.Services.HatenaBookmarkScraperTest" assertions="3" time="0.006634"/>
        <testcase name="test_scrape_popular_it_entries_成功時に正しいデータを返す" file="/Users/ryu/trends-laravel/tests/Unit/Services/HatenaBookmarkScraperTest.php" line="55" class="Tests\Unit\Services\HatenaBookmarkScraperTest" classname="Tests.Unit.Services.HatenaBookmarkScraperTest" assertions="10" time="0.007826"/>
        <testcase name="test_extract_title_タイトルを正しく抽出する" file="/Users/ryu/trends-laravel/tests/Unit/Services/HatenaBookmarkScraperTest.php" line="97" class="Tests\Unit\Services\HatenaBookmarkScraperTest" classname="Tests.Unit.Services.HatenaBookmarkScraperTest" assertions="1" time="0.006528"/>
        <testcase name="test_extract_title_タイトルが見つからない場合nullを返す" file="/Users/ryu/trends-laravel/tests/Unit/Services/HatenaBookmarkScraperTest.php" line="118" class="Tests\Unit\Services\HatenaBookmarkScraperTest" classname="Tests.Unit.Services.HatenaBookmarkScraperTest" assertions="1" time="0.006324"/>
        <testcase name="test_extract_url_ur_lを正しく抽出する" file="/Users/ryu/trends-laravel/tests/Unit/Services/HatenaBookmarkScraperTest.php" line="137" class="Tests\Unit\Services\HatenaBookmarkScraperTest" classname="Tests.Unit.Services.HatenaBookmarkScraperTest" assertions="1" time="0.006328"/>
        <testcase name="test_extract_url_ur_lが見つからない場合nullを返す" file="/Users/ryu/trends-laravel/tests/Unit/Services/HatenaBookmarkScraperTest.php" line="158" class="Tests\Unit\Services\HatenaBookmarkScraperTest" classname="Tests.Unit.Services.HatenaBookmarkScraperTest" assertions="1" time="0.006521"/>
        <testcase name="test_extract_bookmark_count_ブックマーク数を正しく抽出する" file="/Users/ryu/trends-laravel/tests/Unit/Services/HatenaBookmarkScraperTest.php" line="177" class="Tests\Unit\Services\HatenaBookmarkScraperTest" classname="Tests.Unit.Services.HatenaBookmarkScraperTest" assertions="1" time="0.006444"/>
        <testcase name="test_extract_bookmark_count_ブックマーク数が見つからない場合ゼロを返す" file="/Users/ryu/trends-laravel/tests/Unit/Services/HatenaBookmarkScraperTest.php" line="198" class="Tests\Unit\Services\HatenaBookmarkScraperTest" classname="Tests.Unit.Services.HatenaBookmarkScraperTest" assertions="1" time="0.007111"/>
        <testcase name="test_extract_bookmark_count_文字列混在でも数値を抽出する" file="/Users/ryu/trends-laravel/tests/Unit/Services/HatenaBookmarkScraperTest.php" line="217" class="Tests\Unit\Services\HatenaBookmarkScraperTest" classname="Tests.Unit.Services.HatenaBookmarkScraperTest" assertions="1" time="0.006175"/>
        <testcase name="test_extract_domain_ドメインを正しく抽出する" file="/Users/ryu/trends-laravel/tests/Unit/Services/HatenaBookmarkScraperTest.php" line="238" class="Tests\Unit\Services\HatenaBookmarkScraperTest" classname="Tests.Unit.Services.HatenaBookmarkScraperTest" assertions="1" time="0.005868"/>
        <testcase name="test_extract_domain_不正な_ur_lの場合空文字を返す" file="/Users/ryu/trends-laravel/tests/Unit/Services/HatenaBookmarkScraperTest.php" line="250" class="Tests\Unit\Services\HatenaBookmarkScraperTest" classname="Tests.Unit.Services.HatenaBookmarkScraperTest" assertions="1" time="0.005782"/>
        <testcase name="test_extract_published_at_日時情報を正しく抽出する" file="/Users/ryu/trends-laravel/tests/Unit/Services/HatenaBookmarkScraperTest.php" line="262" class="Tests\Unit\Services\HatenaBookmarkScraperTest" classname="Tests.Unit.Services.HatenaBookmarkScraperTest" assertions="1" time="0.005962"/>
        <testcase name="test_extract_published_at_相対時間を現在時刻ベースで変換する" file="/Users/ryu/trends-laravel/tests/Unit/Services/HatenaBookmarkScraperTest.php" line="281" class="Tests\Unit\Services\HatenaBookmarkScraperTest" classname="Tests.Unit.Services.HatenaBookmarkScraperTest" assertions="3" time="0.006099"/>
        <testcase name="test_extract_published_at_分単位の相対時間を変換する" file="/Users/ryu/trends-laravel/tests/Unit/Services/HatenaBookmarkScraperTest.php" line="305" class="Tests\Unit\Services\HatenaBookmarkScraperTest" classname="Tests.Unit.Services.HatenaBookmarkScraperTest" assertions="3" time="0.006010"/>
        <testcase name="test_extract_published_at_日時情報が見つからない場合nullを返す" file="/Users/ryu/trends-laravel/tests/Unit/Services/HatenaBookmarkScraperTest.php" line="329" class="Tests\Unit\Services\HatenaBookmarkScraperTest" classname="Tests.Unit.Services.HatenaBookmarkScraperTest" assertions="1" time="0.005987"/>
        <testcase name="test_identify_company_domain_企業ドメインを正しく特定する" file="/Users/ryu/trends-laravel/tests/Unit/Services/HatenaBookmarkScraperTest.php" line="348" class="Tests\Unit\Services\HatenaBookmarkScraperTest" classname="Tests.Unit.Services.HatenaBookmarkScraperTest" assertions="3" time="0.014628"/>
        <testcase name="test_identify_company_domain_企業が見つからない場合nullを返す" file="/Users/ryu/trends-laravel/tests/Unit/Services/HatenaBookmarkScraperTest.php" line="363" class="Tests\Unit\Services\HatenaBookmarkScraperTest" classname="Tests.Unit.Services.HatenaBookmarkScraperTest" assertions="1" time="0.006685"/>
        <testcase name="test_normalize_and_save_data_データを正しく正規化して保存する" file="/Users/ryu/trends-laravel/tests/Unit/Services/HatenaBookmarkScraperTest.php" line="371" class="Tests\Unit\Services\HatenaBookmarkScraperTest" classname="Tests.Unit.Services.HatenaBookmarkScraperTest" assertions="9" time="0.008742"/>
        <testcase name="test_normalize_and_save_data_企業が見つからない場合company_idはnull" file="/Users/ryu/trends-laravel/tests/Unit/Services/HatenaBookmarkScraperTest.php" line="410" class="Tests\Unit\Services\HatenaBookmarkScraperTest" classname="Tests.Unit.Services.HatenaBookmarkScraperTest" assertions="5" time="0.008044"/>
        <testcase name="test_normalize_and_save_data_既存記事は更新される" file="/Users/ryu/trends-laravel/tests/Unit/Services/HatenaBookmarkScraperTest.php" line="440" class="Tests\Unit\Services\HatenaBookmarkScraperTest" classname="Tests.Unit.Services.HatenaBookmarkScraperTest" assertions="6" time="0.009346"/>
        <testcase name="test_normalize_and_save_data_プラットフォームがない場合でも記事は作成される" file="/Users/ryu/trends-laravel/tests/Unit/Services/HatenaBookmarkScraperTest.php" line="483" class="Tests\Unit\Services\HatenaBookmarkScraperTest" classname="Tests.Unit.Services.HatenaBookmarkScraperTest" assertions="3" time="0.007320"/>
        <testcase name="test_parse_response_レスポンスを正しく解析する" file="/Users/ryu/trends-laravel/tests/Unit/Services/HatenaBookmarkScraperTest.php" line="510" class="Tests\Unit\Services\HatenaBookmarkScraperTest" classname="Tests.Unit.Services.HatenaBookmarkScraperTest" assertions="10" time="0.006392"/>
        <testcase name="test_parse_response_部分的に不正なデータがあっても正常処理される" file="/Users/ryu/trends-laravel/tests/Unit/Services/HatenaBookmarkScraperTest.php" line="547" class="Tests\Unit\Services\HatenaBookmarkScraperTest" classname="Tests.Unit.Services.HatenaBookmarkScraperTest" assertions="2" time="0.006362"/>
        <testcase name="test_parse_response_タイトルまたは_ur_lが不正な場合は除外される" file="/Users/ryu/trends-laravel/tests/Unit/Services/HatenaBookmarkScraperTest.php" line="578" class="Tests\Unit\Services\HatenaBookmarkScraperTest" classname="Tests.Unit.Services.HatenaBookmarkScraperTest" assertions="4" time="0.006498"/>
      </testsuite>
      <testsuite name="Tests\Unit\Services\QiitaScraperTest" file="/Users/ryu/trends-laravel/tests/Unit/Services/QiitaScraperTest.php" tests="29" assertions="77" errors="0" failures="0" skipped="0" time="0.207101">
        <testcase name="test_コンストラクタで設定値が正しく初期化される" file="/Users/ryu/trends-laravel/tests/Unit/Services/QiitaScraperTest.php" line="41" class="Tests\Unit\Services\QiitaScraperTest" classname="Tests.Unit.Services.QiitaScraperTest" assertions="3" time="0.006089"/>
        <testcase name="test_scrape_trending_articles_成功時に正しいデータを返す" file="/Users/ryu/trends-laravel/tests/Unit/Services/QiitaScraperTest.php" line="56" class="Tests\Unit\Services\QiitaScraperTest" classname="Tests.Unit.Services.QiitaScraperTest" assertions="10" time="0.008196"/>
        <testcase name="test_find_article_elements_記事要素を正しく検索する" file="/Users/ryu/trends-laravel/tests/Unit/Services/QiitaScraperTest.php" line="92" class="Tests\Unit\Services\QiitaScraperTest" classname="Tests.Unit.Services.QiitaScraperTest" assertions="3" time="0.006355"/>
        <testcase name="test_find_article_elements_記事要素が見つからない場合nullを返す" file="/Users/ryu/trends-laravel/tests/Unit/Services/QiitaScraperTest.php" line="117" class="Tests\Unit\Services\QiitaScraperTest" classname="Tests.Unit.Services.QiitaScraperTest" assertions="1" time="0.006736"/>
        <testcase name="test_extract_title_タイトルを正しく抽出する" file="/Users/ryu/trends-laravel/tests/Unit/Services/QiitaScraperTest.php" line="135" class="Tests\Unit\Services\QiitaScraperTest" classname="Tests.Unit.Services.QiitaScraperTest" assertions="1" time="0.006276"/>
        <testcase name="test_extract_title_タイトルが見つからない場合nullを返す" file="/Users/ryu/trends-laravel/tests/Unit/Services/QiitaScraperTest.php" line="154" class="Tests\Unit\Services\QiitaScraperTest" classname="Tests.Unit.Services.QiitaScraperTest" assertions="1" time="0.006067"/>
        <testcase name="test_extract_url_ur_lを正しく抽出する" file="/Users/ryu/trends-laravel/tests/Unit/Services/QiitaScraperTest.php" line="173" class="Tests\Unit\Services\QiitaScraperTest" classname="Tests.Unit.Services.QiitaScraperTest" assertions="1" time="0.006322"/>
        <testcase name="test_extract_url_ur_lが見つからない場合nullを返す" file="/Users/ryu/trends-laravel/tests/Unit/Services/QiitaScraperTest.php" line="192" class="Tests\Unit\Services\QiitaScraperTest" classname="Tests.Unit.Services.QiitaScraperTest" assertions="1" time="0.006525"/>
        <testcase name="test_extract_likes_count_いいね数を正しく抽出する" file="/Users/ryu/trends-laravel/tests/Unit/Services/QiitaScraperTest.php" line="211" class="Tests\Unit\Services\QiitaScraperTest" classname="Tests.Unit.Services.QiitaScraperTest" assertions="1" time="0.005960"/>
        <testcase name="test_extract_likes_count_いいね数が見つからない場合ゼロを返す" file="/Users/ryu/trends-laravel/tests/Unit/Services/QiitaScraperTest.php" line="230" class="Tests\Unit\Services\QiitaScraperTest" classname="Tests.Unit.Services.QiitaScraperTest" assertions="1" time="0.006334"/>
        <testcase name="test_extract_author_著者を正しく抽出する" file="/Users/ryu/trends-laravel/tests/Unit/Services/QiitaScraperTest.php" line="249" class="Tests\Unit\Services\QiitaScraperTest" classname="Tests.Unit.Services.QiitaScraperTest" assertions="1" time="0.006030"/>
        <testcase name="test_extract_author_著者が見つからない場合nullを返す" file="/Users/ryu/trends-laravel/tests/Unit/Services/QiitaScraperTest.php" line="268" class="Tests\Unit\Services\QiitaScraperTest" classname="Tests.Unit.Services.QiitaScraperTest" assertions="1" time="0.006057"/>
        <testcase name="test_extract_author_記事_ur_lは除外される" file="/Users/ryu/trends-laravel/tests/Unit/Services/QiitaScraperTest.php" line="287" class="Tests\Unit\Services\QiitaScraperTest" classname="Tests.Unit.Services.QiitaScraperTest" assertions="1" time="0.005939"/>
        <testcase name="test_extract_author_url_著者_ur_lを正しく抽出する" file="/Users/ryu/trends-laravel/tests/Unit/Services/QiitaScraperTest.php" line="307" class="Tests\Unit\Services\QiitaScraperTest" classname="Tests.Unit.Services.QiitaScraperTest" assertions="1" time="0.005934"/>
        <testcase name="test_extract_author_url_著者が見つからない場合nullを返す" file="/Users/ryu/trends-laravel/tests/Unit/Services/QiitaScraperTest.php" line="326" class="Tests\Unit\Services\QiitaScraperTest" classname="Tests.Unit.Services.QiitaScraperTest" assertions="1" time="0.006035"/>
        <testcase name="test_extract_published_at_日時情報を正しく抽出する" file="/Users/ryu/trends-laravel/tests/Unit/Services/QiitaScraperTest.php" line="345" class="Tests\Unit\Services\QiitaScraperTest" classname="Tests.Unit.Services.QiitaScraperTest" assertions="1" time="0.005870"/>
        <testcase name="test_extract_published_at_日時情報が見つからない場合nullを返す" file="/Users/ryu/trends-laravel/tests/Unit/Services/QiitaScraperTest.php" line="364" class="Tests\Unit\Services\QiitaScraperTest" classname="Tests.Unit.Services.QiitaScraperTest" assertions="1" time="0.006229"/>
        <testcase name="test_identify_company_account_企業アカウントを正しく特定する" file="/Users/ryu/trends-laravel/tests/Unit/Services/QiitaScraperTest.php" line="383" class="Tests\Unit\Services\QiitaScraperTest" classname="Tests.Unit.Services.QiitaScraperTest" assertions="3" time="0.006622"/>
        <testcase name="test_identify_company_account_企業が見つからない場合nullを返す" file="/Users/ryu/trends-laravel/tests/Unit/Services/QiitaScraperTest.php" line="398" class="Tests\Unit\Services\QiitaScraperTest" classname="Tests.Unit.Services.QiitaScraperTest" assertions="1" time="0.006079"/>
        <testcase name="test_identify_company_account_author_urlがnullの場合nullを返す" file="/Users/ryu/trends-laravel/tests/Unit/Services/QiitaScraperTest.php" line="406" class="Tests\Unit\Services\QiitaScraperTest" classname="Tests.Unit.Services.QiitaScraperTest" assertions="1" time="0.005800"/>
        <testcase name="test_normalize_and_save_data_データを正しく正規化して保存する" file="/Users/ryu/trends-laravel/tests/Unit/Services/QiitaScraperTest.php" line="414" class="Tests\Unit\Services\QiitaScraperTest" classname="Tests.Unit.Services.QiitaScraperTest" assertions="10" time="0.007900"/>
        <testcase name="test_normalize_and_save_data_author_nameを正しく抽出する" file="/Users/ryu/trends-laravel/tests/Unit/Services/QiitaScraperTest.php" line="455" class="Tests\Unit\Services\QiitaScraperTest" classname="Tests.Unit.Services.QiitaScraperTest" assertions="4" time="0.007489"/>
        <testcase name="test_normalize_and_save_data_企業が見つからない場合company_idはnull" file="/Users/ryu/trends-laravel/tests/Unit/Services/QiitaScraperTest.php" line="485" class="Tests\Unit\Services\QiitaScraperTest" classname="Tests.Unit.Services.QiitaScraperTest" assertions="4" time="0.007581"/>
        <testcase name="test_normalize_and_save_data_既存記事は更新される" file="/Users/ryu/trends-laravel/tests/Unit/Services/QiitaScraperTest.php" line="515" class="Tests\Unit\Services\QiitaScraperTest" classname="Tests.Unit.Services.QiitaScraperTest" assertions="6" time="0.009498"/>
        <testcase name="test_normalize_and_save_data_プラットフォームがない場合でも記事は作成される" file="/Users/ryu/trends-laravel/tests/Unit/Services/QiitaScraperTest.php" line="559" class="Tests\Unit\Services\QiitaScraperTest" classname="Tests.Unit.Services.QiitaScraperTest" assertions="3" time="0.007169"/>
        <testcase name="test_parse_response_レスポンスを正しく解析する" file="/Users/ryu/trends-laravel/tests/Unit/Services/QiitaScraperTest.php" line="587" class="Tests\Unit\Services\QiitaScraperTest" classname="Tests.Unit.Services.QiitaScraperTest" assertions="10" time="0.019616"/>
        <testcase name="test_parse_response_タイトルまたは_ur_lが不正な場合は除外される" file="/Users/ryu/trends-laravel/tests/Unit/Services/QiitaScraperTest.php" line="620" class="Tests\Unit\Services\QiitaScraperTest" classname="Tests.Unit.Services.QiitaScraperTest" assertions="4" time="0.009062"/>
        <testcase name="test_log_html_preview_htm_lプレビューを正しくログ出力する" file="/Users/ryu/trends-laravel/tests/Unit/Services/QiitaScraperTest.php" line="650" class="Tests\Unit\Services\QiitaScraperTest" classname="Tests.Unit.Services.QiitaScraperTest" assertions="0" time="0.006597"/>
        <testcase name="test_extract_single_article_data_警告ログを出力する" file="/Users/ryu/trends-laravel/tests/Unit/Services/QiitaScraperTest.php" line="667" class="Tests\Unit\Services\QiitaScraperTest" classname="Tests.Unit.Services.QiitaScraperTest" assertions="1" time="0.006732"/>
      </testsuite>
      <testsuite name="Tests\Unit\Services\ZennScraperTest" file="/Users/ryu/trends-laravel/tests/Unit/Services/ZennScraperTest.php" tests="36" assertions="85" errors="0" failures="0" skipped="0" time="0.359703">
        <testcase name="test_コンストラクタで設定値が正しく初期化される" file="/Users/ryu/trends-laravel/tests/Unit/Services/ZennScraperTest.php" line="41" class="Tests\Unit\Services\ZennScraperTest" classname="Tests.Unit.Services.ZennScraperTest" assertions="3" time="0.006387"/>
        <testcase name="test_scrape_trending_articles_成功時に正しいデータを返す" file="/Users/ryu/trends-laravel/tests/Unit/Services/ZennScraperTest.php" line="56" class="Tests\Unit\Services\ZennScraperTest" classname="Tests.Unit.Services.ZennScraperTest" assertions="10" time="0.016334"/>
        <testcase name="test_find_article_elements_記事要素を正しく検索する" file="/Users/ryu/trends-laravel/tests/Unit/Services/ZennScraperTest.php" line="94" class="Tests\Unit\Services\ZennScraperTest" classname="Tests.Unit.Services.ZennScraperTest" assertions="3" time="0.008750"/>
        <testcase name="test_find_article_elements_記事要素が見つからない場合nullを返す" file="/Users/ryu/trends-laravel/tests/Unit/Services/ZennScraperTest.php" line="119" class="Tests\Unit\Services\ZennScraperTest" classname="Tests.Unit.Services.ZennScraperTest" assertions="1" time="0.008632"/>
        <testcase name="test_extract_title_タイトルを正しく抽出する" file="/Users/ryu/trends-laravel/tests/Unit/Services/ZennScraperTest.php" line="137" class="Tests\Unit\Services\ZennScraperTest" classname="Tests.Unit.Services.ZennScraperTest" assertions="1" time="0.007168"/>
        <testcase name="test_extract_title_タイトルが見つからない場合nullを返す" file="/Users/ryu/trends-laravel/tests/Unit/Services/ZennScraperTest.php" line="156" class="Tests\Unit\Services\ZennScraperTest" classname="Tests.Unit.Services.ZennScraperTest" assertions="1" time="0.007040"/>
        <testcase name="test_extract_url_ur_lを正しく抽出する" file="/Users/ryu/trends-laravel/tests/Unit/Services/ZennScraperTest.php" line="176" class="Tests\Unit\Services\ZennScraperTest" classname="Tests.Unit.Services.ZennScraperTest" assertions="1" time="0.006868"/>
        <testcase name="test_extract_url_ur_lが見つからない場合nullを返す" file="/Users/ryu/trends-laravel/tests/Unit/Services/ZennScraperTest.php" line="195" class="Tests\Unit\Services\ZennScraperTest" classname="Tests.Unit.Services.ZennScraperTest" assertions="1" time="0.006945"/>
        <testcase name="test_extract_likes_count_いいね数を正しく抽出する" file="/Users/ryu/trends-laravel/tests/Unit/Services/ZennScraperTest.php" line="214" class="Tests\Unit\Services\ZennScraperTest" classname="Tests.Unit.Services.ZennScraperTest" assertions="1" time="0.006732"/>
        <testcase name="test_extract_likes_count_いいね数が見つからない場合ゼロを返す" file="/Users/ryu/trends-laravel/tests/Unit/Services/ZennScraperTest.php" line="233" class="Tests\Unit\Services\ZennScraperTest" classname="Tests.Unit.Services.ZennScraperTest" assertions="1" time="0.007841"/>
        <testcase name="test_extract_author_画像のalt属性から著者を抽出する" file="/Users/ryu/trends-laravel/tests/Unit/Services/ZennScraperTest.php" line="252" class="Tests\Unit\Services\ZennScraperTest" classname="Tests.Unit.Services.ZennScraperTest" assertions="1" time="0.008131"/>
        <testcase name="test_extract_author_リンクから著者を抽出する" file="/Users/ryu/trends-laravel/tests/Unit/Services/ZennScraperTest.php" line="271" class="Tests\Unit\Services\ZennScraperTest" classname="Tests.Unit.Services.ZennScraperTest" assertions="1" time="0.008335"/>
        <testcase name="test_extract_author_著者が見つからない場合nullを返す" file="/Users/ryu/trends-laravel/tests/Unit/Services/ZennScraperTest.php" line="291" class="Tests\Unit\Services\ZennScraperTest" classname="Tests.Unit.Services.ZennScraperTest" assertions="1" time="0.007757"/>
        <testcase name="test_extract_author_from_element_hrefから著者を抽出する" file="/Users/ryu/trends-laravel/tests/Unit/Services/ZennScraperTest.php" line="311" class="Tests\Unit\Services\ZennScraperTest" classname="Tests.Unit.Services.ZennScraperTest" assertions="1" time="0.006570"/>
        <testcase name="test_extract_author_from_element_alt属性から著者を抽出する" file="/Users/ryu/trends-laravel/tests/Unit/Services/ZennScraperTest.php" line="328" class="Tests\Unit\Services\ZennScraperTest" classname="Tests.Unit.Services.ZennScraperTest" assertions="1" time="0.006086"/>
        <testcase name="test_extract_author_from_element_テキストから著者を抽出する" file="/Users/ryu/trends-laravel/tests/Unit/Services/ZennScraperTest.php" line="345" class="Tests\Unit\Services\ZennScraperTest" classname="Tests.Unit.Services.ZennScraperTest" assertions="1" time="0.006040"/>
        <testcase name="test_extract_author_from_element_記事_ur_lは除外される" file="/Users/ryu/trends-laravel/tests/Unit/Services/ZennScraperTest.php" line="362" class="Tests\Unit\Services\ZennScraperTest" classname="Tests.Unit.Services.ZennScraperTest" assertions="1" time="0.006011"/>
        <testcase name="test_extract_author_url_著者_ur_lを正しく抽出する" file="/Users/ryu/trends-laravel/tests/Unit/Services/ZennScraperTest.php" line="380" class="Tests\Unit\Services\ZennScraperTest" classname="Tests.Unit.Services.ZennScraperTest" assertions="1" time="0.007755"/>
        <testcase name="test_extract_author_url_著者が見つからない場合nullを返す" file="/Users/ryu/trends-laravel/tests/Unit/Services/ZennScraperTest.php" line="399" class="Tests\Unit\Services\ZennScraperTest" classname="Tests.Unit.Services.ZennScraperTest" assertions="1" time="0.007186"/>
        <testcase name="test_extract_published_at_日時情報を正しく抽出する" file="/Users/ryu/trends-laravel/tests/Unit/Services/ZennScraperTest.php" line="419" class="Tests\Unit\Services\ZennScraperTest" classname="Tests.Unit.Services.ZennScraperTest" assertions="1" time="0.006476"/>
        <testcase name="test_extract_published_at_日時情報が見つからない場合nullを返す" file="/Users/ryu/trends-laravel/tests/Unit/Services/ZennScraperTest.php" line="438" class="Tests\Unit\Services\ZennScraperTest" classname="Tests.Unit.Services.ZennScraperTest" assertions="1" time="0.008168"/>
        <testcase name="test_identify_company_account_企業アカウントを正しく特定する" file="/Users/ryu/trends-laravel/tests/Unit/Services/ZennScraperTest.php" line="457" class="Tests\Unit\Services\ZennScraperTest" classname="Tests.Unit.Services.ZennScraperTest" assertions="3" time="0.006760"/>
        <testcase name="test_identify_company_account_企業が見つからない場合nullを返す" file="/Users/ryu/trends-laravel/tests/Unit/Services/ZennScraperTest.php" line="472" class="Tests\Unit\Services\ZennScraperTest" classname="Tests.Unit.Services.ZennScraperTest" assertions="1" time="0.006053"/>
        <testcase name="test_identify_company_account_author_urlがnullの場合nullを返す" file="/Users/ryu/trends-laravel/tests/Unit/Services/ZennScraperTest.php" line="480" class="Tests\Unit\Services\ZennScraperTest" classname="Tests.Unit.Services.ZennScraperTest" assertions="1" time="0.006009"/>
        <testcase name="test_normalize_and_save_data_データを正しく正規化して保存する" file="/Users/ryu/trends-laravel/tests/Unit/Services/ZennScraperTest.php" line="488" class="Tests\Unit\Services\ZennScraperTest" classname="Tests.Unit.Services.ZennScraperTest" assertions="10" time="0.008252"/>
        <testcase name="test_normalize_and_save_data_author_nameを正しく抽出する" file="/Users/ryu/trends-laravel/tests/Unit/Services/ZennScraperTest.php" line="529" class="Tests\Unit\Services\ZennScraperTest" classname="Tests.Unit.Services.ZennScraperTest" assertions="4" time="0.007642"/>
        <testcase name="test_normalize_and_save_data_企業が見つからない場合company_idはnull" file="/Users/ryu/trends-laravel/tests/Unit/Services/ZennScraperTest.php" line="559" class="Tests\Unit\Services\ZennScraperTest" classname="Tests.Unit.Services.ZennScraperTest" assertions="4" time="0.007928"/>
        <testcase name="test_normalize_and_save_data_既存記事は更新される" file="/Users/ryu/trends-laravel/tests/Unit/Services/ZennScraperTest.php" line="589" class="Tests\Unit\Services\ZennScraperTest" classname="Tests.Unit.Services.ZennScraperTest" assertions="6" time="0.009948"/>
        <testcase name="test_normalize_and_save_data_プラットフォームがない場合でも記事は作成される" file="/Users/ryu/trends-laravel/tests/Unit/Services/ZennScraperTest.php" line="633" class="Tests\Unit\Services\ZennScraperTest" classname="Tests.Unit.Services.ZennScraperTest" assertions="3" time="0.007483"/>
        <testcase name="test_parse_response_レスポンスを正しく解析する" file="/Users/ryu/trends-laravel/tests/Unit/Services/ZennScraperTest.php" line="661" class="Tests\Unit\Services\ZennScraperTest" classname="Tests.Unit.Services.ZennScraperTest" assertions="10" time="0.011797"/>
        <testcase name="test_parse_response_タイトルまたは_ur_lが不正な場合は除外される" file="/Users/ryu/trends-laravel/tests/Unit/Services/ZennScraperTest.php" line="694" class="Tests\Unit\Services\ZennScraperTest" classname="Tests.Unit.Services.ZennScraperTest" assertions="4" time="0.012522"/>
        <testcase name="test_extract_articles_from_elements_記事数制限を適用する" file="/Users/ryu/trends-laravel/tests/Unit/Services/ZennScraperTest.php" line="724" class="Tests\Unit\Services\ZennScraperTest" classname="Tests.Unit.Services.ZennScraperTest" assertions="2" time="0.087404"/>
        <testcase name="test_log_html_preview_htm_lプレビューを正しくログ出力する" file="/Users/ryu/trends-laravel/tests/Unit/Services/ZennScraperTest.php" line="749" class="Tests\Unit\Services\ZennScraperTest" classname="Tests.Unit.Services.ZennScraperTest" assertions="0" time="0.007061"/>
        <testcase name="test_extract_single_article_data_警告ログを出力する" file="/Users/ryu/trends-laravel/tests/Unit/Services/ZennScraperTest.php" line="766" class="Tests\Unit\Services\ZennScraperTest" classname="Tests.Unit.Services.ZennScraperTest" assertions="1" time="0.007128"/>
        <testcase name="test_extract_author_from_fallback_selectors_フォールバックセレクタを試行する" file="/Users/ryu/trends-laravel/tests/Unit/Services/ZennScraperTest.php" line="788" class="Tests\Unit\Services\ZennScraperTest" classname="Tests.Unit.Services.ZennScraperTest" assertions="1" time="0.006456"/>
        <testcase name="test_extract_author_from_fallback_selectors_見つからない場合nullを返す" file="/Users/ryu/trends-laravel/tests/Unit/Services/ZennScraperTest.php" line="807" class="Tests\Unit\Services\ZennScraperTest" classname="Tests.Unit.Services.ZennScraperTest" assertions="1" time="0.006048"/>
      </testsuite>
      <testsuite name="Tests\Unit\ZennScraperTest" file="/Users/ryu/trends-laravel/tests/Unit/ZennScraperTest.php" tests="43" assertions="184" errors="0" failures="0" skipped="0" time="4.530562">
        <testcase name="test_スクレイパーがベーススクレイパーインターフェースを実装する" file="/Users/ryu/trends-laravel/tests/Unit/ZennScraperTest.php" line="26" class="Tests\Unit\ZennScraperTest" classname="Tests.Unit.ZennScraperTest" assertions="1" time="0.005903"/>
        <testcase name="test_スクレイパーが正しい設定を持つ" file="/Users/ryu/trends-laravel/tests/Unit/ZennScraperTest.php" line="31" class="Tests\Unit\ZennScraperTest" classname="Tests.Unit.ZennScraperTest" assertions="3" time="0.005858"/>
        <testcase name="test_モックレスポンスでトレンド記事をスクレイピングする" file="/Users/ryu/trends-laravel/tests/Unit/ZennScraperTest.php" line="48" class="Tests\Unit\ZennScraperTest" classname="Tests.Unit.ZennScraperTest" assertions="16" time="0.010133"/>
        <testcase name="test_企業アカウントを正しく特定する" file="/Users/ryu/trends-laravel/tests/Unit/ZennScraperTest.php" line="91" class="Tests\Unit\ZennScraperTest" classname="Tests.Unit.ZennScraperTest" assertions="4" time="0.006802"/>
        <testcase name="test_データの正規化と保存が正常に動作する" file="/Users/ryu/trends-laravel/tests/Unit/ZennScraperTest.php" line="109" class="Tests\Unit\ZennScraperTest" classname="Tests.Unit.ZennScraperTest" assertions="10" time="0.008390"/>
        <testcase name="test_抽出エラーを適切に処理する" file="/Users/ryu/trends-laravel/tests/Unit/ZennScraperTest.php" line="149" class="Tests\Unit\ZennScraperTest" classname="Tests.Unit.ZennScraperTest" assertions="2" time="0.008762"/>
        <testcase name="test_ネットワークエラーを処理する" file="/Users/ryu/trends-laravel/tests/Unit/ZennScraperTest.php" line="163" class="Tests\Unit\ZennScraperTest" classname="Tests.Unit.ZennScraperTest" assertions="1" time="2.022446"/>
        <testcase name="test_タイムアウト設定が正常に動作する" file="/Users/ryu/trends-laravel/tests/Unit/ZennScraperTest.php" line="173" class="Tests\Unit\ZennScraperTest" classname="Tests.Unit.ZennScraperTest" assertions="1" time="0.019680"/>
        <testcase name="test_リトライ設定が正常に動作する" file="/Users/ryu/trends-laravel/tests/Unit/ZennScraperTest.php" line="184" class="Tests\Unit\ZennScraperTest" classname="Tests.Unit.ZennScraperTest" assertions="2" time="0.010964"/>
        <testcase name="test_レートリミット設定が正常に動作する" file="/Users/ryu/trends-laravel/tests/Unit/ZennScraperTest.php" line="199" class="Tests\Unit\ZennScraperTest" classname="Tests.Unit.ZennScraperTest" assertions="1" time="0.009148"/>
        <testcase name="test_extract_author_url_zenn形式のauthor_urlを抽出する" file="/Users/ryu/trends-laravel/tests/Unit/ZennScraperTest.php" line="210" class="Tests\Unit\ZennScraperTest" classname="Tests.Unit.ZennScraperTest" assertions="1" time="0.008905"/>
        <testcase name="test_extract_author_url_相対urlを正しく変換する" file="/Users/ryu/trends-laravel/tests/Unit/ZennScraperTest.php" line="223" class="Tests\Unit\ZennScraperTest" classname="Tests.Unit.ZennScraperTest" assertions="1" time="0.008542"/>
        <testcase name="test_extract_author_url_絶対urlはそのまま返す" file="/Users/ryu/trends-laravel/tests/Unit/ZennScraperTest.php" line="236" class="Tests\Unit\ZennScraperTest" classname="Tests.Unit.ZennScraperTest" assertions="1" time="0.008987"/>
        <testcase name="test_extract_author_url_著者が見つからない場合はnullを返す" file="/Users/ryu/trends-laravel/tests/Unit/ZennScraperTest.php" line="251" class="Tests\Unit\ZennScraperTest" classname="Tests.Unit.ZennScraperTest" assertions="1" time="0.008296"/>
        <testcase name="test_extract_author_url_空の要素で処理する" file="/Users/ryu/trends-laravel/tests/Unit/ZennScraperTest.php" line="264" class="Tests\Unit\ZennScraperTest" classname="Tests.Unit.ZennScraperTest" assertions="1" time="0.008725"/>
        <testcase name="test_extract_author_url_cs_s_modules対応のクラス名を処理する" file="/Users/ryu/trends-laravel/tests/Unit/ZennScraperTest.php" line="277" class="Tests\Unit\ZennScraperTest" classname="Tests.Unit.ZennScraperTest" assertions="1" time="0.007724"/>
        <testcase name="test_extract_author_url_画像alt属性から著者を取得する" file="/Users/ryu/trends-laravel/tests/Unit/ZennScraperTest.php" line="291" class="Tests\Unit\ZennScraperTest" classname="Tests.Unit.ZennScraperTest" assertions="1" time="0.008308"/>
        <testcase name="test_extract_author_url_異常なhtmlでも処理する" file="/Users/ryu/trends-laravel/tests/Unit/ZennScraperTest.php" line="304" class="Tests\Unit\ZennScraperTest" classname="Tests.Unit.ZennScraperTest" assertions="1" time="0.007872"/>
        <testcase name="test_extract_author_url_複数のセレクタパターンを処理する" file="/Users/ryu/trends-laravel/tests/Unit/ZennScraperTest.php" line="317" class="Tests\Unit\ZennScraperTest" classname="Tests.Unit.ZennScraperTest" assertions="1" time="0.006491"/>
        <testcase name="test_do_m要素が存在しない場合の処理" file="/Users/ryu/trends-laravel/tests/Unit/ZennScraperTest.php" line="331" class="Tests\Unit\ZennScraperTest" classname="Tests.Unit.ZennScraperTest" assertions="6" time="0.012646"/>
        <testcase name="test_特殊文字含みデータの処理" file="/Users/ryu/trends-laravel/tests/Unit/ZennScraperTest.php" line="355" class="Tests\Unit\ZennScraperTest" classname="Tests.Unit.ZennScraperTest" assertions="1" time="0.006557"/>
        <testcase name="test_extract_likes_count_数値以外の文字列処理" file="/Users/ryu/trends-laravel/tests/Unit/ZennScraperTest.php" line="369" class="Tests\Unit\ZennScraperTest" classname="Tests.Unit.ZennScraperTest" assertions="1" time="0.006639"/>
        <testcase name="test_extract_url_無効なurl形式の処理" file="/Users/ryu/trends-laravel/tests/Unit/ZennScraperTest.php" line="383" class="Tests\Unit\ZennScraperTest" classname="Tests.Unit.ZennScraperTest" assertions="1" time="0.006909"/>
        <testcase name="test_extract_author_長すぎるテキストの処理" file="/Users/ryu/trends-laravel/tests/Unit/ZennScraperTest.php" line="397" class="Tests\Unit\ZennScraperTest" classname="Tests.Unit.ZennScraperTest" assertions="1" time="0.008323"/>
        <testcase name="test_大量記事データでのパフォーマンス" file="/Users/ryu/trends-laravel/tests/Unit/ZennScraperTest.php" line="412" class="Tests\Unit\ZennScraperTest" classname="Tests.Unit.ZennScraperTest" assertions="3" time="0.034910"/>
        <testcase name="test_normalize_and_save_data_例外処理" file="/Users/ryu/trends-laravel/tests/Unit/ZennScraperTest.php" line="439" class="Tests\Unit\ZennScraperTest" classname="Tests.Unit.ZennScraperTest" assertions="1" time="0.007679"/>
        <testcase name="test_会社名抽出の境界値テスト" file="/Users/ryu/trends-laravel/tests/Unit/ZennScraperTest.php" line="461" class="Tests\Unit\ZennScraperTest" classname="Tests.Unit.ZennScraperTest" assertions="2" time="0.008226"/>
        <testcase name="test_scrape_trending_articlesメソッドが正常に動作する" file="/Users/ryu/trends-laravel/tests/Unit/ZennScraperTest.php" line="483" class="Tests\Unit\ZennScraperTest" classname="Tests.Unit.ZennScraperTest" assertions="6" time="0.010238"/>
        <testcase name="test_parse_responseメソッドが各セレクタパターンをテストする" file="/Users/ryu/trends-laravel/tests/Unit/ZennScraperTest.php" line="502" class="Tests\Unit\ZennScraperTest" classname="Tests.Unit.ZennScraperTest" assertions="7" time="0.010406"/>
        <testcase name="test_extract_titleの各セレクタパターンをテストする" file="/Users/ryu/trends-laravel/tests/Unit/ZennScraperTest.php" line="525" class="Tests\Unit\ZennScraperTest" classname="Tests.Unit.ZennScraperTest" assertions="7" time="0.022209"/>
        <testcase name="test_extract_urlの各セレクタパターンをテストする" file="/Users/ryu/trends-laravel/tests/Unit/ZennScraperTest.php" line="550" class="Tests\Unit\ZennScraperTest" classname="Tests.Unit.ZennScraperTest" assertions="15" time="0.008332"/>
        <testcase name="test_extract_likes_countの各セレクタパターンをテストする" file="/Users/ryu/trends-laravel/tests/Unit/ZennScraperTest.php" line="573" class="Tests\Unit\ZennScraperTest" classname="Tests.Unit.ZennScraperTest" assertions="8" time="0.009789"/>
        <testcase name="test_extract_authorの各セレクタパターンをテストする" file="/Users/ryu/trends-laravel/tests/Unit/ZennScraperTest.php" line="597" class="Tests\Unit\ZennScraperTest" classname="Tests.Unit.ZennScraperTest" assertions="22" time="0.014601"/>
        <testcase name="test_extract_published_atの各セレクタパターンをテストする" file="/Users/ryu/trends-laravel/tests/Unit/ZennScraperTest.php" line="628" class="Tests\Unit\ZennScraperTest" classname="Tests.Unit.ZennScraperTest" assertions="8" time="0.014964"/>
        <testcase name="test_identify_company_accountメソッドの詳細テスト" file="/Users/ryu/trends-laravel/tests/Unit/ZennScraperTest.php" line="654" class="Tests\Unit\ZennScraperTest" classname="Tests.Unit.ZennScraperTest" assertions="5" time="0.007312"/>
        <testcase name="test_normalize_and_save_dataの詳細テスト" file="/Users/ryu/trends-laravel/tests/Unit/ZennScraperTest.php" line="676" class="Tests\Unit\ZennScraperTest" classname="Tests.Unit.ZennScraperTest" assertions="6" time="0.009263"/>
        <testcase name="test_htt_pエラー時の詳細な処理" file="/Users/ryu/trends-laravel/tests/Unit/ZennScraperTest.php" line="721" class="Tests\Unit\ZennScraperTest" classname="Tests.Unit.ZennScraperTest" assertions="2" time="2.022748"/>
        <testcase name="test_無効な_htm_lのパターン別処理" file="/Users/ryu/trends-laravel/tests/Unit/ZennScraperTest.php" line="733" class="Tests\Unit\ZennScraperTest" classname="Tests.Unit.ZennScraperTest" assertions="12" time="0.045740"/>
        <testcase name="test_extract_メソッドの例外処理" file="/Users/ryu/trends-laravel/tests/Unit/ZennScraperTest.php" line="755" class="Tests\Unit\ZennScraperTest" classname="Tests.Unit.ZennScraperTest" assertions="6" time="0.016782"/>
        <testcase name="test_記事数制限16の動作" file="/Users/ryu/trends-laravel/tests/Unit/ZennScraperTest.php" line="785" class="Tests\Unit\ZennScraperTest" classname="Tests.Unit.ZennScraperTest" assertions="2" time="0.036550"/>
        <testcase name="test_ログ出力の確認" file="/Users/ryu/trends-laravel/tests/Unit/ZennScraperTest.php" line="810" class="Tests\Unit\ZennScraperTest" classname="Tests.Unit.ZennScraperTest" assertions="5" time="0.010083"/>
        <testcase name="test_空のauthor処理の詳細" file="/Users/ryu/trends-laravel/tests/Unit/ZennScraperTest.php" line="826" class="Tests\Unit\ZennScraperTest" classname="Tests.Unit.ZennScraperTest" assertions="3" time="0.008491"/>
        <testcase name="test_author_name抽出の境界値テスト" file="/Users/ryu/trends-laravel/tests/Unit/ZennScraperTest.php" line="859" class="Tests\Unit\ZennScraperTest" classname="Tests.Unit.ZennScraperTest" assertions="4" time="0.009230"/>
      </testsuite>
    </testsuite>
    <testsuite name="Feature" tests="240" assertions="1820" errors="0" failures="0" skipped="6" time="2.774054">
      <testsuite name="Tests\Feature\Api\ArticleControllerTest" file="/Users/ryu/trends-laravel/tests/Feature/Api/ArticleControllerTest.php" tests="17" assertions="192" errors="0" failures="0" skipped="0" time="0.229696">
        <testcase name="test_記事一覧が取得できること" file="/Users/ryu/trends-laravel/tests/Feature/Api/ArticleControllerTest.php" line="30" class="Tests\Feature\Api\ArticleControllerTest" classname="Tests.Feature.Api.ArticleControllerTest" assertions="100" time="0.025155"/>
        <testcase name="test_企業idでフィルタリングできること" file="/Users/ryu/trends-laravel/tests/Feature/Api/ArticleControllerTest.php" line="86" class="Tests\Feature\Api\ArticleControllerTest" classname="Tests.Feature.Api.ArticleControllerTest" assertions="5" time="0.013602"/>
        <testcase name="test_プラットフォームidでフィルタリングできること" file="/Users/ryu/trends-laravel/tests/Feature/Api/ArticleControllerTest.php" line="114" class="Tests\Feature\Api\ArticleControllerTest" classname="Tests.Feature.Api.ArticleControllerTest" assertions="5" time="0.011871"/>
        <testcase name="test_記事が日付順でソートされていること" file="/Users/ryu/trends-laravel/tests/Feature/Api/ArticleControllerTest.php" line="142" class="Tests\Feature\Api\ArticleControllerTest" classname="Tests.Feature.Api.ArticleControllerTest" assertions="4" time="0.022808"/>
        <testcase name="test_ページネーションが正しく動作すること" file="/Users/ryu/trends-laravel/tests/Feature/Api/ArticleControllerTest.php" line="177" class="Tests\Feature\Api\ArticleControllerTest" classname="Tests.Feature.Api.ArticleControllerTest" assertions="4" time="0.021944"/>
        <testcase name="test_記事詳細が取得できること" file="/Users/ryu/trends-laravel/tests/Feature/Api/ArticleControllerTest.php" line="197" class="Tests\Feature\Api\ArticleControllerTest" classname="Tests.Feature.Api.ArticleControllerTest" assertions="22" time="0.009681"/>
        <testcase name="test_存在しない記事id指定時は404が返される" file="/Users/ryu/trends-laravel/tests/Feature/Api/ArticleControllerTest.php" line="240" class="Tests\Feature\Api\ArticleControllerTest" classname="Tests.Feature.Api.ArticleControllerTest" assertions="2" time="0.007852"/>
        <testcase name="test_limitパラメータが正常に動作すること" file="/Users/ryu/trends-laravel/tests/Feature/Api/ArticleControllerTest.php" line="252" class="Tests\Feature\Api\ArticleControllerTest" classname="Tests.Feature.Api.ArticleControllerTest" assertions="2" time="0.013719"/>
        <testcase name="test_複数パラメータでのフィルタリングが正常に動作すること" file="/Users/ryu/trends-laravel/tests/Feature/Api/ArticleControllerTest.php" line="270" class="Tests\Feature\Api\ArticleControllerTest" classname="Tests.Feature.Api.ArticleControllerTest" assertions="8" time="0.012740"/>
        <testcase name="test_記事が存在しない場合は空の配列が返される" file="/Users/ryu/trends-laravel/tests/Feature/Api/ArticleControllerTest.php" line="308" class="Tests\Feature\Api\ArticleControllerTest" classname="Tests.Feature.Api.ArticleControllerTest" assertions="14" time="0.008913"/>
        <testcase name="test_無効なパラメータでもエラーにならないこと" file="/Users/ryu/trends-laravel/tests/Feature/Api/ArticleControllerTest.php" line="334" class="Tests\Feature\Api\ArticleControllerTest" classname="Tests.Feature.Api.ArticleControllerTest" assertions="4" time="0.011571"/>
        <testcase name="test_タイトルで検索できること" file="/Users/ryu/trends-laravel/tests/Feature/Api/ArticleControllerTest.php" line="367" class="Tests\Feature\Api\ArticleControllerTest" classname="Tests.Feature.Api.ArticleControllerTest" assertions="4" time="0.011102"/>
        <testcase name="test_著者名で検索できること" file="/Users/ryu/trends-laravel/tests/Feature/Api/ArticleControllerTest.php" line="403" class="Tests\Feature\Api\ArticleControllerTest" classname="Tests.Feature.Api.ArticleControllerTest" assertions="4" time="0.011039"/>
        <testcase name="test_期間でフィルタリングできること" file="/Users/ryu/trends-laravel/tests/Feature/Api/ArticleControllerTest.php" line="437" class="Tests\Feature\Api\ArticleControllerTest" classname="Tests.Feature.Api.ArticleControllerTest" assertions="2" time="0.011266"/>
        <testcase name="test_いいね数でソートできること" file="/Users/ryu/trends-laravel/tests/Feature/Api/ArticleControllerTest.php" line="468" class="Tests\Feature\Api\ArticleControllerTest" classname="Tests.Feature.Api.ArticleControllerTest" assertions="4" time="0.011397"/>
        <testcase name="test_ブックマーク数でソートできること" file="/Users/ryu/trends-laravel/tests/Feature/Api/ArticleControllerTest.php" line="502" class="Tests\Feature\Api\ArticleControllerTest" classname="Tests.Feature.Api.ArticleControllerTest" assertions="4" time="0.011379"/>
        <testcase name="test_キャッシュが正しく動作すること" file="/Users/ryu/trends-laravel/tests/Feature/Api/ArticleControllerTest.php" line="535" class="Tests\Feature\Api\ArticleControllerTest" classname="Tests.Feature.Api.ArticleControllerTest" assertions="4" time="0.013657"/>
      </testsuite>
      <testsuite name="Tests\Feature\Api\CompanyControllerTest" file="/Users/ryu/trends-laravel/tests/Feature/Api/CompanyControllerTest.php" tests="24" assertions="80" errors="0" failures="0" skipped="0" time="0.260058">
        <testcase name="test_store_正常に企業を作成できる" file="/Users/ryu/trends-laravel/tests/Feature/Api/CompanyControllerTest.php" line="32" class="Tests\Feature\Api\CompanyControllerTest" classname="Tests.Feature.Api.CompanyControllerTest" assertions="15" time="0.010996"/>
        <testcase name="test_store_バリデーションエラー" file="/Users/ryu/trends-laravel/tests/Feature/Api/CompanyControllerTest.php" line="81" class="Tests\Feature\Api\CompanyControllerTest" classname="Tests.Feature.Api.CompanyControllerTest" assertions="4" time="0.010297"/>
        <testcase name="test_update_正常に企業情報を更新できる" file="/Users/ryu/trends-laravel/tests/Feature/Api/CompanyControllerTest.php" line="95" class="Tests\Feature\Api\CompanyControllerTest" classname="Tests.Feature.Api.CompanyControllerTest" assertions="10" time="0.021568"/>
        <testcase name="test_update_存在しない企業の更新はエラー" file="/Users/ryu/trends-laravel/tests/Feature/Api/CompanyControllerTest.php" line="135" class="Tests\Feature\Api\CompanyControllerTest" classname="Tests.Feature.Api.CompanyControllerTest" assertions="2" time="0.010061"/>
        <testcase name="test_destroy_正常に企業を削除できる" file="/Users/ryu/trends-laravel/tests/Feature/Api/CompanyControllerTest.php" line="151" class="Tests\Feature\Api\CompanyControllerTest" classname="Tests.Feature.Api.CompanyControllerTest" assertions="3" time="0.010002"/>
        <testcase name="test_destroy_関連データがある場合は削除できない" file="/Users/ryu/trends-laravel/tests/Feature/Api/CompanyControllerTest.php" line="168" class="Tests\Feature\Api\CompanyControllerTest" classname="Tests.Feature.Api.CompanyControllerTest" assertions="3" time="0.014631"/>
        <testcase name="test_destroy_存在しない企業の削除はエラー" file="/Users/ryu/trends-laravel/tests/Feature/Api/CompanyControllerTest.php" line="195" class="Tests\Feature\Api\CompanyControllerTest" classname="Tests.Feature.Api.CompanyControllerTest" assertions="2" time="0.008872"/>
        <testcase name="test_show_企業が見つからない場合" file="/Users/ryu/trends-laravel/tests/Feature/Api/CompanyControllerTest.php" line="206" class="Tests\Feature\Api\CompanyControllerTest" classname="Tests.Feature.Api.CompanyControllerTest" assertions="3" time="0.009090"/>
        <testcase name="test_articles_企業が見つからない場合" file="/Users/ryu/trends-laravel/tests/Feature/Api/CompanyControllerTest.php" line="215" class="Tests\Feature\Api\CompanyControllerTest" classname="Tests.Feature.Api.CompanyControllerTest" assertions="3" time="0.009202"/>
        <testcase name="test_scores_企業が見つからない場合" file="/Users/ryu/trends-laravel/tests/Feature/Api/CompanyControllerTest.php" line="224" class="Tests\Feature\Api\CompanyControllerTest" classname="Tests.Feature.Api.CompanyControllerTest" assertions="3" time="0.009130"/>
        <testcase name="test_rankings_企業が見つからない場合" file="/Users/ryu/trends-laravel/tests/Feature/Api/CompanyControllerTest.php" line="233" class="Tests\Feature\Api\CompanyControllerTest" classname="Tests.Feature.Api.CompanyControllerTest" assertions="3" time="0.009112"/>
        <testcase name="test_store_例外処理_データベースエラー" file="/Users/ryu/trends-laravel/tests/Feature/Api/CompanyControllerTest.php" line="242" class="Tests\Feature\Api\CompanyControllerTest" classname="Tests.Feature.Api.CompanyControllerTest" assertions="1" time="0.009471"/>
        <testcase name="test_update_例外処理_データベースエラー" file="/Users/ryu/trends-laravel/tests/Feature/Api/CompanyControllerTest.php" line="258" class="Tests\Feature\Api\CompanyControllerTest" classname="Tests.Feature.Api.CompanyControllerTest" assertions="1" time="0.009860"/>
        <testcase name="test_destroy_例外処理_データベースエラー" file="/Users/ryu/trends-laravel/tests/Feature/Api/CompanyControllerTest.php" line="276" class="Tests\Feature\Api\CompanyControllerTest" classname="Tests.Feature.Api.CompanyControllerTest" assertions="2" time="0.009187"/>
        <testcase name="test_store_データベースエラー時のハンドリング" file="/Users/ryu/trends-laravel/tests/Feature/Api/CompanyControllerTest.php" line="288" class="Tests\Feature\Api\CompanyControllerTest" classname="Tests.Feature.Api.CompanyControllerTest" assertions="2" time="0.010892"/>
        <testcase name="test_update_バリデーションエラー" file="/Users/ryu/trends-laravel/tests/Feature/Api/CompanyControllerTest.php" line="313" class="Tests\Feature\Api\CompanyControllerTest" classname="Tests.Feature.Api.CompanyControllerTest" assertions="4" time="0.009763"/>
        <testcase name="test_update_キャッシュクリア確認" file="/Users/ryu/trends-laravel/tests/Feature/Api/CompanyControllerTest.php" line="329" class="Tests\Feature\Api\CompanyControllerTest" classname="Tests.Feature.Api.CompanyControllerTest" assertions="2" time="0.010565"/>
        <testcase name="test_destroy_キャッシュクリア確認" file="/Users/ryu/trends-laravel/tests/Feature/Api/CompanyControllerTest.php" line="351" class="Tests\Feature\Api\CompanyControllerTest" classname="Tests.Feature.Api.CompanyControllerTest" assertions="2" time="0.009904"/>
        <testcase name="test_store_例外発生時のロールバック" file="/Users/ryu/trends-laravel/tests/Feature/Api/CompanyControllerTest.php" line="368" class="Tests\Feature\Api\CompanyControllerTest" classname="Tests.Feature.Api.CompanyControllerTest" assertions="3" time="0.010641"/>
        <testcase name="test_update_例外発生時のロールバック" file="/Users/ryu/trends-laravel/tests/Feature/Api/CompanyControllerTest.php" line="391" class="Tests\Feature\Api\CompanyControllerTest" classname="Tests.Feature.Api.CompanyControllerTest" assertions="1" time="0.009753"/>
        <testcase name="test_destroy_例外発生時のロールバック" file="/Users/ryu/trends-laravel/tests/Feature/Api/CompanyControllerTest.php" line="416" class="Tests\Feature\Api\CompanyControllerTest" classname="Tests.Feature.Api.CompanyControllerTest" assertions="4" time="0.010156"/>
        <testcase name="test_store_不正なデータで例外発生" file="/Users/ryu/trends-laravel/tests/Feature/Api/CompanyControllerTest.php" line="437" class="Tests\Feature\Api\CompanyControllerTest" classname="Tests.Feature.Api.CompanyControllerTest" assertions="3" time="0.009049"/>
        <testcase name="test_update_不正な_i_dで例外発生" file="/Users/ryu/trends-laravel/tests/Feature/Api/CompanyControllerTest.php" line="451" class="Tests\Feature\Api\CompanyControllerTest" classname="Tests.Feature.Api.CompanyControllerTest" assertions="2" time="0.008925"/>
        <testcase name="test_destroy_不正な_i_dで例外発生" file="/Users/ryu/trends-laravel/tests/Feature/Api/CompanyControllerTest.php" line="466" class="Tests\Feature\Api\CompanyControllerTest" classname="Tests.Feature.Api.CompanyControllerTest" assertions="2" time="0.018931"/>
      </testsuite>
      <testsuite name="Tests\Feature\Api\CompanyCrudTest" file="/Users/ryu/trends-laravel/tests/Feature/Api/CompanyCrudTest.php" tests="41" assertions="195" errors="0" failures="0" skipped="6" time="0.368632">
        <testcase name="test_企業作成が正常に動作すること" file="/Users/ryu/trends-laravel/tests/Feature/Api/CompanyCrudTest.php" line="17" class="Tests\Feature\Api\CompanyCrudTest" classname="Tests.Feature.Api.CompanyCrudTest" assertions="13" time="0.009546"/>
        <testcase name="test_企業作成時に必須項目が空の場合エラーになること" file="/Users/ryu/trends-laravel/tests/Feature/Api/CompanyCrudTest.php" line="61" class="Tests\Feature\Api\CompanyCrudTest" classname="Tests.Feature.Api.CompanyCrudTest" assertions="4" time="0.008153"/>
        <testcase name="test_企業作成時に重複するドメインがある場合エラーになること" file="/Users/ryu/trends-laravel/tests/Feature/Api/CompanyCrudTest.php" line="72" class="Tests\Feature\Api\CompanyCrudTest" classname="Tests.Feature.Api.CompanyCrudTest" assertions="3" time="0.008665"/>
        <testcase name="test_企業更新が正常に動作すること" file="/Users/ryu/trends-laravel/tests/Feature/Api/CompanyCrudTest.php" line="90" class="Tests\Feature\Api\CompanyCrudTest" classname="Tests.Feature.Api.CompanyCrudTest" assertions="8" time="0.009352"/>
        <testcase name="test_存在しない企業の更新時にエラーになること" file="/Users/ryu/trends-laravel/tests/Feature/Api/CompanyCrudTest.php" line="126" class="Tests\Feature\Api\CompanyCrudTest" classname="Tests.Feature.Api.CompanyCrudTest" assertions="2" time="0.008401"/>
        <testcase name="test_関連データがない企業の削除が正常に動作すること" file="/Users/ryu/trends-laravel/tests/Feature/Api/CompanyCrudTest.php" line="142" class="Tests\Feature\Api\CompanyCrudTest" classname="Tests.Feature.Api.CompanyCrudTest" assertions="3" time="0.009657"/>
        <testcase name="test_関連データがある企業の削除時にエラーになること" file="/Users/ryu/trends-laravel/tests/Feature/Api/CompanyCrudTest.php" line="161" class="Tests\Feature\Api\CompanyCrudTest" classname="Tests.Feature.Api.CompanyCrudTest" assertions="3" time="0.009278"/>
        <testcase name="test_存在しない企業の削除時にエラーになること" file="/Users/ryu/trends-laravel/tests/Feature/Api/CompanyCrudTest.php" line="193" class="Tests\Feature\Api\CompanyCrudTest" classname="Tests.Feature.Api.CompanyCrudTest" assertions="2" time="0.007626"/>
        <testcase name="test_企業一覧取得が正常に動作すること" file="/Users/ryu/trends-laravel/tests/Feature/Api/CompanyCrudTest.php" line="206" class="Tests\Feature\Api\CompanyCrudTest" classname="Tests.Feature.Api.CompanyCrudTest" assertions="43" time="0.010436"/>
        <testcase name="test_企業詳細取得が正常に動作すること" file="/Users/ryu/trends-laravel/tests/Feature/Api/CompanyCrudTest.php" line="237" class="Tests\Feature\Api\CompanyCrudTest" classname="Tests.Feature.Api.CompanyCrudTest" assertions="9" time="0.010719"/>
        <testcase name="test_企業一覧取得時に無効なパラメータでエラーになること" file="/Users/ryu/trends-laravel/tests/Feature/Api/CompanyCrudTest.php" line="260" class="Tests\Feature\Api\CompanyCrudTest" classname="Tests.Feature.Api.CompanyCrudTest" assertions="4" time="0.008328"/>
        <testcase name="test_企業一覧で検索フィルタが正常に動作すること" file="/Users/ryu/trends-laravel/tests/Feature/Api/CompanyCrudTest.php" line="277" class="Tests\Feature\Api\CompanyCrudTest" classname="Tests.Feature.Api.CompanyCrudTest" assertions="9" time="0.011732"/>
        <testcase name="test_企業一覧でソートが正常に動作すること" file="/Users/ryu/trends-laravel/tests/Feature/Api/CompanyCrudTest.php" line="307" class="Tests\Feature\Api\CompanyCrudTest" classname="Tests.Feature.Api.CompanyCrudTest" assertions="6" time="0.011977"/>
        <testcase name="test_企業作成時に配列フィールドが正しく処理されること" file="/Users/ryu/trends-laravel/tests/Feature/Api/CompanyCrudTest.php" line="334" class="Tests\Feature\Api\CompanyCrudTest" classname="Tests.Feature.Api.CompanyCrudTest" assertions="2" time="0.009362"/>
        <testcase name="test_企業更新時に配列フィールドが正しく処理されること" file="/Users/ryu/trends-laravel/tests/Feature/Api/CompanyCrudTest.php" line="362" class="Tests\Feature\Api\CompanyCrudTest" classname="Tests.Feature.Api.CompanyCrudTest" assertions="2" time="0.010132"/>
        <testcase name="test_企業更新時に必須項目が空の場合エラーになること" file="/Users/ryu/trends-laravel/tests/Feature/Api/CompanyCrudTest.php" line="392" class="Tests\Feature\Api\CompanyCrudTest" classname="Tests.Feature.Api.CompanyCrudTest" assertions="4" time="0.008454"/>
        <testcase name="test_企業更新時に他企業のドメインと重複する場合エラーになること" file="/Users/ryu/trends-laravel/tests/Feature/Api/CompanyCrudTest.php" line="405" class="Tests\Feature\Api\CompanyCrudTest" classname="Tests.Feature.Api.CompanyCrudTest" assertions="3" time="0.008518"/>
        <testcase name="test_企業削除時に_d_b例外が発生した場合エラーになること" file="/Users/ryu/trends-laravel/tests/Feature/Api/CompanyCrudTest.php" line="424" class="Tests\Feature\Api\CompanyCrudTest" classname="Tests.Feature.Api.CompanyCrudTest" assertions="2" time="0.008578"/>
        <testcase name="test_存在しない企業の詳細取得時にエラーになること" file="/Users/ryu/trends-laravel/tests/Feature/Api/CompanyCrudTest.php" line="450" class="Tests\Feature\Api\CompanyCrudTest" classname="Tests.Feature.Api.CompanyCrudTest" assertions="2" time="0.007347"/>
        <testcase name="test_企業一覧でページネーションが正常に動作すること" file="/Users/ryu/trends-laravel/tests/Feature/Api/CompanyCrudTest.php" line="463" class="Tests\Feature\Api\CompanyCrudTest" classname="Tests.Feature.Api.CompanyCrudTest" assertions="12" time="0.025530"/>
        <testcase name="test_企業一覧でper_pageが上限を超える場合制限されること" file="/Users/ryu/trends-laravel/tests/Feature/Api/CompanyCrudTest.php" line="491" class="Tests\Feature\Api\CompanyCrudTest" classname="Tests.Feature.Api.CompanyCrudTest" assertions="2" time="0.010155"/>
        <testcase name="test_企業詳細取得時に無効な_i_dフォーマットでエラーになること" file="/Users/ryu/trends-laravel/tests/Feature/Api/CompanyCrudTest.php" line="505" class="Tests\Feature\Api\CompanyCrudTest" classname="Tests.Feature.Api.CompanyCrudTest" assertions="1" time="0.007897"/>
        <testcase name="test_企業詳細取得時にゼロ_i_dでエラーになること" file="/Users/ryu/trends-laravel/tests/Feature/Api/CompanyCrudTest.php" line="516" class="Tests\Feature\Api\CompanyCrudTest" classname="Tests.Feature.Api.CompanyCrudTest" assertions="2" time="0.007429"/>
        <testcase name="test_企業一覧でキャッシュが正しく動作すること" file="/Users/ryu/trends-laravel/tests/Feature/Api/CompanyCrudTest.php" line="529" class="Tests\Feature\Api\CompanyCrudTest" classname="Tests.Feature.Api.CompanyCrudTest" assertions="3" time="0.009830"/>
        <testcase name="test_企業一覧で異なるクエリパラメータが正しく区別されること" file="/Users/ryu/trends-laravel/tests/Feature/Api/CompanyCrudTest.php" line="550" class="Tests\Feature\Api\CompanyCrudTest" classname="Tests.Feature.Api.CompanyCrudTest" assertions="6" time="0.009821"/>
        <testcase name="test_企業更新時に自分のドメインは重複チェック対象外であること" file="/Users/ryu/trends-laravel/tests/Feature/Api/CompanyCrudTest.php" line="573" class="Tests\Feature\Api\CompanyCrudTest" classname="Tests.Feature.Api.CompanyCrudTest" assertions="3" time="0.008754"/>
        <testcase name="test_企業作成時にオプショナルフィールドのみでも作成できること" file="/Users/ryu/trends-laravel/tests/Feature/Api/CompanyCrudTest.php" line="594" class="Tests\Feature\Api\CompanyCrudTest" classname="Tests.Feature.Api.CompanyCrudTest" assertions="2" time="0.008126"/>
        <testcase name="test_企業一覧で複合検索が正しく動作すること" file="/Users/ryu/trends-laravel/tests/Feature/Api/CompanyCrudTest.php" line="617" class="Tests\Feature\Api\CompanyCrudTest" classname="Tests.Feature.Api.CompanyCrudTest" assertions="3" time="0.008967"/>
        <testcase name="test_企業の記事一覧が正常に取得できること" file="/Users/ryu/trends-laravel/tests/Feature/Api/CompanyCrudTest.php" line="634" class="Tests\Feature\Api\CompanyCrudTest" classname="Tests.Feature.Api.CompanyCrudTest" assertions="9" time="0.008165"/>
        <testcase name="test_企業記事一覧で無効な_i_dの場合エラーになること" file="/Users/ryu/trends-laravel/tests/Feature/Api/CompanyCrudTest.php" line="657" class="Tests\Feature\Api\CompanyCrudTest" classname="Tests.Feature.Api.CompanyCrudTest" assertions="2" time="0.007390"/>
        <testcase name="test_企業スコア履歴が正常に取得できること" file="/Users/ryu/trends-laravel/tests/Feature/Api/CompanyCrudTest.php" line="670" class="Tests\Feature\Api\CompanyCrudTest" classname="Tests.Feature.Api.CompanyCrudTest" assertions="8" time="0.007943"/>
        <testcase name="test_企業スコア履歴で無効な_i_dの場合エラーになること" file="/Users/ryu/trends-laravel/tests/Feature/Api/CompanyCrudTest.php" line="704" class="Tests\Feature\Api\CompanyCrudTest" classname="Tests.Feature.Api.CompanyCrudTest" assertions="2" time="0.007435"/>
        <testcase name="test_企業スコア履歴でパラメータが正しく処理されること" file="/Users/ryu/trends-laravel/tests/Feature/Api/CompanyCrudTest.php" line="717" class="Tests\Feature\Api\CompanyCrudTest" classname="Tests.Feature.Api.CompanyCrudTest" assertions="3" time="0.008412"/>
        <testcase name="test_企業ランキング情報が正常に取得できること" file="/Users/ryu/trends-laravel/tests/Feature/Api/CompanyCrudTest.php" line="738" class="Tests\Feature\Api\CompanyCrudTest" classname="Tests.Feature.Api.CompanyCrudTest" assertions="0" time="0.006390">
          <skipped/>
        </testcase>
        <testcase name="test_企業ランキング情報が正常に取得できること_スキップ" file="/Users/ryu/trends-laravel/tests/Feature/Api/CompanyCrudTest.php" line="743" class="Tests\Feature\Api\CompanyCrudTest" classname="Tests.Feature.Api.CompanyCrudTest" assertions="0" time="0.006010">
          <skipped/>
        </testcase>
        <testcase name="test_企業ランキング情報で無効な_i_dの場合エラーになること" file="/Users/ryu/trends-laravel/tests/Feature/Api/CompanyCrudTest.php" line="774" class="Tests\Feature\Api\CompanyCrudTest" classname="Tests.Feature.Api.CompanyCrudTest" assertions="0" time="0.006048">
          <skipped/>
        </testcase>
        <testcase name="test_企業ランキング情報で無効な_i_dの場合エラーになること_スキップ" file="/Users/ryu/trends-laravel/tests/Feature/Api/CompanyCrudTest.php" line="779" class="Tests\Feature\Api\CompanyCrudTest" classname="Tests.Feature.Api.CompanyCrudTest" assertions="0" time="0.006026">
          <skipped/>
        </testcase>
        <testcase name="test_企業ランキング情報で履歴が正しく取得できること" file="/Users/ryu/trends-laravel/tests/Feature/Api/CompanyCrudTest.php" line="794" class="Tests\Feature\Api\CompanyCrudTest" classname="Tests.Feature.Api.CompanyCrudTest" assertions="0" time="0.006069">
          <skipped/>
        </testcase>
        <testcase name="test_企業ランキング情報で履歴が正しく取得できること_スキップ" file="/Users/ryu/trends-laravel/tests/Feature/Api/CompanyCrudTest.php" line="799" class="Tests\Feature\Api\CompanyCrudTest" classname="Tests.Feature.Api.CompanyCrudTest" assertions="0" time="0.005994">
          <skipped/>
        </testcase>
        <testcase name="test_存在しない企業の各エンドポイントでエラーになること" file="/Users/ryu/trends-laravel/tests/Feature/Api/CompanyCrudTest.php" line="834" class="Tests\Feature\Api\CompanyCrudTest" classname="Tests.Feature.Api.CompanyCrudTest" assertions="4" time="0.010468"/>
        <testcase name="test_企業詳細取得で関連データが正しく含まれること" file="/Users/ryu/trends-laravel/tests/Feature/Api/CompanyCrudTest.php" line="856" class="Tests\Feature\Api\CompanyCrudTest" classname="Tests.Feature.Api.CompanyCrudTest" assertions="9" time="0.009510"/>
      </testsuite>
      <testsuite name="Tests\Feature\ArticleDeleteFeatureTest" file="/Users/ryu/trends-laravel/tests/Feature/ArticleDeleteFeatureTest.php" tests="10" assertions="43" errors="0" failures="0" skipped="0" time="0.101877">
        <testcase name="test_正常な記事削除でソフトデリートが実行される" file="/Users/ryu/trends-laravel/tests/Feature/ArticleDeleteFeatureTest.php" line="37" class="Tests\Feature\ArticleDeleteFeatureTest" classname="Tests.Feature.ArticleDeleteFeatureTest" assertions="4" time="0.010507"/>
        <testcase name="test_存在しない記事ID指定時は404エラーが返される" file="/Users/ryu/trends-laravel/tests/Feature/ArticleDeleteFeatureTest.php" line="60" class="Tests\Feature\ArticleDeleteFeatureTest" classname="Tests.Feature.ArticleDeleteFeatureTest" assertions="2" time="0.008540"/>
        <testcase name="test_既に削除済み記事の削除時は404エラーが返される" file="/Users/ryu/trends-laravel/tests/Feature/ArticleDeleteFeatureTest.php" line="72" class="Tests\Feature\ArticleDeleteFeatureTest" classname="Tests.Feature.ArticleDeleteFeatureTest" assertions="2" time="0.008381"/>
        <testcase name="test_ソフトデリート後でも記事が通常クエリから除外される" file="/Users/ryu/trends-laravel/tests/Feature/ArticleDeleteFeatureTest.php" line="85" class="Tests\Feature\ArticleDeleteFeatureTest" classname="Tests.Feature.ArticleDeleteFeatureTest" assertions="6" time="0.008871"/>
        <testcase name="test_記事削除時にキャッシュがクリアされる" file="/Users/ryu/trends-laravel/tests/Feature/ArticleDeleteFeatureTest.php" line="105" class="Tests\Feature\ArticleDeleteFeatureTest" classname="Tests.Feature.ArticleDeleteFeatureTest" assertions="5" time="0.008653"/>
        <testcase name="test_削除後のAPI経由での詳細取得は404を返す" file="/Users/ryu/trends-laravel/tests/Feature/ArticleDeleteFeatureTest.php" line="124" class="Tests\Feature\ArticleDeleteFeatureTest" classname="Tests.Feature.ArticleDeleteFeatureTest" assertions="2" time="0.009516"/>
        <testcase name="test_削除後のAPI経由での一覧取得から除外される" file="/Users/ryu/trends-laravel/tests/Feature/ArticleDeleteFeatureTest.php" line="138" class="Tests\Feature\ArticleDeleteFeatureTest" classname="Tests.Feature.ArticleDeleteFeatureTest" assertions="6" time="0.012424"/>
        <testcase name="test_関連する会社の記事一覧からも削除される" file="/Users/ryu/trends-laravel/tests/Feature/ArticleDeleteFeatureTest.php" line="179" class="Tests\Feature\ArticleDeleteFeatureTest" classname="Tests.Feature.ArticleDeleteFeatureTest" assertions="5" time="0.012782"/>
        <testcase name="test_複数記事削除のバッチ処理的なテスト" file="/Users/ryu/trends-laravel/tests/Feature/ArticleDeleteFeatureTest.php" line="208" class="Tests\Feature\ArticleDeleteFeatureTest" classname="Tests.Feature.ArticleDeleteFeatureTest" assertions="6" time="0.012730"/>
        <testcase name="test_削除操作が冪等性を保つ" file="/Users/ryu/trends-laravel/tests/Feature/ArticleDeleteFeatureTest.php" line="231" class="Tests\Feature\ArticleDeleteFeatureTest" classname="Tests.Feature.ArticleDeleteFeatureTest" assertions="5" time="0.009472"/>
      </testsuite>
      <testsuite name="Tests\Feature\ArticleUpdateFeatureTest" file="/Users/ryu/trends-laravel/tests/Feature/ArticleUpdateFeatureTest.php" tests="11" assertions="47" errors="0" failures="0" skipped="0" time="0.133288">
        <testcase name="test_正常な記事更新が正しく処理される" file="/Users/ryu/trends-laravel/tests/Feature/ArticleUpdateFeatureTest.php" line="39" class="Tests\Feature\ArticleUpdateFeatureTest" classname="Tests.Feature.ArticleUpdateFeatureTest" assertions="13" time="0.013920"/>
        <testcase name="test_company_id後付け更新が正常に動作する" file="/Users/ryu/trends-laravel/tests/Feature/ArticleUpdateFeatureTest.php" line="74" class="Tests\Feature\ArticleUpdateFeatureTest" classname="Tests.Feature.ArticleUpdateFeatureTest" assertions="3" time="0.011896"/>
        <testcase name="test_部分更新が正常に動作する" file="/Users/ryu/trends-laravel/tests/Feature/ArticleUpdateFeatureTest.php" line="99" class="Tests\Feature\ArticleUpdateFeatureTest" classname="Tests.Feature.ArticleUpdateFeatureTest" assertions="5" time="0.010706"/>
        <testcase name="test_存在しない記事ID指定時は404エラーが返される" file="/Users/ryu/trends-laravel/tests/Feature/ArticleUpdateFeatureTest.php" line="128" class="Tests\Feature\ArticleUpdateFeatureTest" classname="Tests.Feature.ArticleUpdateFeatureTest" assertions="2" time="0.009513"/>
        <testcase name="test_無効なcompany_id指定時は422エラーが返される" file="/Users/ryu/trends-laravel/tests/Feature/ArticleUpdateFeatureTest.php" line="143" class="Tests\Feature\ArticleUpdateFeatureTest" classname="Tests.Feature.ArticleUpdateFeatureTest" assertions="3" time="0.009715"/>
        <testcase name="test_バリデーションエラー時に適切なレスポンスが返される" file="/Users/ryu/trends-laravel/tests/Feature/ArticleUpdateFeatureTest.php" line="155" class="Tests\Feature\ArticleUpdateFeatureTest" classname="Tests.Feature.ArticleUpdateFeatureTest" assertions="6" time="0.010577"/>
        <testcase name="test_URL重複時はバリデーションエラーが返される" file="/Users/ryu/trends-laravel/tests/Feature/ArticleUpdateFeatureTest.php" line="175" class="Tests\Feature\ArticleUpdateFeatureTest" classname="Tests.Feature.ArticleUpdateFeatureTest" assertions="3" time="0.010615"/>
        <testcase name="test_自分のURLでの更新は許可される" file="/Users/ryu/trends-laravel/tests/Feature/ArticleUpdateFeatureTest.php" line="193" class="Tests\Feature\ArticleUpdateFeatureTest" classname="Tests.Feature.ArticleUpdateFeatureTest" assertions="2" time="0.023655"/>
        <testcase name="test_記事更新時にキャッシュがクリアされる" file="/Users/ryu/trends-laravel/tests/Feature/ArticleUpdateFeatureTest.php" line="206" class="Tests\Feature\ArticleUpdateFeatureTest" classname="Tests.Feature.ArticleUpdateFeatureTest" assertions="5" time="0.011890"/>
        <testcase name="test_company_idをnullに設定できる" file="/Users/ryu/trends-laravel/tests/Feature/ArticleUpdateFeatureTest.php" line="229" class="Tests\Feature\ArticleUpdateFeatureTest" classname="Tests.Feature.ArticleUpdateFeatureTest" assertions="3" time="0.011015"/>
        <testcase name="test_削除済み記事は更新できない" file="/Users/ryu/trends-laravel/tests/Feature/ArticleUpdateFeatureTest.php" line="247" class="Tests\Feature\ArticleUpdateFeatureTest" classname="Tests.Feature.ArticleUpdateFeatureTest" assertions="2" time="0.009787"/>
      </testsuite>
      <testsuite name="Tests\Feature\CompanyApiTest" file="/Users/ryu/trends-laravel/tests/Feature/CompanyApiTest.php" tests="27" assertions="206" errors="0" failures="0" skipped="0" time="0.338153">
        <testcase name="test_show_正常に企業詳細情報を取得できる" file="/Users/ryu/trends-laravel/tests/Feature/CompanyApiTest.php" line="49" class="Tests\Feature\CompanyApiTest" classname="Tests.Feature.CompanyApiTest" assertions="14" time="0.011313"/>
        <testcase name="test_show_存在しない企業idで404エラーが返される" file="/Users/ryu/trends-laravel/tests/Feature/CompanyApiTest.php" line="119" class="Tests\Feature\CompanyApiTest" classname="Tests.Feature.CompanyApiTest" assertions="2" time="0.007635"/>
        <testcase name="test_show_不正な企業idでバリデーションエラーが返される" file="/Users/ryu/trends-laravel/tests/Feature/CompanyApiTest.php" line="132" class="Tests\Feature\CompanyApiTest" classname="Tests.Feature.CompanyApiTest" assertions="2" time="0.018015"/>
        <testcase name="test_show_キャッシュが正常に動作する" file="/Users/ryu/trends-laravel/tests/Feature/CompanyApiTest.php" line="145" class="Tests\Feature\CompanyApiTest" classname="Tests.Feature.CompanyApiTest" assertions="3" time="0.026094"/>
        <testcase name="test_articles_正常に企業記事一覧を取得できる" file="/Users/ryu/trends-laravel/tests/Feature/CompanyApiTest.php" line="168" class="Tests\Feature\CompanyApiTest" classname="Tests.Feature.CompanyApiTest" assertions="46" time="0.012801"/>
        <testcase name="test_articles_フィルタリングパラメータが正常に動作する" file="/Users/ryu/trends-laravel/tests/Feature/CompanyApiTest.php" line="219" class="Tests\Feature\CompanyApiTest" classname="Tests.Feature.CompanyApiTest" assertions="2" time="0.011311"/>
        <testcase name="test_articles_存在しない企業idで404エラーが返される" file="/Users/ryu/trends-laravel/tests/Feature/CompanyApiTest.php" line="264" class="Tests\Feature\CompanyApiTest" classname="Tests.Feature.CompanyApiTest" assertions="2" time="0.007571"/>
        <testcase name="test_articles_ページネーションが正常に動作する" file="/Users/ryu/trends-laravel/tests/Feature/CompanyApiTest.php" line="277" class="Tests\Feature\CompanyApiTest" classname="Tests.Feature.CompanyApiTest" assertions="2" time="0.021964"/>
        <testcase name="test_scores_正常に企業スコア履歴を取得できる" file="/Users/ryu/trends-laravel/tests/Feature/CompanyApiTest.php" line="309" class="Tests\Feature\CompanyApiTest" classname="Tests.Feature.CompanyApiTest" assertions="18" time="0.008718"/>
        <testcase name="test_scores_パラメータが正常に動作する" file="/Users/ryu/trends-laravel/tests/Feature/CompanyApiTest.php" line="372" class="Tests\Feature\CompanyApiTest" classname="Tests.Feature.CompanyApiTest" assertions="2" time="0.008647"/>
        <testcase name="test_scores_存在しない企業idで404エラーが返される" file="/Users/ryu/trends-laravel/tests/Feature/CompanyApiTest.php" line="397" class="Tests\Feature\CompanyApiTest" classname="Tests.Feature.CompanyApiTest" assertions="2" time="0.007625"/>
        <testcase name="test_rankings_正常に企業ランキング情報を取得できる" file="/Users/ryu/trends-laravel/tests/Feature/CompanyApiTest.php" line="410" class="Tests\Feature\CompanyApiTest" classname="Tests.Feature.CompanyApiTest" assertions="5" time="0.008060"/>
        <testcase name="test_rankings_履歴付きで正常に取得できる" file="/Users/ryu/trends-laravel/tests/Feature/CompanyApiTest.php" line="475" class="Tests\Feature\CompanyApiTest" classname="Tests.Feature.CompanyApiTest" assertions="6" time="0.008209"/>
        <testcase name="test_rankings_存在しない企業idで404エラーが返される" file="/Users/ryu/trends-laravel/tests/Feature/CompanyApiTest.php" line="522" class="Tests\Feature\CompanyApiTest" classname="Tests.Feature.CompanyApiTest" assertions="2" time="0.021106"/>
        <testcase name="test_rankings_履歴なしでも正常に動作する" file="/Users/ryu/trends-laravel/tests/Feature/CompanyApiTest.php" line="535" class="Tests\Feature\CompanyApiTest" classname="Tests.Feature.CompanyApiTest" assertions="5" time="0.008916"/>
        <testcase name="test_get_company_scores_with_parameters" file="/Users/ryu/trends-laravel/tests/Feature/CompanyApiTest.php" line="561" class="Tests\Feature\CompanyApiTest" classname="Tests.Feature.CompanyApiTest" assertions="1" time="0.008172"/>
        <testcase name="test_get_company_scores_with_invalid_company_id" file="/Users/ryu/trends-laravel/tests/Feature/CompanyApiTest.php" line="580" class="Tests\Feature\CompanyApiTest" classname="Tests.Feature.CompanyApiTest" assertions="2" time="0.007408"/>
        <testcase name="test_get_company_rankings" file="/Users/ryu/trends-laravel/tests/Feature/CompanyApiTest.php" line="593" class="Tests\Feature\CompanyApiTest" classname="Tests.Feature.CompanyApiTest" assertions="1" time="0.007897"/>
        <testcase name="test_get_company_rankings_with_history" file="/Users/ryu/trends-laravel/tests/Feature/CompanyApiTest.php" line="612" class="Tests\Feature\CompanyApiTest" classname="Tests.Feature.CompanyApiTest" assertions="1" time="0.008002"/>
        <testcase name="test_get_company_rankings_with_invalid_company_id" file="/Users/ryu/trends-laravel/tests/Feature/CompanyApiTest.php" line="637" class="Tests\Feature\CompanyApiTest" classname="Tests.Feature.CompanyApiTest" assertions="2" time="0.007452"/>
        <testcase name="test_api_rate_limiting" file="/Users/ryu/trends-laravel/tests/Feature/CompanyApiTest.php" line="650" class="Tests\Feature\CompanyApiTest" classname="Tests.Feature.CompanyApiTest" assertions="61" time="0.051623"/>
        <testcase name="test_api_caching" file="/Users/ryu/trends-laravel/tests/Feature/CompanyApiTest.php" line="672" class="Tests\Feature\CompanyApiTest" classname="Tests.Feature.CompanyApiTest" assertions="2" time="0.009846"/>
        <testcase name="test_company_detail_includes_recent_articles" file="/Users/ryu/trends-laravel/tests/Feature/CompanyApiTest.php" line="692" class="Tests\Feature\CompanyApiTest" classname="Tests.Feature.CompanyApiTest" assertions="13" time="0.011084"/>
        <testcase name="test_company_detail_includes_current_rankings" file="/Users/ryu/trends-laravel/tests/Feature/CompanyApiTest.php" line="726" class="Tests\Feature\CompanyApiTest" classname="Tests.Feature.CompanyApiTest" assertions="3" time="0.008767"/>
        <testcase name="test_company_articles_are_sorted_by_date" file="/Users/ryu/trends-laravel/tests/Feature/CompanyApiTest.php" line="761" class="Tests\Feature\CompanyApiTest" classname="Tests.Feature.CompanyApiTest" assertions="3" time="0.010150"/>
        <testcase name="test_company_articles_filter_by_days" file="/Users/ryu/trends-laravel/tests/Feature/CompanyApiTest.php" line="796" class="Tests\Feature\CompanyApiTest" classname="Tests.Feature.CompanyApiTest" assertions="2" time="0.009933"/>
        <testcase name="test_company_articles_filter_by_min_bookmarks" file="/Users/ryu/trends-laravel/tests/Feature/CompanyApiTest.php" line="834" class="Tests\Feature\CompanyApiTest" classname="Tests.Feature.CompanyApiTest" assertions="2" time="0.009834"/>
      </testsuite>
      <testsuite name="Tests\Feature\CompanyControllerFeatureTest" file="/Users/ryu/trends-laravel/tests/Feature/CompanyControllerFeatureTest.php" tests="20" assertions="139" errors="0" failures="0" skipped="0" time="0.215507">
        <testcase name="test_企業一覧取得_apiで基本的なパラメータなしの場合に正常なレスポンスが返される" file="/Users/ryu/trends-laravel/tests/Feature/CompanyControllerFeatureTest.php" line="23" class="Tests\Feature\CompanyControllerFeatureTest" classname="Tests.Feature.CompanyControllerFeatureTest" assertions="36" time="0.009200"/>
        <testcase name="test_企業一覧取得_apiで検索パラメータが正しく動作する" file="/Users/ryu/trends-laravel/tests/Feature/CompanyControllerFeatureTest.php" line="54" class="Tests\Feature\CompanyControllerFeatureTest" classname="Tests.Feature.CompanyControllerFeatureTest" assertions="3" time="0.008738"/>
        <testcase name="test_企業一覧取得_apiでドメイン検索が正しく動作する" file="/Users/ryu/trends-laravel/tests/Feature/CompanyControllerFeatureTest.php" line="67" class="Tests\Feature\CompanyControllerFeatureTest" classname="Tests.Feature.CompanyControllerFeatureTest" assertions="3" time="0.008664"/>
        <testcase name="test_企業一覧取得_apiでアクティブ状態フィルタが正しく動作する" file="/Users/ryu/trends-laravel/tests/Feature/CompanyControllerFeatureTest.php" line="80" class="Tests\Feature\CompanyControllerFeatureTest" classname="Tests.Feature.CompanyControllerFeatureTest" assertions="3" time="0.022258"/>
        <testcase name="test_企業一覧取得_apiでソート機能が正しく動作する" file="/Users/ryu/trends-laravel/tests/Feature/CompanyControllerFeatureTest.php" line="93" class="Tests\Feature\CompanyControllerFeatureTest" classname="Tests.Feature.CompanyControllerFeatureTest" assertions="3" time="0.009416"/>
        <testcase name="test_企業一覧取得_apiでページネーションが正しく動作する" file="/Users/ryu/trends-laravel/tests/Feature/CompanyControllerFeatureTest.php" line="106" class="Tests\Feature\CompanyControllerFeatureTest" classname="Tests.Feature.CompanyControllerFeatureTest" assertions="5" time="0.015851"/>
        <testcase name="test_企業一覧取得_apiで無効なパラメータの場合にバリデーションエラーが返される" file="/Users/ryu/trends-laravel/tests/Feature/CompanyControllerFeatureTest.php" line="120" class="Tests\Feature\CompanyControllerFeatureTest" classname="Tests.Feature.CompanyControllerFeatureTest" assertions="2" time="0.007687"/>
        <testcase name="test_企業詳細取得_apiで有効な企業idの場合に正常なレスポンスが返される" file="/Users/ryu/trends-laravel/tests/Feature/CompanyControllerFeatureTest.php" line="130" class="Tests\Feature\CompanyControllerFeatureTest" classname="Tests.Feature.CompanyControllerFeatureTest" assertions="11" time="0.012297"/>
        <testcase name="test_企業詳細取得_apiで存在しない企業idの場合に400が返される" file="/Users/ryu/trends-laravel/tests/Feature/CompanyControllerFeatureTest.php" line="157" class="Tests\Feature\CompanyControllerFeatureTest" classname="Tests.Feature.CompanyControllerFeatureTest" assertions="2" time="0.007545"/>
        <testcase name="test_企業詳細取得_apiで無効な企業idの場合にバリデーションエラーが返される" file="/Users/ryu/trends-laravel/tests/Feature/CompanyControllerFeatureTest.php" line="167" class="Tests\Feature\CompanyControllerFeatureTest" classname="Tests.Feature.CompanyControllerFeatureTest" assertions="1" time="0.007608"/>
        <testcase name="test_企業記事一覧取得_apiで有効な企業idの場合に正常なレスポンスが返される" file="/Users/ryu/trends-laravel/tests/Feature/CompanyControllerFeatureTest.php" line="174" class="Tests\Feature\CompanyControllerFeatureTest" classname="Tests.Feature.CompanyControllerFeatureTest" assertions="40" time="0.011543"/>
        <testcase name="test_企業記事一覧取得_apiで存在しない企業idの場合に400が返される" file="/Users/ryu/trends-laravel/tests/Feature/CompanyControllerFeatureTest.php" line="209" class="Tests\Feature\CompanyControllerFeatureTest" classname="Tests.Feature.CompanyControllerFeatureTest" assertions="2" time="0.007610"/>
        <testcase name="test_企業記事一覧取得_apiでページネーションパラメータが正しく動作する" file="/Users/ryu/trends-laravel/tests/Feature/CompanyControllerFeatureTest.php" line="219" class="Tests\Feature\CompanyControllerFeatureTest" classname="Tests.Feature.CompanyControllerFeatureTest" assertions="3" time="0.020677"/>
        <testcase name="test_企業スコア履歴取得_apiで有効な企業idの場合に正常なレスポンスが返される" file="/Users/ryu/trends-laravel/tests/Feature/CompanyControllerFeatureTest.php" line="237" class="Tests\Feature\CompanyControllerFeatureTest" classname="Tests.Feature.CompanyControllerFeatureTest" assertions="8" time="0.009570"/>
        <testcase name="test_企業スコア履歴取得_apiで存在しない企業idの場合に400が返される" file="/Users/ryu/trends-laravel/tests/Feature/CompanyControllerFeatureTest.php" line="260" class="Tests\Feature\CompanyControllerFeatureTest" classname="Tests.Feature.CompanyControllerFeatureTest" assertions="2" time="0.007590"/>
        <testcase name="test_企業ランキング取得_apiで有効な企業idの場合に正常なレスポンスが返される" file="/Users/ryu/trends-laravel/tests/Feature/CompanyControllerFeatureTest.php" line="270" class="Tests\Feature\CompanyControllerFeatureTest" classname="Tests.Feature.CompanyControllerFeatureTest" assertions="4" time="0.009882"/>
        <testcase name="test_企業ランキング取得_apiで存在しない企業idの場合に400が返される" file="/Users/ryu/trends-laravel/tests/Feature/CompanyControllerFeatureTest.php" line="291" class="Tests\Feature\CompanyControllerFeatureTest" classname="Tests.Feature.CompanyControllerFeatureTest" assertions="2" time="0.007500"/>
        <testcase name="test_企業ランキング取得_apiで履歴を含む場合に履歴データも返される" file="/Users/ryu/trends-laravel/tests/Feature/CompanyControllerFeatureTest.php" line="301" class="Tests\Feature\CompanyControllerFeatureTest" classname="Tests.Feature.CompanyControllerFeatureTest" assertions="5" time="0.011434"/>
        <testcase name="test_企業記事一覧取得_apiでmin_bookmarksフィルタが正しく動作する" file="/Users/ryu/trends-laravel/tests/Feature/CompanyControllerFeatureTest.php" line="321" class="Tests\Feature\CompanyControllerFeatureTest" classname="Tests.Feature.CompanyControllerFeatureTest" assertions="2" time="0.010521"/>
        <testcase name="test_企業記事一覧取得_apiでdaysフィルタが正しく動作する" file="/Users/ryu/trends-laravel/tests/Feature/CompanyControllerFeatureTest.php" line="347" class="Tests\Feature\CompanyControllerFeatureTest" classname="Tests.Feature.CompanyControllerFeatureTest" assertions="2" time="0.009917"/>
      </testsuite>
      <testsuite name="Tests\Feature\CompanyListApiTest" file="/Users/ryu/trends-laravel/tests/Feature/CompanyListApiTest.php" tests="11" assertions="64" errors="0" failures="0" skipped="0" time="0.116913">
        <testcase name="test_企業一覧が正常に取得できる" file="/Users/ryu/trends-laravel/tests/Feature/CompanyListApiTest.php" line="41" class="Tests\Feature\CompanyListApiTest" classname="Tests.Feature.CompanyListApiTest" assertions="30" time="0.009289"/>
        <testcase name="test_企業名での検索ができる" file="/Users/ryu/trends-laravel/tests/Feature/CompanyListApiTest.php" line="76" class="Tests\Feature\CompanyListApiTest" classname="Tests.Feature.CompanyListApiTest" assertions="3" time="0.020884"/>
        <testcase name="test_ドメインでの検索ができる" file="/Users/ryu/trends-laravel/tests/Feature/CompanyListApiTest.php" line="86" class="Tests\Feature\CompanyListApiTest" classname="Tests.Feature.CompanyListApiTest" assertions="3" time="0.009526"/>
        <testcase name="test_アクティブ状態でのフィルタリングができる" file="/Users/ryu/trends-laravel/tests/Feature/CompanyListApiTest.php" line="96" class="Tests\Feature\CompanyListApiTest" classname="Tests.Feature.CompanyListApiTest" assertions="4" time="0.009143"/>
        <testcase name="test_ソート機能が正常に動作する" file="/Users/ryu/trends-laravel/tests/Feature/CompanyListApiTest.php" line="108" class="Tests\Feature\CompanyListApiTest" classname="Tests.Feature.CompanyListApiTest" assertions="3" time="0.009305"/>
        <testcase name="test_ページネーションが正常に動作する" file="/Users/ryu/trends-laravel/tests/Feature/CompanyListApiTest.php" line="119" class="Tests\Feature\CompanyListApiTest" classname="Tests.Feature.CompanyListApiTest" assertions="6" time="0.009575"/>
        <testcase name="test_per_pageの上限が適用される" file="/Users/ryu/trends-laravel/tests/Feature/CompanyListApiTest.php" line="135" class="Tests\Feature\CompanyListApiTest" classname="Tests.Feature.CompanyListApiTest" assertions="2" time="0.010035"/>
        <testcase name="test_不正なパラメータでバリデーションエラーが返される" file="/Users/ryu/trends-laravel/tests/Feature/CompanyListApiTest.php" line="144" class="Tests\Feature\CompanyListApiTest" classname="Tests.Feature.CompanyListApiTest" assertions="3" time="0.009614"/>
        <testcase name="test_複数条件での検索ができる" file="/Users/ryu/trends-laravel/tests/Feature/CompanyListApiTest.php" line="155" class="Tests\Feature\CompanyListApiTest" classname="Tests.Feature.CompanyListApiTest" assertions="4" time="0.009953"/>
        <testcase name="test_キャッシュが正常に動作する" file="/Users/ryu/trends-laravel/tests/Feature/CompanyListApiTest.php" line="167" class="Tests\Feature\CompanyListApiTest" classname="Tests.Feature.CompanyListApiTest" assertions="3" time="0.010645"/>
        <testcase name="test_空の結果が適切に処理される" file="/Users/ryu/trends-laravel/tests/Feature/CompanyListApiTest.php" line="181" class="Tests\Feature\CompanyListApiTest" classname="Tests.Feature.CompanyListApiTest" assertions="3" time="0.008944"/>
      </testsuite>
      <testsuite name="Tests\Feature\CompanyRankingApiTest" file="/Users/ryu/trends-laravel/tests/Feature/CompanyRankingApiTest.php" tests="21" assertions="454" errors="0" failures="0" skipped="0" time="0.369918">
        <testcase name="test_期間タイプ一覧を取得する" file="/Users/ryu/trends-laravel/tests/Feature/CompanyRankingApiTest.php" line="40" class="Tests\Feature\CompanyRankingApiTest" classname="Tests.Feature.CompanyRankingApiTest" assertions="2" time="0.014263"/>
        <testcase name="test_期間別でランキングを取得する" file="/Users/ryu/trends-laravel/tests/Feature/CompanyRankingApiTest.php" line="50" class="Tests\Feature\CompanyRankingApiTest" classname="Tests.Feature.CompanyRankingApiTest" assertions="158" time="0.015130"/>
        <testcase name="test_期間別ランキングでページングが動作する" file="/Users/ryu/trends-laravel/tests/Feature/CompanyRankingApiTest.php" line="86" class="Tests\Feature\CompanyRankingApiTest" classname="Tests.Feature.CompanyRankingApiTest" assertions="3" time="0.015643"/>
        <testcase name="test_期間別ランキングでソートが動作する" file="/Users/ryu/trends-laravel/tests/Feature/CompanyRankingApiTest.php" line="95" class="Tests\Feature\CompanyRankingApiTest" classname="Tests.Feature.CompanyRankingApiTest" assertions="2" time="0.015540"/>
        <testcase name="test_無効な期間でランキング取得するとエラーが返る" file="/Users/ryu/trends-laravel/tests/Feature/CompanyRankingApiTest.php" line="105" class="Tests\Feature\CompanyRankingApiTest" classname="Tests.Feature.CompanyRankingApiTest" assertions="2" time="0.014863"/>
        <testcase name="test_トップランキングを取得する" file="/Users/ryu/trends-laravel/tests/Feature/CompanyRankingApiTest.php" line="115" class="Tests\Feature\CompanyRankingApiTest" classname="Tests.Feature.CompanyRankingApiTest" assertions="83" time="0.015008"/>
        <testcase name="test_無効なリミットでトップランキング取得するとエラーが返る" file="/Users/ryu/trends-laravel/tests/Feature/CompanyRankingApiTest.php" line="151" class="Tests\Feature\CompanyRankingApiTest" classname="Tests.Feature.CompanyRankingApiTest" assertions="3" time="0.014922"/>
        <testcase name="test_企業別ランキングを取得する" file="/Users/ryu/trends-laravel/tests/Feature/CompanyRankingApiTest.php" line="162" class="Tests\Feature\CompanyRankingApiTest" classname="Tests.Feature.CompanyRankingApiTest" assertions="13" time="0.016695"/>
        <testcase name="test_履歴付きで企業別ランキングを取得する" file="/Users/ryu/trends-laravel/tests/Feature/CompanyRankingApiTest.php" line="187" class="Tests\Feature\CompanyRankingApiTest" classname="Tests.Feature.CompanyRankingApiTest" assertions="5" time="0.028475"/>
        <testcase name="test_無効な企業idでランキング取得するとエラーが返る" file="/Users/ryu/trends-laravel/tests/Feature/CompanyRankingApiTest.php" line="202" class="Tests\Feature\CompanyRankingApiTest" classname="Tests.Feature.CompanyRankingApiTest" assertions="3" time="0.015856"/>
        <testcase name="test_統計情報を取得する" file="/Users/ryu/trends-laravel/tests/Feature/CompanyRankingApiTest.php" line="213" class="Tests\Feature\CompanyRankingApiTest" classname="Tests.Feature.CompanyRankingApiTest" assertions="2" time="0.015551"/>
        <testcase name="test_ランキング上昇企業を取得する" file="/Users/ryu/trends-laravel/tests/Feature/CompanyRankingApiTest.php" line="223" class="Tests\Feature\CompanyRankingApiTest" classname="Tests.Feature.CompanyRankingApiTest" assertions="6" time="0.015043"/>
        <testcase name="test_リミット付きでランキング上昇企業を取得する" file="/Users/ryu/trends-laravel/tests/Feature/CompanyRankingApiTest.php" line="238" class="Tests\Feature\CompanyRankingApiTest" classname="Tests.Feature.CompanyRankingApiTest" assertions="2" time="0.014872"/>
        <testcase name="test_ランキング下降企業を取得する" file="/Users/ryu/trends-laravel/tests/Feature/CompanyRankingApiTest.php" line="246" class="Tests\Feature\CompanyRankingApiTest" classname="Tests.Feature.CompanyRankingApiTest" assertions="6" time="0.014756"/>
        <testcase name="test_ランキング変動統計を取得する" file="/Users/ryu/trends-laravel/tests/Feature/CompanyRankingApiTest.php" line="261" class="Tests\Feature\CompanyRankingApiTest" classname="Tests.Feature.CompanyRankingApiTest" assertions="2" time="0.014736"/>
        <testcase name="test_apiレート制限が動作する" file="/Users/ryu/trends-laravel/tests/Feature/CompanyRankingApiTest.php" line="271" class="Tests\Feature\CompanyRankingApiTest" classname="Tests.Feature.CompanyRankingApiTest" assertions="61" time="0.051325"/>
        <testcase name="test_apiキャッシュが動作する" file="/Users/ryu/trends-laravel/tests/Feature/CompanyRankingApiTest.php" line="285" class="Tests\Feature\CompanyRankingApiTest" classname="Tests.Feature.CompanyRankingApiTest" assertions="3" time="0.016527"/>
        <testcase name="test_apiページングメタデータが正常に返される" file="/Users/ryu/trends-laravel/tests/Feature/CompanyRankingApiTest.php" line="296" class="Tests\Feature\CompanyRankingApiTest" classname="Tests.Feature.CompanyRankingApiTest" assertions="4" time="0.014739"/>
        <testcase name="test_apiレスポンス構造が正常である" file="/Users/ryu/trends-laravel/tests/Feature/CompanyRankingApiTest.php" line="306" class="Tests\Feature\CompanyRankingApiTest" classname="Tests.Feature.CompanyRankingApiTest" assertions="72" time="0.014481"/>
        <testcase name="test_週次ランキング_apiが正常に動作する" file="/Users/ryu/trends-laravel/tests/Feature/CompanyRankingApiTest.php" line="326" class="Tests\Feature\CompanyRankingApiTest" classname="Tests.Feature.CompanyRankingApiTest" assertions="8" time="0.014336"/>
        <testcase name="test_企業詳細_apiとの統合が正常に動作する" file="/Users/ryu/trends-laravel/tests/Feature/CompanyRankingApiTest.php" line="372" class="Tests\Feature\CompanyRankingApiTest" classname="Tests.Feature.CompanyRankingApiTest" assertions="14" time="0.017157"/>
      </testsuite>
      <testsuite name="Tests\Feature\CompanyRankingHistoryServiceTest" file="/Users/ryu/trends-laravel/tests/Feature/CompanyRankingHistoryServiceTest.php" tests="11" assertions="51" errors="0" failures="0" skipped="0" time="0.084542">
        <testcase name="test_前回ランキングがない場合の履歴記録" file="/Users/ryu/trends-laravel/tests/Feature/CompanyRankingHistoryServiceTest.php" line="25" class="Tests\Feature\CompanyRankingHistoryServiceTest" classname="Tests.Feature.CompanyRankingHistoryServiceTest" assertions="1" time="0.007633"/>
        <testcase name="test_ランキング上昇時の履歴記録" file="/Users/ryu/trends-laravel/tests/Feature/CompanyRankingHistoryServiceTest.php" line="48" class="Tests\Feature\CompanyRankingHistoryServiceTest" classname="Tests.Feature.CompanyRankingHistoryServiceTest" assertions="6" time="0.008201"/>
        <testcase name="test_ランキング下降時の履歴記録" file="/Users/ryu/trends-laravel/tests/Feature/CompanyRankingHistoryServiceTest.php" line="90" class="Tests\Feature\CompanyRankingHistoryServiceTest" classname="Tests.Feature.CompanyRankingHistoryServiceTest" assertions="6" time="0.008136"/>
        <testcase name="test_ランキング変動なし時の履歴記録" file="/Users/ryu/trends-laravel/tests/Feature/CompanyRankingHistoryServiceTest.php" line="132" class="Tests\Feature\CompanyRankingHistoryServiceTest" classname="Tests.Feature.CompanyRankingHistoryServiceTest" assertions="6" time="0.008273"/>
        <testcase name="test_複数企業のランキング履歴記録" file="/Users/ryu/trends-laravel/tests/Feature/CompanyRankingHistoryServiceTest.php" line="174" class="Tests\Feature\CompanyRankingHistoryServiceTest" classname="Tests.Feature.CompanyRankingHistoryServiceTest" assertions="7" time="0.009312"/>
        <testcase name="test_企業ランキング履歴を取得する" file="/Users/ryu/trends-laravel/tests/Feature/CompanyRankingHistoryServiceTest.php" line="248" class="Tests\Feature\CompanyRankingHistoryServiceTest" classname="Tests.Feature.CompanyRankingHistoryServiceTest" assertions="3" time="0.007018"/>
        <testcase name="test_トップランキング上昇企業を取得する" file="/Users/ryu/trends-laravel/tests/Feature/CompanyRankingHistoryServiceTest.php" line="283" class="Tests\Feature\CompanyRankingHistoryServiceTest" classname="Tests.Feature.CompanyRankingHistoryServiceTest" assertions="5" time="0.007304"/>
        <testcase name="test_トップランキング下降企業を取得する" file="/Users/ryu/trends-laravel/tests/Feature/CompanyRankingHistoryServiceTest.php" line="322" class="Tests\Feature\CompanyRankingHistoryServiceTest" classname="Tests.Feature.CompanyRankingHistoryServiceTest" assertions="5" time="0.007247"/>
        <testcase name="test_ランキング変動統計を取得する" file="/Users/ryu/trends-laravel/tests/Feature/CompanyRankingHistoryServiceTest.php" line="361" class="Tests\Feature\CompanyRankingHistoryServiceTest" classname="Tests.Feature.CompanyRankingHistoryServiceTest" assertions="6" time="0.007492"/>
        <testcase name="test_古い履歴データをクリーンアップする" file="/Users/ryu/trends-laravel/tests/Feature/CompanyRankingHistoryServiceTest.php" line="412" class="Tests\Feature\CompanyRankingHistoryServiceTest" classname="Tests.Feature.CompanyRankingHistoryServiceTest" assertions="2" time="0.007148"/>
        <testcase name="test_履歴ストレージ統計を取得する" file="/Users/ryu/trends-laravel/tests/Feature/CompanyRankingHistoryServiceTest.php" line="448" class="Tests\Feature\CompanyRankingHistoryServiceTest" classname="Tests.Feature.CompanyRankingHistoryServiceTest" assertions="4" time="0.006778"/>
      </testsuite>
      <testsuite name="Tests\Feature\Console\Commands\ScrapeCommandsTest" file="/Users/ryu/trends-laravel/tests/Feature/Console/Commands/ScrapeCommandsTest.php" tests="7" assertions="9" errors="0" failures="0" skipped="0" time="0.064289">
        <testcase name="test_scrape_all_command_with_dry_run" file="/Users/ryu/trends-laravel/tests/Feature/Console/Commands/ScrapeCommandsTest.php" line="57" class="Tests\Feature\Console\Commands\ScrapeCommandsTest" classname="Tests.Feature.Console.Commands.ScrapeCommandsTest" assertions="1" time="0.018533"/>
        <testcase name="test_scrape_platform_command_with_valid_platform" file="/Users/ryu/trends-laravel/tests/Feature/Console/Commands/ScrapeCommandsTest.php" line="71" class="Tests\Feature\Console\Commands\ScrapeCommandsTest" classname="Tests.Feature.Console.Commands.ScrapeCommandsTest" assertions="1" time="0.007285"/>
        <testcase name="test_scrape_platform_command_with_invalid_platform" file="/Users/ryu/trends-laravel/tests/Feature/Console/Commands/ScrapeCommandsTest.php" line="80" class="Tests\Feature\Console\Commands\ScrapeCommandsTest" classname="Tests.Feature.Console.Commands.ScrapeCommandsTest" assertions="1" time="0.007057"/>
        <testcase name="test_scrape_schedule_command_with_platform" file="/Users/ryu/trends-laravel/tests/Feature/Console/Commands/ScrapeCommandsTest.php" line="89" class="Tests\Feature\Console\Commands\ScrapeCommandsTest" classname="Tests.Feature.Console.Commands.ScrapeCommandsTest" assertions="1" time="0.008189"/>
        <testcase name="test_scrape_schedule_command_with_invalid_platform" file="/Users/ryu/trends-laravel/tests/Feature/Console/Commands/ScrapeCommandsTest.php" line="98" class="Tests\Feature\Console\Commands\ScrapeCommandsTest" classname="Tests.Feature.Console.Commands.ScrapeCommandsTest" assertions="1" time="0.007747"/>
        <testcase name="test_scrape_schedule_command_silent_mode" file="/Users/ryu/trends-laravel/tests/Feature/Console/Commands/ScrapeCommandsTest.php" line="107" class="Tests\Feature\Console\Commands\ScrapeCommandsTest" classname="Tests.Feature.Console.Commands.ScrapeCommandsTest" assertions="1" time="0.007631"/>
        <testcase name="test_all_platforms_are_available" file="/Users/ryu/trends-laravel/tests/Feature/Console/Commands/ScrapeCommandsTest.php" line="116" class="Tests\Feature\Console\Commands\ScrapeCommandsTest" classname="Tests.Feature.Console.Commands.ScrapeCommandsTest" assertions="3" time="0.007846"/>
      </testsuite>
      <testsuite name="Tests\Feature\Controllers\CompanyControllerFeatureTest" file="/Users/ryu/trends-laravel/tests/Feature/Controllers/CompanyControllerFeatureTest.php" tests="18" assertions="129" errors="0" failures="0" skipped="0" time="0.174161">
        <testcase name="test_存在しない企業idでshow呼び出し時にバリデーションエラーが返される" file="/Users/ryu/trends-laravel/tests/Feature/Controllers/CompanyControllerFeatureTest.php" line="16" class="Tests\Feature\Controllers\CompanyControllerFeatureTest" classname="Tests.Feature.Controllers.CompanyControllerFeatureTest" assertions="2" time="0.008318"/>
        <testcase name="test_存在しない企業idでarticles呼び出し時にバリデーションエラーが返される" file="/Users/ryu/trends-laravel/tests/Feature/Controllers/CompanyControllerFeatureTest.php" line="29" class="Tests\Feature\Controllers\CompanyControllerFeatureTest" classname="Tests.Feature.Controllers.CompanyControllerFeatureTest" assertions="2" time="0.008073"/>
        <testcase name="test_存在しない企業idでscores呼び出し時にバリデーションエラーが返される" file="/Users/ryu/trends-laravel/tests/Feature/Controllers/CompanyControllerFeatureTest.php" line="42" class="Tests\Feature\Controllers\CompanyControllerFeatureTest" classname="Tests.Feature.Controllers.CompanyControllerFeatureTest" assertions="2" time="0.008117"/>
        <testcase name="test_存在しない企業idでrankings呼び出し時にバリデーションエラーが返される" file="/Users/ryu/trends-laravel/tests/Feature/Controllers/CompanyControllerFeatureTest.php" line="55" class="Tests\Feature\Controllers\CompanyControllerFeatureTest" classname="Tests.Feature.Controllers.CompanyControllerFeatureTest" assertions="2" time="0.008160"/>
        <testcase name="test_存在する企業idでshow呼び出し時に正常にデータが返される" file="/Users/ryu/trends-laravel/tests/Feature/Controllers/CompanyControllerFeatureTest.php" line="68" class="Tests\Feature\Controllers\CompanyControllerFeatureTest" classname="Tests.Feature.Controllers.CompanyControllerFeatureTest" assertions="15" time="0.011855"/>
        <testcase name="test_存在する企業idでarticles呼び出し時に正常にデータが返される" file="/Users/ryu/trends-laravel/tests/Feature/Controllers/CompanyControllerFeatureTest.php" line="97" class="Tests\Feature\Controllers\CompanyControllerFeatureTest" classname="Tests.Feature.Controllers.CompanyControllerFeatureTest" assertions="9" time="0.009145"/>
        <testcase name="test_存在する企業idでscores呼び出し時に正常にデータが返される" file="/Users/ryu/trends-laravel/tests/Feature/Controllers/CompanyControllerFeatureTest.php" line="120" class="Tests\Feature\Controllers\CompanyControllerFeatureTest" classname="Tests.Feature.Controllers.CompanyControllerFeatureTest" assertions="8" time="0.008951"/>
        <testcase name="test_存在する企業idでrankings呼び出し時に正常にデータが返される" file="/Users/ryu/trends-laravel/tests/Feature/Controllers/CompanyControllerFeatureTest.php" line="143" class="Tests\Feature\Controllers\CompanyControllerFeatureTest" classname="Tests.Feature.Controllers.CompanyControllerFeatureTest" assertions="4" time="0.010226"/>
        <testcase name="test_index呼び出し時に正常にデータが返される" file="/Users/ryu/trends-laravel/tests/Feature/Controllers/CompanyControllerFeatureTest.php" line="161" class="Tests\Feature\Controllers\CompanyControllerFeatureTest" classname="Tests.Feature.Controllers.CompanyControllerFeatureTest" assertions="31" time="0.009768"/>
        <testcase name="test_データベース削除後のキャッシュクロージャー内での404エラー" file="/Users/ryu/trends-laravel/tests/Feature/Controllers/CompanyControllerFeatureTest.php" line="190" class="Tests\Feature\Controllers\CompanyControllerFeatureTest" classname="Tests.Feature.Controllers.CompanyControllerFeatureTest" assertions="3" time="0.007489"/>
        <testcase name="test_企業作成が正常に動作する" file="/Users/ryu/trends-laravel/tests/Feature/Controllers/CompanyControllerFeatureTest.php" line="238" class="Tests\Feature\Controllers\CompanyControllerFeatureTest" classname="Tests.Feature.Controllers.CompanyControllerFeatureTest" assertions="14" time="0.008885"/>
        <testcase name="test_企業作成でバリデーションエラーが発生する" file="/Users/ryu/trends-laravel/tests/Feature/Controllers/CompanyControllerFeatureTest.php" line="279" class="Tests\Feature\Controllers\CompanyControllerFeatureTest" classname="Tests.Feature.Controllers.CompanyControllerFeatureTest" assertions="3" time="0.008305"/>
        <testcase name="test_企業更新が正常に動作する" file="/Users/ryu/trends-laravel/tests/Feature/Controllers/CompanyControllerFeatureTest.php" line="298" class="Tests\Feature\Controllers\CompanyControllerFeatureTest" classname="Tests.Feature.Controllers.CompanyControllerFeatureTest" assertions="12" time="0.022704"/>
        <testcase name="test_存在しない企業の更新でエラーが発生する" file="/Users/ryu/trends-laravel/tests/Feature/Controllers/CompanyControllerFeatureTest.php" line="338" class="Tests\Feature\Controllers\CompanyControllerFeatureTest" classname="Tests.Feature.Controllers.CompanyControllerFeatureTest" assertions="2" time="0.008627"/>
        <testcase name="test_企業削除が正常に動作する" file="/Users/ryu/trends-laravel/tests/Feature/Controllers/CompanyControllerFeatureTest.php" line="356" class="Tests\Feature\Controllers\CompanyControllerFeatureTest" classname="Tests.Feature.Controllers.CompanyControllerFeatureTest" assertions="3" time="0.008770"/>
        <testcase name="test_関連データが存在する企業の削除でエラーが発生する" file="/Users/ryu/trends-laravel/tests/Feature/Controllers/CompanyControllerFeatureTest.php" line="375" class="Tests\Feature\Controllers\CompanyControllerFeatureTest" classname="Tests.Feature.Controllers.CompanyControllerFeatureTest" assertions="7" time="0.009409"/>
        <testcase name="test_企業強制削除が正常に動作する" file="/Users/ryu/trends-laravel/tests/Feature/Controllers/CompanyControllerFeatureTest.php" line="402" class="Tests\Feature\Controllers\CompanyControllerFeatureTest" classname="Tests.Feature.Controllers.CompanyControllerFeatureTest" assertions="8" time="0.009638"/>
        <testcase name="test_存在しない企業の強制削除でエラーが発生する" file="/Users/ryu/trends-laravel/tests/Feature/Controllers/CompanyControllerFeatureTest.php" line="432" class="Tests\Feature\Controllers\CompanyControllerFeatureTest" classname="Tests.Feature.Controllers.CompanyControllerFeatureTest" assertions="2" time="0.007723"/>
      </testsuite>
      <testsuite name="Tests\Feature\SearchApiTest" file="/Users/ryu/trends-laravel/tests/Feature/SearchApiTest.php" tests="22" assertions="211" errors="0" failures="0" skipped="0" time="0.317019">
        <testcase name="test_企業名での検索が正常に動作する" file="/Users/ryu/trends-laravel/tests/Feature/SearchApiTest.php" line="52" class="Tests\Feature\SearchApiTest" classname="Tests.Feature.SearchApiTest" assertions="17" time="0.010402"/>
        <testcase name="test_記事タイトルでの検索が正常に動作する" file="/Users/ryu/trends-laravel/tests/Feature/SearchApiTest.php" line="83" class="Tests\Feature\SearchApiTest" classname="Tests.Feature.SearchApiTest" assertions="19" time="0.010639"/>
        <testcase name="test_統合検索が正常に動作する" file="/Users/ryu/trends-laravel/tests/Feature/SearchApiTest.php" line="116" class="Tests\Feature\SearchApiTest" classname="Tests.Feature.SearchApiTest" assertions="19" time="0.011319"/>
        <testcase name="test_検索タイプを指定した統合検索が正常に動作する" file="/Users/ryu/trends-laravel/tests/Feature/SearchApiTest.php" line="150" class="Tests\Feature\SearchApiTest" classname="Tests.Feature.SearchApiTest" assertions="14" time="0.010366"/>
        <testcase name="test_検索クエリが空の場合はバリデーションエラーが返される" file="/Users/ryu/trends-laravel/tests/Feature/SearchApiTest.php" line="178" class="Tests\Feature\SearchApiTest" classname="Tests.Feature.SearchApiTest" assertions="3" time="0.009388"/>
        <testcase name="test_検索クエリが長すぎる場合はバリデーションエラーが返される" file="/Users/ryu/trends-laravel/tests/Feature/SearchApiTest.php" line="190" class="Tests\Feature\SearchApiTest" classname="Tests.Feature.SearchApiTest" assertions="3" time="0.009567"/>
        <testcase name="test_記事検索でフィルタリングが正常に動作する" file="/Users/ryu/trends-laravel/tests/Feature/SearchApiTest.php" line="203" class="Tests\Feature\SearchApiTest" classname="Tests.Feature.SearchApiTest" assertions="3" time="0.011440"/>
        <testcase name="test_検索結果の関連度スコアが正常に計算される" file="/Users/ryu/trends-laravel/tests/Feature/SearchApiTest.php" line="227" class="Tests\Feature\SearchApiTest" classname="Tests.Feature.SearchApiTest" assertions="3" time="0.010874"/>
        <testcase name="test_レート制限が正常に動作する" file="/Users/ryu/trends-laravel/tests/Feature/SearchApiTest.php" line="247" class="Tests\Feature\SearchApiTest" classname="Tests.Feature.SearchApiTest" assertions="61" time="0.070236"/>
        <testcase name="test_無効な検索タイプを指定した場合バリデーションエラーが返される" file="/Users/ryu/trends-laravel/tests/Feature/SearchApiTest.php" line="262" class="Tests\Feature\SearchApiTest" classname="Tests.Feature.SearchApiTest" assertions="3" time="0.010108"/>
        <testcase name="test_企業検索でlimitパラメータが正常に動作する" file="/Users/ryu/trends-laravel/tests/Feature/SearchApiTest.php" line="274" class="Tests\Feature\SearchApiTest" classname="Tests.Feature.SearchApiTest" assertions="3" time="0.013598"/>
        <testcase name="test_著者名での記事検索が正常に動作する" file="/Users/ryu/trends-laravel/tests/Feature/SearchApiTest.php" line="289" class="Tests\Feature\SearchApiTest" classname="Tests.Feature.SearchApiTest" assertions="3" time="0.025946"/>
        <testcase name="test_統合検索_apiの詳細レスポンス構造が正しい" file="/Users/ryu/trends-laravel/tests/Feature/SearchApiTest.php" line="301" class="Tests\Feature\SearchApiTest" classname="Tests.Feature.SearchApiTest" assertions="14" time="0.011743"/>
        <testcase name="test_apiエラーハンドリングが適切に動作する" file="/Users/ryu/trends-laravel/tests/Feature/SearchApiTest.php" line="334" class="Tests\Feature\SearchApiTest" classname="Tests.Feature.SearchApiTest" assertions="5" time="0.009656"/>
        <testcase name="test_企業検索の関連度スコア計算が複数条件で正しく動作する" file="/Users/ryu/trends-laravel/tests/Feature/SearchApiTest.php" line="351" class="Tests\Feature\SearchApiTest" classname="Tests.Feature.SearchApiTest" assertions="4" time="0.011578"/>
        <testcase name="test_記事検索の関連度スコア計算が複数条件で正しく動作する" file="/Users/ryu/trends-laravel/tests/Feature/SearchApiTest.php" line="400" class="Tests\Feature\SearchApiTest" classname="Tests.Feature.SearchApiTest" assertions="3" time="0.013209"/>
        <testcase name="test_ドメイン名での企業検索でスコア計算が正しく動作する" file="/Users/ryu/trends-laravel/tests/Feature/SearchApiTest.php" line="457" class="Tests\Feature\SearchApiTest" classname="Tests.Feature.SearchApiTest" assertions="4" time="0.010259"/>
        <testcase name="test_説明文での企業検索でスコア計算が正しく動作する" file="/Users/ryu/trends-laravel/tests/Feature/SearchApiTest.php" line="477" class="Tests\Feature\SearchApiTest" classname="Tests.Feature.SearchApiTest" assertions="4" time="0.010570"/>
        <testcase name="test_記事の日付による関連度スコア調整が正しく動作する" file="/Users/ryu/trends-laravel/tests/Feature/SearchApiTest.php" line="497" class="Tests\Feature\SearchApiTest" classname="Tests.Feature.SearchApiTest" assertions="7" time="0.012728"/>
        <testcase name="test_ブックマーク数による記事関連度スコア調整が正しく動作する" file="/Users/ryu/trends-laravel/tests/Feature/SearchApiTest.php" line="550" class="Tests\Feature\SearchApiTest" classname="Tests.Feature.SearchApiTest" assertions="7" time="0.012122"/>
        <testcase name="test_記事検索で無効なパラメータの場合バリデーションエラーが返される" file="/Users/ryu/trends-laravel/tests/Feature/SearchApiTest.php" line="603" class="Tests\Feature\SearchApiTest" classname="Tests.Feature.SearchApiTest" assertions="8" time="0.010234"/>
        <testcase name="test_企業にランキングがある場合スコアボーナスが加算される" file="/Users/ryu/trends-laravel/tests/Feature/SearchApiTest.php" line="631" class="Tests\Feature\SearchApiTest" classname="Tests.Feature.SearchApiTest" assertions="4" time="0.011034"/>
      </testsuite>
    </testsuite>
  </testsuite>
</testsuites>
